[2026-09-17T02:49:44.483+0000] {local_task_job_runner.py:120} INFO - ::group::Pre task execution logs
[2026-09-17T02:49:44.507+0000] {taskinstance.py:2076} INFO - Dependencies all met for dep_context=non-requeueable deps ti=<TaskInstance: lcbo_pipeline.silver.run_joined manual__2026-09-17T02:49:19.411456+00:00 [queued]>
[2026-09-17T02:49:44.513+0000] {taskinstance.py:2076} INFO - Dependencies all met for dep_context=requeueable deps ti=<TaskInstance: lcbo_pipeline.silver.run_joined manual__2026-09-17T02:49:19.411456+00:00 [queued]>
[2026-09-17T02:49:44.514+0000] {taskinstance.py:2306} INFO - Starting attempt 1 of 1
[2026-09-17T02:49:44.524+0000] {taskinstance.py:2330} INFO - Executing <Task(BashOperator): silver.run_joined> on 2026-09-17 02:49:19.411456+00:00
[2026-09-17T02:49:44.533+0000] {logging_mixin.py:188} WARNING - /home/***/.local/lib/python3.12/site-packages/***/task/task_runner/standard_task_runner.py:62 DeprecationWarning: This process (pid=443) is multi-threaded, use of fork() may lead to deadlocks in the child.
[2026-09-17T02:49:44.532+0000] {standard_task_runner.py:90} INFO - Running: ['***', 'tasks', 'run', 'lcbo_pipeline', 'silver.run_joined', 'manual__2026-09-17T02:49:19.411456+00:00', '--job-id', '23', '--raw', '--subdir', 'DAGS_FOLDER/lcbo_pipeline_dag.py', '--cfg-path', '/tmp/tmpbyehoq00']
[2026-09-17T02:49:44.535+0000] {standard_task_runner.py:64} INFO - Started process 444 to run task
[2026-09-17T02:49:44.536+0000] {standard_task_runner.py:91} INFO - Job 23: Subtask silver.run_joined
[2026-09-17T02:49:44.572+0000] {task_command.py:426} INFO - Running <TaskInstance: lcbo_pipeline.silver.run_joined manual__2026-09-17T02:49:19.411456+00:00 [running]> on host 22e18d633ed2
[2026-09-17T02:49:44.635+0000] {taskinstance.py:2648} INFO - Exporting env vars: AIRFLOW_CTX_DAG_OWNER='bhavik' AIRFLOW_CTX_DAG_ID='lcbo_pipeline' AIRFLOW_CTX_TASK_ID='silver.run_joined' AIRFLOW_CTX_EXECUTION_DATE='2026-09-17T02:49:19.411456+00:00' AIRFLOW_CTX_TRY_NUMBER='1' AIRFLOW_CTX_DAG_RUN_ID='manual__2026-09-17T02:49:19.411456+00:00'
[2026-09-17T02:49:44.636+0000] {taskinstance.py:430} INFO - ::endgroup::
[2026-09-17T02:49:44.647+0000] {subprocess.py:63} INFO - Tmp dir root location: /tmp
[2026-09-17T02:49:44.649+0000] {subprocess.py:75} INFO - Running command: ['/usr/bin/bash', '-c', 'cd /opt/***/dbt_project && dbt run --target docker --select dbt_lcbo_joined_dim_prod_cost']
[2026-09-17T02:49:44.661+0000] {subprocess.py:86} INFO - Output:
[2026-09-17T02:49:46.281+0000] {subprocess.py:93} INFO - [0m02:49:46  Running with dbt=1.12.5
[2026-09-17T02:49:46.561+0000] {subprocess.py:93} INFO - [0m02:49:46  Registered adapter: postgres=1.9.0
[2026-09-17T02:49:47.753+0000] {subprocess.py:93} INFO - [0m02:49:47  Found 14 models, 2 snapshots, 3 sources, 597 macros
[2026-09-17T02:49:47.757+0000] {subprocess.py:93} INFO - [0m02:49:47
[2026-09-17T02:49:47.759+0000] {subprocess.py:93} INFO - [0m02:49:47  Concurrency: 4 threads (target='docker')
[2026-09-17T02:49:47.761+0000] {subprocess.py:93} INFO - [0m02:49:47
[2026-09-17T02:49:48.060+0000] {subprocess.py:93} INFO - [0m02:49:48  1 of 1 START sql table model silver.dbt_lcbo_joined_dim_prod_cost .............. [RUN]
[2026-09-17T02:49:48.251+0000] {subprocess.py:93} INFO - [0m02:49:48  1 of 1 OK created sql table model silver.dbt_lcbo_joined_dim_prod_cost ......... [[32mSELECT 13[0m in 0.19s]
[2026-09-17T02:49:48.331+0000] {subprocess.py:93} INFO - [0m02:49:48
[2026-09-17T02:49:48.332+0000] {subprocess.py:93} INFO - [0m02:49:48  Finished running 1 table model in 0 hours 0 minutes and 0.57 seconds (0.57s).
[2026-09-17T02:49:48.557+0000] {subprocess.py:93} INFO - [0m02:49:48
[2026-09-17T02:49:48.559+0000] {subprocess.py:93} INFO - [0m02:49:48  [32mCompleted successfully[0m
[2026-09-17T02:49:48.561+0000] {subprocess.py:93} INFO - [0m02:49:48
[2026-09-17T02:49:48.563+0000] {subprocess.py:93} INFO - [0m02:49:48  Done. PASS=1 WARN=0 ERROR=0 SKIP=0 NO-OP=0 REUSED=0 TOTAL=1
[2026-09-17T02:49:52.451+0000] {subprocess.py:97} INFO - Command exited with return code 0
[2026-09-17T02:49:52.453+0000] {taskinstance.py:441} INFO - ::group::Post task execution logs
[2026-09-17T02:49:52.478+0000] {taskinstance.py:1206} INFO - Marking task as SUCCESS. dag_id=lcbo_pipeline, task_id=silver.run_joined, run_id=manual__2026-09-17T02:49:19.411456+00:00, execution_date=20260917T024919, start_date=20260917T024944, end_date=20260917T024952
[2026-09-17T02:49:52.536+0000] {local_task_job_runner.py:243} INFO - Task exited with return code 0
[2026-09-17T02:49:52.560+0000] {taskinstance.py:3503} INFO - 1 downstream tasks scheduled from follow-on schedule check
[2026-09-17T02:49:52.563+0000] {local_task_job_runner.py:222} INFO - ::endgroup::
