[2026-09-19T19:29:36.399+0000] {local_task_job_runner.py:120} INFO - ::group::Pre task execution logs
[2026-09-19T19:29:36.422+0000] {taskinstance.py:2076} INFO - Dependencies all met for dep_context=non-requeueable deps ti=<TaskInstance: lcbo_pipeline.bronze.product_cost manual__2026-09-19T19:29:32.008515+00:00 [queued]>
[2026-09-19T19:29:36.428+0000] {taskinstance.py:2076} INFO - Dependencies all met for dep_context=requeueable deps ti=<TaskInstance: lcbo_pipeline.bronze.product_cost manual__2026-09-19T19:29:32.008515+00:00 [queued]>
[2026-09-19T19:29:36.429+0000] {taskinstance.py:2306} INFO - Starting attempt 1 of 1
[2026-09-19T19:29:36.439+0000] {taskinstance.py:2330} INFO - Executing <Task(BashOperator): bronze.product_cost> on 2026-09-19 19:29:32.008515+00:00
[2026-09-19T19:29:36.448+0000] {logging_mixin.py:188} WARNING - /home/***/.local/lib/python3.12/site-packages/***/task/task_runner/standard_task_runner.py:62 DeprecationWarning: This process (pid=295) is multi-threaded, use of fork() may lead to deadlocks in the child.
[2026-09-19T19:29:36.447+0000] {standard_task_runner.py:90} INFO - Running: ['***', 'tasks', 'run', 'lcbo_pipeline', 'bronze.product_cost', 'manual__2026-09-19T19:29:32.008515+00:00', '--job-id', '46', '--raw', '--subdir', 'DAGS_FOLDER/lcbo_pipeline_dag.py', '--cfg-path', '/tmp/tmppvsqe61o']
[2026-09-19T19:29:36.449+0000] {standard_task_runner.py:64} INFO - Started process 296 to run task
[2026-09-19T19:29:36.449+0000] {standard_task_runner.py:91} INFO - Job 46: Subtask bronze.product_cost
[2026-09-19T19:29:36.482+0000] {task_command.py:426} INFO - Running <TaskInstance: lcbo_pipeline.bronze.product_cost manual__2026-09-19T19:29:32.008515+00:00 [running]> on host 6cf516ec3c07
[2026-09-19T19:29:36.545+0000] {taskinstance.py:2648} INFO - Exporting env vars: AIRFLOW_CTX_DAG_OWNER='bhavik' AIRFLOW_CTX_DAG_ID='lcbo_pipeline' AIRFLOW_CTX_TASK_ID='bronze.product_cost' AIRFLOW_CTX_EXECUTION_DATE='2026-09-19T19:29:32.008515+00:00' AIRFLOW_CTX_TRY_NUMBER='1' AIRFLOW_CTX_DAG_RUN_ID='manual__2026-09-19T19:29:32.008515+00:00'
[2026-09-19T19:29:36.547+0000] {taskinstance.py:430} INFO - ::endgroup::
[2026-09-19T19:29:36.557+0000] {subprocess.py:63} INFO - Tmp dir root location: /tmp
[2026-09-19T19:29:36.559+0000] {subprocess.py:75} INFO - Running command: ['/usr/bin/bash', '-c', 'python /opt/***/etl_scripts/bronze_product_cost.py']
[2026-09-19T19:29:36.570+0000] {subprocess.py:86} INFO - Output:
[2026-09-19T19:29:37.287+0000] {subprocess.py:93} INFO - 2026-09-19 19:29:37,287 - INFO - Successfully connected to Postgres
[2026-09-19T19:29:37.288+0000] {subprocess.py:93} INFO - 2026-09-19 19:29:37,287 - INFO - Connected to Postgres database successfully.
[2026-09-19T19:29:37.292+0000] {subprocess.py:93} INFO - 2026-09-19 19:29:37,292 - INFO - Product cost data read successfully from /opt/***/source_files/Master Product Cost/dim_product_cost.csv.
[2026-09-19T19:29:37.299+0000] {subprocess.py:93} INFO - 2026-09-19 19:29:37,299 - INFO - Table dim_product_cost truncated successfully.
[2026-09-19T19:29:37.300+0000] {subprocess.py:93} INFO - 2026-09-19 19:29:37,299 - ERROR - Error processing chunks: int() argument must be a string, a bytes-like object or a real number, not 'NoneType'
[2026-09-19T19:29:37.301+0000] {subprocess.py:93} INFO - 2026-09-19 19:29:37,299 - INFO - Postgres connection closed.
[2026-09-19T19:29:37.365+0000] {subprocess.py:97} INFO - Command exited with return code 0
[2026-09-19T19:29:37.368+0000] {taskinstance.py:441} INFO - ::group::Post task execution logs
[2026-09-19T19:29:37.386+0000] {taskinstance.py:1206} INFO - Marking task as SUCCESS. dag_id=lcbo_pipeline, task_id=bronze.product_cost, run_id=manual__2026-09-19T19:29:32.008515+00:00, execution_date=20260919T192932, start_date=20260919T192936, end_date=20260919T192937
[2026-09-19T19:29:37.426+0000] {local_task_job_runner.py:243} INFO - Task exited with return code 0
[2026-09-19T19:29:37.447+0000] {taskinstance.py:3503} INFO - 1 downstream tasks scheduled from follow-on schedule check
[2026-09-19T19:29:37.450+0000] {local_task_job_runner.py:222} INFO - ::endgroup::
