[2026-09-19T20:32:33.404+0000] {local_task_job_runner.py:120} INFO - ::group::Pre task execution logs
[2026-09-19T20:32:33.428+0000] {taskinstance.py:2076} INFO - Dependencies all met for dep_context=non-requeueable deps ti=<TaskInstance: lcbo_pipeline.silver.snapshot_cost manual__2026-09-19T20:32:17.784588+00:00 [queued]>
[2026-09-19T20:32:33.435+0000] {taskinstance.py:2076} INFO - Dependencies all met for dep_context=requeueable deps ti=<TaskInstance: lcbo_pipeline.silver.snapshot_cost manual__2026-09-19T20:32:17.784588+00:00 [queued]>
[2026-09-19T20:32:33.437+0000] {taskinstance.py:2306} INFO - Starting attempt 1 of 1
[2026-09-19T20:32:33.446+0000] {taskinstance.py:2330} INFO - Executing <Task(BashOperator): silver.snapshot_cost> on 2026-09-19 20:32:17.784588+00:00
[2026-09-19T20:32:33.454+0000] {standard_task_runner.py:90} INFO - Running: ['***', 'tasks', 'run', 'lcbo_pipeline', 'silver.snapshot_cost', 'manual__2026-09-19T20:32:17.784588+00:00', '--job-id', '64', '--raw', '--subdir', 'DAGS_FOLDER/lcbo_pipeline_dag.py', '--cfg-path', '/tmp/tmpf07hpk8z']
[2026-09-19T20:32:33.456+0000] {logging_mixin.py:188} WARNING - /home/***/.local/lib/python3.12/site-packages/***/task/task_runner/standard_task_runner.py:62 DeprecationWarning: This process (pid=1987) is multi-threaded, use of fork() may lead to deadlocks in the child.
[2026-09-19T20:32:33.457+0000] {standard_task_runner.py:91} INFO - Job 64: Subtask silver.snapshot_cost
[2026-09-19T20:32:33.457+0000] {standard_task_runner.py:64} INFO - Started process 1988 to run task
[2026-09-19T20:32:33.493+0000] {task_command.py:426} INFO - Running <TaskInstance: lcbo_pipeline.silver.snapshot_cost manual__2026-09-19T20:32:17.784588+00:00 [running]> on host 6cf516ec3c07
[2026-09-19T20:32:33.556+0000] {taskinstance.py:2648} INFO - Exporting env vars: AIRFLOW_CTX_DAG_OWNER='bhavik' AIRFLOW_CTX_DAG_ID='lcbo_pipeline' AIRFLOW_CTX_TASK_ID='silver.snapshot_cost' AIRFLOW_CTX_EXECUTION_DATE='2026-09-19T20:32:17.784588+00:00' AIRFLOW_CTX_TRY_NUMBER='1' AIRFLOW_CTX_DAG_RUN_ID='manual__2026-09-19T20:32:17.784588+00:00'
[2026-09-19T20:32:33.558+0000] {taskinstance.py:430} INFO - ::endgroup::
[2026-09-19T20:32:33.568+0000] {subprocess.py:63} INFO - Tmp dir root location: /tmp
[2026-09-19T20:32:33.569+0000] {subprocess.py:75} INFO - Running command: ['/usr/bin/bash', '-c', 'cd /opt/***/dbt_project && dbt snapshot --target docker --select dim_product_cost_snapshot']
[2026-09-19T20:32:33.582+0000] {subprocess.py:86} INFO - Output:
[2026-09-19T20:32:35.117+0000] {subprocess.py:93} INFO - [0m20:32:35  Running with dbt=1.12.5
[2026-09-19T20:32:35.350+0000] {subprocess.py:93} INFO - [0m20:32:35  Registered adapter: postgres=1.9.0
[2026-09-19T20:32:36.444+0000] {subprocess.py:93} INFO - [0m20:32:36  Found 14 models, 2 snapshots, 3 sources, 597 macros
[2026-09-19T20:32:36.448+0000] {subprocess.py:93} INFO - [0m20:32:36
[2026-09-19T20:32:36.449+0000] {subprocess.py:93} INFO - [0m20:32:36  Concurrency: 4 threads (target='docker')
[2026-09-19T20:32:36.451+0000] {subprocess.py:93} INFO - [0m20:32:36
[2026-09-19T20:32:36.746+0000] {subprocess.py:93} INFO - [0m20:32:36  1 of 1 START snapshot gold.dim_product_cost_snapshot ........................... [RUN]
[2026-09-19T20:32:37.153+0000] {subprocess.py:93} INFO - [0m20:32:37  [[33mWARNING[0m]: Data type of snapshot table timestamp columns (DATETIME) doesn't match derived column 'updated_at' (DATE). Please update snapshot config 'updated_at'.
[2026-09-19T20:32:37.193+0000] {subprocess.py:93} INFO - [0m20:32:37  1 of 1 OK snapshotted gold.dim_product_cost_snapshot ........................... [[32mINSERT 0 0[0m in 0.44s]
[2026-09-19T20:32:37.265+0000] {subprocess.py:93} INFO - [0m20:32:37
[2026-09-19T20:32:37.266+0000] {subprocess.py:93} INFO - [0m20:32:37  Finished running 1 snapshot in 0 hours 0 minutes and 0.81 seconds (0.81s).
[2026-09-19T20:32:37.378+0000] {subprocess.py:93} INFO - [0m20:32:37
[2026-09-19T20:32:37.380+0000] {subprocess.py:93} INFO - [0m20:32:37  [32mCompleted successfully[0m
[2026-09-19T20:32:37.381+0000] {subprocess.py:93} INFO - [0m20:32:37
[2026-09-19T20:32:37.383+0000] {subprocess.py:93} INFO - [0m20:32:37  Done. PASS=1 WARN=0 ERROR=0 SKIP=0 NO-OP=0 REUSED=0 TOTAL=1
[2026-09-19T20:32:41.146+0000] {subprocess.py:97} INFO - Command exited with return code 0
[2026-09-19T20:32:41.148+0000] {taskinstance.py:441} INFO - ::group::Post task execution logs
[2026-09-19T20:32:41.168+0000] {taskinstance.py:1206} INFO - Marking task as SUCCESS. dag_id=lcbo_pipeline, task_id=silver.snapshot_cost, run_id=manual__2026-09-19T20:32:17.784588+00:00, execution_date=20260919T203217, start_date=20260919T203233, end_date=20260919T203241
[2026-09-19T20:32:41.218+0000] {local_task_job_runner.py:243} INFO - Task exited with return code 0
[2026-09-19T20:32:41.242+0000] {taskinstance.py:3503} INFO - 1 downstream tasks scheduled from follow-on schedule check
[2026-09-19T20:32:41.244+0000] {local_task_job_runner.py:222} INFO - ::endgroup::
