[2026-09-19T20:38:10.621+0000] {local_task_job_runner.py:120} INFO - ::group::Pre task execution logs
[2026-09-19T20:38:10.648+0000] {taskinstance.py:2076} INFO - Dependencies all met for dep_context=non-requeueable deps ti=<TaskInstance: lcbo_pipeline.bronze.lcbo_raw manual__2026-09-19T20:38:08.895375+00:00 [queued]>
[2026-09-19T20:38:10.655+0000] {taskinstance.py:2076} INFO - Dependencies all met for dep_context=requeueable deps ti=<TaskInstance: lcbo_pipeline.bronze.lcbo_raw manual__2026-09-19T20:38:08.895375+00:00 [queued]>
[2026-09-19T20:38:10.657+0000] {taskinstance.py:2306} INFO - Starting attempt 1 of 1
[2026-09-19T20:38:10.667+0000] {taskinstance.py:2330} INFO - Executing <Task(BashOperator): bronze.lcbo_raw> on 2026-09-19 20:38:08.895375+00:00
[2026-09-19T20:38:10.678+0000] {logging_mixin.py:188} WARNING - /home/***/.local/lib/python3.12/site-packages/***/task/task_runner/standard_task_runner.py:62 DeprecationWarning: This process (pid=2172) is multi-threaded, use of fork() may lead to deadlocks in the child.
[2026-09-19T20:38:10.677+0000] {standard_task_runner.py:90} INFO - Running: ['***', 'tasks', 'run', 'lcbo_pipeline', 'bronze.lcbo_raw', 'manual__2026-09-19T20:38:08.895375+00:00', '--job-id', '69', '--raw', '--subdir', 'DAGS_FOLDER/lcbo_pipeline_dag.py', '--cfg-path', '/tmp/tmpvwwomkdj']
[2026-09-19T20:38:10.679+0000] {standard_task_runner.py:64} INFO - Started process 2173 to run task
[2026-09-19T20:38:10.680+0000] {standard_task_runner.py:91} INFO - Job 69: Subtask bronze.lcbo_raw
[2026-09-19T20:38:10.722+0000] {task_command.py:426} INFO - Running <TaskInstance: lcbo_pipeline.bronze.lcbo_raw manual__2026-09-19T20:38:08.895375+00:00 [running]> on host 6cf516ec3c07
[2026-09-19T20:38:10.792+0000] {taskinstance.py:2648} INFO - Exporting env vars: AIRFLOW_CTX_DAG_OWNER='bhavik' AIRFLOW_CTX_DAG_ID='lcbo_pipeline' AIRFLOW_CTX_TASK_ID='bronze.lcbo_raw' AIRFLOW_CTX_EXECUTION_DATE='2026-09-19T20:38:08.895375+00:00' AIRFLOW_CTX_TRY_NUMBER='1' AIRFLOW_CTX_DAG_RUN_ID='manual__2026-09-19T20:38:08.895375+00:00'
[2026-09-19T20:38:10.794+0000] {taskinstance.py:430} INFO - ::endgroup::
[2026-09-19T20:38:10.805+0000] {subprocess.py:63} INFO - Tmp dir root location: /tmp
[2026-09-19T20:38:10.807+0000] {subprocess.py:75} INFO - Running command: ['/usr/bin/bash', '-c', 'python /opt/***/etl_scripts/bronze_lcbo_raw.py']
[2026-09-19T20:38:10.819+0000] {subprocess.py:86} INFO - Output:
[2026-09-19T20:38:11.782+0000] {subprocess.py:93} INFO - 2026-09-19 20:38:11,782 - INFO - Successfully connected to Postgres
[2026-09-19T20:38:11.783+0000] {subprocess.py:93} INFO - 2026-09-19 20:38:11,782 - INFO - Successfully connected to Postgres
[2026-09-19T20:38:11.784+0000] {subprocess.py:93} INFO - 2026-09-19 20:38:11,782 - INFO - LoadingData_ToPostgres class initialized successfully.
[2026-09-19T20:38:11.785+0000] {subprocess.py:93} INFO - 2026-09-19 20:38:11,785 - INFO - Processing file: lcbo_settlement_20240103.csv with batch ID: 2 and file hash: 6190d7fd6c63881dfdbd828902ade53dff04d34a2af22caa5bae96987889cc6e
[2026-09-19T20:38:11.786+0000] {subprocess.py:93} INFO - 2026-09-19 20:38:11,785 - INFO - Found file: /opt/***/source_files/lcbo_settlement_20240103.csv
[2026-09-19T20:38:11.797+0000] {subprocess.py:93} INFO - 2026-09-19 20:38:11,796 - INFO - Inserted batch of size 14 into Postgres.
[2026-09-19T20:38:11.798+0000] {subprocess.py:93} INFO - 2026-09-19 20:38:11,798 - INFO - File processed successfully.
[2026-09-19T20:38:11.799+0000] {subprocess.py:93} INFO - 2026-09-19 20:38:11,798 - INFO - Postgres connection closed.
[2026-09-19T20:38:11.887+0000] {subprocess.py:97} INFO - Command exited with return code 0
[2026-09-19T20:38:11.888+0000] {taskinstance.py:441} INFO - ::group::Post task execution logs
[2026-09-19T20:38:11.910+0000] {taskinstance.py:1206} INFO - Marking task as SUCCESS. dag_id=lcbo_pipeline, task_id=bronze.lcbo_raw, run_id=manual__2026-09-19T20:38:08.895375+00:00, execution_date=20260919T203808, start_date=20260919T203810, end_date=20260919T203811
[2026-09-19T20:38:11.942+0000] {local_task_job_runner.py:243} INFO - Task exited with return code 0
[2026-09-19T20:38:11.970+0000] {taskinstance.py:3503} INFO - 1 downstream tasks scheduled from follow-on schedule check
[2026-09-19T20:38:11.972+0000] {local_task_job_runner.py:222} INFO - ::endgroup::
