[2026-09-19T20:04:15.737+0000] {local_task_job_runner.py:120} INFO - ::group::Pre task execution logs
[2026-09-19T20:04:15.759+0000] {taskinstance.py:2076} INFO - Dependencies all met for dep_context=non-requeueable deps ti=<TaskInstance: lcbo_pipeline.silver.snapshot_cost manual__2026-09-19T20:03:59.887522+00:00 [queued]>
[2026-09-19T20:04:15.766+0000] {taskinstance.py:2076} INFO - Dependencies all met for dep_context=requeueable deps ti=<TaskInstance: lcbo_pipeline.silver.snapshot_cost manual__2026-09-19T20:03:59.887522+00:00 [queued]>
[2026-09-19T20:04:15.768+0000] {taskinstance.py:2306} INFO - Starting attempt 1 of 1
[2026-09-19T20:04:15.777+0000] {taskinstance.py:2330} INFO - Executing <Task(BashOperator): silver.snapshot_cost> on 2026-09-19 20:03:59.887522+00:00
[2026-09-19T20:04:15.787+0000] {logging_mixin.py:188} WARNING - /home/***/.local/lib/python3.12/site-packages/***/task/task_runner/standard_task_runner.py:62 DeprecationWarning: This process (pid=1249) is multi-threaded, use of fork() may lead to deadlocks in the child.
[2026-09-19T20:04:15.786+0000] {standard_task_runner.py:90} INFO - Running: ['***', 'tasks', 'run', 'lcbo_pipeline', 'silver.snapshot_cost', 'manual__2026-09-19T20:03:59.887522+00:00', '--job-id', '56', '--raw', '--subdir', 'DAGS_FOLDER/lcbo_pipeline_dag.py', '--cfg-path', '/tmp/tmp2lfzhirt']
[2026-09-19T20:04:15.789+0000] {standard_task_runner.py:64} INFO - Started process 1250 to run task
[2026-09-19T20:04:15.789+0000] {standard_task_runner.py:91} INFO - Job 56: Subtask silver.snapshot_cost
[2026-09-19T20:04:15.824+0000] {task_command.py:426} INFO - Running <TaskInstance: lcbo_pipeline.silver.snapshot_cost manual__2026-09-19T20:03:59.887522+00:00 [running]> on host 6cf516ec3c07
[2026-09-19T20:04:15.891+0000] {taskinstance.py:2648} INFO - Exporting env vars: AIRFLOW_CTX_DAG_OWNER='bhavik' AIRFLOW_CTX_DAG_ID='lcbo_pipeline' AIRFLOW_CTX_TASK_ID='silver.snapshot_cost' AIRFLOW_CTX_EXECUTION_DATE='2026-09-19T20:03:59.887522+00:00' AIRFLOW_CTX_TRY_NUMBER='1' AIRFLOW_CTX_DAG_RUN_ID='manual__2026-09-19T20:03:59.887522+00:00'
[2026-09-19T20:04:15.892+0000] {taskinstance.py:430} INFO - ::endgroup::
[2026-09-19T20:04:15.903+0000] {subprocess.py:63} INFO - Tmp dir root location: /tmp
[2026-09-19T20:04:15.905+0000] {subprocess.py:75} INFO - Running command: ['/usr/bin/bash', '-c', 'cd /opt/***/dbt_project && dbt snapshot --target docker --select dim_product_cost_snapshot']
[2026-09-19T20:04:15.917+0000] {subprocess.py:86} INFO - Output:
[2026-09-19T20:04:17.431+0000] {subprocess.py:93} INFO - [0m20:04:17  Running with dbt=1.12.5
[2026-09-19T20:04:17.668+0000] {subprocess.py:93} INFO - [0m20:04:17  Registered adapter: postgres=1.9.0
[2026-09-19T20:04:18.852+0000] {subprocess.py:93} INFO - [0m20:04:18  Found 14 models, 2 snapshots, 3 sources, 597 macros
[2026-09-19T20:04:18.856+0000] {subprocess.py:93} INFO - [0m20:04:18
[2026-09-19T20:04:18.857+0000] {subprocess.py:93} INFO - [0m20:04:18  Concurrency: 4 threads (target='docker')
[2026-09-19T20:04:18.859+0000] {subprocess.py:93} INFO - [0m20:04:18
[2026-09-19T20:04:19.299+0000] {subprocess.py:93} INFO - [0m20:04:19  1 of 1 START snapshot gold.dim_product_cost_snapshot ........................... [RUN]
[2026-09-19T20:04:19.741+0000] {subprocess.py:93} INFO - [0m20:04:19  [[33mWARNING[0m]: Data type of snapshot table timestamp columns (DATETIME) doesn't match derived column 'updated_at' (DATE). Please update snapshot config 'updated_at'.
[2026-09-19T20:04:19.783+0000] {subprocess.py:93} INFO - [0m20:04:19  1 of 1 OK snapshotted gold.dim_product_cost_snapshot ........................... [[32mINSERT 0 0[0m in 0.48s]
[2026-09-19T20:04:19.859+0000] {subprocess.py:93} INFO - [0m20:04:19
[2026-09-19T20:04:19.861+0000] {subprocess.py:93} INFO - [0m20:04:19  Finished running 1 snapshot in 0 hours 0 minutes and 1.00 seconds (1.00s).
[2026-09-19T20:04:19.992+0000] {subprocess.py:93} INFO - [0m20:04:19
[2026-09-19T20:04:19.994+0000] {subprocess.py:93} INFO - [0m20:04:19  [32mCompleted successfully[0m
[2026-09-19T20:04:19.996+0000] {subprocess.py:93} INFO - [0m20:04:19
[2026-09-19T20:04:19.997+0000] {subprocess.py:93} INFO - [0m20:04:19  Done. PASS=1 WARN=0 ERROR=0 SKIP=0 NO-OP=0 REUSED=0 TOTAL=1
[2026-09-19T20:04:23.793+0000] {subprocess.py:97} INFO - Command exited with return code 0
[2026-09-19T20:04:23.795+0000] {taskinstance.py:441} INFO - ::group::Post task execution logs
[2026-09-19T20:04:23.816+0000] {taskinstance.py:1206} INFO - Marking task as SUCCESS. dag_id=lcbo_pipeline, task_id=silver.snapshot_cost, run_id=manual__2026-09-19T20:03:59.887522+00:00, execution_date=20260919T200359, start_date=20260919T200415, end_date=20260919T200423
[2026-09-19T20:04:23.872+0000] {local_task_job_runner.py:243} INFO - Task exited with return code 0
[2026-09-19T20:04:23.893+0000] {taskinstance.py:3503} INFO - 1 downstream tasks scheduled from follow-on schedule check
[2026-09-19T20:04:23.896+0000] {local_task_job_runner.py:222} INFO - ::endgroup::
