[2026-09-23T01:26:31.137+0000] {local_task_job_runner.py:120} INFO - ::group::Pre task execution logs
[2026-09-23T01:26:31.164+0000] {taskinstance.py:2076} INFO - Dependencies all met for dep_context=non-requeueable deps ti=<TaskInstance: medallion_settlement_pipeline.Silver_Transform.clean_cast_settlements manual__2026-09-23T01:26:24.294666+00:00 [queued]>
[2026-09-23T01:26:31.171+0000] {taskinstance.py:2076} INFO - Dependencies all met for dep_context=requeueable deps ti=<TaskInstance: medallion_settlement_pipeline.Silver_Transform.clean_cast_settlements manual__2026-09-23T01:26:24.294666+00:00 [queued]>
[2026-09-23T01:26:31.173+0000] {taskinstance.py:2306} INFO - Starting attempt 1 of 1
[2026-09-23T01:26:31.182+0000] {taskinstance.py:2330} INFO - Executing <Task(BashOperator): Silver_Transform.clean_cast_settlements> on 2026-09-23 01:26:24.294666+00:00
[2026-09-23T01:26:31.192+0000] {logging_mixin.py:188} WARNING - /home/***/.local/lib/python3.12/site-packages/***/task/task_runner/standard_task_runner.py:62 DeprecationWarning: This process (pid=1538) is multi-threaded, use of fork() may lead to deadlocks in the child.
[2026-09-23T01:26:31.190+0000] {standard_task_runner.py:90} INFO - Running: ['***', 'tasks', 'run', 'medallion_settlement_pipeline', 'Silver_Transform.clean_cast_settlements', 'manual__2026-09-23T01:26:24.294666+00:00', '--job-id', '156', '--raw', '--subdir', 'DAGS_FOLDER/lcbo_pipeline_dag.py', '--cfg-path', '/tmp/tmp2wecxv_q']
[2026-09-23T01:26:31.194+0000] {standard_task_runner.py:64} INFO - Started process 1539 to run task
[2026-09-23T01:26:31.195+0000] {standard_task_runner.py:91} INFO - Job 156: Subtask Silver_Transform.clean_cast_settlements
[2026-09-23T01:26:31.239+0000] {task_command.py:426} INFO - Running <TaskInstance: medallion_settlement_pipeline.Silver_Transform.clean_cast_settlements manual__2026-09-23T01:26:24.294666+00:00 [running]> on host 4318980e9d4e
[2026-09-23T01:26:31.311+0000] {taskinstance.py:2648} INFO - Exporting env vars: AIRFLOW_CTX_DAG_OWNER='bhavik' AIRFLOW_CTX_DAG_ID='medallion_settlement_pipeline' AIRFLOW_CTX_TASK_ID='Silver_Transform.clean_cast_settlements' AIRFLOW_CTX_EXECUTION_DATE='2026-09-23T01:26:24.294666+00:00' AIRFLOW_CTX_TRY_NUMBER='1' AIRFLOW_CTX_DAG_RUN_ID='manual__2026-09-23T01:26:24.294666+00:00'
[2026-09-23T01:26:31.313+0000] {taskinstance.py:430} INFO - ::endgroup::
[2026-09-23T01:26:31.324+0000] {subprocess.py:63} INFO - Tmp dir root location: /tmp
[2026-09-23T01:26:31.326+0000] {subprocess.py:75} INFO - Running command: ['/usr/bin/bash', '-c', 'cd /opt/***/dbt_project && dbt run --target docker --select dbt_lcbo_raw dbt_product_cost dbt_lcbo_columns_trans dbt_lcbo_columns_type dbt_lcbo_cleansed_settlement dbt_lcbo_filterout_negative_sales dbt_dim_product_transform']
[2026-09-23T01:26:31.339+0000] {subprocess.py:86} INFO - Output:
[2026-09-23T01:26:33.538+0000] {subprocess.py:93} INFO - [0m01:26:33  Running with dbt=1.12.5
[2026-09-23T01:26:33.862+0000] {subprocess.py:93} INFO - [0m01:26:33  Registered adapter: postgres=1.9.0
[2026-09-23T01:26:34.074+0000] {subprocess.py:93} INFO - [0m01:26:34  Unable to do partial parsing because of a version mismatch
[2026-09-23T01:26:36.297+0000] {subprocess.py:93} INFO - [0m01:26:36  Found 14 models, 2 snapshots, 3 sources, 597 macros
[2026-09-23T01:26:36.303+0000] {subprocess.py:93} INFO - [0m01:26:36
[2026-09-23T01:26:36.305+0000] {subprocess.py:93} INFO - [0m01:26:36  Concurrency: 4 threads (target='docker')
[2026-09-23T01:26:36.306+0000] {subprocess.py:93} INFO - [0m01:26:36
[2026-09-23T01:26:36.651+0000] {subprocess.py:93} INFO - [0m01:26:36  1 of 7 START sql table model silver.dbt_lcbo_raw ............................... [RUN]
[2026-09-23T01:26:36.653+0000] {subprocess.py:93} INFO - [0m01:26:36  2 of 7 START sql table model silver.dbt_product_cost ........................... [RUN]
[2026-09-23T01:26:36.875+0000] {subprocess.py:93} INFO - [0m01:26:36  1 of 7 OK created sql table model silver.dbt_lcbo_raw .......................... [[32mSELECT 16[0m in 0.22s]
[2026-09-23T01:26:36.882+0000] {subprocess.py:93} INFO - [0m01:26:36  3 of 7 START sql table model silver.dbt_lcbo_columns_trans ..................... [RUN]
[2026-09-23T01:26:36.891+0000] {subprocess.py:93} INFO - [0m01:26:36  2 of 7 OK created sql table model silver.dbt_product_cost ...................... [[32mSELECT 9[0m in 0.23s]
[2026-09-23T01:26:36.900+0000] {subprocess.py:93} INFO - [0m01:26:36  4 of 7 START sql table model silver.dbt_dim_product_transform .................. [RUN]
[2026-09-23T01:26:37.047+0000] {subprocess.py:93} INFO - [0m01:26:37  3 of 7 OK created sql table model silver.dbt_lcbo_columns_trans ................ [[32mSELECT 16[0m in 0.16s]
[2026-09-23T01:26:37.058+0000] {subprocess.py:93} INFO - [0m01:26:37  5 of 7 START sql table model silver.dbt_lcbo_columns_type ...................... [RUN]
[2026-09-23T01:26:37.074+0000] {subprocess.py:93} INFO - [0m01:26:37  4 of 7 OK created sql table model silver.dbt_dim_product_transform ............. [[32mSELECT 9[0m in 0.17s]
[2026-09-23T01:26:37.207+0000] {subprocess.py:93} INFO - [0m01:26:37  5 of 7 OK created sql table model silver.dbt_lcbo_columns_type ................. [[32mSELECT 16[0m in 0.14s]
[2026-09-23T01:26:37.212+0000] {subprocess.py:93} INFO - [0m01:26:37  6 of 7 START sql table model silver.dbt_lcbo_cleansed_settlement ............... [RUN]
[2026-09-23T01:26:37.213+0000] {subprocess.py:93} INFO - [0m01:26:37  7 of 7 START sql incremental model silver.dbt_lcbo_filterout_negative_sales .... [RUN]
[2026-09-23T01:26:37.426+0000] {subprocess.py:93} INFO - [0m01:26:37  7 of 7 OK created sql incremental model silver.dbt_lcbo_filterout_negative_sales  [[32mMERGE 2[0m in 0.21s]
[2026-09-23T01:26:37.496+0000] {subprocess.py:93} INFO - [0m01:26:37  6 of 7 OK created sql table model silver.dbt_lcbo_cleansed_settlement .......... [[32mSELECT 14[0m in 0.28s]
[2026-09-23T01:26:37.697+0000] {subprocess.py:93} INFO - [0m01:26:37
[2026-09-23T01:26:37.698+0000] {subprocess.py:93} INFO - [0m01:26:37  Finished running 1 incremental model, 6 table models in 0 hours 0 minutes and 1.39 seconds (1.39s).
[2026-09-23T01:26:37.821+0000] {subprocess.py:93} INFO - [0m01:26:37
[2026-09-23T01:26:37.823+0000] {subprocess.py:93} INFO - [0m01:26:37  [32mCompleted successfully[0m
[2026-09-23T01:26:37.824+0000] {subprocess.py:93} INFO - [0m01:26:37
[2026-09-23T01:26:37.825+0000] {subprocess.py:93} INFO - [0m01:26:37  Done. PASS=7 WARN=0 ERROR=0 SKIP=0 NO-OP=0 REUSED=0 TOTAL=7
[2026-09-23T01:26:41.691+0000] {subprocess.py:97} INFO - Command exited with return code 0
[2026-09-23T01:26:41.693+0000] {taskinstance.py:441} INFO - ::group::Post task execution logs
[2026-09-23T01:26:41.715+0000] {taskinstance.py:1206} INFO - Marking task as SUCCESS. dag_id=medallion_settlement_pipeline, task_id=Silver_Transform.clean_cast_settlements, run_id=manual__2026-09-23T01:26:24.294666+00:00, execution_date=20260923T012624, start_date=20260923T012631, end_date=20260923T012641
[2026-09-23T01:26:41.762+0000] {local_task_job_runner.py:243} INFO - Task exited with return code 0
[2026-09-23T01:26:41.784+0000] {taskinstance.py:3503} INFO - 1 downstream tasks scheduled from follow-on schedule check
[2026-09-23T01:26:41.787+0000] {local_task_job_runner.py:222} INFO - ::endgroup::
