[2026-09-19T17:40:30.270+0000] {local_task_job_runner.py:120} INFO - ::group::Pre task execution logs
[2026-09-19T17:40:30.295+0000] {taskinstance.py:2076} INFO - Dependencies all met for dep_context=non-requeueable deps ti=<TaskInstance: lcbo_pipeline.silver.run_pre_snapshot manual__2026-09-19T17:40:24.501729+00:00 [queued]>
[2026-09-19T17:40:30.302+0000] {taskinstance.py:2076} INFO - Dependencies all met for dep_context=requeueable deps ti=<TaskInstance: lcbo_pipeline.silver.run_pre_snapshot manual__2026-09-19T17:40:24.501729+00:00 [queued]>
[2026-09-19T17:40:30.304+0000] {taskinstance.py:2306} INFO - Starting attempt 1 of 1
[2026-09-19T17:40:30.313+0000] {taskinstance.py:2330} INFO - Executing <Task(BashOperator): silver.run_pre_snapshot> on 2026-09-19 17:40:24.501729+00:00
[2026-09-19T17:40:30.320+0000] {standard_task_runner.py:90} INFO - Running: ['***', 'tasks', 'run', 'lcbo_pipeline', 'silver.run_pre_snapshot', 'manual__2026-09-19T17:40:24.501729+00:00', '--job-id', '38', '--raw', '--subdir', 'DAGS_FOLDER/lcbo_pipeline_dag.py', '--cfg-path', '/tmp/tmp8xn7p1cr']
[2026-09-19T17:40:30.322+0000] {logging_mixin.py:188} WARNING - /home/***/.local/lib/python3.12/site-packages/***/task/task_runner/standard_task_runner.py:62 DeprecationWarning: This process (pid=341) is multi-threaded, use of fork() may lead to deadlocks in the child.
[2026-09-19T17:40:30.323+0000] {standard_task_runner.py:91} INFO - Job 38: Subtask silver.run_pre_snapshot
[2026-09-19T17:40:30.324+0000] {standard_task_runner.py:64} INFO - Started process 342 to run task
[2026-09-19T17:40:30.357+0000] {task_command.py:426} INFO - Running <TaskInstance: lcbo_pipeline.silver.run_pre_snapshot manual__2026-09-19T17:40:24.501729+00:00 [running]> on host 603277fa8897
[2026-09-19T17:40:30.420+0000] {taskinstance.py:2648} INFO - Exporting env vars: AIRFLOW_CTX_DAG_OWNER='bhavik' AIRFLOW_CTX_DAG_ID='lcbo_pipeline' AIRFLOW_CTX_TASK_ID='silver.run_pre_snapshot' AIRFLOW_CTX_EXECUTION_DATE='2026-09-19T17:40:24.501729+00:00' AIRFLOW_CTX_TRY_NUMBER='1' AIRFLOW_CTX_DAG_RUN_ID='manual__2026-09-19T17:40:24.501729+00:00'
[2026-09-19T17:40:30.421+0000] {taskinstance.py:430} INFO - ::endgroup::
[2026-09-19T17:40:30.431+0000] {subprocess.py:63} INFO - Tmp dir root location: /tmp
[2026-09-19T17:40:30.432+0000] {subprocess.py:75} INFO - Running command: ['/usr/bin/bash', '-c', 'cd /opt/***/dbt_project && dbt run --target docker --select dbt_lcbo_raw dbt_product_cost dbt_lcbo_columns_trans dbt_lcbo_columns_type dbt_lcbo_cleansed_settlement dbt_lcbo_filterout_negative_sales dbt_dim_product_transform']
[2026-09-19T17:40:30.443+0000] {subprocess.py:86} INFO - Output:
[2026-09-19T17:40:32.482+0000] {subprocess.py:93} INFO - [0m17:40:32  Running with dbt=1.12.5
[2026-09-19T17:40:32.766+0000] {subprocess.py:93} INFO - [0m17:40:32  Registered adapter: postgres=1.9.0
[2026-09-19T17:40:32.984+0000] {subprocess.py:93} INFO - [0m17:40:32  Unable to do partial parsing because of a version mismatch
[2026-09-19T17:40:35.161+0000] {subprocess.py:93} INFO - [0m17:40:35  Found 14 models, 2 snapshots, 3 sources, 597 macros
[2026-09-19T17:40:35.165+0000] {subprocess.py:93} INFO - [0m17:40:35
[2026-09-19T17:40:35.167+0000] {subprocess.py:93} INFO - [0m17:40:35  Concurrency: 4 threads (target='docker')
[2026-09-19T17:40:35.168+0000] {subprocess.py:93} INFO - [0m17:40:35
[2026-09-19T17:40:35.629+0000] {subprocess.py:93} INFO - [0m17:40:35  1 of 7 START sql table model silver.dbt_lcbo_raw ............................... [RUN]
[2026-09-19T17:40:35.631+0000] {subprocess.py:93} INFO - [0m17:40:35  2 of 7 START sql table model silver.dbt_product_cost ........................... [RUN]
[2026-09-19T17:40:35.872+0000] {subprocess.py:93} INFO - [0m17:40:35  2 of 7 OK created sql table model silver.dbt_product_cost ...................... [[32mSELECT 0[0m in 0.23s]
[2026-09-19T17:40:35.879+0000] {subprocess.py:93} INFO - [0m17:40:35  3 of 7 START sql table model silver.dbt_dim_product_transform .................. [RUN]
[2026-09-19T17:40:35.884+0000] {subprocess.py:93} INFO - [0m17:40:35  1 of 7 OK created sql table model silver.dbt_lcbo_raw .......................... [[32mSELECT 14[0m in 0.25s]
[2026-09-19T17:40:35.893+0000] {subprocess.py:93} INFO - [0m17:40:35  4 of 7 START sql table model silver.dbt_lcbo_columns_trans ..................... [RUN]
[2026-09-19T17:40:36.025+0000] {subprocess.py:93} INFO - [0m17:40:36  3 of 7 OK created sql table model silver.dbt_dim_product_transform ............. [[32mSELECT 0[0m in 0.14s]
[2026-09-19T17:40:36.044+0000] {subprocess.py:93} INFO - [0m17:40:36  4 of 7 OK created sql table model silver.dbt_lcbo_columns_trans ................ [[32mSELECT 14[0m in 0.15s]
[2026-09-19T17:40:36.049+0000] {subprocess.py:93} INFO - [0m17:40:36  5 of 7 START sql table model silver.dbt_lcbo_columns_type ...................... [RUN]
[2026-09-19T17:40:36.182+0000] {subprocess.py:93} INFO - [0m17:40:36  5 of 7 OK created sql table model silver.dbt_lcbo_columns_type ................. [[32mSELECT 14[0m in 0.13s]
[2026-09-19T17:40:36.187+0000] {subprocess.py:93} INFO - [0m17:40:36  6 of 7 START sql table model silver.dbt_lcbo_cleansed_settlement ............... [RUN]
[2026-09-19T17:40:36.188+0000] {subprocess.py:93} INFO - [0m17:40:36  7 of 7 START sql incremental model silver.dbt_lcbo_filterout_negative_sales .... [RUN]
[2026-09-19T17:40:36.391+0000] {subprocess.py:93} INFO - [0m17:40:36  6 of 7 OK created sql table model silver.dbt_lcbo_cleansed_settlement .......... [[32mSELECT 13[0m in 0.20s]
[2026-09-19T17:40:36.407+0000] {subprocess.py:93} INFO - [0m17:40:36  7 of 7 OK created sql incremental model silver.dbt_lcbo_filterout_negative_sales  [[32mMERGE 1[0m in 0.21s]
[2026-09-19T17:40:36.493+0000] {subprocess.py:93} INFO - [0m17:40:36
[2026-09-19T17:40:36.494+0000] {subprocess.py:93} INFO - [0m17:40:36  Finished running 1 incremental model, 6 table models in 0 hours 0 minutes and 1.32 seconds (1.32s).
[2026-09-19T17:40:36.629+0000] {subprocess.py:93} INFO - [0m17:40:36
[2026-09-19T17:40:36.630+0000] {subprocess.py:93} INFO - [0m17:40:36  [32mCompleted successfully[0m
[2026-09-19T17:40:36.633+0000] {subprocess.py:93} INFO - [0m17:40:36
[2026-09-19T17:40:36.635+0000] {subprocess.py:93} INFO - [0m17:40:36  Done. PASS=7 WARN=0 ERROR=0 SKIP=0 NO-OP=0 REUSED=0 TOTAL=7
[2026-09-19T17:40:41.352+0000] {subprocess.py:97} INFO - Command exited with return code 0
[2026-09-19T17:40:41.354+0000] {taskinstance.py:441} INFO - ::group::Post task execution logs
[2026-09-19T17:40:41.376+0000] {taskinstance.py:1206} INFO - Marking task as SUCCESS. dag_id=lcbo_pipeline, task_id=silver.run_pre_snapshot, run_id=manual__2026-09-19T17:40:24.501729+00:00, execution_date=20260919T174024, start_date=20260919T174030, end_date=20260919T174041
[2026-09-19T17:40:41.408+0000] {local_task_job_runner.py:243} INFO - Task exited with return code 0
[2026-09-19T17:40:41.438+0000] {taskinstance.py:3503} INFO - 1 downstream tasks scheduled from follow-on schedule check
[2026-09-19T17:40:41.440+0000] {local_task_job_runner.py:222} INFO - ::endgroup::
