[2026-09-24T02:05:37.563+0000] {local_task_job_runner.py:120} INFO - ::group::Pre task execution logs
[2026-09-24T02:05:37.595+0000] {taskinstance.py:2076} INFO - Dependencies all met for dep_context=non-requeueable deps ti=<TaskInstance: medallion_settlement_pipeline.Silver_Transform.clean_cast_settlements manual__2026-09-24T02:05:31.038900+00:00 [queued]>
[2026-09-24T02:05:37.604+0000] {taskinstance.py:2076} INFO - Dependencies all met for dep_context=requeueable deps ti=<TaskInstance: medallion_settlement_pipeline.Silver_Transform.clean_cast_settlements manual__2026-09-24T02:05:31.038900+00:00 [queued]>
[2026-09-24T02:05:37.605+0000] {taskinstance.py:2306} INFO - Starting attempt 1 of 1
[2026-09-24T02:05:37.617+0000] {taskinstance.py:2330} INFO - Executing <Task(BashOperator): Silver_Transform.clean_cast_settlements> on 2026-09-24 02:05:31.038900+00:00
[2026-09-24T02:05:37.628+0000] {standard_task_runner.py:90} INFO - Running: ['***', 'tasks', 'run', 'medallion_settlement_pipeline', 'Silver_Transform.clean_cast_settlements', 'manual__2026-09-24T02:05:31.038900+00:00', '--job-id', '196', '--raw', '--subdir', 'DAGS_FOLDER/lcbo_pipeline_dag.py', '--cfg-path', '/tmp/tmp5zj18kfx']
[2026-09-24T02:05:37.631+0000] {standard_task_runner.py:91} INFO - Job 196: Subtask Silver_Transform.clean_cast_settlements
[2026-09-24T02:05:37.631+0000] {logging_mixin.py:188} WARNING - /home/***/.local/lib/python3.12/site-packages/***/task/task_runner/standard_task_runner.py:62 DeprecationWarning: This process (pid=921) is multi-threaded, use of fork() may lead to deadlocks in the child.
[2026-09-24T02:05:37.633+0000] {standard_task_runner.py:64} INFO - Started process 922 to run task
[2026-09-24T02:05:37.671+0000] {task_command.py:426} INFO - Running <TaskInstance: medallion_settlement_pipeline.Silver_Transform.clean_cast_settlements manual__2026-09-24T02:05:31.038900+00:00 [running]> on host 9314f7d71f12
[2026-09-24T02:05:37.744+0000] {taskinstance.py:2648} INFO - Exporting env vars: AIRFLOW_CTX_DAG_OWNER='bhavik' AIRFLOW_CTX_DAG_ID='medallion_settlement_pipeline' AIRFLOW_CTX_TASK_ID='Silver_Transform.clean_cast_settlements' AIRFLOW_CTX_EXECUTION_DATE='2026-09-24T02:05:31.038900+00:00' AIRFLOW_CTX_TRY_NUMBER='1' AIRFLOW_CTX_DAG_RUN_ID='manual__2026-09-24T02:05:31.038900+00:00'
[2026-09-24T02:05:37.745+0000] {taskinstance.py:430} INFO - ::endgroup::
[2026-09-24T02:05:37.761+0000] {subprocess.py:63} INFO - Tmp dir root location: /tmp
[2026-09-24T02:05:37.763+0000] {subprocess.py:75} INFO - Running command: ['/usr/bin/bash', '-c', 'cd /opt/***/dbt_project && dbt run --target docker --select dbt_lcbo_raw dbt_product_cost dbt_lcbo_columns_trans dbt_lcbo_columns_type dbt_lcbo_cleansed_settlement dbt_lcbo_filterout_negative_sales dbt_dim_product_transform']
[2026-09-24T02:05:37.782+0000] {subprocess.py:86} INFO - Output:
[2026-09-24T02:05:40.350+0000] {subprocess.py:93} INFO - [0m02:05:40  Running with dbt=1.12.5
[2026-09-24T02:05:40.730+0000] {subprocess.py:93} INFO - [0m02:05:40  Registered adapter: postgres=1.9.0
[2026-09-24T02:05:42.095+0000] {subprocess.py:93} INFO - [0m02:05:42  Found 14 models, 2 snapshots, 3 sources, 597 macros
[2026-09-24T02:05:42.100+0000] {subprocess.py:93} INFO - [0m02:05:42
[2026-09-24T02:05:42.102+0000] {subprocess.py:93} INFO - [0m02:05:42  Concurrency: 4 threads (target='docker')
[2026-09-24T02:05:42.103+0000] {subprocess.py:93} INFO - [0m02:05:42
[2026-09-24T02:05:42.436+0000] {subprocess.py:93} INFO - [0m02:05:42  1 of 7 START sql table model silver.dbt_lcbo_raw ............................... [RUN]
[2026-09-24T02:05:42.438+0000] {subprocess.py:93} INFO - [0m02:05:42  2 of 7 START sql table model silver.dbt_product_cost ........................... [RUN]
[2026-09-24T02:05:42.694+0000] {subprocess.py:93} INFO - [0m02:05:42  1 of 7 OK created sql table model silver.dbt_lcbo_raw .......................... [[32mSELECT 16[0m in 0.25s]
[2026-09-24T02:05:42.703+0000] {subprocess.py:93} INFO - [0m02:05:42  3 of 7 START sql table model silver.dbt_lcbo_columns_trans ..................... [RUN]
[2026-09-24T02:05:42.902+0000] {subprocess.py:93} INFO - [0m02:05:42  2 of 7 OK created sql table model silver.dbt_product_cost ...................... [[32mSELECT 9[0m in 0.46s]
[2026-09-24T02:05:42.915+0000] {subprocess.py:93} INFO - [0m02:05:42  4 of 7 START sql table model silver.dbt_dim_product_transform .................. [RUN]
[2026-09-24T02:05:43.035+0000] {subprocess.py:93} INFO - [0m02:05:43  3 of 7 OK created sql table model silver.dbt_lcbo_columns_trans ................ [[32mSELECT 15[0m in 0.33s]
[2026-09-24T02:05:43.043+0000] {subprocess.py:93} INFO - [0m02:05:43  5 of 7 START sql table model silver.dbt_lcbo_columns_type ...................... [RUN]
[2026-09-24T02:05:43.125+0000] {subprocess.py:93} INFO - [0m02:05:43  4 of 7 OK created sql table model silver.dbt_dim_product_transform ............. [[32mSELECT 9[0m in 0.21s]
[2026-09-24T02:05:43.205+0000] {subprocess.py:93} INFO - [0m02:05:43  5 of 7 OK created sql table model silver.dbt_lcbo_columns_type ................. [[32mSELECT 15[0m in 0.16s]
[2026-09-24T02:05:43.212+0000] {subprocess.py:93} INFO - [0m02:05:43  6 of 7 START sql table model silver.dbt_lcbo_cleansed_settlement ............... [RUN]
[2026-09-24T02:05:43.213+0000] {subprocess.py:93} INFO - [0m02:05:43  7 of 7 START sql incremental model silver.dbt_lcbo_filterout_negative_sales .... [RUN]
[2026-09-24T02:05:43.499+0000] {subprocess.py:93} INFO - [0m02:05:43  7 of 7 OK created sql incremental model silver.dbt_lcbo_filterout_negative_sales  [[32mMERGE 0[0m in 0.28s]
[2026-09-24T02:05:43.514+0000] {subprocess.py:93} INFO - [0m02:05:43  6 of 7 OK created sql table model silver.dbt_lcbo_cleansed_settlement .......... [[32mSELECT 15[0m in 0.30s]
[2026-09-24T02:05:43.590+0000] {subprocess.py:93} INFO - [0m02:05:43
[2026-09-24T02:05:43.592+0000] {subprocess.py:93} INFO - [0m02:05:43  Finished running 1 incremental model, 6 table models in 0 hours 0 minutes and 1.49 seconds (1.49s).
[2026-09-24T02:05:43.720+0000] {subprocess.py:93} INFO - [0m02:05:43
[2026-09-24T02:05:43.722+0000] {subprocess.py:93} INFO - [0m02:05:43  [32mCompleted successfully[0m
[2026-09-24T02:05:43.724+0000] {subprocess.py:93} INFO - [0m02:05:43
[2026-09-24T02:05:43.725+0000] {subprocess.py:93} INFO - [0m02:05:43  Done. PASS=7 WARN=0 ERROR=0 SKIP=0 NO-OP=0 REUSED=0 TOTAL=7
[2026-09-24T02:05:47.653+0000] {subprocess.py:97} INFO - Command exited with return code 0
[2026-09-24T02:05:47.655+0000] {taskinstance.py:441} INFO - ::group::Post task execution logs
[2026-09-24T02:05:47.687+0000] {taskinstance.py:1206} INFO - Marking task as SUCCESS. dag_id=medallion_settlement_pipeline, task_id=Silver_Transform.clean_cast_settlements, run_id=manual__2026-09-24T02:05:31.038900+00:00, execution_date=20260924T020531, start_date=20260924T020537, end_date=20260924T020547
[2026-09-24T02:05:47.738+0000] {local_task_job_runner.py:243} INFO - Task exited with return code 0
[2026-09-24T02:05:47.766+0000] {taskinstance.py:3503} INFO - 1 downstream tasks scheduled from follow-on schedule check
[2026-09-24T02:05:47.768+0000] {local_task_job_runner.py:222} INFO - ::endgroup::
