[2026-09-22T01:14:27.364+0000] {local_task_job_runner.py:120} INFO - ::group::Pre task execution logs
[2026-09-22T01:14:27.391+0000] {taskinstance.py:2076} INFO - Dependencies all met for dep_context=non-requeueable deps ti=<TaskInstance: lcbo_pipeline.silver.run_pre_snapshot manual__2026-09-22T01:14:21.960219+00:00 [queued]>
[2026-09-22T01:14:27.398+0000] {taskinstance.py:2076} INFO - Dependencies all met for dep_context=requeueable deps ti=<TaskInstance: lcbo_pipeline.silver.run_pre_snapshot manual__2026-09-22T01:14:21.960219+00:00 [queued]>
[2026-09-22T01:14:27.399+0000] {taskinstance.py:2306} INFO - Starting attempt 1 of 1
[2026-09-22T01:14:27.409+0000] {taskinstance.py:2330} INFO - Executing <Task(BashOperator): silver.run_pre_snapshot> on 2026-09-22 01:14:21.960219+00:00
[2026-09-22T01:14:27.417+0000] {standard_task_runner.py:90} INFO - Running: ['***', 'tasks', 'run', 'lcbo_pipeline', 'silver.run_pre_snapshot', 'manual__2026-09-22T01:14:21.960219+00:00', '--job-id', '96', '--raw', '--subdir', 'DAGS_FOLDER/lcbo_pipeline_dag.py', '--cfg-path', '/tmp/tmpwoyql0xv']
[2026-09-22T01:14:27.419+0000] {standard_task_runner.py:91} INFO - Job 96: Subtask silver.run_pre_snapshot
[2026-09-22T01:14:27.419+0000] {logging_mixin.py:188} WARNING - /home/***/.local/lib/python3.12/site-packages/***/task/task_runner/standard_task_runner.py:62 DeprecationWarning: This process (pid=243) is multi-threaded, use of fork() may lead to deadlocks in the child.
[2026-09-22T01:14:27.420+0000] {standard_task_runner.py:64} INFO - Started process 244 to run task
[2026-09-22T01:14:27.454+0000] {task_command.py:426} INFO - Running <TaskInstance: lcbo_pipeline.silver.run_pre_snapshot manual__2026-09-22T01:14:21.960219+00:00 [running]> on host d8c458fd86ee
[2026-09-22T01:14:27.516+0000] {taskinstance.py:2648} INFO - Exporting env vars: AIRFLOW_CTX_DAG_OWNER='bhavik' AIRFLOW_CTX_DAG_ID='lcbo_pipeline' AIRFLOW_CTX_TASK_ID='silver.run_pre_snapshot' AIRFLOW_CTX_EXECUTION_DATE='2026-09-22T01:14:21.960219+00:00' AIRFLOW_CTX_TRY_NUMBER='1' AIRFLOW_CTX_DAG_RUN_ID='manual__2026-09-22T01:14:21.960219+00:00'
[2026-09-22T01:14:27.518+0000] {taskinstance.py:430} INFO - ::endgroup::
[2026-09-22T01:14:27.528+0000] {subprocess.py:63} INFO - Tmp dir root location: /tmp
[2026-09-22T01:14:27.529+0000] {subprocess.py:75} INFO - Running command: ['/usr/bin/bash', '-c', 'cd /opt/***/dbt_project && dbt run --target docker --select dbt_lcbo_raw dbt_product_cost dbt_lcbo_columns_trans dbt_lcbo_columns_type dbt_lcbo_cleansed_settlement dbt_lcbo_filterout_negative_sales dbt_dim_product_transform']
[2026-09-22T01:14:27.541+0000] {subprocess.py:86} INFO - Output:
[2026-09-22T01:14:29.512+0000] {subprocess.py:93} INFO - [0m01:14:29  Running with dbt=1.12.5
[2026-09-22T01:14:29.778+0000] {subprocess.py:93} INFO - [0m01:14:29  Registered adapter: postgres=1.9.0
[2026-09-22T01:14:30.012+0000] {subprocess.py:93} INFO - [0m01:14:30  Unable to do partial parsing because of a version mismatch
[2026-09-22T01:14:32.176+0000] {subprocess.py:93} INFO - [0m01:14:32  Found 14 models, 2 snapshots, 3 sources, 597 macros
[2026-09-22T01:14:32.180+0000] {subprocess.py:93} INFO - [0m01:14:32
[2026-09-22T01:14:32.181+0000] {subprocess.py:93} INFO - [0m01:14:32  Concurrency: 4 threads (target='docker')
[2026-09-22T01:14:32.182+0000] {subprocess.py:93} INFO - [0m01:14:32
[2026-09-22T01:14:32.498+0000] {subprocess.py:93} INFO - [0m01:14:32  1 of 7 START sql table model silver.dbt_lcbo_raw ............................... [RUN]
[2026-09-22T01:14:32.500+0000] {subprocess.py:93} INFO - [0m01:14:32  2 of 7 START sql table model silver.dbt_product_cost ........................... [RUN]
[2026-09-22T01:14:32.721+0000] {subprocess.py:93} INFO - [0m01:14:32  2 of 7 OK created sql table model silver.dbt_product_cost ...................... [[32mSELECT 9[0m in 0.21s]
[2026-09-22T01:14:32.730+0000] {subprocess.py:93} INFO - [0m01:14:32  3 of 7 START sql table model silver.dbt_dim_product_transform .................. [RUN]
[2026-09-22T01:14:32.742+0000] {subprocess.py:93} INFO - [0m01:14:32  1 of 7 OK created sql table model silver.dbt_lcbo_raw .......................... [[32mSELECT 14[0m in 0.24s]
[2026-09-22T01:14:32.747+0000] {subprocess.py:93} INFO - [0m01:14:32  4 of 7 START sql table model silver.dbt_lcbo_columns_trans ..................... [RUN]
[2026-09-22T01:14:32.935+0000] {subprocess.py:93} INFO - [0m01:14:32  3 of 7 OK created sql table model silver.dbt_dim_product_transform ............. [[32mSELECT 9[0m in 0.20s]
[2026-09-22T01:14:32.957+0000] {subprocess.py:93} INFO - [0m01:14:32  4 of 7 OK created sql table model silver.dbt_lcbo_columns_trans ................ [[32mSELECT 14[0m in 0.21s]
[2026-09-22T01:14:32.962+0000] {subprocess.py:93} INFO - [0m01:14:32  5 of 7 START sql table model silver.dbt_lcbo_columns_type ...................... [RUN]
[2026-09-22T01:14:33.116+0000] {subprocess.py:93} INFO - [0m01:14:33  5 of 7 OK created sql table model silver.dbt_lcbo_columns_type ................. [[32mSELECT 14[0m in 0.15s]
[2026-09-22T01:14:33.122+0000] {subprocess.py:93} INFO - [0m01:14:33  6 of 7 START sql table model silver.dbt_lcbo_cleansed_settlement ............... [RUN]
[2026-09-22T01:14:33.124+0000] {subprocess.py:93} INFO - [0m01:14:33  7 of 7 START sql incremental model silver.dbt_lcbo_filterout_negative_sales .... [RUN]
[2026-09-22T01:14:33.346+0000] {subprocess.py:93} INFO - [0m01:14:33  6 of 7 OK created sql table model silver.dbt_lcbo_cleansed_settlement .......... [[32mSELECT 13[0m in 0.22s]
[2026-09-22T01:14:33.357+0000] {subprocess.py:93} INFO - [0m01:14:33  7 of 7 OK created sql incremental model silver.dbt_lcbo_filterout_negative_sales  [[32mMERGE 1[0m in 0.23s]
[2026-09-22T01:14:33.444+0000] {subprocess.py:93} INFO - [0m01:14:33
[2026-09-22T01:14:33.445+0000] {subprocess.py:93} INFO - [0m01:14:33  Finished running 1 incremental model, 6 table models in 0 hours 0 minutes and 1.26 seconds (1.26s).
[2026-09-22T01:14:33.675+0000] {subprocess.py:93} INFO - [0m01:14:33
[2026-09-22T01:14:33.677+0000] {subprocess.py:93} INFO - [0m01:14:33  [32mCompleted successfully[0m
[2026-09-22T01:14:33.678+0000] {subprocess.py:93} INFO - [0m01:14:33
[2026-09-22T01:14:33.680+0000] {subprocess.py:93} INFO - [0m01:14:33  Done. PASS=7 WARN=0 ERROR=0 SKIP=0 NO-OP=0 REUSED=0 TOTAL=7
[2026-09-22T01:14:37.519+0000] {subprocess.py:97} INFO - Command exited with return code 0
[2026-09-22T01:14:37.521+0000] {taskinstance.py:441} INFO - ::group::Post task execution logs
[2026-09-22T01:14:37.538+0000] {taskinstance.py:1206} INFO - Marking task as SUCCESS. dag_id=lcbo_pipeline, task_id=silver.run_pre_snapshot, run_id=manual__2026-09-22T01:14:21.960219+00:00, execution_date=20260922T011421, start_date=20260922T011427, end_date=20260922T011437
[2026-09-22T01:14:37.575+0000] {local_task_job_runner.py:243} INFO - Task exited with return code 0
[2026-09-22T01:14:37.595+0000] {taskinstance.py:3503} INFO - 1 downstream tasks scheduled from follow-on schedule check
[2026-09-22T01:14:37.597+0000] {local_task_job_runner.py:222} INFO - ::endgroup::
