[2026-09-22T01:49:52.281+0000] {local_task_job_runner.py:120} INFO - ::group::Pre task execution logs
[2026-09-22T01:49:52.307+0000] {taskinstance.py:2076} INFO - Dependencies all met for dep_context=non-requeueable deps ti=<TaskInstance: lcbo_pipeline.silver.snapshot_product manual__2026-09-22T01:49:18.135010+00:00 [queued]>
[2026-09-22T01:49:52.314+0000] {taskinstance.py:2076} INFO - Dependencies all met for dep_context=requeueable deps ti=<TaskInstance: lcbo_pipeline.silver.snapshot_product manual__2026-09-22T01:49:18.135010+00:00 [queued]>
[2026-09-22T01:49:52.315+0000] {taskinstance.py:2306} INFO - Starting attempt 1 of 1
[2026-09-22T01:49:52.325+0000] {taskinstance.py:2330} INFO - Executing <Task(BashOperator): silver.snapshot_product> on 2026-09-22 01:49:18.135010+00:00
[2026-09-22T01:49:52.334+0000] {standard_task_runner.py:90} INFO - Running: ['***', 'tasks', 'run', 'lcbo_pipeline', 'silver.snapshot_product', 'manual__2026-09-22T01:49:18.135010+00:00', '--job-id', '115', '--raw', '--subdir', 'DAGS_FOLDER/lcbo_pipeline_dag.py', '--cfg-path', '/tmp/tmpsvj49_yt']
[2026-09-22T01:49:52.336+0000] {standard_task_runner.py:91} INFO - Job 115: Subtask silver.snapshot_product
[2026-09-22T01:49:52.336+0000] {logging_mixin.py:188} WARNING - /home/***/.local/lib/python3.12/site-packages/***/task/task_runner/standard_task_runner.py:62 DeprecationWarning: This process (pid=1325) is multi-threaded, use of fork() may lead to deadlocks in the child.
[2026-09-22T01:49:52.337+0000] {standard_task_runner.py:64} INFO - Started process 1326 to run task
[2026-09-22T01:49:52.370+0000] {task_command.py:426} INFO - Running <TaskInstance: lcbo_pipeline.silver.snapshot_product manual__2026-09-22T01:49:18.135010+00:00 [running]> on host d8c458fd86ee
[2026-09-22T01:49:52.434+0000] {taskinstance.py:2648} INFO - Exporting env vars: AIRFLOW_CTX_DAG_OWNER='bhavik' AIRFLOW_CTX_DAG_ID='lcbo_pipeline' AIRFLOW_CTX_TASK_ID='silver.snapshot_product' AIRFLOW_CTX_EXECUTION_DATE='2026-09-22T01:49:18.135010+00:00' AIRFLOW_CTX_TRY_NUMBER='1' AIRFLOW_CTX_DAG_RUN_ID='manual__2026-09-22T01:49:18.135010+00:00'
[2026-09-22T01:49:52.435+0000] {taskinstance.py:430} INFO - ::endgroup::
[2026-09-22T01:49:52.445+0000] {subprocess.py:63} INFO - Tmp dir root location: /tmp
[2026-09-22T01:49:52.448+0000] {subprocess.py:75} INFO - Running command: ['/usr/bin/bash', '-c', 'cd /opt/***/dbt_project && dbt snapshot --target docker --select dim_product_snapshot']
[2026-09-22T01:49:52.461+0000] {subprocess.py:86} INFO - Output:
[2026-09-22T01:49:54.005+0000] {subprocess.py:93} INFO - [0m01:49:54  Running with dbt=1.12.5
[2026-09-22T01:49:54.238+0000] {subprocess.py:93} INFO - [0m01:49:54  Registered adapter: postgres=1.9.0
[2026-09-22T01:49:55.426+0000] {subprocess.py:93} INFO - [0m01:49:55  Found 14 models, 2 snapshots, 3 sources, 597 macros
[2026-09-22T01:49:55.430+0000] {subprocess.py:93} INFO - [0m01:49:55
[2026-09-22T01:49:55.432+0000] {subprocess.py:93} INFO - [0m01:49:55  Concurrency: 4 threads (target='docker')
[2026-09-22T01:49:55.433+0000] {subprocess.py:93} INFO - [0m01:49:55
[2026-09-22T01:49:55.744+0000] {subprocess.py:93} INFO - [0m01:49:55  1 of 1 START snapshot gold.dim_product_snapshot ................................ [RUN]
[2026-09-22T01:49:56.112+0000] {subprocess.py:93} INFO - [0m01:49:56  1 of 1 OK snapshotted gold.dim_product_snapshot ................................ [[32mINSERT 0 0[0m in 0.36s]
[2026-09-22T01:49:56.192+0000] {subprocess.py:93} INFO - [0m01:49:56
[2026-09-22T01:49:56.194+0000] {subprocess.py:93} INFO - [0m01:49:56  Finished running 1 snapshot in 0 hours 0 minutes and 0.76 seconds (0.76s).
[2026-09-22T01:49:56.307+0000] {subprocess.py:93} INFO - [0m01:49:56
[2026-09-22T01:49:56.309+0000] {subprocess.py:93} INFO - [0m01:49:56  [32mCompleted successfully[0m
[2026-09-22T01:49:56.310+0000] {subprocess.py:93} INFO - [0m01:49:56
[2026-09-22T01:49:56.311+0000] {subprocess.py:93} INFO - [0m01:49:56  Done. PASS=1 WARN=0 ERROR=0 SKIP=0 NO-OP=0 REUSED=0 TOTAL=1
[2026-09-22T01:50:00.086+0000] {subprocess.py:97} INFO - Command exited with return code 0
[2026-09-22T01:50:00.088+0000] {taskinstance.py:441} INFO - ::group::Post task execution logs
[2026-09-22T01:50:00.107+0000] {taskinstance.py:1206} INFO - Marking task as SUCCESS. dag_id=lcbo_pipeline, task_id=silver.snapshot_product, run_id=manual__2026-09-22T01:49:18.135010+00:00, execution_date=20260922T014918, start_date=20260922T014952, end_date=20260922T015000
[2026-09-22T01:50:00.138+0000] {local_task_job_runner.py:243} INFO - Task exited with return code 0
[2026-09-22T01:50:00.153+0000] {taskinstance.py:3503} INFO - 0 downstream tasks scheduled from follow-on schedule check
[2026-09-22T01:50:00.154+0000] {local_task_job_runner.py:222} INFO - ::endgroup::
