[2026-09-22T02:21:04.908+0000] {local_task_job_runner.py:120} INFO - ::group::Pre task execution logs
[2026-09-22T02:21:04.952+0000] {taskinstance.py:2076} INFO - Dependencies all met for dep_context=non-requeueable deps ti=<TaskInstance: lcbo_pipeline.bronze.batch_audit manual__2026-09-22T02:21:03.584781+00:00 [queued]>
[2026-09-22T02:21:04.959+0000] {taskinstance.py:2076} INFO - Dependencies all met for dep_context=requeueable deps ti=<TaskInstance: lcbo_pipeline.bronze.batch_audit manual__2026-09-22T02:21:03.584781+00:00 [queued]>
[2026-09-22T02:21:04.960+0000] {taskinstance.py:2306} INFO - Starting attempt 1 of 1
[2026-09-22T02:21:04.969+0000] {taskinstance.py:2330} INFO - Executing <Task(BashOperator): bronze.batch_audit> on 2026-09-22 02:21:03.584781+00:00
[2026-09-22T02:21:04.978+0000] {standard_task_runner.py:90} INFO - Running: ['***', 'tasks', 'run', 'lcbo_pipeline', 'bronze.batch_audit', 'manual__2026-09-22T02:21:03.584781+00:00', '--job-id', '125', '--raw', '--subdir', 'DAGS_FOLDER/lcbo_pipeline_dag.py', '--cfg-path', '/tmp/tmpwv240otd']
[2026-09-22T02:21:04.980+0000] {logging_mixin.py:188} WARNING - /home/***/.local/lib/python3.12/site-packages/***/task/task_runner/standard_task_runner.py:62 DeprecationWarning: This process (pid=2178) is multi-threaded, use of fork() may lead to deadlocks in the child.
[2026-09-22T02:21:04.981+0000] {standard_task_runner.py:91} INFO - Job 125: Subtask bronze.batch_audit
[2026-09-22T02:21:04.981+0000] {standard_task_runner.py:64} INFO - Started process 2179 to run task
[2026-09-22T02:21:05.019+0000] {task_command.py:426} INFO - Running <TaskInstance: lcbo_pipeline.bronze.batch_audit manual__2026-09-22T02:21:03.584781+00:00 [running]> on host d8c458fd86ee
[2026-09-22T02:21:05.092+0000] {taskinstance.py:2648} INFO - Exporting env vars: AIRFLOW_CTX_DAG_OWNER='bhavik' AIRFLOW_CTX_DAG_ID='lcbo_pipeline' AIRFLOW_CTX_TASK_ID='bronze.batch_audit' AIRFLOW_CTX_EXECUTION_DATE='2026-09-22T02:21:03.584781+00:00' AIRFLOW_CTX_TRY_NUMBER='1' AIRFLOW_CTX_DAG_RUN_ID='manual__2026-09-22T02:21:03.584781+00:00'
[2026-09-22T02:21:05.094+0000] {taskinstance.py:430} INFO - ::endgroup::
[2026-09-22T02:21:05.111+0000] {subprocess.py:63} INFO - Tmp dir root location: /tmp
[2026-09-22T02:21:05.113+0000] {subprocess.py:75} INFO - Running command: ['/usr/bin/bash', '-c', 'python /opt/***/etl_scripts/bronze_batch_audit.py']
[2026-09-22T02:21:05.127+0000] {subprocess.py:86} INFO - Output:
[2026-09-22T02:21:05.454+0000] {subprocess.py:93} INFO - 2026-09-22 02:21:05,454 - INFO - Successfully connected to Postgres
[2026-09-22T02:21:05.458+0000] {subprocess.py:93} INFO - 2026-09-22 02:21:05,458 - INFO - Found 1 already processed files in DB
[2026-09-22T02:21:05.464+0000] {subprocess.py:93} INFO - 2026-09-22 02:21:05,463 - INFO - Found 1 files in folder /opt/***/source_files
[2026-09-22T02:21:05.464+0000] {subprocess.py:93} INFO - 2026-09-22 02:21:05,464 - INFO - Pending files to process: ['af39c23f16c3f17ab2bef72b9511584e34b2e433b0a9f8a75379a26fd8d50c27']
[2026-09-22T02:21:05.465+0000] {subprocess.py:93} INFO - 2026-09-22 02:21:05,464 - INFO - 1 new file(s) to process: ['af39c23f16c3f17ab2bef72b9511584e34b2e433b0a9f8a75379a26fd8d50c27']
[2026-09-22T02:21:05.466+0000] {subprocess.py:93} INFO - 2026-09-22 02:21:05,464 - INFO - Started with af39c23f16c3f17ab2bef72b9511584e34b2e433b0a9f8a75379a26fd8d50c27
[2026-09-22T02:21:05.467+0000] {subprocess.py:93} INFO - 2026-09-22 02:21:05,466 - INFO - Created new batch with run_id 2 for lcbo_settlement_20260921.csv at 2026-09-22 02:21:05.464108
[2026-09-22T02:21:05.467+0000] {subprocess.py:93} INFO - 2026-09-22 02:21:05,466 - INFO - Postgres connection closed.
[2026-09-22T02:21:05.468+0000] {subprocess.py:93} INFO - 2026-09-22 02:21:05,466 - INFO - batch audit result: {'batch_created': True, 'batch_id': 2, 'related_date': datetime.datetime(2026, 9, 22, 2, 21, 5, 464108), 'file_hash': 'af39c23f16c3f17ab2bef72b9511584e34b2e433b0a9f8a75379a26fd8d50c27', 'all_processed_files': False}
[2026-09-22T02:21:05.478+0000] {subprocess.py:97} INFO - Command exited with return code 0
[2026-09-22T02:21:05.479+0000] {taskinstance.py:441} INFO - ::group::Post task execution logs
[2026-09-22T02:21:05.500+0000] {taskinstance.py:1206} INFO - Marking task as SUCCESS. dag_id=lcbo_pipeline, task_id=bronze.batch_audit, run_id=manual__2026-09-22T02:21:03.584781+00:00, execution_date=20260922T022103, start_date=20260922T022104, end_date=20260922T022105
[2026-09-22T02:21:05.518+0000] {local_task_job_runner.py:243} INFO - Task exited with return code 0
[2026-09-22T02:21:05.543+0000] {taskinstance.py:3503} INFO - 1 downstream tasks scheduled from follow-on schedule check
[2026-09-22T02:21:05.545+0000] {local_task_job_runner.py:222} INFO - ::endgroup::
