[2026-09-19T20:04:04.664+0000] {local_task_job_runner.py:120} INFO - ::group::Pre task execution logs
[2026-09-19T20:04:04.691+0000] {taskinstance.py:2076} INFO - Dependencies all met for dep_context=non-requeueable deps ti=<TaskInstance: lcbo_pipeline.silver.run_pre_snapshot manual__2026-09-19T20:03:59.887522+00:00 [queued]>
[2026-09-19T20:04:04.699+0000] {taskinstance.py:2076} INFO - Dependencies all met for dep_context=requeueable deps ti=<TaskInstance: lcbo_pipeline.silver.run_pre_snapshot manual__2026-09-19T20:03:59.887522+00:00 [queued]>
[2026-09-19T20:04:04.701+0000] {taskinstance.py:2306} INFO - Starting attempt 1 of 1
[2026-09-19T20:04:04.712+0000] {taskinstance.py:2330} INFO - Executing <Task(BashOperator): silver.run_pre_snapshot> on 2026-09-19 20:03:59.887522+00:00
[2026-09-19T20:04:04.721+0000] {standard_task_runner.py:90} INFO - Running: ['***', 'tasks', 'run', 'lcbo_pipeline', 'silver.run_pre_snapshot', 'manual__2026-09-19T20:03:59.887522+00:00', '--job-id', '55', '--raw', '--subdir', 'DAGS_FOLDER/lcbo_pipeline_dag.py', '--cfg-path', '/tmp/tmp7u_en7bz']
[2026-09-19T20:04:04.723+0000] {standard_task_runner.py:91} INFO - Job 55: Subtask silver.run_pre_snapshot
[2026-09-19T20:04:04.723+0000] {logging_mixin.py:188} WARNING - /home/***/.local/lib/python3.12/site-packages/***/task/task_runner/standard_task_runner.py:62 DeprecationWarning: This process (pid=1212) is multi-threaded, use of fork() may lead to deadlocks in the child.
[2026-09-19T20:04:04.724+0000] {standard_task_runner.py:64} INFO - Started process 1213 to run task
[2026-09-19T20:04:04.758+0000] {task_command.py:426} INFO - Running <TaskInstance: lcbo_pipeline.silver.run_pre_snapshot manual__2026-09-19T20:03:59.887522+00:00 [running]> on host 6cf516ec3c07
[2026-09-19T20:04:04.823+0000] {taskinstance.py:2648} INFO - Exporting env vars: AIRFLOW_CTX_DAG_OWNER='bhavik' AIRFLOW_CTX_DAG_ID='lcbo_pipeline' AIRFLOW_CTX_TASK_ID='silver.run_pre_snapshot' AIRFLOW_CTX_EXECUTION_DATE='2026-09-19T20:03:59.887522+00:00' AIRFLOW_CTX_TRY_NUMBER='1' AIRFLOW_CTX_DAG_RUN_ID='manual__2026-09-19T20:03:59.887522+00:00'
[2026-09-19T20:04:04.824+0000] {taskinstance.py:430} INFO - ::endgroup::
[2026-09-19T20:04:04.834+0000] {subprocess.py:63} INFO - Tmp dir root location: /tmp
[2026-09-19T20:04:04.835+0000] {subprocess.py:75} INFO - Running command: ['/usr/bin/bash', '-c', 'cd /opt/***/dbt_project && dbt run --target docker --select dbt_lcbo_raw dbt_product_cost dbt_lcbo_columns_trans dbt_lcbo_columns_type dbt_lcbo_cleansed_settlement dbt_lcbo_filterout_negative_sales dbt_dim_product_transform']
[2026-09-19T20:04:04.848+0000] {subprocess.py:86} INFO - Output:
[2026-09-19T20:04:06.938+0000] {subprocess.py:93} INFO - [0m20:04:06  Running with dbt=1.12.5
[2026-09-19T20:04:07.251+0000] {subprocess.py:93} INFO - [0m20:04:07  Registered adapter: postgres=1.9.0
[2026-09-19T20:04:07.458+0000] {subprocess.py:93} INFO - [0m20:04:07  Unable to do partial parsing because of a version mismatch
[2026-09-19T20:04:09.538+0000] {subprocess.py:93} INFO - [0m20:04:09  Found 14 models, 2 snapshots, 3 sources, 597 macros
[2026-09-19T20:04:09.543+0000] {subprocess.py:93} INFO - [0m20:04:09
[2026-09-19T20:04:09.544+0000] {subprocess.py:93} INFO - [0m20:04:09  Concurrency: 4 threads (target='docker')
[2026-09-19T20:04:09.545+0000] {subprocess.py:93} INFO - [0m20:04:09
[2026-09-19T20:04:09.945+0000] {subprocess.py:93} INFO - [0m20:04:09  1 of 7 START sql table model silver.dbt_lcbo_raw ............................... [RUN]
[2026-09-19T20:04:09.947+0000] {subprocess.py:93} INFO - [0m20:04:09  2 of 7 START sql table model silver.dbt_product_cost ........................... [RUN]
[2026-09-19T20:04:10.185+0000] {subprocess.py:93} INFO - [0m20:04:10  2 of 7 OK created sql table model silver.dbt_product_cost ...................... [[32mSELECT 0[0m in 0.23s]
[2026-09-19T20:04:10.195+0000] {subprocess.py:93} INFO - [0m20:04:10  3 of 7 START sql table model silver.dbt_dim_product_transform .................. [RUN]
[2026-09-19T20:04:10.207+0000] {subprocess.py:93} INFO - [0m20:04:10  1 of 7 OK created sql table model silver.dbt_lcbo_raw .......................... [[32mSELECT 15[0m in 0.26s]
[2026-09-19T20:04:10.213+0000] {subprocess.py:93} INFO - [0m20:04:10  4 of 7 START sql table model silver.dbt_lcbo_columns_trans ..................... [RUN]
[2026-09-19T20:04:10.367+0000] {subprocess.py:93} INFO - [0m20:04:10  3 of 7 OK created sql table model silver.dbt_dim_product_transform ............. [[32mSELECT 0[0m in 0.17s]
[2026-09-19T20:04:10.389+0000] {subprocess.py:93} INFO - [0m20:04:10  4 of 7 OK created sql table model silver.dbt_lcbo_columns_trans ................ [[32mSELECT 14[0m in 0.17s]
[2026-09-19T20:04:10.396+0000] {subprocess.py:93} INFO - [0m20:04:10  5 of 7 START sql table model silver.dbt_lcbo_columns_type ...................... [RUN]
[2026-09-19T20:04:10.564+0000] {subprocess.py:93} INFO - [0m20:04:10  5 of 7 OK created sql table model silver.dbt_lcbo_columns_type ................. [[32mSELECT 14[0m in 0.16s]
[2026-09-19T20:04:10.568+0000] {subprocess.py:93} INFO - [0m20:04:10  6 of 7 START sql table model silver.dbt_lcbo_cleansed_settlement ............... [RUN]
[2026-09-19T20:04:10.570+0000] {subprocess.py:93} INFO - [0m20:04:10  7 of 7 START sql incremental model silver.dbt_lcbo_filterout_negative_sales .... [RUN]
[2026-09-19T20:04:10.769+0000] {subprocess.py:93} INFO - [0m20:04:10  6 of 7 OK created sql table model silver.dbt_lcbo_cleansed_settlement .......... [[32mSELECT 14[0m in 0.20s]
[2026-09-19T20:04:10.783+0000] {subprocess.py:93} INFO - [0m20:04:10  7 of 7 OK created sql incremental model silver.dbt_lcbo_filterout_negative_sales  [[32mMERGE 0[0m in 0.21s]
[2026-09-19T20:04:10.861+0000] {subprocess.py:93} INFO - [0m20:04:10
[2026-09-19T20:04:10.862+0000] {subprocess.py:93} INFO - [0m20:04:10  Finished running 1 incremental model, 6 table models in 0 hours 0 minutes and 1.31 seconds (1.31s).
[2026-09-19T20:04:10.977+0000] {subprocess.py:93} INFO - [0m20:04:10
[2026-09-19T20:04:10.978+0000] {subprocess.py:93} INFO - [0m20:04:10  [32mCompleted successfully[0m
[2026-09-19T20:04:10.980+0000] {subprocess.py:93} INFO - [0m20:04:10
[2026-09-19T20:04:10.981+0000] {subprocess.py:93} INFO - [0m20:04:10  Done. PASS=7 WARN=0 ERROR=0 SKIP=0 NO-OP=0 REUSED=0 TOTAL=7
[2026-09-19T20:04:14.890+0000] {subprocess.py:97} INFO - Command exited with return code 0
[2026-09-19T20:04:14.892+0000] {taskinstance.py:441} INFO - ::group::Post task execution logs
[2026-09-19T20:04:14.910+0000] {taskinstance.py:1206} INFO - Marking task as SUCCESS. dag_id=lcbo_pipeline, task_id=silver.run_pre_snapshot, run_id=manual__2026-09-19T20:03:59.887522+00:00, execution_date=20260919T200359, start_date=20260919T200404, end_date=20260919T200414
[2026-09-19T20:04:14.957+0000] {local_task_job_runner.py:243} INFO - Task exited with return code 0
[2026-09-19T20:04:14.975+0000] {taskinstance.py:3503} INFO - 1 downstream tasks scheduled from follow-on schedule check
[2026-09-19T20:04:14.978+0000] {local_task_job_runner.py:222} INFO - ::endgroup::
