[2026-09-23T00:38:57.073+0000] {local_task_job_runner.py:120} INFO - ::group::Pre task execution logs
[2026-09-23T00:38:57.101+0000] {taskinstance.py:2076} INFO - Dependencies all met for dep_context=non-requeueable deps ti=<TaskInstance: medallion_settlement_pipeline.Silver_Transform.snapshot_product_cost manual__2026-09-23T00:38:38.620355+00:00 [queued]>
[2026-09-23T00:38:57.108+0000] {taskinstance.py:2076} INFO - Dependencies all met for dep_context=requeueable deps ti=<TaskInstance: medallion_settlement_pipeline.Silver_Transform.snapshot_product_cost manual__2026-09-23T00:38:38.620355+00:00 [queued]>
[2026-09-23T00:38:57.109+0000] {taskinstance.py:2306} INFO - Starting attempt 1 of 1
[2026-09-23T00:38:57.118+0000] {taskinstance.py:2330} INFO - Executing <Task(BashOperator): Silver_Transform.snapshot_product_cost> on 2026-09-23 00:38:38.620355+00:00
[2026-09-23T00:38:57.128+0000] {standard_task_runner.py:90} INFO - Running: ['***', 'tasks', 'run', 'medallion_settlement_pipeline', 'Silver_Transform.snapshot_product_cost', 'manual__2026-09-23T00:38:38.620355+00:00', '--job-id', '141', '--raw', '--subdir', 'DAGS_FOLDER/lcbo_pipeline_dag.py', '--cfg-path', '/tmp/tmpp3nc9o2j']
[2026-09-23T00:38:57.129+0000] {logging_mixin.py:188} WARNING - /home/***/.local/lib/python3.12/site-packages/***/task/task_runner/standard_task_runner.py:62 DeprecationWarning: This process (pid=273) is multi-threaded, use of fork() may lead to deadlocks in the child.
[2026-09-23T00:38:57.131+0000] {standard_task_runner.py:91} INFO - Job 141: Subtask Silver_Transform.snapshot_product_cost
[2026-09-23T00:38:57.132+0000] {standard_task_runner.py:64} INFO - Started process 274 to run task
[2026-09-23T00:38:57.175+0000] {task_command.py:426} INFO - Running <TaskInstance: medallion_settlement_pipeline.Silver_Transform.snapshot_product_cost manual__2026-09-23T00:38:38.620355+00:00 [running]> on host 4318980e9d4e
[2026-09-23T00:38:57.243+0000] {taskinstance.py:2648} INFO - Exporting env vars: AIRFLOW_CTX_DAG_OWNER='bhavik' AIRFLOW_CTX_DAG_ID='medallion_settlement_pipeline' AIRFLOW_CTX_TASK_ID='Silver_Transform.snapshot_product_cost' AIRFLOW_CTX_EXECUTION_DATE='2026-09-23T00:38:38.620355+00:00' AIRFLOW_CTX_TRY_NUMBER='1' AIRFLOW_CTX_DAG_RUN_ID='manual__2026-09-23T00:38:38.620355+00:00'
[2026-09-23T00:38:57.244+0000] {taskinstance.py:430} INFO - ::endgroup::
[2026-09-23T00:38:57.255+0000] {subprocess.py:63} INFO - Tmp dir root location: /tmp
[2026-09-23T00:38:57.258+0000] {subprocess.py:75} INFO - Running command: ['/usr/bin/bash', '-c', 'cd /opt/***/dbt_project && dbt snapshot --target docker --select dim_product_cost_snapshot']
[2026-09-23T00:38:57.271+0000] {subprocess.py:86} INFO - Output:
[2026-09-23T00:38:58.820+0000] {subprocess.py:93} INFO - [0m00:38:58  Running with dbt=1.12.5
[2026-09-23T00:38:59.047+0000] {subprocess.py:93} INFO - [0m00:38:59  Registered adapter: postgres=1.9.0
[2026-09-23T00:39:00.148+0000] {subprocess.py:93} INFO - [0m00:39:00  Found 14 models, 2 snapshots, 3 sources, 597 macros
[2026-09-23T00:39:00.152+0000] {subprocess.py:93} INFO - [0m00:39:00
[2026-09-23T00:39:00.154+0000] {subprocess.py:93} INFO - [0m00:39:00  Concurrency: 4 threads (target='docker')
[2026-09-23T00:39:00.155+0000] {subprocess.py:93} INFO - [0m00:39:00
[2026-09-23T00:39:00.487+0000] {subprocess.py:93} INFO - [0m00:39:00  1 of 1 START snapshot gold.dim_product_cost_snapshot ........................... [RUN]
[2026-09-23T00:39:00.802+0000] {subprocess.py:93} INFO - [0m00:39:00  [[33mWARNING[0m]: Data type of snapshot table timestamp columns (DATETIME) doesn't match derived column 'updated_at' (DATE). Please update snapshot config 'updated_at'.
[2026-09-23T00:39:00.843+0000] {subprocess.py:93} INFO - [0m00:39:00  1 of 1 OK snapshotted gold.dim_product_cost_snapshot ........................... [[32mINSERT 0 0[0m in 0.35s]
[2026-09-23T00:39:00.922+0000] {subprocess.py:93} INFO - [0m00:39:00
[2026-09-23T00:39:00.924+0000] {subprocess.py:93} INFO - [0m00:39:00  Finished running 1 snapshot in 0 hours 0 minutes and 0.77 seconds (0.77s).
[2026-09-23T00:39:01.036+0000] {subprocess.py:93} INFO - [0m00:39:01
[2026-09-23T00:39:01.037+0000] {subprocess.py:93} INFO - [0m00:39:01  [32mCompleted successfully[0m
[2026-09-23T00:39:01.039+0000] {subprocess.py:93} INFO - [0m00:39:01
[2026-09-23T00:39:01.040+0000] {subprocess.py:93} INFO - [0m00:39:01  Done. PASS=1 WARN=0 ERROR=0 SKIP=0 NO-OP=0 REUSED=0 TOTAL=1
[2026-09-23T00:39:04.819+0000] {subprocess.py:97} INFO - Command exited with return code 0
[2026-09-23T00:39:04.820+0000] {taskinstance.py:441} INFO - ::group::Post task execution logs
[2026-09-23T00:39:04.838+0000] {taskinstance.py:1206} INFO - Marking task as SUCCESS. dag_id=medallion_settlement_pipeline, task_id=Silver_Transform.snapshot_product_cost, run_id=manual__2026-09-23T00:38:38.620355+00:00, execution_date=20260923T003838, start_date=20260923T003857, end_date=20260923T003904
[2026-09-23T00:39:04.855+0000] {local_task_job_runner.py:243} INFO - Task exited with return code 0
[2026-09-23T00:39:04.876+0000] {taskinstance.py:3503} INFO - 1 downstream tasks scheduled from follow-on schedule check
[2026-09-23T00:39:04.879+0000] {local_task_job_runner.py:222} INFO - ::endgroup::
