[2026-09-17T03:01:44.261+0000] {local_task_job_runner.py:120} INFO - ::group::Pre task execution logs
[2026-09-17T03:01:44.288+0000] {taskinstance.py:2076} INFO - Dependencies all met for dep_context=non-requeueable deps ti=<TaskInstance: lcbo_pipeline.silver.snapshot_cost manual__2026-09-17T03:01:27.755222+00:00 [queued]>
[2026-09-17T03:01:44.295+0000] {taskinstance.py:2076} INFO - Dependencies all met for dep_context=requeueable deps ti=<TaskInstance: lcbo_pipeline.silver.snapshot_cost manual__2026-09-17T03:01:27.755222+00:00 [queued]>
[2026-09-17T03:01:44.297+0000] {taskinstance.py:2306} INFO - Starting attempt 1 of 1
[2026-09-17T03:01:44.307+0000] {taskinstance.py:2330} INFO - Executing <Task(BashOperator): silver.snapshot_cost> on 2026-09-17 03:01:27.755222+00:00
[2026-09-17T03:01:44.316+0000] {standard_task_runner.py:90} INFO - Running: ['***', 'tasks', 'run', 'lcbo_pipeline', 'silver.snapshot_cost', 'manual__2026-09-17T03:01:27.755222+00:00', '--job-id', '30', '--raw', '--subdir', 'DAGS_FOLDER/lcbo_pipeline_dag.py', '--cfg-path', '/tmp/tmp82iofov3']
[2026-09-17T03:01:44.318+0000] {logging_mixin.py:188} WARNING - /home/***/.local/lib/python3.12/site-packages/***/task/task_runner/standard_task_runner.py:62 DeprecationWarning: This process (pid=799) is multi-threaded, use of fork() may lead to deadlocks in the child.
[2026-09-17T03:01:44.318+0000] {standard_task_runner.py:91} INFO - Job 30: Subtask silver.snapshot_cost
[2026-09-17T03:01:44.319+0000] {standard_task_runner.py:64} INFO - Started process 800 to run task
[2026-09-17T03:01:44.356+0000] {task_command.py:426} INFO - Running <TaskInstance: lcbo_pipeline.silver.snapshot_cost manual__2026-09-17T03:01:27.755222+00:00 [running]> on host 22e18d633ed2
[2026-09-17T03:01:44.427+0000] {taskinstance.py:2648} INFO - Exporting env vars: AIRFLOW_CTX_DAG_OWNER='bhavik' AIRFLOW_CTX_DAG_ID='lcbo_pipeline' AIRFLOW_CTX_TASK_ID='silver.snapshot_cost' AIRFLOW_CTX_EXECUTION_DATE='2026-09-17T03:01:27.755222+00:00' AIRFLOW_CTX_TRY_NUMBER='1' AIRFLOW_CTX_DAG_RUN_ID='manual__2026-09-17T03:01:27.755222+00:00'
[2026-09-17T03:01:44.429+0000] {taskinstance.py:430} INFO - ::endgroup::
[2026-09-17T03:01:44.440+0000] {subprocess.py:63} INFO - Tmp dir root location: /tmp
[2026-09-17T03:01:44.442+0000] {subprocess.py:75} INFO - Running command: ['/usr/bin/bash', '-c', 'cd /opt/***/dbt_project && dbt snapshot --target docker --select dim_product_cost']
[2026-09-17T03:01:44.455+0000] {subprocess.py:86} INFO - Output:
[2026-09-17T03:01:46.006+0000] {subprocess.py:93} INFO - [0m03:01:46  Running with dbt=1.12.5
[2026-09-17T03:01:46.267+0000] {subprocess.py:93} INFO - [0m03:01:46  Registered adapter: postgres=1.9.0
[2026-09-17T03:01:47.480+0000] {subprocess.py:93} INFO - [0m03:01:47  Found 14 models, 2 snapshots, 3 sources, 597 macros
[2026-09-17T03:01:47.485+0000] {subprocess.py:93} INFO - [0m03:01:47
[2026-09-17T03:01:47.486+0000] {subprocess.py:93} INFO - [0m03:01:47  Concurrency: 4 threads (target='docker')
[2026-09-17T03:01:47.488+0000] {subprocess.py:93} INFO - [0m03:01:47
[2026-09-17T03:01:47.822+0000] {subprocess.py:93} INFO - [0m03:01:47  1 of 1 START snapshot gold.dim_product_cost_snapshot ........................... [RUN]
[2026-09-17T03:01:48.180+0000] {subprocess.py:93} INFO - [0m03:01:48  [[33mWARNING[0m]: Data type of snapshot table timestamp columns (DATETIME) doesn't match derived column 'updated_at' (DATE). Please update snapshot config 'updated_at'.
[2026-09-17T03:01:48.227+0000] {subprocess.py:93} INFO - [0m03:01:48  1 of 1 OK snapshotted gold.dim_product_cost_snapshot ........................... [[32mINSERT 0 0[0m in 0.40s]
[2026-09-17T03:01:48.303+0000] {subprocess.py:93} INFO - [0m03:01:48
[2026-09-17T03:01:48.305+0000] {subprocess.py:93} INFO - [0m03:01:48  Finished running 1 snapshot in 0 hours 0 minutes and 0.81 seconds (0.81s).
[2026-09-17T03:01:48.423+0000] {subprocess.py:93} INFO - [0m03:01:48
[2026-09-17T03:01:48.425+0000] {subprocess.py:93} INFO - [0m03:01:48  [32mCompleted successfully[0m
[2026-09-17T03:01:48.426+0000] {subprocess.py:93} INFO - [0m03:01:48
[2026-09-17T03:01:48.428+0000] {subprocess.py:93} INFO - [0m03:01:48  Done. PASS=1 WARN=0 ERROR=0 SKIP=0 NO-OP=0 REUSED=0 TOTAL=1
[2026-09-17T03:01:52.233+0000] {subprocess.py:97} INFO - Command exited with return code 0
[2026-09-17T03:01:52.235+0000] {taskinstance.py:441} INFO - ::group::Post task execution logs
[2026-09-17T03:01:52.253+0000] {taskinstance.py:1206} INFO - Marking task as SUCCESS. dag_id=lcbo_pipeline, task_id=silver.snapshot_cost, run_id=manual__2026-09-17T03:01:27.755222+00:00, execution_date=20260917T030127, start_date=20260917T030144, end_date=20260917T030152
[2026-09-17T03:01:52.280+0000] {local_task_job_runner.py:243} INFO - Task exited with return code 0
[2026-09-17T03:01:52.299+0000] {taskinstance.py:3503} INFO - 1 downstream tasks scheduled from follow-on schedule check
[2026-09-17T03:01:52.302+0000] {local_task_job_runner.py:222} INFO - ::endgroup::
