[2026-09-17T03:01:28.967+0000] {local_task_job_runner.py:120} INFO - ::group::Pre task execution logs
[2026-09-17T03:01:29.006+0000] {taskinstance.py:2076} INFO - Dependencies all met for dep_context=non-requeueable deps ti=<TaskInstance: lcbo_pipeline.bronze.batch_audit manual__2026-09-17T03:01:27.755222+00:00 [queued]>
[2026-09-17T03:01:29.013+0000] {taskinstance.py:2076} INFO - Dependencies all met for dep_context=requeueable deps ti=<TaskInstance: lcbo_pipeline.bronze.batch_audit manual__2026-09-17T03:01:27.755222+00:00 [queued]>
[2026-09-17T03:01:29.015+0000] {taskinstance.py:2306} INFO - Starting attempt 1 of 1
[2026-09-17T03:01:29.024+0000] {taskinstance.py:2330} INFO - Executing <Task(BashOperator): bronze.batch_audit> on 2026-09-17 03:01:27.755222+00:00
[2026-09-17T03:01:29.033+0000] {standard_task_runner.py:90} INFO - Running: ['***', 'tasks', 'run', 'lcbo_pipeline', 'bronze.batch_audit', 'manual__2026-09-17T03:01:27.755222+00:00', '--job-id', '26', '--raw', '--subdir', 'DAGS_FOLDER/lcbo_pipeline_dag.py', '--cfg-path', '/tmp/tmpekn6zcuj']
[2026-09-17T03:01:29.035+0000] {logging_mixin.py:188} WARNING - /home/***/.local/lib/python3.12/site-packages/***/task/task_runner/standard_task_runner.py:62 DeprecationWarning: This process (pid=732) is multi-threaded, use of fork() may lead to deadlocks in the child.
[2026-09-17T03:01:29.035+0000] {standard_task_runner.py:91} INFO - Job 26: Subtask bronze.batch_audit
[2026-09-17T03:01:29.036+0000] {standard_task_runner.py:64} INFO - Started process 733 to run task
[2026-09-17T03:01:29.073+0000] {task_command.py:426} INFO - Running <TaskInstance: lcbo_pipeline.bronze.batch_audit manual__2026-09-17T03:01:27.755222+00:00 [running]> on host 22e18d633ed2
[2026-09-17T03:01:29.144+0000] {taskinstance.py:2648} INFO - Exporting env vars: AIRFLOW_CTX_DAG_OWNER='bhavik' AIRFLOW_CTX_DAG_ID='lcbo_pipeline' AIRFLOW_CTX_TASK_ID='bronze.batch_audit' AIRFLOW_CTX_EXECUTION_DATE='2026-09-17T03:01:27.755222+00:00' AIRFLOW_CTX_TRY_NUMBER='1' AIRFLOW_CTX_DAG_RUN_ID='manual__2026-09-17T03:01:27.755222+00:00'
[2026-09-17T03:01:29.146+0000] {taskinstance.py:430} INFO - ::endgroup::
[2026-09-17T03:01:29.163+0000] {subprocess.py:63} INFO - Tmp dir root location: /tmp
[2026-09-17T03:01:29.165+0000] {subprocess.py:75} INFO - Running command: ['/usr/bin/bash', '-c', 'python /opt/***/etl_scripts/bronze_batch_audit.py']
[2026-09-17T03:01:29.179+0000] {subprocess.py:86} INFO - Output:
[2026-09-17T03:01:29.506+0000] {subprocess.py:93} INFO - 2026-09-17 03:01:29,506 - INFO - Successfully connected to Postgres
[2026-09-17T03:01:29.510+0000] {subprocess.py:93} INFO - 2026-09-17 03:01:29,510 - INFO - Found 2 already processed files in DB
[2026-09-17T03:01:29.523+0000] {subprocess.py:93} INFO - 2026-09-17 03:01:29,523 - INFO - Found 3 files in folder /opt/***/source_files
[2026-09-17T03:01:29.524+0000] {subprocess.py:93} INFO - 2026-09-17 03:01:29,523 - INFO - Pending files to process: ['6190d7fd6c63881dfdbd828902ade53dff04d34a2af22caa5bae96987889cc6e', '8ddf3f8eca2dd916750f7218de9933e4171dc4bb17e91d63893d9acce8df3acd', 'dee0139b317a64cac5a6e261c09b3010bd767f35bf556ae45681929267665db6']
[2026-09-17T03:01:29.525+0000] {subprocess.py:93} INFO - 2026-09-17 03:01:29,523 - INFO - 3 new file(s) to process: ['6190d7fd6c63881dfdbd828902ade53dff04d34a2af22caa5bae96987889cc6e', '8ddf3f8eca2dd916750f7218de9933e4171dc4bb17e91d63893d9acce8df3acd', 'dee0139b317a64cac5a6e261c09b3010bd767f35bf556ae45681929267665db6']
[2026-09-17T03:01:29.526+0000] {subprocess.py:93} INFO - 2026-09-17 03:01:29,523 - INFO - Started with 6190d7fd6c63881dfdbd828902ade53dff04d34a2af22caa5bae96987889cc6e
[2026-09-17T03:01:29.526+0000] {subprocess.py:93} INFO - 2026-09-17 03:01:29,525 - INFO - Created new batch with run_id 3 for lcbo_settlement_20240103.csv at 2026-09-17 03:01:29.523390
[2026-09-17T03:01:29.527+0000] {subprocess.py:93} INFO - 2026-09-17 03:01:29,526 - INFO - Postgres connection closed.
[2026-09-17T03:01:29.528+0000] {subprocess.py:93} INFO - 2026-09-17 03:01:29,526 - INFO - batch audit result: {'batch_created': True, 'batch_id': 3, 'related_date': datetime.datetime(2026, 9, 17, 3, 1, 29, 523390), 'file_hash': '6190d7fd6c63881dfdbd828902ade53dff04d34a2af22caa5bae96987889cc6e', 'all_processed_files': False}
[2026-09-17T03:01:29.538+0000] {subprocess.py:97} INFO - Command exited with return code 0
[2026-09-17T03:01:29.540+0000] {taskinstance.py:441} INFO - ::group::Post task execution logs
[2026-09-17T03:01:29.561+0000] {taskinstance.py:1206} INFO - Marking task as SUCCESS. dag_id=lcbo_pipeline, task_id=bronze.batch_audit, run_id=manual__2026-09-17T03:01:27.755222+00:00, execution_date=20260917T030127, start_date=20260917T030129, end_date=20260917T030129
[2026-09-17T03:01:29.613+0000] {local_task_job_runner.py:243} INFO - Task exited with return code 0
[2026-09-17T03:01:29.634+0000] {taskinstance.py:3503} INFO - 1 downstream tasks scheduled from follow-on schedule check
[2026-09-17T03:01:29.637+0000] {local_task_job_runner.py:222} INFO - ::endgroup::
