[2026-09-22T02:13:02.569+0000] {local_task_job_runner.py:120} INFO - ::group::Pre task execution logs
[2026-09-22T02:13:02.595+0000] {taskinstance.py:2076} INFO - Dependencies all met for dep_context=non-requeueable deps ti=<TaskInstance: lcbo_pipeline.silver.run_pre_snapshot manual__2026-09-22T02:12:57.304464+00:00 [queued]>
[2026-09-22T02:13:02.604+0000] {taskinstance.py:2076} INFO - Dependencies all met for dep_context=requeueable deps ti=<TaskInstance: lcbo_pipeline.silver.run_pre_snapshot manual__2026-09-22T02:12:57.304464+00:00 [queued]>
[2026-09-22T02:13:02.605+0000] {taskinstance.py:2306} INFO - Starting attempt 1 of 1
[2026-09-22T02:13:02.615+0000] {taskinstance.py:2330} INFO - Executing <Task(BashOperator): silver.run_pre_snapshot> on 2026-09-22 02:12:57.304464+00:00
[2026-09-22T02:13:02.624+0000] {standard_task_runner.py:90} INFO - Running: ['***', 'tasks', 'run', 'lcbo_pipeline', 'silver.run_pre_snapshot', 'manual__2026-09-22T02:12:57.304464+00:00', '--job-id', '120', '--raw', '--subdir', 'DAGS_FOLDER/lcbo_pipeline_dag.py', '--cfg-path', '/tmp/tmpc86_fc7v']
[2026-09-22T02:13:02.626+0000] {logging_mixin.py:188} WARNING - /home/***/.local/lib/python3.12/site-packages/***/task/task_runner/standard_task_runner.py:62 DeprecationWarning: This process (pid=1909) is multi-threaded, use of fork() may lead to deadlocks in the child.
[2026-09-22T02:13:02.627+0000] {standard_task_runner.py:91} INFO - Job 120: Subtask silver.run_pre_snapshot
[2026-09-22T02:13:02.628+0000] {standard_task_runner.py:64} INFO - Started process 1910 to run task
[2026-09-22T02:13:02.667+0000] {task_command.py:426} INFO - Running <TaskInstance: lcbo_pipeline.silver.run_pre_snapshot manual__2026-09-22T02:12:57.304464+00:00 [running]> on host d8c458fd86ee
[2026-09-22T02:13:02.738+0000] {taskinstance.py:2648} INFO - Exporting env vars: AIRFLOW_CTX_DAG_OWNER='bhavik' AIRFLOW_CTX_DAG_ID='lcbo_pipeline' AIRFLOW_CTX_TASK_ID='silver.run_pre_snapshot' AIRFLOW_CTX_EXECUTION_DATE='2026-09-22T02:12:57.304464+00:00' AIRFLOW_CTX_TRY_NUMBER='1' AIRFLOW_CTX_DAG_RUN_ID='manual__2026-09-22T02:12:57.304464+00:00'
[2026-09-22T02:13:02.740+0000] {taskinstance.py:430} INFO - ::endgroup::
[2026-09-22T02:13:02.751+0000] {subprocess.py:63} INFO - Tmp dir root location: /tmp
[2026-09-22T02:13:02.753+0000] {subprocess.py:75} INFO - Running command: ['/usr/bin/bash', '-c', 'cd /opt/***/dbt_project && dbt run --target docker --select dbt_lcbo_raw dbt_product_cost dbt_lcbo_columns_trans dbt_lcbo_columns_type dbt_lcbo_cleansed_settlement dbt_lcbo_filterout_negative_sales dbt_dim_product_transform']
[2026-09-22T02:13:02.766+0000] {subprocess.py:86} INFO - Output:
[2026-09-22T02:13:04.844+0000] {subprocess.py:93} INFO - [0m02:13:04  Running with dbt=1.12.5
[2026-09-22T02:13:05.161+0000] {subprocess.py:93} INFO - [0m02:13:05  Registered adapter: postgres=1.9.0
[2026-09-22T02:13:05.372+0000] {subprocess.py:93} INFO - [0m02:13:05  Unable to do partial parsing because of a version mismatch
[2026-09-22T02:13:07.640+0000] {subprocess.py:93} INFO - [0m02:13:07  Found 14 models, 2 snapshots, 3 sources, 597 macros
[2026-09-22T02:13:07.644+0000] {subprocess.py:93} INFO - [0m02:13:07
[2026-09-22T02:13:07.646+0000] {subprocess.py:93} INFO - [0m02:13:07  Concurrency: 4 threads (target='docker')
[2026-09-22T02:13:07.647+0000] {subprocess.py:93} INFO - [0m02:13:07
[2026-09-22T02:13:08.081+0000] {subprocess.py:93} INFO - [0m02:13:08  1 of 7 START sql table model silver.dbt_lcbo_raw ............................... [RUN]
[2026-09-22T02:13:08.083+0000] {subprocess.py:93} INFO - [0m02:13:08  2 of 7 START sql table model silver.dbt_product_cost ........................... [RUN]
[2026-09-22T02:13:08.314+0000] {subprocess.py:93} INFO - [0m02:13:08  2 of 7 OK created sql table model silver.dbt_product_cost ...................... [[32mSELECT 9[0m in 0.22s]
[2026-09-22T02:13:08.327+0000] {subprocess.py:93} INFO - [0m02:13:08  3 of 7 START sql table model silver.dbt_dim_product_transform .................. [RUN]
[2026-09-22T02:13:08.340+0000] {subprocess.py:93} INFO - [0m02:13:08  1 of 7 OK created sql table model silver.dbt_lcbo_raw .......................... [[32mSELECT 14[0m in 0.25s]
[2026-09-22T02:13:08.345+0000] {subprocess.py:93} INFO - [0m02:13:08  4 of 7 START sql table model silver.dbt_lcbo_columns_trans ..................... [RUN]
[2026-09-22T02:13:08.497+0000] {subprocess.py:93} INFO - [0m02:13:08  3 of 7 OK created sql table model silver.dbt_dim_product_transform ............. [[32mSELECT 9[0m in 0.16s]
[2026-09-22T02:13:08.515+0000] {subprocess.py:93} INFO - [0m02:13:08  4 of 7 OK created sql table model silver.dbt_lcbo_columns_trans ................ [[32mSELECT 14[0m in 0.17s]
[2026-09-22T02:13:08.520+0000] {subprocess.py:93} INFO - [0m02:13:08  5 of 7 START sql table model silver.dbt_lcbo_columns_type ...................... [RUN]
[2026-09-22T02:13:08.655+0000] {subprocess.py:93} INFO - [0m02:13:08  5 of 7 OK created sql table model silver.dbt_lcbo_columns_type ................. [[32mSELECT 14[0m in 0.13s]
[2026-09-22T02:13:08.661+0000] {subprocess.py:93} INFO - [0m02:13:08  6 of 7 START sql table model silver.dbt_lcbo_cleansed_settlement ............... [RUN]
[2026-09-22T02:13:08.662+0000] {subprocess.py:93} INFO - [0m02:13:08  7 of 7 START sql incremental model silver.dbt_lcbo_filterout_negative_sales .... [RUN]
[2026-09-22T02:13:08.872+0000] {subprocess.py:93} INFO - [0m02:13:08  6 of 7 OK created sql table model silver.dbt_lcbo_cleansed_settlement .......... [[32mSELECT 13[0m in 0.21s]
[2026-09-22T02:13:08.884+0000] {subprocess.py:93} INFO - [0m02:13:08  7 of 7 OK created sql incremental model silver.dbt_lcbo_filterout_negative_sales  [[32mMERGE 1[0m in 0.22s]
[2026-09-22T02:13:08.968+0000] {subprocess.py:93} INFO - [0m02:13:08
[2026-09-22T02:13:08.969+0000] {subprocess.py:93} INFO - [0m02:13:08  Finished running 1 incremental model, 6 table models in 0 hours 0 minutes and 1.32 seconds (1.32s).
[2026-09-22T02:13:09.086+0000] {subprocess.py:93} INFO - [0m02:13:09
[2026-09-22T02:13:09.087+0000] {subprocess.py:93} INFO - [0m02:13:09  [32mCompleted successfully[0m
[2026-09-22T02:13:09.089+0000] {subprocess.py:93} INFO - [0m02:13:09
[2026-09-22T02:13:09.091+0000] {subprocess.py:93} INFO - [0m02:13:09  Done. PASS=7 WARN=0 ERROR=0 SKIP=0 NO-OP=0 REUSED=0 TOTAL=7
[2026-09-22T02:13:13.024+0000] {subprocess.py:97} INFO - Command exited with return code 0
[2026-09-22T02:13:13.025+0000] {taskinstance.py:441} INFO - ::group::Post task execution logs
[2026-09-22T02:13:13.048+0000] {taskinstance.py:1206} INFO - Marking task as SUCCESS. dag_id=lcbo_pipeline, task_id=silver.run_pre_snapshot, run_id=manual__2026-09-22T02:12:57.304464+00:00, execution_date=20260922T021257, start_date=20260922T021302, end_date=20260922T021313
[2026-09-22T02:13:13.068+0000] {local_task_job_runner.py:243} INFO - Task exited with return code 0
[2026-09-22T02:13:13.087+0000] {taskinstance.py:3503} INFO - 1 downstream tasks scheduled from follow-on schedule check
[2026-09-22T02:13:13.090+0000] {local_task_job_runner.py:222} INFO - ::endgroup::
