[2026-09-26T19:54:27.392+0000] {local_task_job_runner.py:120} INFO - ::group::Pre task execution logs
[2026-09-26T19:54:27.419+0000] {taskinstance.py:2076} INFO - Dependencies all met for dep_context=non-requeueable deps ti=<TaskInstance: medallion_settlement_pipeline.Bronze_Ingestion.ingest_product_cost manual__2026-09-26T19:54:23.114701+00:00 [queued]>
[2026-09-26T19:54:27.427+0000] {taskinstance.py:2076} INFO - Dependencies all met for dep_context=requeueable deps ti=<TaskInstance: medallion_settlement_pipeline.Bronze_Ingestion.ingest_product_cost manual__2026-09-26T19:54:23.114701+00:00 [queued]>
[2026-09-26T19:54:27.428+0000] {taskinstance.py:2306} INFO - Starting attempt 1 of 1
[2026-09-26T19:54:27.438+0000] {taskinstance.py:2330} INFO - Executing <Task(BashOperator): Bronze_Ingestion.ingest_product_cost> on 2026-09-26 19:54:23.114701+00:00
[2026-09-26T19:54:27.449+0000] {logging_mixin.py:188} WARNING - /home/***/.local/lib/python3.12/site-packages/***/task/task_runner/standard_task_runner.py:62 DeprecationWarning: This process (pid=356) is multi-threaded, use of fork() may lead to deadlocks in the child.
[2026-09-26T19:54:27.448+0000] {standard_task_runner.py:90} INFO - Running: ['***', 'tasks', 'run', 'medallion_settlement_pipeline', 'Bronze_Ingestion.ingest_product_cost', 'manual__2026-09-26T19:54:23.114701+00:00', '--job-id', '225', '--raw', '--subdir', 'DAGS_FOLDER/lcbo_pipeline_dag.py', '--cfg-path', '/tmp/tmp_z757pr4']
[2026-09-26T19:54:27.450+0000] {standard_task_runner.py:64} INFO - Started process 357 to run task
[2026-09-26T19:54:27.451+0000] {standard_task_runner.py:91} INFO - Job 225: Subtask Bronze_Ingestion.ingest_product_cost
[2026-09-26T19:54:27.489+0000] {task_command.py:426} INFO - Running <TaskInstance: medallion_settlement_pipeline.Bronze_Ingestion.ingest_product_cost manual__2026-09-26T19:54:23.114701+00:00 [running]> on host 419d86c5d3f8
[2026-09-26T19:54:27.560+0000] {taskinstance.py:2648} INFO - Exporting env vars: AIRFLOW_CTX_DAG_OWNER='bhavik' AIRFLOW_CTX_DAG_ID='medallion_settlement_pipeline' AIRFLOW_CTX_TASK_ID='Bronze_Ingestion.ingest_product_cost' AIRFLOW_CTX_EXECUTION_DATE='2026-09-26T19:54:23.114701+00:00' AIRFLOW_CTX_TRY_NUMBER='1' AIRFLOW_CTX_DAG_RUN_ID='manual__2026-09-26T19:54:23.114701+00:00'
[2026-09-26T19:54:27.561+0000] {taskinstance.py:430} INFO - ::endgroup::
[2026-09-26T19:54:27.572+0000] {subprocess.py:63} INFO - Tmp dir root location: /tmp
[2026-09-26T19:54:27.573+0000] {subprocess.py:75} INFO - Running command: ['/usr/bin/bash', '-c', 'python /opt/***/etl_scripts/bronze_product_cost.py']
[2026-09-26T19:54:27.586+0000] {subprocess.py:86} INFO - Output:
[2026-09-26T19:54:28.370+0000] {subprocess.py:93} INFO - 2026-09-26 19:54:28,370 - INFO - Successfully connected to Postgres
[2026-09-26T19:54:28.371+0000] {subprocess.py:93} INFO - 2026-09-26 19:54:28,370 - INFO - Connected to Postgres database successfully.
[2026-09-26T19:54:28.376+0000] {subprocess.py:93} INFO - 2026-09-26 19:54:28,376 - INFO - Product cost data read successfully from /opt/***/source_files/Master Product Cost/dim_product_cost.csv.
[2026-09-26T19:54:28.388+0000] {subprocess.py:93} INFO - 2026-09-26 19:54:28,388 - INFO - Table dim_product_cost truncated successfully.
[2026-09-26T19:54:28.394+0000] {subprocess.py:93} INFO - 2026-09-26 19:54:28,394 - INFO - total records inserted: 9 into bronze.dim_product_cost
[2026-09-26T19:54:28.395+0000] {subprocess.py:93} INFO - 2026-09-26 19:54:28,394 - INFO - Inserted 9 rows into bronze.dim_product_cost table.
[2026-09-26T19:54:28.397+0000] {subprocess.py:93} INFO - 2026-09-26 19:54:28,394 - INFO - All chunks processed successfully.
[2026-09-26T19:54:28.398+0000] {subprocess.py:93} INFO - 2026-09-26 19:54:28,394 - INFO - Postgres connection closed.
[2026-09-26T19:54:28.496+0000] {subprocess.py:97} INFO - Command exited with return code 0
[2026-09-26T19:54:28.498+0000] {taskinstance.py:441} INFO - ::group::Post task execution logs
[2026-09-26T19:54:28.518+0000] {taskinstance.py:1206} INFO - Marking task as SUCCESS. dag_id=medallion_settlement_pipeline, task_id=Bronze_Ingestion.ingest_product_cost, run_id=manual__2026-09-26T19:54:23.114701+00:00, execution_date=20260926T195423, start_date=20260926T195427, end_date=20260926T195428
[2026-09-26T19:54:28.549+0000] {local_task_job_runner.py:243} INFO - Task exited with return code 0
[2026-09-26T19:54:28.570+0000] {taskinstance.py:3503} INFO - 0 downstream tasks scheduled from follow-on schedule check
[2026-09-26T19:54:28.572+0000] {local_task_job_runner.py:222} INFO - ::endgroup::
