[2026-09-22T01:14:47.504+0000] {local_task_job_runner.py:120} INFO - ::group::Pre task execution logs
[2026-09-22T01:14:47.530+0000] {taskinstance.py:2076} INFO - Dependencies all met for dep_context=non-requeueable deps ti=<TaskInstance: lcbo_pipeline.silver.run_joined manual__2026-09-22T01:14:21.960219+00:00 [queued]>
[2026-09-22T01:14:47.537+0000] {taskinstance.py:2076} INFO - Dependencies all met for dep_context=requeueable deps ti=<TaskInstance: lcbo_pipeline.silver.run_joined manual__2026-09-22T01:14:21.960219+00:00 [queued]>
[2026-09-22T01:14:47.539+0000] {taskinstance.py:2306} INFO - Starting attempt 1 of 1
[2026-09-22T01:14:47.549+0000] {taskinstance.py:2330} INFO - Executing <Task(BashOperator): silver.run_joined> on 2026-09-22 01:14:21.960219+00:00
[2026-09-22T01:14:47.559+0000] {logging_mixin.py:188} WARNING - /home/***/.local/lib/python3.12/site-packages/***/task/task_runner/standard_task_runner.py:62 DeprecationWarning: This process (pid=289) is multi-threaded, use of fork() may lead to deadlocks in the child.
[2026-09-22T01:14:47.557+0000] {standard_task_runner.py:90} INFO - Running: ['***', 'tasks', 'run', 'lcbo_pipeline', 'silver.run_joined', 'manual__2026-09-22T01:14:21.960219+00:00', '--job-id', '98', '--raw', '--subdir', 'DAGS_FOLDER/lcbo_pipeline_dag.py', '--cfg-path', '/tmp/tmpeghkpalf']
[2026-09-22T01:14:47.560+0000] {standard_task_runner.py:64} INFO - Started process 290 to run task
[2026-09-22T01:14:47.561+0000] {standard_task_runner.py:91} INFO - Job 98: Subtask silver.run_joined
[2026-09-22T01:14:47.600+0000] {task_command.py:426} INFO - Running <TaskInstance: lcbo_pipeline.silver.run_joined manual__2026-09-22T01:14:21.960219+00:00 [running]> on host d8c458fd86ee
[2026-09-22T01:14:47.669+0000] {taskinstance.py:2648} INFO - Exporting env vars: AIRFLOW_CTX_DAG_OWNER='bhavik' AIRFLOW_CTX_DAG_ID='lcbo_pipeline' AIRFLOW_CTX_TASK_ID='silver.run_joined' AIRFLOW_CTX_EXECUTION_DATE='2026-09-22T01:14:21.960219+00:00' AIRFLOW_CTX_TRY_NUMBER='1' AIRFLOW_CTX_DAG_RUN_ID='manual__2026-09-22T01:14:21.960219+00:00'
[2026-09-22T01:14:47.670+0000] {taskinstance.py:430} INFO - ::endgroup::
[2026-09-22T01:14:47.681+0000] {subprocess.py:63} INFO - Tmp dir root location: /tmp
[2026-09-22T01:14:47.683+0000] {subprocess.py:75} INFO - Running command: ['/usr/bin/bash', '-c', 'cd /opt/***/dbt_project && dbt run --target docker --select dbt_lcbo_joined_dim_prod_cost']
[2026-09-22T01:14:47.695+0000] {subprocess.py:86} INFO - Output:
[2026-09-22T01:14:49.199+0000] {subprocess.py:93} INFO - [0m01:14:49  Running with dbt=1.12.5
[2026-09-22T01:14:49.428+0000] {subprocess.py:93} INFO - [0m01:14:49  Registered adapter: postgres=1.9.0
[2026-09-22T01:14:50.522+0000] {subprocess.py:93} INFO - [0m01:14:50  Found 14 models, 2 snapshots, 3 sources, 597 macros
[2026-09-22T01:14:50.526+0000] {subprocess.py:93} INFO - [0m01:14:50
[2026-09-22T01:14:50.527+0000] {subprocess.py:93} INFO - [0m01:14:50  Concurrency: 4 threads (target='docker')
[2026-09-22T01:14:50.528+0000] {subprocess.py:93} INFO - [0m01:14:50
[2026-09-22T01:14:50.939+0000] {subprocess.py:93} INFO - [0m01:14:50  1 of 1 START sql table model silver.dbt_lcbo_joined_dim_prod_cost .............. [RUN]
[2026-09-22T01:14:51.120+0000] {subprocess.py:93} INFO - [0m01:14:51  1 of 1 OK created sql table model silver.dbt_lcbo_joined_dim_prod_cost ......... [[32mSELECT 13[0m in 0.18s]
[2026-09-22T01:14:51.198+0000] {subprocess.py:93} INFO - [0m01:14:51
[2026-09-22T01:14:51.200+0000] {subprocess.py:93} INFO - [0m01:14:51  Finished running 1 table model in 0 hours 0 minutes and 0.67 seconds (0.67s).
[2026-09-22T01:14:51.390+0000] {subprocess.py:93} INFO - [0m01:14:51
[2026-09-22T01:14:51.392+0000] {subprocess.py:93} INFO - [0m01:14:51  [32mCompleted successfully[0m
[2026-09-22T01:14:51.394+0000] {subprocess.py:93} INFO - [0m01:14:51
[2026-09-22T01:14:51.395+0000] {subprocess.py:93} INFO - [0m01:14:51  Done. PASS=1 WARN=0 ERROR=0 SKIP=0 NO-OP=0 REUSED=0 TOTAL=1
[2026-09-22T01:14:55.163+0000] {subprocess.py:97} INFO - Command exited with return code 0
[2026-09-22T01:14:55.165+0000] {taskinstance.py:441} INFO - ::group::Post task execution logs
[2026-09-22T01:14:55.186+0000] {taskinstance.py:1206} INFO - Marking task as SUCCESS. dag_id=lcbo_pipeline, task_id=silver.run_joined, run_id=manual__2026-09-22T01:14:21.960219+00:00, execution_date=20260922T011421, start_date=20260922T011447, end_date=20260922T011455
[2026-09-22T01:14:55.239+0000] {local_task_job_runner.py:243} INFO - Task exited with return code 0
[2026-09-22T01:14:55.257+0000] {taskinstance.py:3503} INFO - 1 downstream tasks scheduled from follow-on schedule check
[2026-09-22T01:14:55.260+0000] {local_task_job_runner.py:222} INFO - ::endgroup::
