[2026-09-26T20:13:44.191+0000] {local_task_job_runner.py:120} INFO - ::group::Pre task execution logs
[2026-09-26T20:13:44.218+0000] {taskinstance.py:2076} INFO - Dependencies all met for dep_context=non-requeueable deps ti=<TaskInstance: medallion_settlement_pipeline.Gold_Star_Schema.build_dims_and_fact manual__2026-09-26T20:13:01.004302+00:00 [queued]>
[2026-09-26T20:13:44.226+0000] {taskinstance.py:2076} INFO - Dependencies all met for dep_context=requeueable deps ti=<TaskInstance: medallion_settlement_pipeline.Gold_Star_Schema.build_dims_and_fact manual__2026-09-26T20:13:01.004302+00:00 [queued]>
[2026-09-26T20:13:44.227+0000] {taskinstance.py:2306} INFO - Starting attempt 1 of 1
[2026-09-26T20:13:44.238+0000] {taskinstance.py:2330} INFO - Executing <Task(BashOperator): Gold_Star_Schema.build_dims_and_fact> on 2026-09-26 20:13:01.004302+00:00
[2026-09-26T20:13:44.246+0000] {standard_task_runner.py:90} INFO - Running: ['***', 'tasks', 'run', 'medallion_settlement_pipeline', 'Gold_Star_Schema.build_dims_and_fact', 'manual__2026-09-26T20:13:01.004302+00:00', '--job-id', '246', '--raw', '--subdir', 'DAGS_FOLDER/lcbo_pipeline_dag.py', '--cfg-path', '/tmp/tmpbvawhx0q']
[2026-09-26T20:13:44.248+0000] {logging_mixin.py:188} WARNING - /home/***/.local/lib/python3.12/site-packages/***/task/task_runner/standard_task_runner.py:62 DeprecationWarning: This process (pid=1104) is multi-threaded, use of fork() may lead to deadlocks in the child.
[2026-09-26T20:13:44.249+0000] {standard_task_runner.py:91} INFO - Job 246: Subtask Gold_Star_Schema.build_dims_and_fact
[2026-09-26T20:13:44.249+0000] {standard_task_runner.py:64} INFO - Started process 1105 to run task
[2026-09-26T20:13:44.289+0000] {task_command.py:426} INFO - Running <TaskInstance: medallion_settlement_pipeline.Gold_Star_Schema.build_dims_and_fact manual__2026-09-26T20:13:01.004302+00:00 [running]> on host 419d86c5d3f8
[2026-09-26T20:13:44.358+0000] {taskinstance.py:2648} INFO - Exporting env vars: AIRFLOW_CTX_DAG_OWNER='bhavik' AIRFLOW_CTX_DAG_ID='medallion_settlement_pipeline' AIRFLOW_CTX_TASK_ID='Gold_Star_Schema.build_dims_and_fact' AIRFLOW_CTX_EXECUTION_DATE='2026-09-26T20:13:01.004302+00:00' AIRFLOW_CTX_TRY_NUMBER='1' AIRFLOW_CTX_DAG_RUN_ID='manual__2026-09-26T20:13:01.004302+00:00'
[2026-09-26T20:13:44.359+0000] {taskinstance.py:430} INFO - ::endgroup::
[2026-09-26T20:13:44.371+0000] {subprocess.py:63} INFO - Tmp dir root location: /tmp
[2026-09-26T20:13:44.372+0000] {subprocess.py:75} INFO - Running command: ['/usr/bin/bash', '-c', 'cd /opt/***/dbt_project && dbt run --target docker --select gold_dim_date gold_dim_product_cost gold_dim_product_info gold_dim_store dbt_lcbo_fact_table gold_fact_table']
[2026-09-26T20:13:44.385+0000] {subprocess.py:86} INFO - Output:
[2026-09-26T20:13:46.031+0000] {subprocess.py:93} INFO - [0m20:13:46  Running with dbt=1.12.5
[2026-09-26T20:13:46.290+0000] {subprocess.py:93} INFO - [0m20:13:46  Registered adapter: postgres=1.9.0
[2026-09-26T20:13:47.646+0000] {subprocess.py:93} INFO - [0m20:13:47  Found 14 models, 2 snapshots, 3 sources, 597 macros
[2026-09-26T20:13:47.652+0000] {subprocess.py:93} INFO - [0m20:13:47
[2026-09-26T20:13:47.654+0000] {subprocess.py:93} INFO - [0m20:13:47  Concurrency: 4 threads (target='docker')
[2026-09-26T20:13:47.656+0000] {subprocess.py:93} INFO - [0m20:13:47
[2026-09-26T20:13:48.046+0000] {subprocess.py:93} INFO - [0m20:13:48  1 of 6 START sql table model gold.gold_dim_date ................................ [RUN]
[2026-09-26T20:13:48.048+0000] {subprocess.py:93} INFO - [0m20:13:48  2 of 6 START sql table model gold.gold_dim_product_cost ........................ [RUN]
[2026-09-26T20:13:48.050+0000] {subprocess.py:93} INFO - [0m20:13:48  3 of 6 START sql table model gold.gold_dim_product_info ........................ [RUN]
[2026-09-26T20:13:48.051+0000] {subprocess.py:93} INFO - [0m20:13:48  4 of 6 START sql table model gold.gold_dim_store ............................... [RUN]
[2026-09-26T20:13:48.507+0000] {subprocess.py:93} INFO - [0m20:13:48  1 of 6 OK created sql table model gold.gold_dim_date ........................... [[32mSELECT 3653[0m in 0.45s]
[2026-09-26T20:13:48.523+0000] {subprocess.py:93} INFO - [0m20:13:48  3 of 6 OK created sql table model gold.gold_dim_product_info ................... [[32mSELECT 27[0m in 0.46s]
[2026-09-26T20:13:48.531+0000] {subprocess.py:93} INFO - [0m20:13:48  4 of 6 OK created sql table model gold.gold_dim_store .......................... [[32mSELECT 5[0m in 0.47s]
[2026-09-26T20:13:48.538+0000] {subprocess.py:93} INFO - [0m20:13:48  2 of 6 OK created sql table model gold.gold_dim_product_cost ................... [[32mSELECT 9[0m in 0.48s]
[2026-09-26T20:13:48.544+0000] {subprocess.py:93} INFO - [0m20:13:48  5 of 6 START sql table model silver.dbt_lcbo_fact_table ........................ [RUN]
[2026-09-26T20:13:48.694+0000] {subprocess.py:93} INFO - [0m20:13:48  5 of 6 OK created sql table model silver.dbt_lcbo_fact_table ................... [[32mSELECT 10[0m in 0.15s]
[2026-09-26T20:13:48.700+0000] {subprocess.py:93} INFO - [0m20:13:48  6 of 6 START sql incremental model gold.gold_fact_table ........................ [RUN]
[2026-09-26T20:13:48.949+0000] {subprocess.py:93} INFO - [0m20:13:48  6 of 6 OK created sql incremental model gold.gold_fact_table ................... [[32mMERGE 10[0m in 0.25s]
[2026-09-26T20:13:49.027+0000] {subprocess.py:93} INFO - [0m20:13:49
[2026-09-26T20:13:49.029+0000] {subprocess.py:93} INFO - [0m20:13:49  Finished running 1 incremental model, 5 table models in 0 hours 0 minutes and 1.37 seconds (1.37s).
[2026-09-26T20:13:49.183+0000] {subprocess.py:93} INFO - [0m20:13:49
[2026-09-26T20:13:49.184+0000] {subprocess.py:93} INFO - [0m20:13:49  [32mCompleted successfully[0m
[2026-09-26T20:13:49.186+0000] {subprocess.py:93} INFO - [0m20:13:49
[2026-09-26T20:13:49.187+0000] {subprocess.py:93} INFO - [0m20:13:49  Done. PASS=6 WARN=0 ERROR=0 SKIP=0 NO-OP=0 REUSED=0 TOTAL=6
[2026-09-26T20:13:53.051+0000] {subprocess.py:97} INFO - Command exited with return code 0
[2026-09-26T20:13:53.053+0000] {taskinstance.py:441} INFO - ::group::Post task execution logs
[2026-09-26T20:13:53.073+0000] {taskinstance.py:1206} INFO - Marking task as SUCCESS. dag_id=medallion_settlement_pipeline, task_id=Gold_Star_Schema.build_dims_and_fact, run_id=manual__2026-09-26T20:13:01.004302+00:00, execution_date=20260926T201301, start_date=20260926T201344, end_date=20260926T201353
[2026-09-26T20:13:53.098+0000] {local_task_job_runner.py:243} INFO - Task exited with return code 0
[2026-09-26T20:13:53.110+0000] {taskinstance.py:3503} INFO - 0 downstream tasks scheduled from follow-on schedule check
[2026-09-26T20:13:53.112+0000] {local_task_job_runner.py:222} INFO - ::endgroup::
