[2026-09-22T01:38:55.906+0000] {local_task_job_runner.py:120} INFO - ::group::Pre task execution logs
[2026-09-22T01:38:55.930+0000] {taskinstance.py:2076} INFO - Dependencies all met for dep_context=non-requeueable deps ti=<TaskInstance: lcbo_pipeline.gold.run_gold manual__2026-09-22T01:38:15.348434+00:00 [queued]>
[2026-09-22T01:38:55.935+0000] {taskinstance.py:2076} INFO - Dependencies all met for dep_context=requeueable deps ti=<TaskInstance: lcbo_pipeline.gold.run_gold manual__2026-09-22T01:38:15.348434+00:00 [queued]>
[2026-09-22T01:38:55.936+0000] {taskinstance.py:2306} INFO - Starting attempt 1 of 1
[2026-09-22T01:38:55.945+0000] {taskinstance.py:2330} INFO - Executing <Task(BashOperator): gold.run_gold> on 2026-09-22 01:38:15.348434+00:00
[2026-09-22T01:38:55.953+0000] {standard_task_runner.py:90} INFO - Running: ['***', 'tasks', 'run', 'lcbo_pipeline', 'gold.run_gold', 'manual__2026-09-22T01:38:15.348434+00:00', '--job-id', '108', '--raw', '--subdir', 'DAGS_FOLDER/lcbo_pipeline_dag.py', '--cfg-path', '/tmp/tmppemq9dk9']
[2026-09-22T01:38:55.955+0000] {logging_mixin.py:188} WARNING - /home/***/.local/lib/python3.12/site-packages/***/task/task_runner/standard_task_runner.py:62 DeprecationWarning: This process (pid=981) is multi-threaded, use of fork() may lead to deadlocks in the child.
[2026-09-22T01:38:55.956+0000] {standard_task_runner.py:91} INFO - Job 108: Subtask gold.run_gold
[2026-09-22T01:38:55.956+0000] {standard_task_runner.py:64} INFO - Started process 982 to run task
[2026-09-22T01:38:55.989+0000] {task_command.py:426} INFO - Running <TaskInstance: lcbo_pipeline.gold.run_gold manual__2026-09-22T01:38:15.348434+00:00 [running]> on host d8c458fd86ee
[2026-09-22T01:38:56.052+0000] {taskinstance.py:2648} INFO - Exporting env vars: AIRFLOW_CTX_DAG_OWNER='bhavik' AIRFLOW_CTX_DAG_ID='lcbo_pipeline' AIRFLOW_CTX_TASK_ID='gold.run_gold' AIRFLOW_CTX_EXECUTION_DATE='2026-09-22T01:38:15.348434+00:00' AIRFLOW_CTX_TRY_NUMBER='1' AIRFLOW_CTX_DAG_RUN_ID='manual__2026-09-22T01:38:15.348434+00:00'
[2026-09-22T01:38:56.053+0000] {taskinstance.py:430} INFO - ::endgroup::
[2026-09-22T01:38:56.062+0000] {subprocess.py:63} INFO - Tmp dir root location: /tmp
[2026-09-22T01:38:56.064+0000] {subprocess.py:75} INFO - Running command: ['/usr/bin/bash', '-c', 'cd /opt/***/dbt_project && dbt run --target docker --select gold_dim_date gold_dim_product_cost gold_dim_product_info gold_dim_store dbt_lcbo_fact_table gold_fact_table']
[2026-09-22T01:38:56.076+0000] {subprocess.py:86} INFO - Output:
[2026-09-22T01:38:57.701+0000] {subprocess.py:93} INFO - [0m01:38:57  Running with dbt=1.12.5
[2026-09-22T01:38:57.967+0000] {subprocess.py:93} INFO - [0m01:38:57  Registered adapter: postgres=1.9.0
[2026-09-22T01:38:59.157+0000] {subprocess.py:93} INFO - [0m01:38:59  Found 14 models, 2 snapshots, 3 sources, 597 macros
[2026-09-22T01:38:59.162+0000] {subprocess.py:93} INFO - [0m01:38:59
[2026-09-22T01:38:59.163+0000] {subprocess.py:93} INFO - [0m01:38:59  Concurrency: 4 threads (target='docker')
[2026-09-22T01:38:59.165+0000] {subprocess.py:93} INFO - [0m01:38:59
[2026-09-22T01:38:59.535+0000] {subprocess.py:93} INFO - [0m01:38:59  1 of 6 START sql table model gold.gold_dim_date ................................ [RUN]
[2026-09-22T01:38:59.537+0000] {subprocess.py:93} INFO - [0m01:38:59  2 of 6 START sql table model gold.gold_dim_product_cost ........................ [RUN]
[2026-09-22T01:38:59.538+0000] {subprocess.py:93} INFO - [0m01:38:59  3 of 6 START sql table model gold.gold_dim_product_info ........................ [RUN]
[2026-09-22T01:38:59.540+0000] {subprocess.py:93} INFO - [0m01:38:59  4 of 6 START sql table model gold.gold_dim_store ............................... [RUN]
[2026-09-22T01:39:00.207+0000] {subprocess.py:93} INFO - [0m01:39:00  2 of 6 OK created sql table model gold.gold_dim_product_cost ................... [[32mSELECT 9[0m in 0.65s]
[2026-09-22T01:39:00.212+0000] {subprocess.py:93} INFO - [0m01:39:00  3 of 6 OK created sql table model gold.gold_dim_product_info ................... [[32mSELECT 22[0m in 0.66s]
[2026-09-22T01:39:00.258+0000] {subprocess.py:93} INFO - [0m01:39:00  4 of 6 OK created sql table model gold.gold_dim_store .......................... [[32mSELECT 0[0m in 0.71s]
[2026-09-22T01:39:00.262+0000] {subprocess.py:93} INFO - [0m01:39:00  1 of 6 OK created sql table model gold.gold_dim_date ........................... [[32mSELECT 3653[0m in 0.71s]
[2026-09-22T01:39:00.275+0000] {subprocess.py:93} INFO - [0m01:39:00  5 of 6 START sql table model silver.dbt_lcbo_fact_table ........................ [RUN]
[2026-09-22T01:39:00.568+0000] {subprocess.py:93} INFO - [0m01:39:00  5 of 6 OK created sql table model silver.dbt_lcbo_fact_table ................... [[32mSELECT 0[0m in 0.29s]
[2026-09-22T01:39:00.575+0000] {subprocess.py:93} INFO - [0m01:39:00  6 of 6 START sql incremental model gold.gold_fact_table ........................ [RUN]
[2026-09-22T01:39:00.886+0000] {subprocess.py:93} INFO - [0m01:39:00  6 of 6 OK created sql incremental model gold.gold_fact_table ................... [[32mMERGE 0[0m in 0.31s]
[2026-09-22T01:39:00.987+0000] {subprocess.py:93} INFO - [0m01:39:00
[2026-09-22T01:39:00.989+0000] {subprocess.py:93} INFO - [0m01:39:00  Finished running 1 incremental model, 5 table models in 0 hours 0 minutes and 1.82 seconds (1.82s).
[2026-09-22T01:39:01.144+0000] {subprocess.py:93} INFO - [0m01:39:01
[2026-09-22T01:39:01.147+0000] {subprocess.py:93} INFO - [0m01:39:01  [32mCompleted successfully[0m
[2026-09-22T01:39:01.150+0000] {subprocess.py:93} INFO - [0m01:39:01
[2026-09-22T01:39:01.152+0000] {subprocess.py:93} INFO - [0m01:39:01  Done. PASS=6 WARN=0 ERROR=0 SKIP=0 NO-OP=0 REUSED=0 TOTAL=6
[2026-09-22T01:39:04.931+0000] {subprocess.py:97} INFO - Command exited with return code 0
[2026-09-22T01:39:04.933+0000] {taskinstance.py:441} INFO - ::group::Post task execution logs
[2026-09-22T01:39:04.951+0000] {taskinstance.py:1206} INFO - Marking task as SUCCESS. dag_id=lcbo_pipeline, task_id=gold.run_gold, run_id=manual__2026-09-22T01:38:15.348434+00:00, execution_date=20260922T013815, start_date=20260922T013855, end_date=20260922T013904
[2026-09-22T01:39:05.004+0000] {local_task_job_runner.py:243} INFO - Task exited with return code 0
[2026-09-22T01:39:05.017+0000] {taskinstance.py:3503} INFO - 0 downstream tasks scheduled from follow-on schedule check
[2026-09-22T01:39:05.019+0000] {local_task_job_runner.py:222} INFO - ::endgroup::
