[2026-09-23T01:26:58.226+0000] {local_task_job_runner.py:120} INFO - ::group::Pre task execution logs
[2026-09-23T01:26:58.251+0000] {taskinstance.py:2076} INFO - Dependencies all met for dep_context=non-requeueable deps ti=<TaskInstance: medallion_settlement_pipeline.Silver_Transform.snapshot_product_dim manual__2026-09-23T01:26:24.294666+00:00 [queued]>
[2026-09-23T01:26:58.260+0000] {taskinstance.py:2076} INFO - Dependencies all met for dep_context=requeueable deps ti=<TaskInstance: medallion_settlement_pipeline.Silver_Transform.snapshot_product_dim manual__2026-09-23T01:26:24.294666+00:00 [queued]>
[2026-09-23T01:26:58.261+0000] {taskinstance.py:2306} INFO - Starting attempt 1 of 1
[2026-09-23T01:26:58.271+0000] {taskinstance.py:2330} INFO - Executing <Task(BashOperator): Silver_Transform.snapshot_product_dim> on 2026-09-23 01:26:24.294666+00:00
[2026-09-23T01:26:58.283+0000] {logging_mixin.py:188} WARNING - /home/***/.local/lib/python3.12/site-packages/***/task/task_runner/standard_task_runner.py:62 DeprecationWarning: This process (pid=1610) is multi-threaded, use of fork() may lead to deadlocks in the child.
[2026-09-23T01:26:58.281+0000] {standard_task_runner.py:90} INFO - Running: ['***', 'tasks', 'run', 'medallion_settlement_pipeline', 'Silver_Transform.snapshot_product_dim', 'manual__2026-09-23T01:26:24.294666+00:00', '--job-id', '159', '--raw', '--subdir', 'DAGS_FOLDER/lcbo_pipeline_dag.py', '--cfg-path', '/tmp/tmpazl7kq3g']
[2026-09-23T01:26:58.284+0000] {standard_task_runner.py:64} INFO - Started process 1611 to run task
[2026-09-23T01:26:58.285+0000] {standard_task_runner.py:91} INFO - Job 159: Subtask Silver_Transform.snapshot_product_dim
[2026-09-23T01:26:58.321+0000] {task_command.py:426} INFO - Running <TaskInstance: medallion_settlement_pipeline.Silver_Transform.snapshot_product_dim manual__2026-09-23T01:26:24.294666+00:00 [running]> on host 4318980e9d4e
[2026-09-23T01:26:58.392+0000] {taskinstance.py:2648} INFO - Exporting env vars: AIRFLOW_CTX_DAG_OWNER='bhavik' AIRFLOW_CTX_DAG_ID='medallion_settlement_pipeline' AIRFLOW_CTX_TASK_ID='Silver_Transform.snapshot_product_dim' AIRFLOW_CTX_EXECUTION_DATE='2026-09-23T01:26:24.294666+00:00' AIRFLOW_CTX_TRY_NUMBER='1' AIRFLOW_CTX_DAG_RUN_ID='manual__2026-09-23T01:26:24.294666+00:00'
[2026-09-23T01:26:58.393+0000] {taskinstance.py:430} INFO - ::endgroup::
[2026-09-23T01:26:58.403+0000] {subprocess.py:63} INFO - Tmp dir root location: /tmp
[2026-09-23T01:26:58.405+0000] {subprocess.py:75} INFO - Running command: ['/usr/bin/bash', '-c', 'cd /opt/***/dbt_project && dbt snapshot --target docker --select dim_product_snapshot']
[2026-09-23T01:26:58.419+0000] {subprocess.py:86} INFO - Output:
[2026-09-23T01:26:59.947+0000] {subprocess.py:93} INFO - [0m01:26:59  Running with dbt=1.12.5
[2026-09-23T01:27:00.179+0000] {subprocess.py:93} INFO - [0m01:27:00  Registered adapter: postgres=1.9.0
[2026-09-23T01:27:01.329+0000] {subprocess.py:93} INFO - [0m01:27:01  Found 14 models, 2 snapshots, 3 sources, 597 macros
[2026-09-23T01:27:01.332+0000] {subprocess.py:93} INFO - [0m01:27:01
[2026-09-23T01:27:01.333+0000] {subprocess.py:93} INFO - [0m01:27:01  Concurrency: 4 threads (target='docker')
[2026-09-23T01:27:01.335+0000] {subprocess.py:93} INFO - [0m01:27:01
[2026-09-23T01:27:01.684+0000] {subprocess.py:93} INFO - [0m01:27:01  1 of 1 START snapshot gold.dim_product_snapshot ................................ [RUN]
[2026-09-23T01:27:02.071+0000] {subprocess.py:93} INFO - [0m01:27:02  1 of 1 OK snapshotted gold.dim_product_snapshot ................................ [[32mINSERT 0 1[0m in 0.38s]
[2026-09-23T01:27:02.152+0000] {subprocess.py:93} INFO - [0m01:27:02
[2026-09-23T01:27:02.154+0000] {subprocess.py:93} INFO - [0m01:27:02  Finished running 1 snapshot in 0 hours 0 minutes and 0.82 seconds (0.82s).
[2026-09-23T01:27:02.265+0000] {subprocess.py:93} INFO - [0m01:27:02
[2026-09-23T01:27:02.269+0000] {subprocess.py:93} INFO - [0m01:27:02  [32mCompleted successfully[0m
[2026-09-23T01:27:02.271+0000] {subprocess.py:93} INFO - [0m01:27:02
[2026-09-23T01:27:02.273+0000] {subprocess.py:93} INFO - [0m01:27:02  Done. PASS=1 WARN=0 ERROR=0 SKIP=0 NO-OP=0 REUSED=0 TOTAL=1
[2026-09-23T01:27:06.063+0000] {subprocess.py:97} INFO - Command exited with return code 0
[2026-09-23T01:27:06.065+0000] {taskinstance.py:441} INFO - ::group::Post task execution logs
[2026-09-23T01:27:06.085+0000] {taskinstance.py:1206} INFO - Marking task as SUCCESS. dag_id=medallion_settlement_pipeline, task_id=Silver_Transform.snapshot_product_dim, run_id=manual__2026-09-23T01:26:24.294666+00:00, execution_date=20260923T012624, start_date=20260923T012658, end_date=20260923T012706
[2026-09-23T01:27:06.130+0000] {local_task_job_runner.py:243} INFO - Task exited with return code 0
[2026-09-23T01:27:06.149+0000] {taskinstance.py:3503} INFO - 1 downstream tasks scheduled from follow-on schedule check
[2026-09-23T01:27:06.151+0000] {local_task_job_runner.py:222} INFO - ::endgroup::
