[2026-09-19T20:38:42.950+0000] {local_task_job_runner.py:120} INFO - ::group::Pre task execution logs
[2026-09-19T20:38:42.977+0000] {taskinstance.py:2076} INFO - Dependencies all met for dep_context=non-requeueable deps ti=<TaskInstance: lcbo_pipeline.silver.snapshot_product manual__2026-09-19T20:38:08.895375+00:00 [queued]>
[2026-09-19T20:38:42.985+0000] {taskinstance.py:2076} INFO - Dependencies all met for dep_context=requeueable deps ti=<TaskInstance: lcbo_pipeline.silver.snapshot_product manual__2026-09-19T20:38:08.895375+00:00 [queued]>
[2026-09-19T20:38:42.986+0000] {taskinstance.py:2306} INFO - Starting attempt 1 of 1
[2026-09-19T20:38:42.995+0000] {taskinstance.py:2330} INFO - Executing <Task(BashOperator): silver.snapshot_product> on 2026-09-19 20:38:08.895375+00:00
[2026-09-19T20:38:43.004+0000] {standard_task_runner.py:90} INFO - Running: ['***', 'tasks', 'run', 'lcbo_pipeline', 'silver.snapshot_product', 'manual__2026-09-19T20:38:08.895375+00:00', '--job-id', '74', '--raw', '--subdir', 'DAGS_FOLDER/lcbo_pipeline_dag.py', '--cfg-path', '/tmp/tmpgekuosuw']
[2026-09-19T20:38:43.006+0000] {logging_mixin.py:188} WARNING - /home/***/.local/lib/python3.12/site-packages/***/task/task_runner/standard_task_runner.py:62 DeprecationWarning: This process (pid=2266) is multi-threaded, use of fork() may lead to deadlocks in the child.
[2026-09-19T20:38:43.007+0000] {standard_task_runner.py:91} INFO - Job 74: Subtask silver.snapshot_product
[2026-09-19T20:38:43.007+0000] {standard_task_runner.py:64} INFO - Started process 2267 to run task
[2026-09-19T20:38:43.046+0000] {task_command.py:426} INFO - Running <TaskInstance: lcbo_pipeline.silver.snapshot_product manual__2026-09-19T20:38:08.895375+00:00 [running]> on host 6cf516ec3c07
[2026-09-19T20:38:43.115+0000] {taskinstance.py:2648} INFO - Exporting env vars: AIRFLOW_CTX_DAG_OWNER='bhavik' AIRFLOW_CTX_DAG_ID='lcbo_pipeline' AIRFLOW_CTX_TASK_ID='silver.snapshot_product' AIRFLOW_CTX_EXECUTION_DATE='2026-09-19T20:38:08.895375+00:00' AIRFLOW_CTX_TRY_NUMBER='1' AIRFLOW_CTX_DAG_RUN_ID='manual__2026-09-19T20:38:08.895375+00:00'
[2026-09-19T20:38:43.116+0000] {taskinstance.py:430} INFO - ::endgroup::
[2026-09-19T20:38:43.127+0000] {subprocess.py:63} INFO - Tmp dir root location: /tmp
[2026-09-19T20:38:43.129+0000] {subprocess.py:75} INFO - Running command: ['/usr/bin/bash', '-c', 'cd /opt/***/dbt_project && dbt snapshot --target docker --select dim_product_snapshot']
[2026-09-19T20:38:43.141+0000] {subprocess.py:86} INFO - Output:
[2026-09-19T20:38:44.666+0000] {subprocess.py:93} INFO - [0m20:38:44  Running with dbt=1.12.5
[2026-09-19T20:38:44.893+0000] {subprocess.py:93} INFO - [0m20:38:44  Registered adapter: postgres=1.9.0
[2026-09-19T20:38:46.046+0000] {subprocess.py:93} INFO - [0m20:38:46  Found 14 models, 2 snapshots, 3 sources, 597 macros
[2026-09-19T20:38:46.051+0000] {subprocess.py:93} INFO - [0m20:38:46
[2026-09-19T20:38:46.052+0000] {subprocess.py:93} INFO - [0m20:38:46  Concurrency: 4 threads (target='docker')
[2026-09-19T20:38:46.054+0000] {subprocess.py:93} INFO - [0m20:38:46
[2026-09-19T20:38:46.353+0000] {subprocess.py:93} INFO - [0m20:38:46  1 of 1 START snapshot gold.dim_product_snapshot ................................ [RUN]
[2026-09-19T20:38:46.741+0000] {subprocess.py:93} INFO - [0m20:38:46  1 of 1 OK snapshotted gold.dim_product_snapshot ................................ [[32mINSERT 0 4[0m in 0.38s]
[2026-09-19T20:38:46.817+0000] {subprocess.py:93} INFO - [0m20:38:46
[2026-09-19T20:38:46.819+0000] {subprocess.py:93} INFO - [0m20:38:46  Finished running 1 snapshot in 0 hours 0 minutes and 0.76 seconds (0.76s).
[2026-09-19T20:38:46.930+0000] {subprocess.py:93} INFO - [0m20:38:46
[2026-09-19T20:38:46.932+0000] {subprocess.py:93} INFO - [0m20:38:46  [32mCompleted successfully[0m
[2026-09-19T20:38:46.934+0000] {subprocess.py:93} INFO - [0m20:38:46
[2026-09-19T20:38:46.936+0000] {subprocess.py:93} INFO - [0m20:38:46  Done. PASS=1 WARN=0 ERROR=0 SKIP=0 NO-OP=0 REUSED=0 TOTAL=1
[2026-09-19T20:38:50.991+0000] {subprocess.py:97} INFO - Command exited with return code 0
[2026-09-19T20:38:50.993+0000] {taskinstance.py:441} INFO - ::group::Post task execution logs
[2026-09-19T20:38:51.018+0000] {taskinstance.py:1206} INFO - Marking task as SUCCESS. dag_id=lcbo_pipeline, task_id=silver.snapshot_product, run_id=manual__2026-09-19T20:38:08.895375+00:00, execution_date=20260919T203808, start_date=20260919T203842, end_date=20260919T203851
[2026-09-19T20:38:51.049+0000] {local_task_job_runner.py:243} INFO - Task exited with return code 0
[2026-09-19T20:38:51.069+0000] {taskinstance.py:3503} INFO - 1 downstream tasks scheduled from follow-on schedule check
[2026-09-19T20:38:51.072+0000] {local_task_job_runner.py:222} INFO - ::endgroup::
