[2026-09-17T03:01:34.201+0000] {local_task_job_runner.py:120} INFO - ::group::Pre task execution logs
[2026-09-17T03:01:34.227+0000] {taskinstance.py:2076} INFO - Dependencies all met for dep_context=non-requeueable deps ti=<TaskInstance: lcbo_pipeline.silver.run_pre_snapshot manual__2026-09-17T03:01:27.755222+00:00 [queued]>
[2026-09-17T03:01:34.234+0000] {taskinstance.py:2076} INFO - Dependencies all met for dep_context=requeueable deps ti=<TaskInstance: lcbo_pipeline.silver.run_pre_snapshot manual__2026-09-17T03:01:27.755222+00:00 [queued]>
[2026-09-17T03:01:34.236+0000] {taskinstance.py:2306} INFO - Starting attempt 1 of 1
[2026-09-17T03:01:34.247+0000] {taskinstance.py:2330} INFO - Executing <Task(BashOperator): silver.run_pre_snapshot> on 2026-09-17 03:01:27.755222+00:00
[2026-09-17T03:01:34.256+0000] {standard_task_runner.py:90} INFO - Running: ['***', 'tasks', 'run', 'lcbo_pipeline', 'silver.run_pre_snapshot', 'manual__2026-09-17T03:01:27.755222+00:00', '--job-id', '29', '--raw', '--subdir', 'DAGS_FOLDER/lcbo_pipeline_dag.py', '--cfg-path', '/tmp/tmpqbhvcsqj']
[2026-09-17T03:01:34.257+0000] {logging_mixin.py:188} WARNING - /home/***/.local/lib/python3.12/site-packages/***/task/task_runner/standard_task_runner.py:62 DeprecationWarning: This process (pid=773) is multi-threaded, use of fork() may lead to deadlocks in the child.
[2026-09-17T03:01:34.258+0000] {standard_task_runner.py:91} INFO - Job 29: Subtask silver.run_pre_snapshot
[2026-09-17T03:01:34.259+0000] {standard_task_runner.py:64} INFO - Started process 774 to run task
[2026-09-17T03:01:34.298+0000] {task_command.py:426} INFO - Running <TaskInstance: lcbo_pipeline.silver.run_pre_snapshot manual__2026-09-17T03:01:27.755222+00:00 [running]> on host 22e18d633ed2
[2026-09-17T03:01:34.371+0000] {taskinstance.py:2648} INFO - Exporting env vars: AIRFLOW_CTX_DAG_OWNER='bhavik' AIRFLOW_CTX_DAG_ID='lcbo_pipeline' AIRFLOW_CTX_TASK_ID='silver.run_pre_snapshot' AIRFLOW_CTX_EXECUTION_DATE='2026-09-17T03:01:27.755222+00:00' AIRFLOW_CTX_TRY_NUMBER='1' AIRFLOW_CTX_DAG_RUN_ID='manual__2026-09-17T03:01:27.755222+00:00'
[2026-09-17T03:01:34.372+0000] {taskinstance.py:430} INFO - ::endgroup::
[2026-09-17T03:01:34.383+0000] {subprocess.py:63} INFO - Tmp dir root location: /tmp
[2026-09-17T03:01:34.385+0000] {subprocess.py:75} INFO - Running command: ['/usr/bin/bash', '-c', 'cd /opt/***/dbt_project && dbt run --target docker --select dbt_lcbo_raw dbt_product_cost dbt_lcbo_columns_trans dbt_lcbo_columns_type dbt_lcbo_cleansed_settlement dbt_lcbo_filterout_negative_sales dbt_dim_product_transform']
[2026-09-17T03:01:34.398+0000] {subprocess.py:86} INFO - Output:
[2026-09-17T03:01:36.528+0000] {subprocess.py:93} INFO - [0m03:01:36  Running with dbt=1.12.5
[2026-09-17T03:01:36.876+0000] {subprocess.py:93} INFO - [0m03:01:36  Registered adapter: postgres=1.9.0
[2026-09-17T03:01:38.097+0000] {subprocess.py:93} INFO - [0m03:01:38  Found 14 models, 2 snapshots, 3 sources, 597 macros
[2026-09-17T03:01:38.102+0000] {subprocess.py:93} INFO - [0m03:01:38
[2026-09-17T03:01:38.104+0000] {subprocess.py:93} INFO - [0m03:01:38  Concurrency: 4 threads (target='docker')
[2026-09-17T03:01:38.105+0000] {subprocess.py:93} INFO - [0m03:01:38
[2026-09-17T03:01:38.422+0000] {subprocess.py:93} INFO - [0m03:01:38  1 of 7 START sql table model silver.dbt_lcbo_raw ............................... [RUN]
[2026-09-17T03:01:38.423+0000] {subprocess.py:93} INFO - [0m03:01:38  2 of 7 START sql table model silver.dbt_product_cost ........................... [RUN]
[2026-09-17T03:01:38.723+0000] {subprocess.py:93} INFO - [0m03:01:38  1 of 7 OK created sql table model silver.dbt_lcbo_raw .......................... [[32mSELECT 14[0m in 0.29s]
[2026-09-17T03:01:38.733+0000] {subprocess.py:93} INFO - [0m03:01:38  3 of 7 START sql table model silver.dbt_lcbo_columns_trans ..................... [RUN]
[2026-09-17T03:01:38.736+0000] {subprocess.py:93} INFO - [0m03:01:38  2 of 7 OK created sql table model silver.dbt_product_cost ...................... [[32mSELECT 0[0m in 0.30s]
[2026-09-17T03:01:38.834+0000] {subprocess.py:93} INFO - [0m03:01:38  4 of 7 START sql table model silver.dbt_dim_product_transform .................. [RUN]
[2026-09-17T03:01:38.996+0000] {subprocess.py:93} INFO - [0m03:01:38  3 of 7 OK created sql table model silver.dbt_lcbo_columns_trans ................ [[32mSELECT 14[0m in 0.26s]
[2026-09-17T03:01:39.006+0000] {subprocess.py:93} INFO - [0m03:01:39  5 of 7 START sql table model silver.dbt_lcbo_columns_type ...................... [RUN]
[2026-09-17T03:01:39.008+0000] {subprocess.py:93} INFO - [0m03:01:39  4 of 7 OK created sql table model silver.dbt_dim_product_transform ............. [[32mSELECT 0[0m in 0.17s]
[2026-09-17T03:01:39.147+0000] {subprocess.py:93} INFO - [0m03:01:39  5 of 7 OK created sql table model silver.dbt_lcbo_columns_type ................. [[32mSELECT 14[0m in 0.14s]
[2026-09-17T03:01:39.153+0000] {subprocess.py:93} INFO - [0m03:01:39  6 of 7 START sql table model silver.dbt_lcbo_cleansed_settlement ............... [RUN]
[2026-09-17T03:01:39.155+0000] {subprocess.py:93} INFO - [0m03:01:39  7 of 7 START sql incremental model silver.dbt_lcbo_filterout_negative_sales .... [RUN]
[2026-09-17T03:01:39.385+0000] {subprocess.py:93} INFO - [0m03:01:39  6 of 7 OK created sql table model silver.dbt_lcbo_cleansed_settlement .......... [[32mSELECT 13[0m in 0.22s]
[2026-09-17T03:01:39.399+0000] {subprocess.py:93} INFO - [0m03:01:39  7 of 7 OK created sql incremental model silver.dbt_lcbo_filterout_negative_sales  [[32mMERGE 1[0m in 0.24s]
[2026-09-17T03:01:39.483+0000] {subprocess.py:93} INFO - [0m03:01:39
[2026-09-17T03:01:39.484+0000] {subprocess.py:93} INFO - [0m03:01:39  Finished running 1 incremental model, 6 table models in 0 hours 0 minutes and 1.38 seconds (1.38s).
[2026-09-17T03:01:39.617+0000] {subprocess.py:93} INFO - [0m03:01:39
[2026-09-17T03:01:39.619+0000] {subprocess.py:93} INFO - [0m03:01:39  [32mCompleted successfully[0m
[2026-09-17T03:01:39.620+0000] {subprocess.py:93} INFO - [0m03:01:39
[2026-09-17T03:01:39.622+0000] {subprocess.py:93} INFO - [0m03:01:39  Done. PASS=7 WARN=0 ERROR=0 SKIP=0 NO-OP=0 REUSED=0 TOTAL=7
[2026-09-17T03:01:43.494+0000] {subprocess.py:97} INFO - Command exited with return code 0
[2026-09-17T03:01:43.496+0000] {taskinstance.py:441} INFO - ::group::Post task execution logs
[2026-09-17T03:01:43.518+0000] {taskinstance.py:1206} INFO - Marking task as SUCCESS. dag_id=lcbo_pipeline, task_id=silver.run_pre_snapshot, run_id=manual__2026-09-17T03:01:27.755222+00:00, execution_date=20260917T030127, start_date=20260917T030134, end_date=20260917T030143
[2026-09-17T03:01:43.549+0000] {local_task_job_runner.py:243} INFO - Task exited with return code 0
[2026-09-17T03:01:43.571+0000] {taskinstance.py:3503} INFO - 1 downstream tasks scheduled from follow-on schedule check
[2026-09-17T03:01:43.573+0000] {local_task_job_runner.py:222} INFO - ::endgroup::
