[2026-09-22T02:21:09.089+0000] {local_task_job_runner.py:120} INFO - ::group::Pre task execution logs
[2026-09-22T02:21:09.115+0000] {taskinstance.py:2076} INFO - Dependencies all met for dep_context=non-requeueable deps ti=<TaskInstance: lcbo_pipeline.silver.run_pre_snapshot manual__2026-09-22T02:21:03.584781+00:00 [queued]>
[2026-09-22T02:21:09.122+0000] {taskinstance.py:2076} INFO - Dependencies all met for dep_context=requeueable deps ti=<TaskInstance: lcbo_pipeline.silver.run_pre_snapshot manual__2026-09-22T02:21:03.584781+00:00 [queued]>
[2026-09-22T02:21:09.123+0000] {taskinstance.py:2306} INFO - Starting attempt 1 of 1
[2026-09-22T02:21:09.134+0000] {taskinstance.py:2330} INFO - Executing <Task(BashOperator): silver.run_pre_snapshot> on 2026-09-22 02:21:03.584781+00:00
[2026-09-22T02:21:09.144+0000] {logging_mixin.py:188} WARNING - /home/***/.local/lib/python3.12/site-packages/***/task/task_runner/standard_task_runner.py:62 DeprecationWarning: This process (pid=2219) is multi-threaded, use of fork() may lead to deadlocks in the child.
[2026-09-22T02:21:09.143+0000] {standard_task_runner.py:90} INFO - Running: ['***', 'tasks', 'run', 'lcbo_pipeline', 'silver.run_pre_snapshot', 'manual__2026-09-22T02:21:03.584781+00:00', '--job-id', '128', '--raw', '--subdir', 'DAGS_FOLDER/lcbo_pipeline_dag.py', '--cfg-path', '/tmp/tmpil0t6bx_']
[2026-09-22T02:21:09.145+0000] {standard_task_runner.py:64} INFO - Started process 2220 to run task
[2026-09-22T02:21:09.146+0000] {standard_task_runner.py:91} INFO - Job 128: Subtask silver.run_pre_snapshot
[2026-09-22T02:21:09.184+0000] {task_command.py:426} INFO - Running <TaskInstance: lcbo_pipeline.silver.run_pre_snapshot manual__2026-09-22T02:21:03.584781+00:00 [running]> on host d8c458fd86ee
[2026-09-22T02:21:09.250+0000] {taskinstance.py:2648} INFO - Exporting env vars: AIRFLOW_CTX_DAG_OWNER='bhavik' AIRFLOW_CTX_DAG_ID='lcbo_pipeline' AIRFLOW_CTX_TASK_ID='silver.run_pre_snapshot' AIRFLOW_CTX_EXECUTION_DATE='2026-09-22T02:21:03.584781+00:00' AIRFLOW_CTX_TRY_NUMBER='1' AIRFLOW_CTX_DAG_RUN_ID='manual__2026-09-22T02:21:03.584781+00:00'
[2026-09-22T02:21:09.252+0000] {taskinstance.py:430} INFO - ::endgroup::
[2026-09-22T02:21:09.262+0000] {subprocess.py:63} INFO - Tmp dir root location: /tmp
[2026-09-22T02:21:09.264+0000] {subprocess.py:75} INFO - Running command: ['/usr/bin/bash', '-c', 'cd /opt/***/dbt_project && dbt run --target docker --select dbt_lcbo_raw dbt_product_cost dbt_lcbo_columns_trans dbt_lcbo_columns_type dbt_lcbo_cleansed_settlement dbt_lcbo_filterout_negative_sales dbt_dim_product_transform']
[2026-09-22T02:21:09.277+0000] {subprocess.py:86} INFO - Output:
[2026-09-22T02:21:11.247+0000] {subprocess.py:93} INFO - [0m02:21:11  Running with dbt=1.12.5
[2026-09-22T02:21:11.548+0000] {subprocess.py:93} INFO - [0m02:21:11  Registered adapter: postgres=1.9.0
[2026-09-22T02:21:11.761+0000] {subprocess.py:93} INFO - [0m02:21:11  Unable to do partial parsing because of a version mismatch
[2026-09-22T02:21:13.910+0000] {subprocess.py:93} INFO - [0m02:21:13  Found 14 models, 2 snapshots, 3 sources, 597 macros
[2026-09-22T02:21:13.915+0000] {subprocess.py:93} INFO - [0m02:21:13
[2026-09-22T02:21:13.917+0000] {subprocess.py:93} INFO - [0m02:21:13  Concurrency: 4 threads (target='docker')
[2026-09-22T02:21:13.918+0000] {subprocess.py:93} INFO - [0m02:21:13
[2026-09-22T02:21:14.227+0000] {subprocess.py:93} INFO - [0m02:21:14  1 of 7 START sql table model silver.dbt_lcbo_raw ............................... [RUN]
[2026-09-22T02:21:14.228+0000] {subprocess.py:93} INFO - [0m02:21:14  2 of 7 START sql table model silver.dbt_product_cost ........................... [RUN]
[2026-09-22T02:21:14.434+0000] {subprocess.py:93} INFO - [0m02:21:14  1 of 7 OK created sql table model silver.dbt_lcbo_raw .......................... [[32mSELECT 14[0m in 0.20s]
[2026-09-22T02:21:14.443+0000] {subprocess.py:93} INFO - [0m02:21:14  3 of 7 START sql table model silver.dbt_lcbo_columns_trans ..................... [RUN]
[2026-09-22T02:21:14.452+0000] {subprocess.py:93} INFO - [0m02:21:14  2 of 7 OK created sql table model silver.dbt_product_cost ...................... [[32mSELECT 9[0m in 0.22s]
[2026-09-22T02:21:14.462+0000] {subprocess.py:93} INFO - [0m02:21:14  4 of 7 START sql table model silver.dbt_dim_product_transform .................. [RUN]
[2026-09-22T02:21:14.621+0000] {subprocess.py:93} INFO - [0m02:21:14  3 of 7 OK created sql table model silver.dbt_lcbo_columns_trans ................ [[32mSELECT 14[0m in 0.17s]
[2026-09-22T02:21:14.636+0000] {subprocess.py:93} INFO - [0m02:21:14  5 of 7 START sql table model silver.dbt_lcbo_columns_type ...................... [RUN]
[2026-09-22T02:21:14.652+0000] {subprocess.py:93} INFO - [0m02:21:14  4 of 7 OK created sql table model silver.dbt_dim_product_transform ............. [[32mSELECT 9[0m in 0.19s]
[2026-09-22T02:21:14.887+0000] {subprocess.py:93} INFO - [0m02:21:14  5 of 7 OK created sql table model silver.dbt_lcbo_columns_type ................. [[32mSELECT 14[0m in 0.25s]
[2026-09-22T02:21:14.892+0000] {subprocess.py:93} INFO - [0m02:21:14  6 of 7 START sql table model silver.dbt_lcbo_cleansed_settlement ............... [RUN]
[2026-09-22T02:21:14.894+0000] {subprocess.py:93} INFO - [0m02:21:14  7 of 7 START sql incremental model silver.dbt_lcbo_filterout_negative_sales .... [RUN]
[2026-09-22T02:21:15.104+0000] {subprocess.py:93} INFO - [0m02:21:15  6 of 7 OK created sql table model silver.dbt_lcbo_cleansed_settlement .......... [[32mSELECT 13[0m in 0.20s]
[2026-09-22T02:21:15.117+0000] {subprocess.py:93} INFO - [0m02:21:15  7 of 7 OK created sql incremental model silver.dbt_lcbo_filterout_negative_sales  [[32mMERGE 1[0m in 0.22s]
[2026-09-22T02:21:15.196+0000] {subprocess.py:93} INFO - [0m02:21:15
[2026-09-22T02:21:15.198+0000] {subprocess.py:93} INFO - [0m02:21:15  Finished running 1 incremental model, 6 table models in 0 hours 0 minutes and 1.28 seconds (1.28s).
[2026-09-22T02:21:15.316+0000] {subprocess.py:93} INFO - [0m02:21:15
[2026-09-22T02:21:15.318+0000] {subprocess.py:93} INFO - [0m02:21:15  [32mCompleted successfully[0m
[2026-09-22T02:21:15.320+0000] {subprocess.py:93} INFO - [0m02:21:15
[2026-09-22T02:21:15.321+0000] {subprocess.py:93} INFO - [0m02:21:15  Done. PASS=7 WARN=0 ERROR=0 SKIP=0 NO-OP=0 REUSED=0 TOTAL=7
[2026-09-22T02:21:19.236+0000] {subprocess.py:97} INFO - Command exited with return code 0
[2026-09-22T02:21:19.238+0000] {taskinstance.py:441} INFO - ::group::Post task execution logs
[2026-09-22T02:21:19.256+0000] {taskinstance.py:1206} INFO - Marking task as SUCCESS. dag_id=lcbo_pipeline, task_id=silver.run_pre_snapshot, run_id=manual__2026-09-22T02:21:03.584781+00:00, execution_date=20260922T022103, start_date=20260922T022109, end_date=20260922T022119
[2026-09-22T02:21:19.272+0000] {local_task_job_runner.py:243} INFO - Task exited with return code 0
[2026-09-22T02:21:19.293+0000] {taskinstance.py:3503} INFO - 1 downstream tasks scheduled from follow-on schedule check
[2026-09-22T02:21:19.296+0000] {local_task_job_runner.py:222} INFO - ::endgroup::
