[2026-09-22T02:13:22.693+0000] {local_task_job_runner.py:120} INFO - ::group::Pre task execution logs
[2026-09-22T02:13:22.718+0000] {taskinstance.py:2076} INFO - Dependencies all met for dep_context=non-requeueable deps ti=<TaskInstance: lcbo_pipeline.silver.run_joined manual__2026-09-22T02:12:57.304464+00:00 [queued]>
[2026-09-22T02:13:22.725+0000] {taskinstance.py:2076} INFO - Dependencies all met for dep_context=requeueable deps ti=<TaskInstance: lcbo_pipeline.silver.run_joined manual__2026-09-22T02:12:57.304464+00:00 [queued]>
[2026-09-22T02:13:22.727+0000] {taskinstance.py:2306} INFO - Starting attempt 1 of 1
[2026-09-22T02:13:22.736+0000] {taskinstance.py:2330} INFO - Executing <Task(BashOperator): silver.run_joined> on 2026-09-22 02:12:57.304464+00:00
[2026-09-22T02:13:22.745+0000] {standard_task_runner.py:90} INFO - Running: ['***', 'tasks', 'run', 'lcbo_pipeline', 'silver.run_joined', 'manual__2026-09-22T02:12:57.304464+00:00', '--job-id', '122', '--raw', '--subdir', 'DAGS_FOLDER/lcbo_pipeline_dag.py', '--cfg-path', '/tmp/tmp4lway2hd']
[2026-09-22T02:13:22.746+0000] {logging_mixin.py:188} WARNING - /home/***/.local/lib/python3.12/site-packages/***/task/task_runner/standard_task_runner.py:62 DeprecationWarning: This process (pid=1955) is multi-threaded, use of fork() may lead to deadlocks in the child.
[2026-09-22T02:13:22.747+0000] {standard_task_runner.py:91} INFO - Job 122: Subtask silver.run_joined
[2026-09-22T02:13:22.748+0000] {standard_task_runner.py:64} INFO - Started process 1956 to run task
[2026-09-22T02:13:22.791+0000] {task_command.py:426} INFO - Running <TaskInstance: lcbo_pipeline.silver.run_joined manual__2026-09-22T02:12:57.304464+00:00 [running]> on host d8c458fd86ee
[2026-09-22T02:13:22.865+0000] {taskinstance.py:2648} INFO - Exporting env vars: AIRFLOW_CTX_DAG_OWNER='bhavik' AIRFLOW_CTX_DAG_ID='lcbo_pipeline' AIRFLOW_CTX_TASK_ID='silver.run_joined' AIRFLOW_CTX_EXECUTION_DATE='2026-09-22T02:12:57.304464+00:00' AIRFLOW_CTX_TRY_NUMBER='1' AIRFLOW_CTX_DAG_RUN_ID='manual__2026-09-22T02:12:57.304464+00:00'
[2026-09-22T02:13:22.866+0000] {taskinstance.py:430} INFO - ::endgroup::
[2026-09-22T02:13:22.877+0000] {subprocess.py:63} INFO - Tmp dir root location: /tmp
[2026-09-22T02:13:22.879+0000] {subprocess.py:75} INFO - Running command: ['/usr/bin/bash', '-c', 'cd /opt/***/dbt_project && dbt run --target docker --select dbt_lcbo_joined_dim_prod_cost']
[2026-09-22T02:13:22.891+0000] {subprocess.py:86} INFO - Output:
[2026-09-22T02:13:24.399+0000] {subprocess.py:93} INFO - [0m02:13:24  Running with dbt=1.12.5
[2026-09-22T02:13:24.630+0000] {subprocess.py:93} INFO - [0m02:13:24  Registered adapter: postgres=1.9.0
[2026-09-22T02:13:25.813+0000] {subprocess.py:93} INFO - [0m02:13:25  Found 14 models, 2 snapshots, 3 sources, 597 macros
[2026-09-22T02:13:25.817+0000] {subprocess.py:93} INFO - [0m02:13:25
[2026-09-22T02:13:25.819+0000] {subprocess.py:93} INFO - [0m02:13:25  Concurrency: 4 threads (target='docker')
[2026-09-22T02:13:25.821+0000] {subprocess.py:93} INFO - [0m02:13:25
[2026-09-22T02:13:26.278+0000] {subprocess.py:93} INFO - [0m02:13:26  1 of 1 START sql table model silver.dbt_lcbo_joined_dim_prod_cost .............. [RUN]
[2026-09-22T02:13:26.483+0000] {subprocess.py:93} INFO - [0m02:13:26  1 of 1 OK created sql table model silver.dbt_lcbo_joined_dim_prod_cost ......... [[32mSELECT 13[0m in 0.20s]
[2026-09-22T02:13:26.574+0000] {subprocess.py:93} INFO - [0m02:13:26
[2026-09-22T02:13:26.576+0000] {subprocess.py:93} INFO - [0m02:13:26  Finished running 1 table model in 0 hours 0 minutes and 0.75 seconds (0.75s).
[2026-09-22T02:13:26.807+0000] {subprocess.py:93} INFO - [0m02:13:26
[2026-09-22T02:13:26.810+0000] {subprocess.py:93} INFO - [0m02:13:26  [32mCompleted successfully[0m
[2026-09-22T02:13:26.813+0000] {subprocess.py:93} INFO - [0m02:13:26
[2026-09-22T02:13:26.815+0000] {subprocess.py:93} INFO - [0m02:13:26  Done. PASS=1 WARN=0 ERROR=0 SKIP=0 NO-OP=0 REUSED=0 TOTAL=1
[2026-09-22T02:13:30.580+0000] {subprocess.py:97} INFO - Command exited with return code 0
[2026-09-22T02:13:30.582+0000] {taskinstance.py:441} INFO - ::group::Post task execution logs
[2026-09-22T02:13:30.603+0000] {taskinstance.py:1206} INFO - Marking task as SUCCESS. dag_id=lcbo_pipeline, task_id=silver.run_joined, run_id=manual__2026-09-22T02:12:57.304464+00:00, execution_date=20260922T021257, start_date=20260922T021322, end_date=20260922T021330
[2026-09-22T02:13:30.627+0000] {local_task_job_runner.py:243} INFO - Task exited with return code 0
[2026-09-22T02:13:30.647+0000] {taskinstance.py:3503} INFO - 1 downstream tasks scheduled from follow-on schedule check
[2026-09-22T02:13:30.650+0000] {local_task_job_runner.py:222} INFO - ::endgroup::
