[2026-09-22T02:21:19.899+0000] {local_task_job_runner.py:120} INFO - ::group::Pre task execution logs
[2026-09-22T02:21:19.927+0000] {taskinstance.py:2076} INFO - Dependencies all met for dep_context=non-requeueable deps ti=<TaskInstance: lcbo_pipeline.silver.snapshot_cost manual__2026-09-22T02:21:03.584781+00:00 [queued]>
[2026-09-22T02:21:19.935+0000] {taskinstance.py:2076} INFO - Dependencies all met for dep_context=requeueable deps ti=<TaskInstance: lcbo_pipeline.silver.snapshot_cost manual__2026-09-22T02:21:03.584781+00:00 [queued]>
[2026-09-22T02:21:19.936+0000] {taskinstance.py:2306} INFO - Starting attempt 1 of 1
[2026-09-22T02:21:19.946+0000] {taskinstance.py:2330} INFO - Executing <Task(BashOperator): silver.snapshot_cost> on 2026-09-22 02:21:03.584781+00:00
[2026-09-22T02:21:19.956+0000] {standard_task_runner.py:90} INFO - Running: ['***', 'tasks', 'run', 'lcbo_pipeline', 'silver.snapshot_cost', 'manual__2026-09-22T02:21:03.584781+00:00', '--job-id', '129', '--raw', '--subdir', 'DAGS_FOLDER/lcbo_pipeline_dag.py', '--cfg-path', '/tmp/tmpjvkqgh7r']
[2026-09-22T02:21:19.958+0000] {logging_mixin.py:188} WARNING - /home/***/.local/lib/python3.12/site-packages/***/task/task_runner/standard_task_runner.py:62 DeprecationWarning: This process (pid=2250) is multi-threaded, use of fork() may lead to deadlocks in the child.
[2026-09-22T02:21:19.958+0000] {standard_task_runner.py:91} INFO - Job 129: Subtask silver.snapshot_cost
[2026-09-22T02:21:19.959+0000] {standard_task_runner.py:64} INFO - Started process 2251 to run task
[2026-09-22T02:21:19.995+0000] {task_command.py:426} INFO - Running <TaskInstance: lcbo_pipeline.silver.snapshot_cost manual__2026-09-22T02:21:03.584781+00:00 [running]> on host d8c458fd86ee
[2026-09-22T02:21:20.063+0000] {taskinstance.py:2648} INFO - Exporting env vars: AIRFLOW_CTX_DAG_OWNER='bhavik' AIRFLOW_CTX_DAG_ID='lcbo_pipeline' AIRFLOW_CTX_TASK_ID='silver.snapshot_cost' AIRFLOW_CTX_EXECUTION_DATE='2026-09-22T02:21:03.584781+00:00' AIRFLOW_CTX_TRY_NUMBER='1' AIRFLOW_CTX_DAG_RUN_ID='manual__2026-09-22T02:21:03.584781+00:00'
[2026-09-22T02:21:20.064+0000] {taskinstance.py:430} INFO - ::endgroup::
[2026-09-22T02:21:20.075+0000] {subprocess.py:63} INFO - Tmp dir root location: /tmp
[2026-09-22T02:21:20.077+0000] {subprocess.py:75} INFO - Running command: ['/usr/bin/bash', '-c', 'cd /opt/***/dbt_project && dbt snapshot --target docker --select dim_product_cost_snapshot']
[2026-09-22T02:21:20.089+0000] {subprocess.py:86} INFO - Output:
[2026-09-22T02:21:21.602+0000] {subprocess.py:93} INFO - [0m02:21:21  Running with dbt=1.12.5
[2026-09-22T02:21:21.838+0000] {subprocess.py:93} INFO - [0m02:21:21  Registered adapter: postgres=1.9.0
[2026-09-22T02:21:22.956+0000] {subprocess.py:93} INFO - [0m02:21:22  Found 14 models, 2 snapshots, 3 sources, 597 macros
[2026-09-22T02:21:22.960+0000] {subprocess.py:93} INFO - [0m02:21:22
[2026-09-22T02:21:22.961+0000] {subprocess.py:93} INFO - [0m02:21:22  Concurrency: 4 threads (target='docker')
[2026-09-22T02:21:22.962+0000] {subprocess.py:93} INFO - [0m02:21:22
[2026-09-22T02:21:23.383+0000] {subprocess.py:93} INFO - [0m02:21:23  1 of 1 START snapshot gold.dim_product_cost_snapshot ........................... [RUN]
[2026-09-22T02:21:23.806+0000] {subprocess.py:93} INFO - [0m02:21:23  [[33mWARNING[0m]: Data type of snapshot table timestamp columns (DATETIME) doesn't match derived column 'updated_at' (DATE). Please update snapshot config 'updated_at'.
[2026-09-22T02:21:23.845+0000] {subprocess.py:93} INFO - [0m02:21:23  1 of 1 OK snapshotted gold.dim_product_cost_snapshot ........................... [[32mINSERT 0 0[0m in 0.46s]
[2026-09-22T02:21:23.927+0000] {subprocess.py:93} INFO - [0m02:21:23
[2026-09-22T02:21:23.928+0000] {subprocess.py:93} INFO - [0m02:21:23  Finished running 1 snapshot in 0 hours 0 minutes and 0.96 seconds (0.96s).
[2026-09-22T02:21:24.044+0000] {subprocess.py:93} INFO - [0m02:21:24
[2026-09-22T02:21:24.046+0000] {subprocess.py:93} INFO - [0m02:21:24  [32mCompleted successfully[0m
[2026-09-22T02:21:24.047+0000] {subprocess.py:93} INFO - [0m02:21:24
[2026-09-22T02:21:24.048+0000] {subprocess.py:93} INFO - [0m02:21:24  Done. PASS=1 WARN=0 ERROR=0 SKIP=0 NO-OP=0 REUSED=0 TOTAL=1
[2026-09-22T02:21:27.943+0000] {subprocess.py:97} INFO - Command exited with return code 0
[2026-09-22T02:21:27.945+0000] {taskinstance.py:441} INFO - ::group::Post task execution logs
[2026-09-22T02:21:27.964+0000] {taskinstance.py:1206} INFO - Marking task as SUCCESS. dag_id=lcbo_pipeline, task_id=silver.snapshot_cost, run_id=manual__2026-09-22T02:21:03.584781+00:00, execution_date=20260922T022103, start_date=20260922T022119, end_date=20260922T022127
[2026-09-22T02:21:28.001+0000] {local_task_job_runner.py:243} INFO - Task exited with return code 0
[2026-09-22T02:21:28.023+0000] {taskinstance.py:3503} INFO - 1 downstream tasks scheduled from follow-on schedule check
[2026-09-22T02:21:28.025+0000] {local_task_job_runner.py:222} INFO - ::endgroup::
