[2026-09-23T01:27:06.971+0000] {local_task_job_runner.py:120} INFO - ::group::Pre task execution logs
[2026-09-23T01:27:07.000+0000] {taskinstance.py:2076} INFO - Dependencies all met for dep_context=non-requeueable deps ti=<TaskInstance: medallion_settlement_pipeline.Gold_Star_Schema.build_dims_and_fact manual__2026-09-23T01:26:24.294666+00:00 [queued]>
[2026-09-23T01:27:07.008+0000] {taskinstance.py:2076} INFO - Dependencies all met for dep_context=requeueable deps ti=<TaskInstance: medallion_settlement_pipeline.Gold_Star_Schema.build_dims_and_fact manual__2026-09-23T01:26:24.294666+00:00 [queued]>
[2026-09-23T01:27:07.009+0000] {taskinstance.py:2306} INFO - Starting attempt 1 of 1
[2026-09-23T01:27:07.019+0000] {taskinstance.py:2330} INFO - Executing <Task(BashOperator): Gold_Star_Schema.build_dims_and_fact> on 2026-09-23 01:26:24.294666+00:00
[2026-09-23T01:27:07.030+0000] {standard_task_runner.py:90} INFO - Running: ['***', 'tasks', 'run', 'medallion_settlement_pipeline', 'Gold_Star_Schema.build_dims_and_fact', 'manual__2026-09-23T01:26:24.294666+00:00', '--job-id', '160', '--raw', '--subdir', 'DAGS_FOLDER/lcbo_pipeline_dag.py', '--cfg-path', '/tmp/tmp1882kgfk']
[2026-09-23T01:27:07.033+0000] {standard_task_runner.py:91} INFO - Job 160: Subtask Gold_Star_Schema.build_dims_and_fact
[2026-09-23T01:27:07.033+0000] {logging_mixin.py:188} WARNING - /home/***/.local/lib/python3.12/site-packages/***/task/task_runner/standard_task_runner.py:62 DeprecationWarning: This process (pid=1631) is multi-threaded, use of fork() may lead to deadlocks in the child.
[2026-09-23T01:27:07.035+0000] {standard_task_runner.py:64} INFO - Started process 1632 to run task
[2026-09-23T01:27:07.072+0000] {task_command.py:426} INFO - Running <TaskInstance: medallion_settlement_pipeline.Gold_Star_Schema.build_dims_and_fact manual__2026-09-23T01:26:24.294666+00:00 [running]> on host 4318980e9d4e
[2026-09-23T01:27:07.150+0000] {taskinstance.py:2648} INFO - Exporting env vars: AIRFLOW_CTX_DAG_OWNER='bhavik' AIRFLOW_CTX_DAG_ID='medallion_settlement_pipeline' AIRFLOW_CTX_TASK_ID='Gold_Star_Schema.build_dims_and_fact' AIRFLOW_CTX_EXECUTION_DATE='2026-09-23T01:26:24.294666+00:00' AIRFLOW_CTX_TRY_NUMBER='1' AIRFLOW_CTX_DAG_RUN_ID='manual__2026-09-23T01:26:24.294666+00:00'
[2026-09-23T01:27:07.151+0000] {taskinstance.py:430} INFO - ::endgroup::
[2026-09-23T01:27:07.164+0000] {subprocess.py:63} INFO - Tmp dir root location: /tmp
[2026-09-23T01:27:07.166+0000] {subprocess.py:75} INFO - Running command: ['/usr/bin/bash', '-c', 'cd /opt/***/dbt_project && dbt run --target docker --select gold_dim_date gold_dim_product_cost gold_dim_product_info gold_dim_store dbt_lcbo_fact_table gold_fact_table']
[2026-09-23T01:27:07.180+0000] {subprocess.py:86} INFO - Output:
[2026-09-23T01:27:08.810+0000] {subprocess.py:93} INFO - [0m01:27:08  Running with dbt=1.12.5
[2026-09-23T01:27:09.043+0000] {subprocess.py:93} INFO - [0m01:27:09  Registered adapter: postgres=1.9.0
[2026-09-23T01:27:10.207+0000] {subprocess.py:93} INFO - [0m01:27:10  Found 14 models, 2 snapshots, 3 sources, 597 macros
[2026-09-23T01:27:10.212+0000] {subprocess.py:93} INFO - [0m01:27:10
[2026-09-23T01:27:10.213+0000] {subprocess.py:93} INFO - [0m01:27:10  Concurrency: 4 threads (target='docker')
[2026-09-23T01:27:10.214+0000] {subprocess.py:93} INFO - [0m01:27:10
[2026-09-23T01:27:10.591+0000] {subprocess.py:93} INFO - [0m01:27:10  1 of 6 START sql table model gold.gold_dim_date ................................ [RUN]
[2026-09-23T01:27:10.593+0000] {subprocess.py:93} INFO - [0m01:27:10  2 of 6 START sql table model gold.gold_dim_product_cost ........................ [RUN]
[2026-09-23T01:27:10.594+0000] {subprocess.py:93} INFO - [0m01:27:10  3 of 6 START sql table model gold.gold_dim_product_info ........................ [RUN]
[2026-09-23T01:27:10.596+0000] {subprocess.py:93} INFO - [0m01:27:10  4 of 6 START sql table model gold.gold_dim_store ............................... [RUN]
[2026-09-23T01:27:10.958+0000] {subprocess.py:93} INFO - [0m01:27:10  4 of 6 OK created sql table model gold.gold_dim_store .......................... [[32mSELECT 5[0m in 0.35s]
[2026-09-23T01:27:10.959+0000] {subprocess.py:93} INFO - [0m01:27:10  2 of 6 OK created sql table model gold.gold_dim_product_cost ................... [[32mSELECT 9[0m in 0.35s]
[2026-09-23T01:27:10.975+0000] {subprocess.py:93} INFO - [0m01:27:10  3 of 6 OK created sql table model gold.gold_dim_product_info ................... [[32mSELECT 14[0m in 0.37s]
[2026-09-23T01:27:10.983+0000] {subprocess.py:93} INFO - [0m01:27:10  1 of 6 OK created sql table model gold.gold_dim_date ........................... [[32mSELECT 3653[0m in 0.38s]
[2026-09-23T01:27:10.988+0000] {subprocess.py:93} INFO - [0m01:27:10  5 of 6 START sql table model silver.dbt_lcbo_fact_table ........................ [RUN]
[2026-09-23T01:27:11.139+0000] {subprocess.py:93} INFO - [0m01:27:11  5 of 6 OK created sql table model silver.dbt_lcbo_fact_table ................... [[32mSELECT 20[0m in 0.15s]
[2026-09-23T01:27:11.145+0000] {subprocess.py:93} INFO - [0m01:27:11  6 of 6 START sql incremental model gold.gold_fact_table ........................ [RUN]
[2026-09-23T01:27:11.367+0000] {subprocess.py:93} INFO - [0m01:27:11  6 of 6 ERROR creating sql incremental model gold.gold_fact_table ............... [[31mERROR[0m in 0.22s]
[2026-09-23T01:27:11.459+0000] {subprocess.py:93} INFO - [0m01:27:11
[2026-09-23T01:27:11.460+0000] {subprocess.py:93} INFO - [0m01:27:11  Finished running 1 incremental model, 5 table models in 0 hours 0 minutes and 1.24 seconds (1.24s).
[2026-09-23T01:27:11.588+0000] {subprocess.py:93} INFO - [0m01:27:11
[2026-09-23T01:27:11.590+0000] {subprocess.py:93} INFO - [0m01:27:11  [31mCompleted with 1 error, 0 partial successes, and 0 warnings:[0m
[2026-09-23T01:27:11.591+0000] {subprocess.py:93} INFO - [0m01:27:11
[2026-09-23T01:27:11.593+0000] {subprocess.py:93} INFO - [0m01:27:11  [[31mERROR[0m]: in model gold_fact_table (models/gold_LCBO_marts/gold_fact_table.sql)
[2026-09-23T01:27:11.594+0000] {subprocess.py:93} INFO - [0m01:27:11    Database Error in model gold_fact_table (models/gold_LCBO_marts/gold_fact_table.sql)
[2026-09-23T01:27:11.595+0000] {subprocess.py:93} INFO -   MERGE command cannot affect row a second time
[2026-09-23T01:27:11.596+0000] {subprocess.py:93} INFO -   HINT:  Ensure that not more than one source row matches any one target row.
[2026-09-23T01:27:11.596+0000] {subprocess.py:93} INFO -   compiled code at target/run/dbt_transformation_lcbo/models/gold_LCBO_marts/gold_fact_table.sql
[2026-09-23T01:27:11.597+0000] {subprocess.py:93} INFO - [0m01:27:11
[2026-09-23T01:27:11.598+0000] {subprocess.py:93} INFO - [0m01:27:11    compiled code at target/compiled/dbt_transformation_lcbo/models/gold_LCBO_marts/gold_fact_table.sql
[2026-09-23T01:27:11.598+0000] {subprocess.py:93} INFO - [0m01:27:11
[2026-09-23T01:27:11.601+0000] {subprocess.py:93} INFO - [0m01:27:11  Done. PASS=5 WARN=0 ERROR=1 SKIP=0 NO-OP=0 REUSED=0 TOTAL=6
[2026-09-23T01:27:15.405+0000] {subprocess.py:97} INFO - Command exited with return code 1
[2026-09-23T01:27:15.407+0000] {taskinstance.py:441} INFO - ::group::Post task execution logs
[2026-09-23T01:27:15.416+0000] {taskinstance.py:2905} ERROR - Task failed with exception
Traceback (most recent call last):
  File "/home/airflow/.local/lib/python3.12/site-packages/airflow/models/taskinstance.py", line 465, in _execute_task
    result = _execute_callable(context=context, **execute_callable_kwargs)
             ^^^^^^^^^^^^^^^^^^^^^^^^^^^^^^^^^^^^^^^^^^^^^^^^^^^^^^^^^^^^^
  File "/home/airflow/.local/lib/python3.12/site-packages/airflow/models/taskinstance.py", line 432, in _execute_callable
    return execute_callable(context=context, **execute_callable_kwargs)
           ^^^^^^^^^^^^^^^^^^^^^^^^^^^^^^^^^^^^^^^^^^^^^^^^^^^^^^^^^^^^
  File "/home/airflow/.local/lib/python3.12/site-packages/airflow/models/baseoperator.py", line 401, in wrapper
    return func(self, *args, **kwargs)
           ^^^^^^^^^^^^^^^^^^^^^^^^^^^
  File "/home/airflow/.local/lib/python3.12/site-packages/airflow/operators/bash.py", line 243, in execute
    raise AirflowException(
airflow.exceptions.AirflowException: Bash command failed. The command returned a non-zero exit code 1.
[2026-09-23T01:27:15.422+0000] {taskinstance.py:1206} INFO - Marking task as FAILED. dag_id=medallion_settlement_pipeline, task_id=Gold_Star_Schema.build_dims_and_fact, run_id=manual__2026-09-23T01:26:24.294666+00:00, execution_date=20260923T012624, start_date=20260923T012707, end_date=20260923T012715
[2026-09-23T01:27:15.434+0000] {standard_task_runner.py:110} ERROR - Failed to execute job 160 for task Gold_Star_Schema.build_dims_and_fact (Bash command failed. The command returned a non-zero exit code 1.; 1632)
[2026-09-23T01:27:15.482+0000] {local_task_job_runner.py:243} INFO - Task exited with return code 1
[2026-09-23T01:27:15.495+0000] {taskinstance.py:3503} INFO - 0 downstream tasks scheduled from follow-on schedule check
[2026-09-23T01:27:15.498+0000] {local_task_job_runner.py:222} INFO - ::endgroup::
