[2026-09-22T02:13:31.730+0000] {local_task_job_runner.py:120} INFO - ::group::Pre task execution logs
[2026-09-22T02:13:31.756+0000] {taskinstance.py:2076} INFO - Dependencies all met for dep_context=non-requeueable deps ti=<TaskInstance: lcbo_pipeline.silver.snapshot_product manual__2026-09-22T02:12:57.304464+00:00 [queued]>
[2026-09-22T02:13:31.763+0000] {taskinstance.py:2076} INFO - Dependencies all met for dep_context=requeueable deps ti=<TaskInstance: lcbo_pipeline.silver.snapshot_product manual__2026-09-22T02:12:57.304464+00:00 [queued]>
[2026-09-22T02:13:31.764+0000] {taskinstance.py:2306} INFO - Starting attempt 1 of 1
[2026-09-22T02:13:31.774+0000] {taskinstance.py:2330} INFO - Executing <Task(BashOperator): silver.snapshot_product> on 2026-09-22 02:12:57.304464+00:00
[2026-09-22T02:13:31.782+0000] {standard_task_runner.py:90} INFO - Running: ['***', 'tasks', 'run', 'lcbo_pipeline', 'silver.snapshot_product', 'manual__2026-09-22T02:12:57.304464+00:00', '--job-id', '123', '--raw', '--subdir', 'DAGS_FOLDER/lcbo_pipeline_dag.py', '--cfg-path', '/tmp/tmptz0fqvfq']
[2026-09-22T02:13:31.784+0000] {logging_mixin.py:188} WARNING - /home/***/.local/lib/python3.12/site-packages/***/task/task_runner/standard_task_runner.py:62 DeprecationWarning: This process (pid=1981) is multi-threaded, use of fork() may lead to deadlocks in the child.
[2026-09-22T02:13:31.785+0000] {standard_task_runner.py:91} INFO - Job 123: Subtask silver.snapshot_product
[2026-09-22T02:13:31.786+0000] {standard_task_runner.py:64} INFO - Started process 1982 to run task
[2026-09-22T02:13:31.820+0000] {task_command.py:426} INFO - Running <TaskInstance: lcbo_pipeline.silver.snapshot_product manual__2026-09-22T02:12:57.304464+00:00 [running]> on host d8c458fd86ee
[2026-09-22T02:13:31.892+0000] {taskinstance.py:2648} INFO - Exporting env vars: AIRFLOW_CTX_DAG_OWNER='bhavik' AIRFLOW_CTX_DAG_ID='lcbo_pipeline' AIRFLOW_CTX_TASK_ID='silver.snapshot_product' AIRFLOW_CTX_EXECUTION_DATE='2026-09-22T02:12:57.304464+00:00' AIRFLOW_CTX_TRY_NUMBER='1' AIRFLOW_CTX_DAG_RUN_ID='manual__2026-09-22T02:12:57.304464+00:00'
[2026-09-22T02:13:31.894+0000] {taskinstance.py:430} INFO - ::endgroup::
[2026-09-22T02:13:31.904+0000] {subprocess.py:63} INFO - Tmp dir root location: /tmp
[2026-09-22T02:13:31.906+0000] {subprocess.py:75} INFO - Running command: ['/usr/bin/bash', '-c', 'cd /opt/***/dbt_project && dbt snapshot --target docker --select dim_product_snapshot']
[2026-09-22T02:13:31.919+0000] {subprocess.py:86} INFO - Output:
[2026-09-22T02:13:33.486+0000] {subprocess.py:93} INFO - [0m02:13:33  Running with dbt=1.12.5
[2026-09-22T02:13:33.719+0000] {subprocess.py:93} INFO - [0m02:13:33  Registered adapter: postgres=1.9.0
[2026-09-22T02:13:34.850+0000] {subprocess.py:93} INFO - [0m02:13:34  Found 14 models, 2 snapshots, 3 sources, 597 macros
[2026-09-22T02:13:34.854+0000] {subprocess.py:93} INFO - [0m02:13:34
[2026-09-22T02:13:34.855+0000] {subprocess.py:93} INFO - [0m02:13:34  Concurrency: 4 threads (target='docker')
[2026-09-22T02:13:34.856+0000] {subprocess.py:93} INFO - [0m02:13:34
[2026-09-22T02:13:35.174+0000] {subprocess.py:93} INFO - [0m02:13:35  1 of 1 START snapshot gold.dim_product_snapshot ................................ [RUN]
[2026-09-22T02:13:35.652+0000] {subprocess.py:93} INFO - [0m02:13:35  1 of 1 OK snapshotted gold.dim_product_snapshot ................................ [[32mINSERT 0 9[0m in 0.47s]
[2026-09-22T02:13:35.734+0000] {subprocess.py:93} INFO - [0m02:13:35
[2026-09-22T02:13:35.736+0000] {subprocess.py:93} INFO - [0m02:13:35  Finished running 1 snapshot in 0 hours 0 minutes and 0.88 seconds (0.88s).
[2026-09-22T02:13:35.865+0000] {subprocess.py:93} INFO - [0m02:13:35
[2026-09-22T02:13:35.867+0000] {subprocess.py:93} INFO - [0m02:13:35  [32mCompleted successfully[0m
[2026-09-22T02:13:35.868+0000] {subprocess.py:93} INFO - [0m02:13:35
[2026-09-22T02:13:35.870+0000] {subprocess.py:93} INFO - [0m02:13:35  Done. PASS=1 WARN=0 ERROR=0 SKIP=0 NO-OP=0 REUSED=0 TOTAL=1
[2026-09-22T02:13:39.602+0000] {subprocess.py:97} INFO - Command exited with return code 0
[2026-09-22T02:13:39.605+0000] {taskinstance.py:441} INFO - ::group::Post task execution logs
[2026-09-22T02:13:39.627+0000] {taskinstance.py:1206} INFO - Marking task as SUCCESS. dag_id=lcbo_pipeline, task_id=silver.snapshot_product, run_id=manual__2026-09-22T02:12:57.304464+00:00, execution_date=20260922T021257, start_date=20260922T021331, end_date=20260922T021339
[2026-09-22T02:13:39.673+0000] {local_task_job_runner.py:243} INFO - Task exited with return code 0
[2026-09-22T02:13:39.691+0000] {taskinstance.py:3503} INFO - 1 downstream tasks scheduled from follow-on schedule check
[2026-09-22T02:13:39.694+0000] {local_task_job_runner.py:222} INFO - ::endgroup::
