[2026-09-19T17:40:25.941+0000] {local_task_job_runner.py:120} INFO - ::group::Pre task execution logs
[2026-09-19T17:40:25.965+0000] {taskinstance.py:2076} INFO - Dependencies all met for dep_context=non-requeueable deps ti=<TaskInstance: lcbo_pipeline.bronze.lcbo_raw manual__2026-09-19T17:40:24.501729+00:00 [queued]>
[2026-09-19T17:40:25.972+0000] {taskinstance.py:2076} INFO - Dependencies all met for dep_context=requeueable deps ti=<TaskInstance: lcbo_pipeline.bronze.lcbo_raw manual__2026-09-19T17:40:24.501729+00:00 [queued]>
[2026-09-19T17:40:25.974+0000] {taskinstance.py:2306} INFO - Starting attempt 1 of 1
[2026-09-19T17:40:25.983+0000] {taskinstance.py:2330} INFO - Executing <Task(BashOperator): bronze.lcbo_raw> on 2026-09-19 17:40:24.501729+00:00
[2026-09-19T17:40:25.991+0000] {standard_task_runner.py:90} INFO - Running: ['***', 'tasks', 'run', 'lcbo_pipeline', 'bronze.lcbo_raw', 'manual__2026-09-19T17:40:24.501729+00:00', '--job-id', '36', '--raw', '--subdir', 'DAGS_FOLDER/lcbo_pipeline_dag.py', '--cfg-path', '/tmp/tmp70urx8wp']
[2026-09-19T17:40:25.992+0000] {logging_mixin.py:188} WARNING - /home/***/.local/lib/python3.12/site-packages/***/task/task_runner/standard_task_runner.py:62 DeprecationWarning: This process (pid=298) is multi-threaded, use of fork() may lead to deadlocks in the child.
[2026-09-19T17:40:25.993+0000] {standard_task_runner.py:91} INFO - Job 36: Subtask bronze.lcbo_raw
[2026-09-19T17:40:25.994+0000] {standard_task_runner.py:64} INFO - Started process 299 to run task
[2026-09-19T17:40:26.030+0000] {task_command.py:426} INFO - Running <TaskInstance: lcbo_pipeline.bronze.lcbo_raw manual__2026-09-19T17:40:24.501729+00:00 [running]> on host 603277fa8897
[2026-09-19T17:40:26.103+0000] {taskinstance.py:2648} INFO - Exporting env vars: AIRFLOW_CTX_DAG_OWNER='bhavik' AIRFLOW_CTX_DAG_ID='lcbo_pipeline' AIRFLOW_CTX_TASK_ID='bronze.lcbo_raw' AIRFLOW_CTX_EXECUTION_DATE='2026-09-19T17:40:24.501729+00:00' AIRFLOW_CTX_TRY_NUMBER='1' AIRFLOW_CTX_DAG_RUN_ID='manual__2026-09-19T17:40:24.501729+00:00'
[2026-09-19T17:40:26.104+0000] {taskinstance.py:430} INFO - ::endgroup::
[2026-09-19T17:40:26.115+0000] {subprocess.py:63} INFO - Tmp dir root location: /tmp
[2026-09-19T17:40:26.117+0000] {subprocess.py:75} INFO - Running command: ['/usr/bin/bash', '-c', 'python /opt/***/etl_scripts/bronze_lcbo_raw.py']
[2026-09-19T17:40:26.129+0000] {subprocess.py:86} INFO - Output:
[2026-09-19T17:40:27.466+0000] {subprocess.py:93} INFO - 2026-09-19 17:40:27,466 - INFO - Successfully connected to Postgres
[2026-09-19T17:40:27.467+0000] {subprocess.py:93} INFO - 2026-09-19 17:40:27,466 - INFO - Successfully connected to Postgres
[2026-09-19T17:40:27.468+0000] {subprocess.py:93} INFO - 2026-09-19 17:40:27,466 - INFO - LoadingData_ToPostgres class initialized successfully.
[2026-09-19T17:40:27.470+0000] {subprocess.py:93} INFO - 2026-09-19 17:40:27,470 - INFO - Processing file: lcbo_settlement_20240103.csv with batch ID: 2 and file hash: 6190d7fd6c63881dfdbd828902ade53dff04d34a2af22caa5bae96987889cc6e
[2026-09-19T17:40:27.471+0000] {subprocess.py:93} INFO - 2026-09-19 17:40:27,470 - INFO - Found file: /opt/***/source_files/lcbo_settlement_20240103.csv
[2026-09-19T17:40:27.482+0000] {subprocess.py:93} INFO - 2026-09-19 17:40:27,482 - INFO - Inserted batch of size 14 into Postgres.
[2026-09-19T17:40:27.484+0000] {subprocess.py:93} INFO - 2026-09-19 17:40:27,484 - INFO - File processed successfully.
[2026-09-19T17:40:27.485+0000] {subprocess.py:93} INFO - 2026-09-19 17:40:27,484 - INFO - Postgres connection closed.
[2026-09-19T17:40:27.550+0000] {subprocess.py:97} INFO - Command exited with return code 0
[2026-09-19T17:40:27.552+0000] {taskinstance.py:441} INFO - ::group::Post task execution logs
[2026-09-19T17:40:27.572+0000] {taskinstance.py:1206} INFO - Marking task as SUCCESS. dag_id=lcbo_pipeline, task_id=bronze.lcbo_raw, run_id=manual__2026-09-19T17:40:24.501729+00:00, execution_date=20260919T174024, start_date=20260919T174025, end_date=20260919T174027
[2026-09-19T17:40:27.614+0000] {local_task_job_runner.py:243} INFO - Task exited with return code 0
[2026-09-19T17:40:27.635+0000] {taskinstance.py:3503} INFO - 1 downstream tasks scheduled from follow-on schedule check
[2026-09-19T17:40:27.637+0000] {local_task_job_runner.py:222} INFO - ::endgroup::
