[2026-09-24T01:39:57.142+0000] {local_task_job_runner.py:120} INFO - ::group::Pre task execution logs
[2026-09-24T01:39:57.169+0000] {taskinstance.py:2076} INFO - Dependencies all met for dep_context=non-requeueable deps ti=<TaskInstance: medallion_settlement_pipeline.Silver_Transform.clean_cast_settlements manual__2026-09-24T01:39:51.442410+00:00 [queued]>
[2026-09-24T01:39:57.175+0000] {taskinstance.py:2076} INFO - Dependencies all met for dep_context=requeueable deps ti=<TaskInstance: medallion_settlement_pipeline.Silver_Transform.clean_cast_settlements manual__2026-09-24T01:39:51.442410+00:00 [queued]>
[2026-09-24T01:39:57.177+0000] {taskinstance.py:2306} INFO - Starting attempt 1 of 1
[2026-09-24T01:39:57.187+0000] {taskinstance.py:2330} INFO - Executing <Task(BashOperator): Silver_Transform.clean_cast_settlements> on 2026-09-24 01:39:51.442410+00:00
[2026-09-24T01:39:57.195+0000] {standard_task_runner.py:90} INFO - Running: ['***', 'tasks', 'run', 'medallion_settlement_pipeline', 'Silver_Transform.clean_cast_settlements', 'manual__2026-09-24T01:39:51.442410+00:00', '--job-id', '188', '--raw', '--subdir', 'DAGS_FOLDER/lcbo_pipeline_dag.py', '--cfg-path', '/tmp/tmpceotlqiz']
[2026-09-24T01:39:57.197+0000] {logging_mixin.py:188} WARNING - /home/***/.local/lib/python3.12/site-packages/***/task/task_runner/standard_task_runner.py:62 DeprecationWarning: This process (pid=242) is multi-threaded, use of fork() may lead to deadlocks in the child.
[2026-09-24T01:39:57.198+0000] {standard_task_runner.py:91} INFO - Job 188: Subtask Silver_Transform.clean_cast_settlements
[2026-09-24T01:39:57.199+0000] {standard_task_runner.py:64} INFO - Started process 243 to run task
[2026-09-24T01:39:57.236+0000] {task_command.py:426} INFO - Running <TaskInstance: medallion_settlement_pipeline.Silver_Transform.clean_cast_settlements manual__2026-09-24T01:39:51.442410+00:00 [running]> on host 9314f7d71f12
[2026-09-24T01:39:57.305+0000] {taskinstance.py:2648} INFO - Exporting env vars: AIRFLOW_CTX_DAG_OWNER='bhavik' AIRFLOW_CTX_DAG_ID='medallion_settlement_pipeline' AIRFLOW_CTX_TASK_ID='Silver_Transform.clean_cast_settlements' AIRFLOW_CTX_EXECUTION_DATE='2026-09-24T01:39:51.442410+00:00' AIRFLOW_CTX_TRY_NUMBER='1' AIRFLOW_CTX_DAG_RUN_ID='manual__2026-09-24T01:39:51.442410+00:00'
[2026-09-24T01:39:57.306+0000] {taskinstance.py:430} INFO - ::endgroup::
[2026-09-24T01:39:57.318+0000] {subprocess.py:63} INFO - Tmp dir root location: /tmp
[2026-09-24T01:39:57.320+0000] {subprocess.py:75} INFO - Running command: ['/usr/bin/bash', '-c', 'cd /opt/***/dbt_project && dbt run --target docker --select dbt_lcbo_raw dbt_product_cost dbt_lcbo_columns_trans dbt_lcbo_columns_type dbt_lcbo_cleansed_settlement dbt_lcbo_filterout_negative_sales dbt_dim_product_transform']
[2026-09-24T01:39:57.332+0000] {subprocess.py:86} INFO - Output:
[2026-09-24T01:39:59.429+0000] {subprocess.py:93} INFO - [0m01:39:59  Running with dbt=1.12.5
[2026-09-24T01:39:59.732+0000] {subprocess.py:93} INFO - [0m01:39:59  Registered adapter: postgres=1.9.0
[2026-09-24T01:40:01.059+0000] {subprocess.py:93} INFO - [0m01:40:01  Found 14 models, 2 snapshots, 3 sources, 597 macros
[2026-09-24T01:40:01.063+0000] {subprocess.py:93} INFO - [0m01:40:01
[2026-09-24T01:40:01.065+0000] {subprocess.py:93} INFO - [0m01:40:01  Concurrency: 4 threads (target='docker')
[2026-09-24T01:40:01.066+0000] {subprocess.py:93} INFO - [0m01:40:01
[2026-09-24T01:40:01.432+0000] {subprocess.py:93} INFO - [0m01:40:01  1 of 7 START sql table model silver.dbt_lcbo_raw ............................... [RUN]
[2026-09-24T01:40:01.434+0000] {subprocess.py:93} INFO - [0m01:40:01  2 of 7 START sql table model silver.dbt_product_cost ........................... [RUN]
[2026-09-24T01:40:01.650+0000] {subprocess.py:93} INFO - [0m01:40:01  1 of 7 OK created sql table model silver.dbt_lcbo_raw .......................... [[32mSELECT 15[0m in 0.21s]
[2026-09-24T01:40:01.652+0000] {subprocess.py:93} INFO - [0m01:40:01  2 of 7 OK created sql table model silver.dbt_product_cost ...................... [[32mSELECT 9[0m in 0.21s]
[2026-09-24T01:40:01.659+0000] {subprocess.py:93} INFO - [0m01:40:01  3 of 7 START sql table model silver.dbt_lcbo_columns_trans ..................... [RUN]
[2026-09-24T01:40:01.661+0000] {subprocess.py:93} INFO - [0m01:40:01  4 of 7 START sql table model silver.dbt_dim_product_transform .................. [RUN]
[2026-09-24T01:40:01.923+0000] {subprocess.py:93} INFO - [0m01:40:01  3 of 7 OK created sql table model silver.dbt_lcbo_columns_trans ................ [[32mSELECT 14[0m in 0.26s]
[2026-09-24T01:40:01.925+0000] {subprocess.py:93} INFO - [0m01:40:01  4 of 7 OK created sql table model silver.dbt_dim_product_transform ............. [[32mSELECT 9[0m in 0.26s]
[2026-09-24T01:40:01.932+0000] {subprocess.py:93} INFO - [0m01:40:01  5 of 7 START sql table model silver.dbt_lcbo_columns_type ...................... [RUN]
[2026-09-24T01:40:02.062+0000] {subprocess.py:93} INFO - [0m01:40:02  5 of 7 OK created sql table model silver.dbt_lcbo_columns_type ................. [[32mSELECT 14[0m in 0.13s]
[2026-09-24T01:40:02.068+0000] {subprocess.py:93} INFO - [0m01:40:02  6 of 7 START sql table model silver.dbt_lcbo_cleansed_settlement ............... [RUN]
[2026-09-24T01:40:02.069+0000] {subprocess.py:93} INFO - [0m01:40:02  7 of 7 START sql incremental model silver.dbt_lcbo_filterout_negative_sales .... [RUN]
[2026-09-24T01:40:02.274+0000] {subprocess.py:93} INFO - [0m01:40:02  6 of 7 OK created sql table model silver.dbt_lcbo_cleansed_settlement .......... [[32mSELECT 14[0m in 0.20s]
[2026-09-24T01:40:02.286+0000] {subprocess.py:93} INFO - [0m01:40:02  7 of 7 OK created sql incremental model silver.dbt_lcbo_filterout_negative_sales  [[32mMERGE 0[0m in 0.21s]
[2026-09-24T01:40:02.360+0000] {subprocess.py:93} INFO - [0m01:40:02
[2026-09-24T01:40:02.361+0000] {subprocess.py:93} INFO - [0m01:40:02  Finished running 1 incremental model, 6 table models in 0 hours 0 minutes and 1.29 seconds (1.29s).
[2026-09-24T01:40:02.488+0000] {subprocess.py:93} INFO - [0m01:40:02
[2026-09-24T01:40:02.490+0000] {subprocess.py:93} INFO - [0m01:40:02  [32mCompleted successfully[0m
[2026-09-24T01:40:02.491+0000] {subprocess.py:93} INFO - [0m01:40:02
[2026-09-24T01:40:02.492+0000] {subprocess.py:93} INFO - [0m01:40:02  Done. PASS=7 WARN=0 ERROR=0 SKIP=0 NO-OP=0 REUSED=0 TOTAL=7
[2026-09-24T01:40:06.303+0000] {subprocess.py:97} INFO - Command exited with return code 0
[2026-09-24T01:40:06.305+0000] {taskinstance.py:441} INFO - ::group::Post task execution logs
[2026-09-24T01:40:06.328+0000] {taskinstance.py:1206} INFO - Marking task as SUCCESS. dag_id=medallion_settlement_pipeline, task_id=Silver_Transform.clean_cast_settlements, run_id=manual__2026-09-24T01:39:51.442410+00:00, execution_date=20260924T013951, start_date=20260924T013957, end_date=20260924T014006
[2026-09-24T01:40:06.362+0000] {local_task_job_runner.py:243} INFO - Task exited with return code 0
[2026-09-24T01:40:06.382+0000] {taskinstance.py:3503} INFO - 1 downstream tasks scheduled from follow-on schedule check
[2026-09-24T01:40:06.385+0000] {local_task_job_runner.py:222} INFO - ::endgroup::
