[2026-09-26T20:09:07.136+0000] {local_task_job_runner.py:120} INFO - ::group::Pre task execution logs
[2026-09-26T20:09:07.164+0000] {taskinstance.py:2076} INFO - Dependencies all met for dep_context=non-requeueable deps ti=<TaskInstance: medallion_settlement_pipeline.Bronze_Ingestion.ingest_settlements manual__2026-09-26T20:09:04.950666+00:00 [queued]>
[2026-09-26T20:09:07.172+0000] {taskinstance.py:2076} INFO - Dependencies all met for dep_context=requeueable deps ti=<TaskInstance: medallion_settlement_pipeline.Bronze_Ingestion.ingest_settlements manual__2026-09-26T20:09:04.950666+00:00 [queued]>
[2026-09-26T20:09:07.173+0000] {taskinstance.py:2306} INFO - Starting attempt 1 of 1
[2026-09-26T20:09:07.184+0000] {taskinstance.py:2330} INFO - Executing <Task(BashOperator): Bronze_Ingestion.ingest_settlements> on 2026-09-26 20:09:04.950666+00:00
[2026-09-26T20:09:07.194+0000] {standard_task_runner.py:90} INFO - Running: ['***', 'tasks', 'run', 'medallion_settlement_pipeline', 'Bronze_Ingestion.ingest_settlements', 'manual__2026-09-26T20:09:04.950666+00:00', '--job-id', '232', '--raw', '--subdir', 'DAGS_FOLDER/lcbo_pipeline_dag.py', '--cfg-path', '/tmp/tmp7bqfv40h']
[2026-09-26T20:09:07.195+0000] {logging_mixin.py:188} WARNING - /home/***/.local/lib/python3.12/site-packages/***/task/task_runner/standard_task_runner.py:62 DeprecationWarning: This process (pid=790) is multi-threaded, use of fork() may lead to deadlocks in the child.
[2026-09-26T20:09:07.196+0000] {standard_task_runner.py:91} INFO - Job 232: Subtask Bronze_Ingestion.ingest_settlements
[2026-09-26T20:09:07.197+0000] {standard_task_runner.py:64} INFO - Started process 791 to run task
[2026-09-26T20:09:07.237+0000] {task_command.py:426} INFO - Running <TaskInstance: medallion_settlement_pipeline.Bronze_Ingestion.ingest_settlements manual__2026-09-26T20:09:04.950666+00:00 [running]> on host 419d86c5d3f8
[2026-09-26T20:09:07.306+0000] {taskinstance.py:2648} INFO - Exporting env vars: AIRFLOW_CTX_DAG_OWNER='bhavik' AIRFLOW_CTX_DAG_ID='medallion_settlement_pipeline' AIRFLOW_CTX_TASK_ID='Bronze_Ingestion.ingest_settlements' AIRFLOW_CTX_EXECUTION_DATE='2026-09-26T20:09:04.950666+00:00' AIRFLOW_CTX_TRY_NUMBER='1' AIRFLOW_CTX_DAG_RUN_ID='manual__2026-09-26T20:09:04.950666+00:00'
[2026-09-26T20:09:07.307+0000] {taskinstance.py:430} INFO - ::endgroup::
[2026-09-26T20:09:07.317+0000] {subprocess.py:63} INFO - Tmp dir root location: /tmp
[2026-09-26T20:09:07.318+0000] {subprocess.py:75} INFO - Running command: ['/usr/bin/bash', '-c', 'python /opt/***/etl_scripts/bronze_lcbo_raw.py']
[2026-09-26T20:09:07.331+0000] {subprocess.py:86} INFO - Output:
[2026-09-26T20:09:08.358+0000] {subprocess.py:93} INFO - 2026-09-26 20:09:08,358 - INFO - Successfully connected to Postgres
[2026-09-26T20:09:08.359+0000] {subprocess.py:93} INFO - 2026-09-26 20:09:08,358 - INFO - Successfully connected to Postgres
[2026-09-26T20:09:08.360+0000] {subprocess.py:93} INFO - 2026-09-26 20:09:08,358 - INFO - LoadingData_ToPostgres class initialized successfully.
[2026-09-26T20:09:08.362+0000] {subprocess.py:93} INFO - 2026-09-26 20:09:08,362 - INFO - Processing file: lcbo_settlement_20260925.csv with batch ID: 7 and file hash: ee4a084ebcb94e5d853369a7ba13c902f0dafce30366a45a8cd028364a46a327
[2026-09-26T20:09:08.363+0000] {subprocess.py:93} INFO - 2026-09-26 20:09:08,362 - INFO - Found file: /opt/***/source_files/lcbo_settlement_20260925.csv
[2026-09-26T20:09:08.375+0000] {subprocess.py:93} INFO - 2026-09-26 20:09:08,375 - INFO - Inserted batch of size 9 into Postgres.
[2026-09-26T20:09:08.377+0000] {subprocess.py:93} INFO - 2026-09-26 20:09:08,377 - INFO - File processed successfully.
[2026-09-26T20:09:08.378+0000] {subprocess.py:93} INFO - 2026-09-26 20:09:08,377 - INFO - Postgres connection closed.
[2026-09-26T20:09:08.485+0000] {subprocess.py:97} INFO - Command exited with return code 0
[2026-09-26T20:09:08.487+0000] {taskinstance.py:441} INFO - ::group::Post task execution logs
[2026-09-26T20:09:08.507+0000] {taskinstance.py:1206} INFO - Marking task as SUCCESS. dag_id=medallion_settlement_pipeline, task_id=Bronze_Ingestion.ingest_settlements, run_id=manual__2026-09-26T20:09:04.950666+00:00, execution_date=20260926T200904, start_date=20260926T200907, end_date=20260926T200908
[2026-09-26T20:09:08.536+0000] {local_task_job_runner.py:243} INFO - Task exited with return code 0
[2026-09-26T20:09:08.559+0000] {taskinstance.py:3503} INFO - 1 downstream tasks scheduled from follow-on schedule check
[2026-09-26T20:09:08.562+0000] {local_task_job_runner.py:222} INFO - ::endgroup::
