[2026-09-19T20:38:33.896+0000] {local_task_job_runner.py:120} INFO - ::group::Pre task execution logs
[2026-09-19T20:38:33.921+0000] {taskinstance.py:2076} INFO - Dependencies all met for dep_context=non-requeueable deps ti=<TaskInstance: lcbo_pipeline.silver.run_joined manual__2026-09-19T20:38:08.895375+00:00 [queued]>
[2026-09-19T20:38:33.928+0000] {taskinstance.py:2076} INFO - Dependencies all met for dep_context=requeueable deps ti=<TaskInstance: lcbo_pipeline.silver.run_joined manual__2026-09-19T20:38:08.895375+00:00 [queued]>
[2026-09-19T20:38:33.930+0000] {taskinstance.py:2306} INFO - Starting attempt 1 of 1
[2026-09-19T20:38:33.940+0000] {taskinstance.py:2330} INFO - Executing <Task(BashOperator): silver.run_joined> on 2026-09-19 20:38:08.895375+00:00
[2026-09-19T20:38:33.949+0000] {standard_task_runner.py:90} INFO - Running: ['***', 'tasks', 'run', 'lcbo_pipeline', 'silver.run_joined', 'manual__2026-09-19T20:38:08.895375+00:00', '--job-id', '73', '--raw', '--subdir', 'DAGS_FOLDER/lcbo_pipeline_dag.py', '--cfg-path', '/tmp/tmpp2uwh4ef']
[2026-09-19T20:38:33.951+0000] {logging_mixin.py:188} WARNING - /home/***/.local/lib/python3.12/site-packages/***/task/task_runner/standard_task_runner.py:62 DeprecationWarning: This process (pid=2251) is multi-threaded, use of fork() may lead to deadlocks in the child.
[2026-09-19T20:38:33.952+0000] {standard_task_runner.py:91} INFO - Job 73: Subtask silver.run_joined
[2026-09-19T20:38:33.952+0000] {standard_task_runner.py:64} INFO - Started process 2252 to run task
[2026-09-19T20:38:33.998+0000] {task_command.py:426} INFO - Running <TaskInstance: lcbo_pipeline.silver.run_joined manual__2026-09-19T20:38:08.895375+00:00 [running]> on host 6cf516ec3c07
[2026-09-19T20:38:34.068+0000] {taskinstance.py:2648} INFO - Exporting env vars: AIRFLOW_CTX_DAG_OWNER='bhavik' AIRFLOW_CTX_DAG_ID='lcbo_pipeline' AIRFLOW_CTX_TASK_ID='silver.run_joined' AIRFLOW_CTX_EXECUTION_DATE='2026-09-19T20:38:08.895375+00:00' AIRFLOW_CTX_TRY_NUMBER='1' AIRFLOW_CTX_DAG_RUN_ID='manual__2026-09-19T20:38:08.895375+00:00'
[2026-09-19T20:38:34.070+0000] {taskinstance.py:430} INFO - ::endgroup::
[2026-09-19T20:38:34.082+0000] {subprocess.py:63} INFO - Tmp dir root location: /tmp
[2026-09-19T20:38:34.083+0000] {subprocess.py:75} INFO - Running command: ['/usr/bin/bash', '-c', 'cd /opt/***/dbt_project && dbt run --target docker --select dbt_lcbo_joined_dim_prod_cost']
[2026-09-19T20:38:34.101+0000] {subprocess.py:86} INFO - Output:
[2026-09-19T20:38:35.713+0000] {subprocess.py:93} INFO - [0m20:38:35  Running with dbt=1.12.5
[2026-09-19T20:38:35.963+0000] {subprocess.py:93} INFO - [0m20:38:35  Registered adapter: postgres=1.9.0
[2026-09-19T20:38:37.095+0000] {subprocess.py:93} INFO - [0m20:38:37  Found 14 models, 2 snapshots, 3 sources, 597 macros
[2026-09-19T20:38:37.099+0000] {subprocess.py:93} INFO - [0m20:38:37
[2026-09-19T20:38:37.101+0000] {subprocess.py:93} INFO - [0m20:38:37  Concurrency: 4 threads (target='docker')
[2026-09-19T20:38:37.103+0000] {subprocess.py:93} INFO - [0m20:38:37
[2026-09-19T20:38:37.405+0000] {subprocess.py:93} INFO - [0m20:38:37  1 of 1 START sql table model silver.dbt_lcbo_joined_dim_prod_cost .............. [RUN]
[2026-09-19T20:38:37.593+0000] {subprocess.py:93} INFO - [0m20:38:37  1 of 1 OK created sql table model silver.dbt_lcbo_joined_dim_prod_cost ......... [[32mSELECT 13[0m in 0.18s]
[2026-09-19T20:38:37.670+0000] {subprocess.py:93} INFO - [0m20:38:37
[2026-09-19T20:38:37.671+0000] {subprocess.py:93} INFO - [0m20:38:37  Finished running 1 table model in 0 hours 0 minutes and 0.57 seconds (0.57s).
[2026-09-19T20:38:37.866+0000] {subprocess.py:93} INFO - [0m20:38:37
[2026-09-19T20:38:37.868+0000] {subprocess.py:93} INFO - [0m20:38:37  [32mCompleted successfully[0m
[2026-09-19T20:38:37.869+0000] {subprocess.py:93} INFO - [0m20:38:37
[2026-09-19T20:38:37.870+0000] {subprocess.py:93} INFO - [0m20:38:37  Done. PASS=1 WARN=0 ERROR=0 SKIP=0 NO-OP=0 REUSED=0 TOTAL=1
[2026-09-19T20:38:41.801+0000] {subprocess.py:97} INFO - Command exited with return code 0
[2026-09-19T20:38:41.802+0000] {taskinstance.py:441} INFO - ::group::Post task execution logs
[2026-09-19T20:38:41.825+0000] {taskinstance.py:1206} INFO - Marking task as SUCCESS. dag_id=lcbo_pipeline, task_id=silver.run_joined, run_id=manual__2026-09-19T20:38:08.895375+00:00, execution_date=20260919T203808, start_date=20260919T203833, end_date=20260919T203841
[2026-09-19T20:38:41.875+0000] {local_task_job_runner.py:243} INFO - Task exited with return code 0
[2026-09-19T20:38:41.895+0000] {taskinstance.py:3503} INFO - 1 downstream tasks scheduled from follow-on schedule check
[2026-09-19T20:38:41.898+0000] {local_task_job_runner.py:222} INFO - ::endgroup::
