[2026-09-19T20:57:09.377+0000] {local_task_job_runner.py:120} INFO - ::group::Pre task execution logs
[2026-09-19T20:57:09.405+0000] {taskinstance.py:2076} INFO - Dependencies all met for dep_context=non-requeueable deps ti=<TaskInstance: lcbo_pipeline.gold.run_gold manual__2026-09-19T20:56:26.339927+00:00 [queued]>
[2026-09-19T20:57:09.413+0000] {taskinstance.py:2076} INFO - Dependencies all met for dep_context=requeueable deps ti=<TaskInstance: lcbo_pipeline.gold.run_gold manual__2026-09-19T20:56:26.339927+00:00 [queued]>
[2026-09-19T20:57:09.414+0000] {taskinstance.py:2306} INFO - Starting attempt 1 of 1
[2026-09-19T20:57:09.424+0000] {taskinstance.py:2330} INFO - Executing <Task(BashOperator): gold.run_gold> on 2026-09-19 20:56:26.339927+00:00
[2026-09-19T20:57:09.432+0000] {standard_task_runner.py:90} INFO - Running: ['***', 'tasks', 'run', 'lcbo_pipeline', 'gold.run_gold', 'manual__2026-09-19T20:56:26.339927+00:00', '--job-id', '83', '--raw', '--subdir', 'DAGS_FOLDER/lcbo_pipeline_dag.py', '--cfg-path', '/tmp/tmphsztshjc']
[2026-09-19T20:57:09.435+0000] {standard_task_runner.py:91} INFO - Job 83: Subtask gold.run_gold
[2026-09-19T20:57:09.435+0000] {logging_mixin.py:188} WARNING - /home/***/.local/lib/python3.12/site-packages/***/task/task_runner/standard_task_runner.py:62 DeprecationWarning: This process (pid=2824) is multi-threaded, use of fork() may lead to deadlocks in the child.
[2026-09-19T20:57:09.436+0000] {standard_task_runner.py:64} INFO - Started process 2825 to run task
[2026-09-19T20:57:09.475+0000] {task_command.py:426} INFO - Running <TaskInstance: lcbo_pipeline.gold.run_gold manual__2026-09-19T20:56:26.339927+00:00 [running]> on host 6cf516ec3c07
[2026-09-19T20:57:09.546+0000] {taskinstance.py:2648} INFO - Exporting env vars: AIRFLOW_CTX_DAG_OWNER='bhavik' AIRFLOW_CTX_DAG_ID='lcbo_pipeline' AIRFLOW_CTX_TASK_ID='gold.run_gold' AIRFLOW_CTX_EXECUTION_DATE='2026-09-19T20:56:26.339927+00:00' AIRFLOW_CTX_TRY_NUMBER='1' AIRFLOW_CTX_DAG_RUN_ID='manual__2026-09-19T20:56:26.339927+00:00'
[2026-09-19T20:57:09.548+0000] {taskinstance.py:430} INFO - ::endgroup::
[2026-09-19T20:57:09.558+0000] {subprocess.py:63} INFO - Tmp dir root location: /tmp
[2026-09-19T20:57:09.560+0000] {subprocess.py:75} INFO - Running command: ['/usr/bin/bash', '-c', 'cd /opt/***/dbt_project && dbt run --target docker --select gold_dim_date gold_dim_product_cost gold_dim_product_info gold_dim_store dbt_lcbo_fact_table gold_fact_table']
[2026-09-19T20:57:09.572+0000] {subprocess.py:86} INFO - Output:
[2026-09-19T20:57:11.108+0000] {subprocess.py:93} INFO - [0m20:57:11  Running with dbt=1.12.5
[2026-09-19T20:57:11.339+0000] {subprocess.py:93} INFO - [0m20:57:11  Registered adapter: postgres=1.9.0
[2026-09-19T20:57:12.549+0000] {subprocess.py:93} INFO - [0m20:57:12  Found 14 models, 2 snapshots, 3 sources, 597 macros
[2026-09-19T20:57:12.556+0000] {subprocess.py:93} INFO - [0m20:57:12
[2026-09-19T20:57:12.558+0000] {subprocess.py:93} INFO - [0m20:57:12  Concurrency: 4 threads (target='docker')
[2026-09-19T20:57:12.560+0000] {subprocess.py:93} INFO - [0m20:57:12
[2026-09-19T20:57:12.941+0000] {subprocess.py:93} INFO - [0m20:57:12  1 of 6 START sql table model gold.gold_dim_date ................................ [RUN]
[2026-09-19T20:57:12.943+0000] {subprocess.py:93} INFO - [0m20:57:12  2 of 6 START sql table model gold.gold_dim_product_cost ........................ [RUN]
[2026-09-19T20:57:12.944+0000] {subprocess.py:93} INFO - [0m20:57:12  3 of 6 START sql table model gold.gold_dim_product_info ........................ [RUN]
[2026-09-19T20:57:12.945+0000] {subprocess.py:93} INFO - [0m20:57:12  4 of 6 START sql table model gold.gold_dim_store ............................... [RUN]
[2026-09-19T20:57:13.341+0000] {subprocess.py:93} INFO - [0m20:57:13  2 of 6 OK created sql table model gold.gold_dim_product_cost ................... [[32mSELECT 0[0m in 0.38s]
[2026-09-19T20:57:13.344+0000] {subprocess.py:93} INFO - [0m20:57:13  4 of 6 OK created sql table model gold.gold_dim_store .......................... [[32mSELECT 4[0m in 0.39s]
[2026-09-19T20:57:13.348+0000] {subprocess.py:93} INFO - [0m20:57:13  3 of 6 OK created sql table model gold.gold_dim_product_info ................... [[32mSELECT 17[0m in 0.39s]
[2026-09-19T20:57:13.352+0000] {subprocess.py:93} INFO - [0m20:57:13  1 of 6 OK created sql table model gold.gold_dim_date ........................... [[32mSELECT 3653[0m in 0.40s]
[2026-09-19T20:57:13.361+0000] {subprocess.py:93} INFO - [0m20:57:13  5 of 6 START sql table model silver.dbt_lcbo_fact_table ........................ [RUN]
[2026-09-19T20:57:13.496+0000] {subprocess.py:93} INFO - [0m20:57:13  5 of 6 OK created sql table model silver.dbt_lcbo_fact_table ................... [[32mSELECT 13[0m in 0.13s]
[2026-09-19T20:57:13.501+0000] {subprocess.py:93} INFO - [0m20:57:13  6 of 6 START sql incremental model gold.gold_fact_table ........................ [RUN]
[2026-09-19T20:57:13.715+0000] {subprocess.py:93} INFO - [0m20:57:13  6 of 6 OK created sql incremental model gold.gold_fact_table ................... [[32mMERGE 0[0m in 0.21s]
[2026-09-19T20:57:13.789+0000] {subprocess.py:93} INFO - [0m20:57:13
[2026-09-19T20:57:13.790+0000] {subprocess.py:93} INFO - [0m20:57:13  Finished running 1 incremental model, 5 table models in 0 hours 0 minutes and 1.23 seconds (1.23s).
[2026-09-19T20:57:13.909+0000] {subprocess.py:93} INFO - [0m20:57:13
[2026-09-19T20:57:13.910+0000] {subprocess.py:93} INFO - [0m20:57:13  [32mCompleted successfully[0m
[2026-09-19T20:57:13.912+0000] {subprocess.py:93} INFO - [0m20:57:13
[2026-09-19T20:57:13.913+0000] {subprocess.py:93} INFO - [0m20:57:13  Done. PASS=6 WARN=0 ERROR=0 SKIP=0 NO-OP=0 REUSED=0 TOTAL=6
[2026-09-19T20:57:17.704+0000] {subprocess.py:97} INFO - Command exited with return code 0
[2026-09-19T20:57:17.706+0000] {taskinstance.py:441} INFO - ::group::Post task execution logs
[2026-09-19T20:57:17.730+0000] {taskinstance.py:1206} INFO - Marking task as SUCCESS. dag_id=lcbo_pipeline, task_id=gold.run_gold, run_id=manual__2026-09-19T20:56:26.339927+00:00, execution_date=20260919T205626, start_date=20260919T205709, end_date=20260919T205717
[2026-09-19T20:57:17.763+0000] {local_task_job_runner.py:243} INFO - Task exited with return code 0
[2026-09-19T20:57:17.777+0000] {taskinstance.py:3503} INFO - 0 downstream tasks scheduled from follow-on schedule check
[2026-09-19T20:57:17.780+0000] {local_task_job_runner.py:222} INFO - ::endgroup::
