[2026-09-19T19:29:33.265+0000] {local_task_job_runner.py:120} INFO - ::group::Pre task execution logs
[2026-09-19T19:29:33.296+0000] {taskinstance.py:2076} INFO - Dependencies all met for dep_context=non-requeueable deps ti=<TaskInstance: lcbo_pipeline.bronze.batch_audit manual__2026-09-19T19:29:32.008515+00:00 [queued]>
[2026-09-19T19:29:33.304+0000] {taskinstance.py:2076} INFO - Dependencies all met for dep_context=requeueable deps ti=<TaskInstance: lcbo_pipeline.bronze.batch_audit manual__2026-09-19T19:29:32.008515+00:00 [queued]>
[2026-09-19T19:29:33.306+0000] {taskinstance.py:2306} INFO - Starting attempt 1 of 1
[2026-09-19T19:29:33.316+0000] {taskinstance.py:2330} INFO - Executing <Task(BashOperator): bronze.batch_audit> on 2026-09-19 19:29:32.008515+00:00
[2026-09-19T19:29:33.325+0000] {standard_task_runner.py:90} INFO - Running: ['***', 'tasks', 'run', 'lcbo_pipeline', 'bronze.batch_audit', 'manual__2026-09-19T19:29:32.008515+00:00', '--job-id', '44', '--raw', '--subdir', 'DAGS_FOLDER/lcbo_pipeline_dag.py', '--cfg-path', '/tmp/tmp4ouzhrur']
[2026-09-19T19:29:33.328+0000] {logging_mixin.py:188} WARNING - /home/***/.local/lib/python3.12/site-packages/***/task/task_runner/standard_task_runner.py:62 DeprecationWarning: This process (pid=273) is multi-threaded, use of fork() may lead to deadlocks in the child.
[2026-09-19T19:29:33.328+0000] {standard_task_runner.py:91} INFO - Job 44: Subtask bronze.batch_audit
[2026-09-19T19:29:33.329+0000] {standard_task_runner.py:64} INFO - Started process 274 to run task
[2026-09-19T19:29:33.372+0000] {task_command.py:426} INFO - Running <TaskInstance: lcbo_pipeline.bronze.batch_audit manual__2026-09-19T19:29:32.008515+00:00 [running]> on host 6cf516ec3c07
[2026-09-19T19:29:33.449+0000] {taskinstance.py:2648} INFO - Exporting env vars: AIRFLOW_CTX_DAG_OWNER='bhavik' AIRFLOW_CTX_DAG_ID='lcbo_pipeline' AIRFLOW_CTX_TASK_ID='bronze.batch_audit' AIRFLOW_CTX_EXECUTION_DATE='2026-09-19T19:29:32.008515+00:00' AIRFLOW_CTX_TRY_NUMBER='1' AIRFLOW_CTX_DAG_RUN_ID='manual__2026-09-19T19:29:32.008515+00:00'
[2026-09-19T19:29:33.450+0000] {taskinstance.py:430} INFO - ::endgroup::
[2026-09-19T19:29:33.484+0000] {subprocess.py:63} INFO - Tmp dir root location: /tmp
[2026-09-19T19:29:33.486+0000] {subprocess.py:75} INFO - Running command: ['/usr/bin/bash', '-c', 'python /opt/***/etl_scripts/bronze_batch_audit.py']
[2026-09-19T19:29:33.498+0000] {subprocess.py:86} INFO - Output:
[2026-09-19T19:29:33.772+0000] {subprocess.py:93} INFO - 2026-09-19 19:29:33,772 - INFO - Successfully connected to Postgres
[2026-09-19T19:29:33.776+0000] {subprocess.py:93} INFO - 2026-09-19 19:29:33,776 - INFO - Found 2 already processed files in DB
[2026-09-19T19:29:33.790+0000] {subprocess.py:93} INFO - 2026-09-19 19:29:33,790 - INFO - Found 3 files in folder /opt/***/source_files
[2026-09-19T19:29:33.791+0000] {subprocess.py:93} INFO - 2026-09-19 19:29:33,790 - INFO - Pending files to process: ['8ddf3f8eca2dd916750f7218de9933e4171dc4bb17e91d63893d9acce8df3acd', 'dee0139b317a64cac5a6e261c09b3010bd767f35bf556ae45681929267665db6']
[2026-09-19T19:29:33.792+0000] {subprocess.py:93} INFO - 2026-09-19 19:29:33,790 - INFO - 2 new file(s) to process: ['8ddf3f8eca2dd916750f7218de9933e4171dc4bb17e91d63893d9acce8df3acd', 'dee0139b317a64cac5a6e261c09b3010bd767f35bf556ae45681929267665db6']
[2026-09-19T19:29:33.793+0000] {subprocess.py:93} INFO - 2026-09-19 19:29:33,790 - INFO - Started with 8ddf3f8eca2dd916750f7218de9933e4171dc4bb17e91d63893d9acce8df3acd
[2026-09-19T19:29:33.793+0000] {subprocess.py:93} INFO - 2026-09-19 19:29:33,793 - INFO - Created new batch with run_id 3 for lcbo_settlement_20240102.csv at 2026-09-19 19:29:33.790581
[2026-09-19T19:29:33.794+0000] {subprocess.py:93} INFO - 2026-09-19 19:29:33,794 - INFO - Postgres connection closed.
[2026-09-19T19:29:33.795+0000] {subprocess.py:93} INFO - 2026-09-19 19:29:33,794 - INFO - batch audit result: {'batch_created': True, 'batch_id': 3, 'related_date': datetime.datetime(2026, 9, 19, 19, 29, 33, 790581), 'file_hash': '8ddf3f8eca2dd916750f7218de9933e4171dc4bb17e91d63893d9acce8df3acd', 'all_processed_files': False}
[2026-09-19T19:29:33.805+0000] {subprocess.py:97} INFO - Command exited with return code 0
[2026-09-19T19:29:33.807+0000] {taskinstance.py:441} INFO - ::group::Post task execution logs
[2026-09-19T19:29:33.828+0000] {taskinstance.py:1206} INFO - Marking task as SUCCESS. dag_id=lcbo_pipeline, task_id=bronze.batch_audit, run_id=manual__2026-09-19T19:29:32.008515+00:00, execution_date=20260919T192932, start_date=20260919T192933, end_date=20260919T192933
[2026-09-19T19:29:33.865+0000] {local_task_job_runner.py:243} INFO - Task exited with return code 0
[2026-09-19T19:29:33.886+0000] {taskinstance.py:3503} INFO - 1 downstream tasks scheduled from follow-on schedule check
[2026-09-19T19:29:33.888+0000] {local_task_job_runner.py:222} INFO - ::endgroup::
