[2026-09-26T19:54:25.282+0000] {local_task_job_runner.py:120} INFO - ::group::Pre task execution logs
[2026-09-26T19:54:25.312+0000] {taskinstance.py:2076} INFO - Dependencies all met for dep_context=non-requeueable deps ti=<TaskInstance: medallion_settlement_pipeline.Bronze_Ingestion.ingest_settlements manual__2026-09-26T19:54:23.114701+00:00 [queued]>
[2026-09-26T19:54:25.320+0000] {taskinstance.py:2076} INFO - Dependencies all met for dep_context=requeueable deps ti=<TaskInstance: medallion_settlement_pipeline.Bronze_Ingestion.ingest_settlements manual__2026-09-26T19:54:23.114701+00:00 [queued]>
[2026-09-26T19:54:25.322+0000] {taskinstance.py:2306} INFO - Starting attempt 1 of 1
[2026-09-26T19:54:25.332+0000] {taskinstance.py:2330} INFO - Executing <Task(BashOperator): Bronze_Ingestion.ingest_settlements> on 2026-09-26 19:54:23.114701+00:00
[2026-09-26T19:54:25.341+0000] {standard_task_runner.py:90} INFO - Running: ['***', 'tasks', 'run', 'medallion_settlement_pipeline', 'Bronze_Ingestion.ingest_settlements', 'manual__2026-09-26T19:54:23.114701+00:00', '--job-id', '224', '--raw', '--subdir', 'DAGS_FOLDER/lcbo_pipeline_dag.py', '--cfg-path', '/tmp/tmpy0j8aqox']
[2026-09-26T19:54:25.343+0000] {logging_mixin.py:188} WARNING - /home/***/.local/lib/python3.12/site-packages/***/task/task_runner/standard_task_runner.py:62 DeprecationWarning: This process (pid=337) is multi-threaded, use of fork() may lead to deadlocks in the child.
[2026-09-26T19:54:25.345+0000] {standard_task_runner.py:91} INFO - Job 224: Subtask Bronze_Ingestion.ingest_settlements
[2026-09-26T19:54:25.345+0000] {standard_task_runner.py:64} INFO - Started process 338 to run task
[2026-09-26T19:54:25.382+0000] {task_command.py:426} INFO - Running <TaskInstance: medallion_settlement_pipeline.Bronze_Ingestion.ingest_settlements manual__2026-09-26T19:54:23.114701+00:00 [running]> on host 419d86c5d3f8
[2026-09-26T19:54:25.453+0000] {taskinstance.py:2648} INFO - Exporting env vars: AIRFLOW_CTX_DAG_OWNER='bhavik' AIRFLOW_CTX_DAG_ID='medallion_settlement_pipeline' AIRFLOW_CTX_TASK_ID='Bronze_Ingestion.ingest_settlements' AIRFLOW_CTX_EXECUTION_DATE='2026-09-26T19:54:23.114701+00:00' AIRFLOW_CTX_TRY_NUMBER='1' AIRFLOW_CTX_DAG_RUN_ID='manual__2026-09-26T19:54:23.114701+00:00'
[2026-09-26T19:54:25.456+0000] {taskinstance.py:430} INFO - ::endgroup::
[2026-09-26T19:54:25.466+0000] {subprocess.py:63} INFO - Tmp dir root location: /tmp
[2026-09-26T19:54:25.468+0000] {subprocess.py:75} INFO - Running command: ['/usr/bin/bash', '-c', 'python /opt/***/etl_scripts/bronze_lcbo_raw.py']
[2026-09-26T19:54:25.482+0000] {subprocess.py:86} INFO - Output:
[2026-09-26T19:54:26.970+0000] {subprocess.py:93} INFO - 2026-09-26 19:54:26,970 - INFO - Successfully connected to Postgres
[2026-09-26T19:54:26.972+0000] {subprocess.py:93} INFO - 2026-09-26 19:54:26,970 - INFO - Successfully connected to Postgres
[2026-09-26T19:54:26.974+0000] {subprocess.py:93} INFO - 2026-09-26 19:54:26,970 - INFO - LoadingData_ToPostgres class initialized successfully.
[2026-09-26T19:54:26.980+0000] {subprocess.py:93} INFO - 2026-09-26 19:54:26,980 - INFO - Processing file: lcbo_settlement_20260923.csv with batch ID: 7 and file hash: c06d67cedf59a4a8a1af9a4e94e80ad631bf2ec575d97a4005e2ce0c8677a5bb
[2026-09-26T19:54:26.982+0000] {subprocess.py:93} INFO - 2026-09-26 19:54:26,980 - INFO - Found file: /opt/***/source_files/lcbo_settlement_20260923.csv
[2026-09-26T19:54:26.999+0000] {subprocess.py:93} INFO - 2026-09-26 19:54:26,998 - INFO - Inserted batch of size 16 into Postgres.
[2026-09-26T19:54:27.001+0000] {subprocess.py:93} INFO - 2026-09-26 19:54:27,001 - INFO - File processed successfully.
[2026-09-26T19:54:27.002+0000] {subprocess.py:93} INFO - 2026-09-26 19:54:27,001 - INFO - Postgres connection closed.
[2026-09-26T19:54:27.107+0000] {subprocess.py:97} INFO - Command exited with return code 0
[2026-09-26T19:54:27.109+0000] {taskinstance.py:441} INFO - ::group::Post task execution logs
[2026-09-26T19:54:27.131+0000] {taskinstance.py:1206} INFO - Marking task as SUCCESS. dag_id=medallion_settlement_pipeline, task_id=Bronze_Ingestion.ingest_settlements, run_id=manual__2026-09-26T19:54:23.114701+00:00, execution_date=20260926T195423, start_date=20260926T195425, end_date=20260926T195427
[2026-09-26T19:54:27.174+0000] {local_task_job_runner.py:243} INFO - Task exited with return code 0
[2026-09-26T19:54:27.200+0000] {taskinstance.py:3503} INFO - 1 downstream tasks scheduled from follow-on schedule check
[2026-09-26T19:54:27.202+0000] {local_task_job_runner.py:222} INFO - ::endgroup::
