[2026-09-19T20:38:09.661+0000] {local_task_job_runner.py:120} INFO - ::group::Pre task execution logs
[2026-09-19T20:38:09.701+0000] {taskinstance.py:2076} INFO - Dependencies all met for dep_context=non-requeueable deps ti=<TaskInstance: lcbo_pipeline.bronze.batch_audit manual__2026-09-19T20:38:08.895375+00:00 [queued]>
[2026-09-19T20:38:09.709+0000] {taskinstance.py:2076} INFO - Dependencies all met for dep_context=requeueable deps ti=<TaskInstance: lcbo_pipeline.bronze.batch_audit manual__2026-09-19T20:38:08.895375+00:00 [queued]>
[2026-09-19T20:38:09.711+0000] {taskinstance.py:2306} INFO - Starting attempt 1 of 1
[2026-09-19T20:38:09.722+0000] {taskinstance.py:2330} INFO - Executing <Task(BashOperator): bronze.batch_audit> on 2026-09-19 20:38:08.895375+00:00
[2026-09-19T20:38:09.731+0000] {standard_task_runner.py:90} INFO - Running: ['***', 'tasks', 'run', 'lcbo_pipeline', 'bronze.batch_audit', 'manual__2026-09-19T20:38:08.895375+00:00', '--job-id', '68', '--raw', '--subdir', 'DAGS_FOLDER/lcbo_pipeline_dag.py', '--cfg-path', '/tmp/tmp_wrt6ow7']
[2026-09-19T20:38:09.733+0000] {logging_mixin.py:188} WARNING - /home/***/.local/lib/python3.12/site-packages/***/task/task_runner/standard_task_runner.py:62 DeprecationWarning: This process (pid=2169) is multi-threaded, use of fork() may lead to deadlocks in the child.
[2026-09-19T20:38:09.734+0000] {standard_task_runner.py:91} INFO - Job 68: Subtask bronze.batch_audit
[2026-09-19T20:38:09.735+0000] {standard_task_runner.py:64} INFO - Started process 2170 to run task
[2026-09-19T20:38:09.772+0000] {task_command.py:426} INFO - Running <TaskInstance: lcbo_pipeline.bronze.batch_audit manual__2026-09-19T20:38:08.895375+00:00 [running]> on host 6cf516ec3c07
[2026-09-19T20:38:09.843+0000] {taskinstance.py:2648} INFO - Exporting env vars: AIRFLOW_CTX_DAG_OWNER='bhavik' AIRFLOW_CTX_DAG_ID='lcbo_pipeline' AIRFLOW_CTX_TASK_ID='bronze.batch_audit' AIRFLOW_CTX_EXECUTION_DATE='2026-09-19T20:38:08.895375+00:00' AIRFLOW_CTX_TRY_NUMBER='1' AIRFLOW_CTX_DAG_RUN_ID='manual__2026-09-19T20:38:08.895375+00:00'
[2026-09-19T20:38:09.844+0000] {taskinstance.py:430} INFO - ::endgroup::
[2026-09-19T20:38:09.861+0000] {subprocess.py:63} INFO - Tmp dir root location: /tmp
[2026-09-19T20:38:09.863+0000] {subprocess.py:75} INFO - Running command: ['/usr/bin/bash', '-c', 'python /opt/***/etl_scripts/bronze_batch_audit.py']
[2026-09-19T20:38:09.880+0000] {subprocess.py:86} INFO - Output:
[2026-09-19T20:38:10.203+0000] {subprocess.py:93} INFO - 2026-09-19 20:38:10,202 - INFO - Successfully connected to Postgres
[2026-09-19T20:38:10.207+0000] {subprocess.py:93} INFO - 2026-09-19 20:38:10,207 - INFO - Found 1 already processed files in DB
[2026-09-19T20:38:10.219+0000] {subprocess.py:93} INFO - 2026-09-19 20:38:10,219 - INFO - Found 3 files in folder /opt/***/source_files
[2026-09-19T20:38:10.220+0000] {subprocess.py:93} INFO - 2026-09-19 20:38:10,219 - INFO - Pending files to process: ['6190d7fd6c63881dfdbd828902ade53dff04d34a2af22caa5bae96987889cc6e', '8ddf3f8eca2dd916750f7218de9933e4171dc4bb17e91d63893d9acce8df3acd', 'dee0139b317a64cac5a6e261c09b3010bd767f35bf556ae45681929267665db6']
[2026-09-19T20:38:10.221+0000] {subprocess.py:93} INFO - 2026-09-19 20:38:10,219 - INFO - 3 new file(s) to process: ['6190d7fd6c63881dfdbd828902ade53dff04d34a2af22caa5bae96987889cc6e', '8ddf3f8eca2dd916750f7218de9933e4171dc4bb17e91d63893d9acce8df3acd', 'dee0139b317a64cac5a6e261c09b3010bd767f35bf556ae45681929267665db6']
[2026-09-19T20:38:10.222+0000] {subprocess.py:93} INFO - 2026-09-19 20:38:10,219 - INFO - Started with 6190d7fd6c63881dfdbd828902ade53dff04d34a2af22caa5bae96987889cc6e
[2026-09-19T20:38:10.223+0000] {subprocess.py:93} INFO - 2026-09-19 20:38:10,222 - INFO - Created new batch with run_id 2 for lcbo_settlement_20240103.csv at 2026-09-19 20:38:10.219534
[2026-09-19T20:38:10.223+0000] {subprocess.py:93} INFO - 2026-09-19 20:38:10,223 - INFO - Postgres connection closed.
[2026-09-19T20:38:10.224+0000] {subprocess.py:93} INFO - 2026-09-19 20:38:10,223 - INFO - batch audit result: {'batch_created': True, 'batch_id': 2, 'related_date': datetime.datetime(2026, 9, 19, 20, 38, 10, 219534), 'file_hash': '6190d7fd6c63881dfdbd828902ade53dff04d34a2af22caa5bae96987889cc6e', 'all_processed_files': False}
[2026-09-19T20:38:10.235+0000] {subprocess.py:97} INFO - Command exited with return code 0
[2026-09-19T20:38:10.237+0000] {taskinstance.py:441} INFO - ::group::Post task execution logs
[2026-09-19T20:38:10.256+0000] {taskinstance.py:1206} INFO - Marking task as SUCCESS. dag_id=lcbo_pipeline, task_id=bronze.batch_audit, run_id=manual__2026-09-19T20:38:08.895375+00:00, execution_date=20260919T203808, start_date=20260919T203809, end_date=20260919T203810
[2026-09-19T20:38:10.311+0000] {local_task_job_runner.py:243} INFO - Task exited with return code 0
[2026-09-19T20:38:10.332+0000] {taskinstance.py:3503} INFO - 1 downstream tasks scheduled from follow-on schedule check
[2026-09-19T20:38:10.335+0000] {local_task_job_runner.py:222} INFO - ::endgroup::
