[2026-09-23T01:30:16.610+0000] {local_task_job_runner.py:120} INFO - ::group::Pre task execution logs
[2026-09-23T01:30:16.637+0000] {taskinstance.py:2076} INFO - Dependencies all met for dep_context=non-requeueable deps ti=<TaskInstance: medallion_settlement_pipeline.Bronze_Ingestion.ingest_settlements manual__2026-09-23T01:30:14.866299+00:00 [queued]>
[2026-09-23T01:30:16.643+0000] {taskinstance.py:2076} INFO - Dependencies all met for dep_context=requeueable deps ti=<TaskInstance: medallion_settlement_pipeline.Bronze_Ingestion.ingest_settlements manual__2026-09-23T01:30:14.866299+00:00 [queued]>
[2026-09-23T01:30:16.645+0000] {taskinstance.py:2306} INFO - Starting attempt 1 of 1
[2026-09-23T01:30:16.655+0000] {taskinstance.py:2330} INFO - Executing <Task(BashOperator): Bronze_Ingestion.ingest_settlements> on 2026-09-23 01:30:14.866299+00:00
[2026-09-23T01:30:16.664+0000] {standard_task_runner.py:90} INFO - Running: ['***', 'tasks', 'run', 'medallion_settlement_pipeline', 'Bronze_Ingestion.ingest_settlements', 'manual__2026-09-23T01:30:14.866299+00:00', '--job-id', '162', '--raw', '--subdir', 'DAGS_FOLDER/lcbo_pipeline_dag.py', '--cfg-path', '/tmp/tmp1g0ef_41']
[2026-09-23T01:30:16.666+0000] {logging_mixin.py:188} WARNING - /home/***/.local/lib/python3.12/site-packages/***/task/task_runner/standard_task_runner.py:62 DeprecationWarning: This process (pid=1716) is multi-threaded, use of fork() may lead to deadlocks in the child.
[2026-09-23T01:30:16.667+0000] {standard_task_runner.py:91} INFO - Job 162: Subtask Bronze_Ingestion.ingest_settlements
[2026-09-23T01:30:16.667+0000] {standard_task_runner.py:64} INFO - Started process 1717 to run task
[2026-09-23T01:30:16.704+0000] {task_command.py:426} INFO - Running <TaskInstance: medallion_settlement_pipeline.Bronze_Ingestion.ingest_settlements manual__2026-09-23T01:30:14.866299+00:00 [running]> on host 4318980e9d4e
[2026-09-23T01:30:16.787+0000] {taskinstance.py:2648} INFO - Exporting env vars: AIRFLOW_CTX_DAG_OWNER='bhavik' AIRFLOW_CTX_DAG_ID='medallion_settlement_pipeline' AIRFLOW_CTX_TASK_ID='Bronze_Ingestion.ingest_settlements' AIRFLOW_CTX_EXECUTION_DATE='2026-09-23T01:30:14.866299+00:00' AIRFLOW_CTX_TRY_NUMBER='1' AIRFLOW_CTX_DAG_RUN_ID='manual__2026-09-23T01:30:14.866299+00:00'
[2026-09-23T01:30:16.788+0000] {taskinstance.py:430} INFO - ::endgroup::
[2026-09-23T01:30:16.801+0000] {subprocess.py:63} INFO - Tmp dir root location: /tmp
[2026-09-23T01:30:16.803+0000] {subprocess.py:75} INFO - Running command: ['/usr/bin/bash', '-c', 'python /opt/***/etl_scripts/bronze_lcbo_raw.py']
[2026-09-23T01:30:16.817+0000] {subprocess.py:86} INFO - Output:
[2026-09-23T01:30:17.816+0000] {subprocess.py:93} INFO - 2026-09-23 01:30:17,816 - INFO - Successfully connected to Postgres
[2026-09-23T01:30:17.817+0000] {subprocess.py:93} INFO - 2026-09-23 01:30:17,816 - INFO - Successfully connected to Postgres
[2026-09-23T01:30:17.818+0000] {subprocess.py:93} INFO - 2026-09-23 01:30:17,816 - INFO - LoadingData_ToPostgres class initialized successfully.
[2026-09-23T01:30:17.819+0000] {subprocess.py:93} INFO - 2026-09-23 01:30:17,819 - INFO - Processing file: lcbo_settlement_20260922.csv with batch ID: 4 and file hash: eb58828f3ec501acaa672c36e98f86b83b9501ff2edc1ffedc0b926f4d31c2c9
[2026-09-23T01:30:17.820+0000] {subprocess.py:93} INFO - 2026-09-23 01:30:17,819 - INFO - Found file: /opt/***/source_files/lcbo_settlement_20260922.csv
[2026-09-23T01:30:17.830+0000] {subprocess.py:93} INFO - 2026-09-23 01:30:17,830 - INFO - Inserted batch of size 16 into Postgres.
[2026-09-23T01:30:17.832+0000] {subprocess.py:93} INFO - 2026-09-23 01:30:17,832 - INFO - File processed successfully.
[2026-09-23T01:30:17.833+0000] {subprocess.py:93} INFO - 2026-09-23 01:30:17,832 - INFO - Postgres connection closed.
[2026-09-23T01:30:17.929+0000] {subprocess.py:97} INFO - Command exited with return code 0
[2026-09-23T01:30:17.931+0000] {taskinstance.py:441} INFO - ::group::Post task execution logs
[2026-09-23T01:30:17.952+0000] {taskinstance.py:1206} INFO - Marking task as SUCCESS. dag_id=medallion_settlement_pipeline, task_id=Bronze_Ingestion.ingest_settlements, run_id=manual__2026-09-23T01:30:14.866299+00:00, execution_date=20260923T013014, start_date=20260923T013016, end_date=20260923T013017
[2026-09-23T01:30:18.006+0000] {local_task_job_runner.py:243} INFO - Task exited with return code 0
[2026-09-23T01:30:18.028+0000] {taskinstance.py:3503} INFO - 1 downstream tasks scheduled from follow-on schedule check
[2026-09-23T01:30:18.032+0000] {local_task_job_runner.py:222} INFO - ::endgroup::
