[2026-09-23T01:26:50.225+0000] {local_task_job_runner.py:120} INFO - ::group::Pre task execution logs
[2026-09-23T01:26:50.253+0000] {taskinstance.py:2076} INFO - Dependencies all met for dep_context=non-requeueable deps ti=<TaskInstance: medallion_settlement_pipeline.Silver_Transform.join_settlement_to_cost manual__2026-09-23T01:26:24.294666+00:00 [queued]>
[2026-09-23T01:26:50.259+0000] {taskinstance.py:2076} INFO - Dependencies all met for dep_context=requeueable deps ti=<TaskInstance: medallion_settlement_pipeline.Silver_Transform.join_settlement_to_cost manual__2026-09-23T01:26:24.294666+00:00 [queued]>
[2026-09-23T01:26:50.260+0000] {taskinstance.py:2306} INFO - Starting attempt 1 of 1
[2026-09-23T01:26:50.271+0000] {taskinstance.py:2330} INFO - Executing <Task(BashOperator): Silver_Transform.join_settlement_to_cost> on 2026-09-23 01:26:24.294666+00:00
[2026-09-23T01:26:50.280+0000] {standard_task_runner.py:90} INFO - Running: ['***', 'tasks', 'run', 'medallion_settlement_pipeline', 'Silver_Transform.join_settlement_to_cost', 'manual__2026-09-23T01:26:24.294666+00:00', '--job-id', '158', '--raw', '--subdir', 'DAGS_FOLDER/lcbo_pipeline_dag.py', '--cfg-path', '/tmp/tmpgi6w_3y2']
[2026-09-23T01:26:50.282+0000] {standard_task_runner.py:91} INFO - Job 158: Subtask Silver_Transform.join_settlement_to_cost
[2026-09-23T01:26:50.282+0000] {logging_mixin.py:188} WARNING - /home/***/.local/lib/python3.12/site-packages/***/task/task_runner/standard_task_runner.py:62 DeprecationWarning: This process (pid=1590) is multi-threaded, use of fork() may lead to deadlocks in the child.
[2026-09-23T01:26:50.283+0000] {standard_task_runner.py:64} INFO - Started process 1591 to run task
[2026-09-23T01:26:50.320+0000] {task_command.py:426} INFO - Running <TaskInstance: medallion_settlement_pipeline.Silver_Transform.join_settlement_to_cost manual__2026-09-23T01:26:24.294666+00:00 [running]> on host 4318980e9d4e
[2026-09-23T01:26:50.390+0000] {taskinstance.py:2648} INFO - Exporting env vars: AIRFLOW_CTX_DAG_OWNER='bhavik' AIRFLOW_CTX_DAG_ID='medallion_settlement_pipeline' AIRFLOW_CTX_TASK_ID='Silver_Transform.join_settlement_to_cost' AIRFLOW_CTX_EXECUTION_DATE='2026-09-23T01:26:24.294666+00:00' AIRFLOW_CTX_TRY_NUMBER='1' AIRFLOW_CTX_DAG_RUN_ID='manual__2026-09-23T01:26:24.294666+00:00'
[2026-09-23T01:26:50.392+0000] {taskinstance.py:430} INFO - ::endgroup::
[2026-09-23T01:26:50.403+0000] {subprocess.py:63} INFO - Tmp dir root location: /tmp
[2026-09-23T01:26:50.405+0000] {subprocess.py:75} INFO - Running command: ['/usr/bin/bash', '-c', 'cd /opt/***/dbt_project && dbt run --target docker --select dbt_lcbo_joined_dim_prod_cost']
[2026-09-23T01:26:50.419+0000] {subprocess.py:86} INFO - Output:
[2026-09-23T01:26:51.905+0000] {subprocess.py:93} INFO - [0m01:26:51  Running with dbt=1.12.5
[2026-09-23T01:26:52.133+0000] {subprocess.py:93} INFO - [0m01:26:52  Registered adapter: postgres=1.9.0
[2026-09-23T01:26:53.272+0000] {subprocess.py:93} INFO - [0m01:26:53  Found 14 models, 2 snapshots, 3 sources, 597 macros
[2026-09-23T01:26:53.276+0000] {subprocess.py:93} INFO - [0m01:26:53
[2026-09-23T01:26:53.278+0000] {subprocess.py:93} INFO - [0m01:26:53  Concurrency: 4 threads (target='docker')
[2026-09-23T01:26:53.279+0000] {subprocess.py:93} INFO - [0m01:26:53
[2026-09-23T01:26:53.685+0000] {subprocess.py:93} INFO - [0m01:26:53  1 of 1 START sql table model silver.dbt_lcbo_joined_dim_prod_cost .............. [RUN]
[2026-09-23T01:26:53.867+0000] {subprocess.py:93} INFO - [0m01:26:53  1 of 1 OK created sql table model silver.dbt_lcbo_joined_dim_prod_cost ......... [[32mSELECT 14[0m in 0.18s]
[2026-09-23T01:26:53.947+0000] {subprocess.py:93} INFO - [0m01:26:53
[2026-09-23T01:26:53.949+0000] {subprocess.py:93} INFO - [0m01:26:53  Finished running 1 table model in 0 hours 0 minutes and 0.67 seconds (0.67s).
[2026-09-23T01:26:54.143+0000] {subprocess.py:93} INFO - [0m01:26:54
[2026-09-23T01:26:54.145+0000] {subprocess.py:93} INFO - [0m01:26:54  [32mCompleted successfully[0m
[2026-09-23T01:26:54.146+0000] {subprocess.py:93} INFO - [0m01:26:54
[2026-09-23T01:26:54.148+0000] {subprocess.py:93} INFO - [0m01:26:54  Done. PASS=1 WARN=0 ERROR=0 SKIP=0 NO-OP=0 REUSED=0 TOTAL=1
[2026-09-23T01:26:57.924+0000] {subprocess.py:97} INFO - Command exited with return code 0
[2026-09-23T01:26:57.926+0000] {taskinstance.py:441} INFO - ::group::Post task execution logs
[2026-09-23T01:26:57.947+0000] {taskinstance.py:1206} INFO - Marking task as SUCCESS. dag_id=medallion_settlement_pipeline, task_id=Silver_Transform.join_settlement_to_cost, run_id=manual__2026-09-23T01:26:24.294666+00:00, execution_date=20260923T012624, start_date=20260923T012650, end_date=20260923T012657
[2026-09-23T01:26:58.005+0000] {local_task_job_runner.py:243} INFO - Task exited with return code 0
[2026-09-23T01:26:58.028+0000] {taskinstance.py:3503} INFO - 1 downstream tasks scheduled from follow-on schedule check
[2026-09-23T01:26:58.032+0000] {local_task_job_runner.py:222} INFO - ::endgroup::
