[2026-09-22T01:14:25.581+0000] {local_task_job_runner.py:120} INFO - ::group::Pre task execution logs
[2026-09-22T01:14:25.608+0000] {taskinstance.py:2076} INFO - Dependencies all met for dep_context=non-requeueable deps ti=<TaskInstance: lcbo_pipeline.bronze.product_cost manual__2026-09-22T01:14:21.960219+00:00 [queued]>
[2026-09-22T01:14:25.615+0000] {taskinstance.py:2076} INFO - Dependencies all met for dep_context=requeueable deps ti=<TaskInstance: lcbo_pipeline.bronze.product_cost manual__2026-09-22T01:14:21.960219+00:00 [queued]>
[2026-09-22T01:14:25.616+0000] {taskinstance.py:2306} INFO - Starting attempt 1 of 1
[2026-09-22T01:14:25.625+0000] {taskinstance.py:2330} INFO - Executing <Task(BashOperator): bronze.product_cost> on 2026-09-22 01:14:21.960219+00:00
[2026-09-22T01:14:25.633+0000] {standard_task_runner.py:90} INFO - Running: ['***', 'tasks', 'run', 'lcbo_pipeline', 'bronze.product_cost', 'manual__2026-09-22T01:14:21.960219+00:00', '--job-id', '95', '--raw', '--subdir', 'DAGS_FOLDER/lcbo_pipeline_dag.py', '--cfg-path', '/tmp/tmpg260o9bz']
[2026-09-22T01:14:25.636+0000] {standard_task_runner.py:91} INFO - Job 95: Subtask bronze.product_cost
[2026-09-22T01:14:25.636+0000] {logging_mixin.py:188} WARNING - /home/***/.local/lib/python3.12/site-packages/***/task/task_runner/standard_task_runner.py:62 DeprecationWarning: This process (pid=212) is multi-threaded, use of fork() may lead to deadlocks in the child.
[2026-09-22T01:14:25.638+0000] {standard_task_runner.py:64} INFO - Started process 213 to run task
[2026-09-22T01:14:25.669+0000] {task_command.py:426} INFO - Running <TaskInstance: lcbo_pipeline.bronze.product_cost manual__2026-09-22T01:14:21.960219+00:00 [running]> on host d8c458fd86ee
[2026-09-22T01:14:25.731+0000] {taskinstance.py:2648} INFO - Exporting env vars: AIRFLOW_CTX_DAG_OWNER='bhavik' AIRFLOW_CTX_DAG_ID='lcbo_pipeline' AIRFLOW_CTX_TASK_ID='bronze.product_cost' AIRFLOW_CTX_EXECUTION_DATE='2026-09-22T01:14:21.960219+00:00' AIRFLOW_CTX_TRY_NUMBER='1' AIRFLOW_CTX_DAG_RUN_ID='manual__2026-09-22T01:14:21.960219+00:00'
[2026-09-22T01:14:25.732+0000] {taskinstance.py:430} INFO - ::endgroup::
[2026-09-22T01:14:25.742+0000] {subprocess.py:63} INFO - Tmp dir root location: /tmp
[2026-09-22T01:14:25.744+0000] {subprocess.py:75} INFO - Running command: ['/usr/bin/bash', '-c', 'python /opt/***/etl_scripts/bronze_product_cost.py']
[2026-09-22T01:14:25.756+0000] {subprocess.py:86} INFO - Output:
[2026-09-22T01:14:26.527+0000] {subprocess.py:93} INFO - 2026-09-22 01:14:26,527 - INFO - Successfully connected to Postgres
[2026-09-22T01:14:26.528+0000] {subprocess.py:93} INFO - 2026-09-22 01:14:26,527 - INFO - Connected to Postgres database successfully.
[2026-09-22T01:14:26.533+0000] {subprocess.py:93} INFO - 2026-09-22 01:14:26,533 - INFO - Product cost data read successfully from /opt/***/source_files/Master Product Cost/dim_product_cost.csv.
[2026-09-22T01:14:26.540+0000] {subprocess.py:93} INFO - 2026-09-22 01:14:26,540 - INFO - Table dim_product_cost truncated successfully.
[2026-09-22T01:14:26.544+0000] {subprocess.py:93} INFO - 2026-09-22 01:14:26,543 - INFO - total records inserted: 9 into bronze.dim_product_cost
[2026-09-22T01:14:26.544+0000] {subprocess.py:93} INFO - 2026-09-22 01:14:26,544 - INFO - Inserted 9 rows into bronze.dim_product_cost table.
[2026-09-22T01:14:26.545+0000] {subprocess.py:93} INFO - 2026-09-22 01:14:26,544 - INFO - All chunks processed successfully.
[2026-09-22T01:14:26.546+0000] {subprocess.py:93} INFO - 2026-09-22 01:14:26,544 - INFO - Postgres connection closed.
[2026-09-22T01:14:26.619+0000] {subprocess.py:97} INFO - Command exited with return code 0
[2026-09-22T01:14:26.620+0000] {taskinstance.py:441} INFO - ::group::Post task execution logs
[2026-09-22T01:14:26.641+0000] {taskinstance.py:1206} INFO - Marking task as SUCCESS. dag_id=lcbo_pipeline, task_id=bronze.product_cost, run_id=manual__2026-09-22T01:14:21.960219+00:00, execution_date=20260922T011421, start_date=20260922T011425, end_date=20260922T011426
[2026-09-22T01:14:26.661+0000] {local_task_job_runner.py:243} INFO - Task exited with return code 0
[2026-09-22T01:14:26.684+0000] {taskinstance.py:3503} INFO - 1 downstream tasks scheduled from follow-on schedule check
[2026-09-22T01:14:26.686+0000] {local_task_job_runner.py:222} INFO - ::endgroup::
