[2026-09-22T02:21:46.093+0000] {local_task_job_runner.py:120} INFO - ::group::Pre task execution logs
[2026-09-22T02:21:46.120+0000] {taskinstance.py:2076} INFO - Dependencies all met for dep_context=non-requeueable deps ti=<TaskInstance: lcbo_pipeline.gold.run_gold manual__2026-09-22T02:21:03.584781+00:00 [queued]>
[2026-09-22T02:21:46.127+0000] {taskinstance.py:2076} INFO - Dependencies all met for dep_context=requeueable deps ti=<TaskInstance: lcbo_pipeline.gold.run_gold manual__2026-09-22T02:21:03.584781+00:00 [queued]>
[2026-09-22T02:21:46.128+0000] {taskinstance.py:2306} INFO - Starting attempt 1 of 1
[2026-09-22T02:21:46.138+0000] {taskinstance.py:2330} INFO - Executing <Task(BashOperator): gold.run_gold> on 2026-09-22 02:21:03.584781+00:00
[2026-09-22T02:21:46.148+0000] {standard_task_runner.py:90} INFO - Running: ['***', 'tasks', 'run', 'lcbo_pipeline', 'gold.run_gold', 'manual__2026-09-22T02:21:03.584781+00:00', '--job-id', '132', '--raw', '--subdir', 'DAGS_FOLDER/lcbo_pipeline_dag.py', '--cfg-path', '/tmp/tmpszmicexs']
[2026-09-22T02:21:46.149+0000] {logging_mixin.py:188} WARNING - /home/***/.local/lib/python3.12/site-packages/***/task/task_runner/standard_task_runner.py:62 DeprecationWarning: This process (pid=2306) is multi-threaded, use of fork() may lead to deadlocks in the child.
[2026-09-22T02:21:46.150+0000] {standard_task_runner.py:91} INFO - Job 132: Subtask gold.run_gold
[2026-09-22T02:21:46.151+0000] {standard_task_runner.py:64} INFO - Started process 2307 to run task
[2026-09-22T02:21:46.191+0000] {task_command.py:426} INFO - Running <TaskInstance: lcbo_pipeline.gold.run_gold manual__2026-09-22T02:21:03.584781+00:00 [running]> on host d8c458fd86ee
[2026-09-22T02:21:46.259+0000] {taskinstance.py:2648} INFO - Exporting env vars: AIRFLOW_CTX_DAG_OWNER='bhavik' AIRFLOW_CTX_DAG_ID='lcbo_pipeline' AIRFLOW_CTX_TASK_ID='gold.run_gold' AIRFLOW_CTX_EXECUTION_DATE='2026-09-22T02:21:03.584781+00:00' AIRFLOW_CTX_TRY_NUMBER='1' AIRFLOW_CTX_DAG_RUN_ID='manual__2026-09-22T02:21:03.584781+00:00'
[2026-09-22T02:21:46.261+0000] {taskinstance.py:430} INFO - ::endgroup::
[2026-09-22T02:21:46.272+0000] {subprocess.py:63} INFO - Tmp dir root location: /tmp
[2026-09-22T02:21:46.273+0000] {subprocess.py:75} INFO - Running command: ['/usr/bin/bash', '-c', 'cd /opt/***/dbt_project && dbt run --target docker --select gold_dim_date gold_dim_product_cost gold_dim_product_info gold_dim_store dbt_lcbo_fact_table gold_fact_table']
[2026-09-22T02:21:46.286+0000] {subprocess.py:86} INFO - Output:
[2026-09-22T02:21:47.812+0000] {subprocess.py:93} INFO - [0m02:21:47  Running with dbt=1.12.5
[2026-09-22T02:21:48.046+0000] {subprocess.py:93} INFO - [0m02:21:48  Registered adapter: postgres=1.9.0
[2026-09-22T02:21:49.177+0000] {subprocess.py:93} INFO - [0m02:21:49  Found 14 models, 2 snapshots, 3 sources, 597 macros
[2026-09-22T02:21:49.182+0000] {subprocess.py:93} INFO - [0m02:21:49
[2026-09-22T02:21:49.183+0000] {subprocess.py:93} INFO - [0m02:21:49  Concurrency: 4 threads (target='docker')
[2026-09-22T02:21:49.185+0000] {subprocess.py:93} INFO - [0m02:21:49
[2026-09-22T02:21:49.527+0000] {subprocess.py:93} INFO - [0m02:21:49  1 of 6 START sql table model gold.gold_dim_date ................................ [RUN]
[2026-09-22T02:21:49.528+0000] {subprocess.py:93} INFO - [0m02:21:49  2 of 6 START sql table model gold.gold_dim_product_cost ........................ [RUN]
[2026-09-22T02:21:49.530+0000] {subprocess.py:93} INFO - [0m02:21:49  3 of 6 START sql table model gold.gold_dim_product_info ........................ [RUN]
[2026-09-22T02:21:49.532+0000] {subprocess.py:93} INFO - [0m02:21:49  4 of 6 START sql table model gold.gold_dim_store ............................... [RUN]
[2026-09-22T02:21:49.892+0000] {subprocess.py:93} INFO - [0m02:21:49  2 of 6 OK created sql table model gold.gold_dim_product_cost ................... [[32mSELECT 9[0m in 0.35s]
[2026-09-22T02:21:49.897+0000] {subprocess.py:93} INFO - [0m02:21:49  3 of 6 OK created sql table model gold.gold_dim_product_info ................... [[32mSELECT 9[0m in 0.35s]
[2026-09-22T02:21:49.899+0000] {subprocess.py:93} INFO - [0m02:21:49  4 of 6 OK created sql table model gold.gold_dim_store .......................... [[32mSELECT 5[0m in 0.35s]
[2026-09-22T02:21:49.915+0000] {subprocess.py:93} INFO - [0m02:21:49  1 of 6 OK created sql table model gold.gold_dim_date ........................... [[32mSELECT 3653[0m in 0.38s]
[2026-09-22T02:21:49.920+0000] {subprocess.py:93} INFO - [0m02:21:49  5 of 6 START sql table model silver.dbt_lcbo_fact_table ........................ [RUN]
[2026-09-22T02:21:50.054+0000] {subprocess.py:93} INFO - [0m02:21:50  5 of 6 OK created sql table model silver.dbt_lcbo_fact_table ................... [[32mSELECT 13[0m in 0.13s]
[2026-09-22T02:21:50.059+0000] {subprocess.py:93} INFO - [0m02:21:50  6 of 6 START sql incremental model gold.gold_fact_table ........................ [RUN]
[2026-09-22T02:21:50.400+0000] {subprocess.py:93} INFO - [0m02:21:50  6 of 6 OK created sql incremental model gold.gold_fact_table ................... [[32mMERGE 11[0m in 0.34s]
[2026-09-22T02:21:50.487+0000] {subprocess.py:93} INFO - [0m02:21:50
[2026-09-22T02:21:50.488+0000] {subprocess.py:93} INFO - [0m02:21:50  Finished running 1 incremental model, 5 table models in 0 hours 0 minutes and 1.30 seconds (1.30s).
[2026-09-22T02:21:50.607+0000] {subprocess.py:93} INFO - [0m02:21:50
[2026-09-22T02:21:50.608+0000] {subprocess.py:93} INFO - [0m02:21:50  [32mCompleted successfully[0m
[2026-09-22T02:21:50.609+0000] {subprocess.py:93} INFO - [0m02:21:50
[2026-09-22T02:21:50.611+0000] {subprocess.py:93} INFO - [0m02:21:50  Done. PASS=6 WARN=0 ERROR=0 SKIP=0 NO-OP=0 REUSED=0 TOTAL=6
[2026-09-22T02:21:54.442+0000] {subprocess.py:97} INFO - Command exited with return code 0
[2026-09-22T02:21:54.444+0000] {taskinstance.py:441} INFO - ::group::Post task execution logs
[2026-09-22T02:21:54.464+0000] {taskinstance.py:1206} INFO - Marking task as SUCCESS. dag_id=lcbo_pipeline, task_id=gold.run_gold, run_id=manual__2026-09-22T02:21:03.584781+00:00, execution_date=20260922T022103, start_date=20260922T022146, end_date=20260922T022154
[2026-09-22T02:21:54.515+0000] {local_task_job_runner.py:243} INFO - Task exited with return code 0
[2026-09-22T02:21:54.529+0000] {taskinstance.py:3503} INFO - 0 downstream tasks scheduled from follow-on schedule check
[2026-09-22T02:21:54.532+0000] {local_task_job_runner.py:222} INFO - ::endgroup::
