[2026-09-24T02:16:56.341+0000] {local_task_job_runner.py:120} INFO - ::group::Pre task execution logs
[2026-09-24T02:16:56.372+0000] {taskinstance.py:2076} INFO - Dependencies all met for dep_context=non-requeueable deps ti=<TaskInstance: medallion_settlement_pipeline.Silver_Transform.snapshot_product_dim manual__2026-09-24T02:05:31.038900+00:00 [queued]>
[2026-09-24T02:16:56.381+0000] {taskinstance.py:2076} INFO - Dependencies all met for dep_context=requeueable deps ti=<TaskInstance: medallion_settlement_pipeline.Silver_Transform.snapshot_product_dim manual__2026-09-24T02:05:31.038900+00:00 [queued]>
[2026-09-24T02:16:56.383+0000] {taskinstance.py:2306} INFO - Starting attempt 2 of 2
[2026-09-24T02:16:56.395+0000] {taskinstance.py:2330} INFO - Executing <Task(BashOperator): Silver_Transform.snapshot_product_dim> on 2026-09-24 02:05:31.038900+00:00
[2026-09-24T02:16:56.408+0000] {standard_task_runner.py:90} INFO - Running: ['***', 'tasks', 'run', 'medallion_settlement_pipeline', 'Silver_Transform.snapshot_product_dim', 'manual__2026-09-24T02:05:31.038900+00:00', '--job-id', '207', '--raw', '--subdir', 'DAGS_FOLDER/lcbo_pipeline_dag.py', '--cfg-path', '/tmp/tmpuk9o8te8']
[2026-09-24T02:16:56.410+0000] {logging_mixin.py:188} WARNING - /home/***/.local/lib/python3.12/site-packages/***/task/task_runner/standard_task_runner.py:62 DeprecationWarning: This process (pid=1347) is multi-threaded, use of fork() may lead to deadlocks in the child.
[2026-09-24T02:16:56.411+0000] {standard_task_runner.py:91} INFO - Job 207: Subtask Silver_Transform.snapshot_product_dim
[2026-09-24T02:16:56.412+0000] {standard_task_runner.py:64} INFO - Started process 1348 to run task
[2026-09-24T02:16:56.458+0000] {task_command.py:426} INFO - Running <TaskInstance: medallion_settlement_pipeline.Silver_Transform.snapshot_product_dim manual__2026-09-24T02:05:31.038900+00:00 [running]> on host 9314f7d71f12
[2026-09-24T02:16:56.543+0000] {taskinstance.py:2648} INFO - Exporting env vars: AIRFLOW_CTX_DAG_OWNER='bhavik' AIRFLOW_CTX_DAG_ID='medallion_settlement_pipeline' AIRFLOW_CTX_TASK_ID='Silver_Transform.snapshot_product_dim' AIRFLOW_CTX_EXECUTION_DATE='2026-09-24T02:05:31.038900+00:00' AIRFLOW_CTX_TRY_NUMBER='2' AIRFLOW_CTX_DAG_RUN_ID='manual__2026-09-24T02:05:31.038900+00:00'
[2026-09-24T02:16:56.544+0000] {taskinstance.py:430} INFO - ::endgroup::
[2026-09-24T02:16:56.556+0000] {subprocess.py:63} INFO - Tmp dir root location: /tmp
[2026-09-24T02:16:56.558+0000] {subprocess.py:75} INFO - Running command: ['/usr/bin/bash', '-c', 'cd /opt/***/dbt_project && dbt snapshot --target docker --select dim_product_snapshot']
[2026-09-24T02:16:56.571+0000] {subprocess.py:86} INFO - Output:
[2026-09-24T02:16:58.158+0000] {subprocess.py:93} INFO - [0m02:16:58  Running with dbt=1.12.5
[2026-09-24T02:16:58.413+0000] {subprocess.py:93} INFO - [0m02:16:58  Registered adapter: postgres=1.9.0
[2026-09-24T02:16:59.552+0000] {subprocess.py:93} INFO - [0m02:16:59  Found 14 models, 2 snapshots, 3 sources, 597 macros
[2026-09-24T02:16:59.555+0000] {subprocess.py:93} INFO - [0m02:16:59
[2026-09-24T02:16:59.557+0000] {subprocess.py:93} INFO - [0m02:16:59  Concurrency: 4 threads (target='docker')
[2026-09-24T02:16:59.558+0000] {subprocess.py:93} INFO - [0m02:16:59
[2026-09-24T02:16:59.806+0000] {subprocess.py:93} INFO - [0m02:16:59  1 of 1 START snapshot gold.dim_product_snapshot ................................ [RUN]
[2026-09-24T02:17:00.255+0000] {subprocess.py:93} INFO - [0m02:17:00  1 of 1 OK snapshotted gold.dim_product_snapshot ................................ [[32mINSERT 0 0[0m in 0.44s]
[2026-09-24T02:17:00.320+0000] {subprocess.py:93} INFO - [0m02:17:00
[2026-09-24T02:17:00.321+0000] {subprocess.py:93} INFO - [0m02:17:00  Finished running 1 snapshot in 0 hours 0 minutes and 0.76 seconds (0.76s).
[2026-09-24T02:17:00.443+0000] {subprocess.py:93} INFO - [0m02:17:00
[2026-09-24T02:17:00.445+0000] {subprocess.py:93} INFO - [0m02:17:00  [32mCompleted successfully[0m
[2026-09-24T02:17:00.446+0000] {subprocess.py:93} INFO - [0m02:17:00
[2026-09-24T02:17:00.447+0000] {subprocess.py:93} INFO - [0m02:17:00  Done. PASS=1 WARN=0 ERROR=0 SKIP=0 NO-OP=0 REUSED=0 TOTAL=1
[2026-09-24T02:17:04.222+0000] {subprocess.py:97} INFO - Command exited with return code 0
[2026-09-24T02:17:04.223+0000] {taskinstance.py:441} INFO - ::group::Post task execution logs
[2026-09-24T02:17:04.244+0000] {taskinstance.py:1206} INFO - Marking task as SUCCESS. dag_id=medallion_settlement_pipeline, task_id=Silver_Transform.snapshot_product_dim, run_id=manual__2026-09-24T02:05:31.038900+00:00, execution_date=20260924T020531, start_date=20260924T021656, end_date=20260924T021704
[2026-09-24T02:17:04.296+0000] {local_task_job_runner.py:243} INFO - Task exited with return code 0
[2026-09-24T02:17:04.314+0000] {taskinstance.py:3503} INFO - 1 downstream tasks scheduled from follow-on schedule check
[2026-09-24T02:17:04.316+0000] {local_task_job_runner.py:222} INFO - ::endgroup::
