[2026-09-23T00:50:02.418+0000] {local_task_job_runner.py:120} INFO - ::group::Pre task execution logs
[2026-09-23T00:50:02.443+0000] {taskinstance.py:2076} INFO - Dependencies all met for dep_context=non-requeueable deps ti=<TaskInstance: medallion_settlement_pipeline.Silver_Transform.snapshot_product_dim manual__2026-09-23T00:49:30.464308+00:00 [queued]>
[2026-09-23T00:50:02.450+0000] {taskinstance.py:2076} INFO - Dependencies all met for dep_context=requeueable deps ti=<TaskInstance: medallion_settlement_pipeline.Silver_Transform.snapshot_product_dim manual__2026-09-23T00:49:30.464308+00:00 [queued]>
[2026-09-23T00:50:02.451+0000] {taskinstance.py:2306} INFO - Starting attempt 1 of 1
[2026-09-23T00:50:02.461+0000] {taskinstance.py:2330} INFO - Executing <Task(BashOperator): Silver_Transform.snapshot_product_dim> on 2026-09-23 00:49:30.464308+00:00
[2026-09-23T00:50:02.470+0000] {standard_task_runner.py:90} INFO - Running: ['***', 'tasks', 'run', 'medallion_settlement_pipeline', 'Silver_Transform.snapshot_product_dim', 'manual__2026-09-23T00:49:30.464308+00:00', '--job-id', '151', '--raw', '--subdir', 'DAGS_FOLDER/lcbo_pipeline_dag.py', '--cfg-path', '/tmp/tmpr8z7xatw']
[2026-09-23T00:50:02.472+0000] {logging_mixin.py:188} WARNING - /home/***/.local/lib/python3.12/site-packages/***/task/task_runner/standard_task_runner.py:62 DeprecationWarning: This process (pid=662) is multi-threaded, use of fork() may lead to deadlocks in the child.
[2026-09-23T00:50:02.473+0000] {standard_task_runner.py:91} INFO - Job 151: Subtask Silver_Transform.snapshot_product_dim
[2026-09-23T00:50:02.473+0000] {standard_task_runner.py:64} INFO - Started process 663 to run task
[2026-09-23T00:50:02.510+0000] {task_command.py:426} INFO - Running <TaskInstance: medallion_settlement_pipeline.Silver_Transform.snapshot_product_dim manual__2026-09-23T00:49:30.464308+00:00 [running]> on host 4318980e9d4e
[2026-09-23T00:50:02.579+0000] {taskinstance.py:2648} INFO - Exporting env vars: AIRFLOW_CTX_DAG_OWNER='bhavik' AIRFLOW_CTX_DAG_ID='medallion_settlement_pipeline' AIRFLOW_CTX_TASK_ID='Silver_Transform.snapshot_product_dim' AIRFLOW_CTX_EXECUTION_DATE='2026-09-23T00:49:30.464308+00:00' AIRFLOW_CTX_TRY_NUMBER='1' AIRFLOW_CTX_DAG_RUN_ID='manual__2026-09-23T00:49:30.464308+00:00'
[2026-09-23T00:50:02.581+0000] {taskinstance.py:430} INFO - ::endgroup::
[2026-09-23T00:50:02.592+0000] {subprocess.py:63} INFO - Tmp dir root location: /tmp
[2026-09-23T00:50:02.594+0000] {subprocess.py:75} INFO - Running command: ['/usr/bin/bash', '-c', 'cd /opt/***/dbt_project && dbt snapshot --target docker --select dim_product_snapshot']
[2026-09-23T00:50:02.607+0000] {subprocess.py:86} INFO - Output:
[2026-09-23T00:50:04.096+0000] {subprocess.py:93} INFO - [0m00:50:04  Running with dbt=1.12.5
[2026-09-23T00:50:04.330+0000] {subprocess.py:93} INFO - [0m00:50:04  Registered adapter: postgres=1.9.0
[2026-09-23T00:50:05.463+0000] {subprocess.py:93} INFO - [0m00:50:05  Found 14 models, 2 snapshots, 3 sources, 597 macros
[2026-09-23T00:50:05.467+0000] {subprocess.py:93} INFO - [0m00:50:05
[2026-09-23T00:50:05.468+0000] {subprocess.py:93} INFO - [0m00:50:05  Concurrency: 4 threads (target='docker')
[2026-09-23T00:50:05.469+0000] {subprocess.py:93} INFO - [0m00:50:05
[2026-09-23T00:50:05.790+0000] {subprocess.py:93} INFO - [0m00:50:05  1 of 1 START snapshot gold.dim_product_snapshot ................................ [RUN]
[2026-09-23T00:50:06.164+0000] {subprocess.py:93} INFO - [0m00:50:06  1 of 1 OK snapshotted gold.dim_product_snapshot ................................ [[32mINSERT 0 1[0m in 0.37s]
[2026-09-23T00:50:06.241+0000] {subprocess.py:93} INFO - [0m00:50:06
[2026-09-23T00:50:06.242+0000] {subprocess.py:93} INFO - [0m00:50:06  Finished running 1 snapshot in 0 hours 0 minutes and 0.77 seconds (0.77s).
[2026-09-23T00:50:06.354+0000] {subprocess.py:93} INFO - [0m00:50:06
[2026-09-23T00:50:06.356+0000] {subprocess.py:93} INFO - [0m00:50:06  [32mCompleted successfully[0m
[2026-09-23T00:50:06.357+0000] {subprocess.py:93} INFO - [0m00:50:06
[2026-09-23T00:50:06.358+0000] {subprocess.py:93} INFO - [0m00:50:06  Done. PASS=1 WARN=0 ERROR=0 SKIP=0 NO-OP=0 REUSED=0 TOTAL=1
[2026-09-23T00:50:10.123+0000] {subprocess.py:97} INFO - Command exited with return code 0
[2026-09-23T00:50:10.124+0000] {taskinstance.py:441} INFO - ::group::Post task execution logs
[2026-09-23T00:50:10.144+0000] {taskinstance.py:1206} INFO - Marking task as SUCCESS. dag_id=medallion_settlement_pipeline, task_id=Silver_Transform.snapshot_product_dim, run_id=manual__2026-09-23T00:49:30.464308+00:00, execution_date=20260923T004930, start_date=20260923T005002, end_date=20260923T005010
[2026-09-23T00:50:10.191+0000] {local_task_job_runner.py:243} INFO - Task exited with return code 0
[2026-09-23T00:50:10.208+0000] {taskinstance.py:3503} INFO - 1 downstream tasks scheduled from follow-on schedule check
[2026-09-23T00:50:10.211+0000] {local_task_job_runner.py:222} INFO - ::endgroup::
