[2026-09-23T01:46:28.549+0000] {local_task_job_runner.py:120} INFO - ::group::Pre task execution logs
[2026-09-23T01:46:28.575+0000] {taskinstance.py:2076} INFO - Dependencies all met for dep_context=non-requeueable deps ti=<TaskInstance: medallion_settlement_pipeline.Silver_Transform.clean_cast_settlements manual__2026-09-23T01:46:22.219923+00:00 [queued]>
[2026-09-23T01:46:28.581+0000] {taskinstance.py:2076} INFO - Dependencies all met for dep_context=requeueable deps ti=<TaskInstance: medallion_settlement_pipeline.Silver_Transform.clean_cast_settlements manual__2026-09-23T01:46:22.219923+00:00 [queued]>
[2026-09-23T01:46:28.582+0000] {taskinstance.py:2306} INFO - Starting attempt 1 of 1
[2026-09-23T01:46:28.591+0000] {taskinstance.py:2330} INFO - Executing <Task(BashOperator): Silver_Transform.clean_cast_settlements> on 2026-09-23 01:46:22.219923+00:00
[2026-09-23T01:46:28.601+0000] {logging_mixin.py:188} WARNING - /home/***/.local/lib/python3.12/site-packages/***/task/task_runner/standard_task_runner.py:62 DeprecationWarning: This process (pid=2163) is multi-threaded, use of fork() may lead to deadlocks in the child.
[2026-09-23T01:46:28.600+0000] {standard_task_runner.py:90} INFO - Running: ['***', 'tasks', 'run', 'medallion_settlement_pipeline', 'Silver_Transform.clean_cast_settlements', 'manual__2026-09-23T01:46:22.219923+00:00', '--job-id', '168', '--raw', '--subdir', 'DAGS_FOLDER/lcbo_pipeline_dag.py', '--cfg-path', '/tmp/tmpvg7gzq35']
[2026-09-23T01:46:28.603+0000] {standard_task_runner.py:64} INFO - Started process 2164 to run task
[2026-09-23T01:46:28.604+0000] {standard_task_runner.py:91} INFO - Job 168: Subtask Silver_Transform.clean_cast_settlements
[2026-09-23T01:46:28.640+0000] {task_command.py:426} INFO - Running <TaskInstance: medallion_settlement_pipeline.Silver_Transform.clean_cast_settlements manual__2026-09-23T01:46:22.219923+00:00 [running]> on host 4318980e9d4e
[2026-09-23T01:46:28.707+0000] {taskinstance.py:2648} INFO - Exporting env vars: AIRFLOW_CTX_DAG_OWNER='bhavik' AIRFLOW_CTX_DAG_ID='medallion_settlement_pipeline' AIRFLOW_CTX_TASK_ID='Silver_Transform.clean_cast_settlements' AIRFLOW_CTX_EXECUTION_DATE='2026-09-23T01:46:22.219923+00:00' AIRFLOW_CTX_TRY_NUMBER='1' AIRFLOW_CTX_DAG_RUN_ID='manual__2026-09-23T01:46:22.219923+00:00'
[2026-09-23T01:46:28.708+0000] {taskinstance.py:430} INFO - ::endgroup::
[2026-09-23T01:46:28.718+0000] {subprocess.py:63} INFO - Tmp dir root location: /tmp
[2026-09-23T01:46:28.720+0000] {subprocess.py:75} INFO - Running command: ['/usr/bin/bash', '-c', 'cd /opt/***/dbt_project && dbt run --target docker --select dbt_lcbo_raw dbt_product_cost dbt_lcbo_columns_trans dbt_lcbo_columns_type dbt_lcbo_cleansed_settlement dbt_lcbo_filterout_negative_sales dbt_dim_product_transform']
[2026-09-23T01:46:28.733+0000] {subprocess.py:86} INFO - Output:
[2026-09-23T01:46:30.802+0000] {subprocess.py:93} INFO - [0m01:46:30  Running with dbt=1.12.5
[2026-09-23T01:46:31.116+0000] {subprocess.py:93} INFO - [0m01:46:31  Registered adapter: postgres=1.9.0
[2026-09-23T01:46:31.329+0000] {subprocess.py:93} INFO - [0m01:46:31  Unable to do partial parsing because of a version mismatch
[2026-09-23T01:46:33.503+0000] {subprocess.py:93} INFO - [0m01:46:33  Found 14 models, 2 snapshots, 3 sources, 597 macros
[2026-09-23T01:46:33.507+0000] {subprocess.py:93} INFO - [0m01:46:33
[2026-09-23T01:46:33.509+0000] {subprocess.py:93} INFO - [0m01:46:33  Concurrency: 4 threads (target='docker')
[2026-09-23T01:46:33.510+0000] {subprocess.py:93} INFO - [0m01:46:33
[2026-09-23T01:46:33.836+0000] {subprocess.py:93} INFO - [0m01:46:33  1 of 7 START sql table model silver.dbt_lcbo_raw ............................... [RUN]
[2026-09-23T01:46:33.838+0000] {subprocess.py:93} INFO - [0m01:46:33  2 of 7 START sql table model silver.dbt_product_cost ........................... [RUN]
[2026-09-23T01:46:34.066+0000] {subprocess.py:93} INFO - [0m01:46:34  1 of 7 OK created sql table model silver.dbt_lcbo_raw .......................... [[32mSELECT 16[0m in 0.22s]
[2026-09-23T01:46:34.077+0000] {subprocess.py:93} INFO - [0m01:46:34  3 of 7 START sql table model silver.dbt_lcbo_columns_trans ..................... [RUN]
[2026-09-23T01:46:34.093+0000] {subprocess.py:93} INFO - [0m01:46:34  2 of 7 OK created sql table model silver.dbt_product_cost ...................... [[32mSELECT 9[0m in 0.25s]
[2026-09-23T01:46:34.098+0000] {subprocess.py:93} INFO - [0m01:46:34  4 of 7 START sql table model silver.dbt_dim_product_transform .................. [RUN]
[2026-09-23T01:46:34.252+0000] {subprocess.py:93} INFO - [0m01:46:34  3 of 7 OK created sql table model silver.dbt_lcbo_columns_trans ................ [[32mSELECT 16[0m in 0.17s]
[2026-09-23T01:46:34.260+0000] {subprocess.py:93} INFO - [0m01:46:34  5 of 7 START sql table model silver.dbt_lcbo_columns_type ...................... [RUN]
[2026-09-23T01:46:34.281+0000] {subprocess.py:93} INFO - [0m01:46:34  4 of 7 OK created sql table model silver.dbt_dim_product_transform ............. [[32mSELECT 9[0m in 0.18s]
[2026-09-23T01:46:34.411+0000] {subprocess.py:93} INFO - [0m01:46:34  5 of 7 OK created sql table model silver.dbt_lcbo_columns_type ................. [[32mSELECT 16[0m in 0.15s]
[2026-09-23T01:46:34.417+0000] {subprocess.py:93} INFO - [0m01:46:34  6 of 7 START sql table model silver.dbt_lcbo_cleansed_settlement ............... [RUN]
[2026-09-23T01:46:34.418+0000] {subprocess.py:93} INFO - [0m01:46:34  7 of 7 START sql incremental model silver.dbt_lcbo_filterout_negative_sales .... [RUN]
[2026-09-23T01:46:34.624+0000] {subprocess.py:93} INFO - [0m01:46:34  6 of 7 OK created sql table model silver.dbt_lcbo_cleansed_settlement .......... [[32mSELECT 14[0m in 0.20s]
[2026-09-23T01:46:34.637+0000] {subprocess.py:93} INFO - [0m01:46:34  7 of 7 OK created sql incremental model silver.dbt_lcbo_filterout_negative_sales  [[32mMERGE 2[0m in 0.21s]
[2026-09-23T01:46:34.726+0000] {subprocess.py:93} INFO - [0m01:46:34
[2026-09-23T01:46:34.727+0000] {subprocess.py:93} INFO - [0m01:46:34  Finished running 1 incremental model, 6 table models in 0 hours 0 minutes and 1.21 seconds (1.21s).
[2026-09-23T01:46:34.854+0000] {subprocess.py:93} INFO - [0m01:46:34
[2026-09-23T01:46:34.856+0000] {subprocess.py:93} INFO - [0m01:46:34  [32mCompleted successfully[0m
[2026-09-23T01:46:34.857+0000] {subprocess.py:93} INFO - [0m01:46:34
[2026-09-23T01:46:34.859+0000] {subprocess.py:93} INFO - [0m01:46:34  Done. PASS=7 WARN=0 ERROR=0 SKIP=0 NO-OP=0 REUSED=0 TOTAL=7
[2026-09-23T01:46:38.729+0000] {subprocess.py:97} INFO - Command exited with return code 0
[2026-09-23T01:46:38.732+0000] {taskinstance.py:441} INFO - ::group::Post task execution logs
[2026-09-23T01:46:38.754+0000] {taskinstance.py:1206} INFO - Marking task as SUCCESS. dag_id=medallion_settlement_pipeline, task_id=Silver_Transform.clean_cast_settlements, run_id=manual__2026-09-23T01:46:22.219923+00:00, execution_date=20260923T014622, start_date=20260923T014628, end_date=20260923T014638
[2026-09-23T01:46:38.803+0000] {local_task_job_runner.py:243} INFO - Task exited with return code 0
[2026-09-23T01:46:38.823+0000] {taskinstance.py:3503} INFO - 1 downstream tasks scheduled from follow-on schedule check
[2026-09-23T01:46:38.825+0000] {local_task_job_runner.py:222} INFO - ::endgroup::
