[2026-09-24T02:16:48.144+0000] {local_task_job_runner.py:120} INFO - ::group::Pre task execution logs
[2026-09-24T02:16:48.170+0000] {taskinstance.py:2076} INFO - Dependencies all met for dep_context=non-requeueable deps ti=<TaskInstance: medallion_settlement_pipeline.Silver_Transform.join_settlement_to_cost manual__2026-09-24T02:05:31.038900+00:00 [queued]>
[2026-09-24T02:16:48.177+0000] {taskinstance.py:2076} INFO - Dependencies all met for dep_context=requeueable deps ti=<TaskInstance: medallion_settlement_pipeline.Silver_Transform.join_settlement_to_cost manual__2026-09-24T02:05:31.038900+00:00 [queued]>
[2026-09-24T02:16:48.178+0000] {taskinstance.py:2306} INFO - Starting attempt 2 of 2
[2026-09-24T02:16:48.189+0000] {taskinstance.py:2330} INFO - Executing <Task(BashOperator): Silver_Transform.join_settlement_to_cost> on 2026-09-24 02:05:31.038900+00:00
[2026-09-24T02:16:48.197+0000] {standard_task_runner.py:90} INFO - Running: ['***', 'tasks', 'run', 'medallion_settlement_pipeline', 'Silver_Transform.join_settlement_to_cost', 'manual__2026-09-24T02:05:31.038900+00:00', '--job-id', '206', '--raw', '--subdir', 'DAGS_FOLDER/lcbo_pipeline_dag.py', '--cfg-path', '/tmp/tmp7g12wmfc']
[2026-09-24T02:16:48.199+0000] {logging_mixin.py:188} WARNING - /home/***/.local/lib/python3.12/site-packages/***/task/task_runner/standard_task_runner.py:62 DeprecationWarning: This process (pid=1332) is multi-threaded, use of fork() may lead to deadlocks in the child.
[2026-09-24T02:16:48.200+0000] {standard_task_runner.py:91} INFO - Job 206: Subtask Silver_Transform.join_settlement_to_cost
[2026-09-24T02:16:48.201+0000] {standard_task_runner.py:64} INFO - Started process 1333 to run task
[2026-09-24T02:16:48.247+0000] {task_command.py:426} INFO - Running <TaskInstance: medallion_settlement_pipeline.Silver_Transform.join_settlement_to_cost manual__2026-09-24T02:05:31.038900+00:00 [running]> on host 9314f7d71f12
[2026-09-24T02:16:48.325+0000] {taskinstance.py:2648} INFO - Exporting env vars: AIRFLOW_CTX_DAG_OWNER='bhavik' AIRFLOW_CTX_DAG_ID='medallion_settlement_pipeline' AIRFLOW_CTX_TASK_ID='Silver_Transform.join_settlement_to_cost' AIRFLOW_CTX_EXECUTION_DATE='2026-09-24T02:05:31.038900+00:00' AIRFLOW_CTX_TRY_NUMBER='2' AIRFLOW_CTX_DAG_RUN_ID='manual__2026-09-24T02:05:31.038900+00:00'
[2026-09-24T02:16:48.326+0000] {taskinstance.py:430} INFO - ::endgroup::
[2026-09-24T02:16:48.337+0000] {subprocess.py:63} INFO - Tmp dir root location: /tmp
[2026-09-24T02:16:48.339+0000] {subprocess.py:75} INFO - Running command: ['/usr/bin/bash', '-c', 'cd /opt/***/dbt_project && dbt run --target docker --select dbt_lcbo_joined_dim_prod_cost']
[2026-09-24T02:16:48.354+0000] {subprocess.py:86} INFO - Output:
[2026-09-24T02:16:49.863+0000] {subprocess.py:93} INFO - [0m02:16:49  Running with dbt=1.12.5
[2026-09-24T02:16:50.089+0000] {subprocess.py:93} INFO - [0m02:16:50  Registered adapter: postgres=1.9.0
[2026-09-24T02:16:51.236+0000] {subprocess.py:93} INFO - [0m02:16:51  Found 14 models, 2 snapshots, 3 sources, 597 macros
[2026-09-24T02:16:51.240+0000] {subprocess.py:93} INFO - [0m02:16:51
[2026-09-24T02:16:51.241+0000] {subprocess.py:93} INFO - [0m02:16:51  Concurrency: 4 threads (target='docker')
[2026-09-24T02:16:51.243+0000] {subprocess.py:93} INFO - [0m02:16:51
[2026-09-24T02:16:51.489+0000] {subprocess.py:93} INFO - [0m02:16:51  1 of 1 START sql table model silver.dbt_lcbo_joined_dim_prod_cost .............. [RUN]
[2026-09-24T02:16:51.657+0000] {subprocess.py:93} INFO - [0m02:16:51  1 of 1 OK created sql table model silver.dbt_lcbo_joined_dim_prod_cost ......... [[32mSELECT 15[0m in 0.16s]
[2026-09-24T02:16:51.720+0000] {subprocess.py:93} INFO - [0m02:16:51
[2026-09-24T02:16:51.721+0000] {subprocess.py:93} INFO - [0m02:16:51  Finished running 1 table model in 0 hours 0 minutes and 0.48 seconds (0.48s).
[2026-09-24T02:16:51.906+0000] {subprocess.py:93} INFO - [0m02:16:51
[2026-09-24T02:16:51.908+0000] {subprocess.py:93} INFO - [0m02:16:51  [32mCompleted successfully[0m
[2026-09-24T02:16:51.909+0000] {subprocess.py:93} INFO - [0m02:16:51
[2026-09-24T02:16:51.910+0000] {subprocess.py:93} INFO - [0m02:16:51  Done. PASS=1 WARN=0 ERROR=0 SKIP=0 NO-OP=0 REUSED=0 TOTAL=1
[2026-09-24T02:16:55.670+0000] {subprocess.py:97} INFO - Command exited with return code 0
[2026-09-24T02:16:55.672+0000] {taskinstance.py:441} INFO - ::group::Post task execution logs
[2026-09-24T02:16:55.694+0000] {taskinstance.py:1206} INFO - Marking task as SUCCESS. dag_id=medallion_settlement_pipeline, task_id=Silver_Transform.join_settlement_to_cost, run_id=manual__2026-09-24T02:05:31.038900+00:00, execution_date=20260924T020531, start_date=20260924T021648, end_date=20260924T021655
[2026-09-24T02:16:55.723+0000] {local_task_job_runner.py:243} INFO - Task exited with return code 0
[2026-09-24T02:16:55.746+0000] {taskinstance.py:3503} INFO - 1 downstream tasks scheduled from follow-on schedule check
[2026-09-24T02:16:55.748+0000] {local_task_job_runner.py:222} INFO - ::endgroup::
