[2026-09-24T02:05:57.662+0000] {local_task_job_runner.py:120} INFO - ::group::Pre task execution logs
[2026-09-24T02:05:57.692+0000] {taskinstance.py:2076} INFO - Dependencies all met for dep_context=non-requeueable deps ti=<TaskInstance: medallion_settlement_pipeline.Silver_Transform.join_settlement_to_cost manual__2026-09-24T02:05:31.038900+00:00 [queued]>
[2026-09-24T02:05:57.701+0000] {taskinstance.py:2076} INFO - Dependencies all met for dep_context=requeueable deps ti=<TaskInstance: medallion_settlement_pipeline.Silver_Transform.join_settlement_to_cost manual__2026-09-24T02:05:31.038900+00:00 [queued]>
[2026-09-24T02:05:57.703+0000] {taskinstance.py:2306} INFO - Starting attempt 1 of 1
[2026-09-24T02:05:57.715+0000] {taskinstance.py:2330} INFO - Executing <Task(BashOperator): Silver_Transform.join_settlement_to_cost> on 2026-09-24 02:05:31.038900+00:00
[2026-09-24T02:05:57.725+0000] {standard_task_runner.py:90} INFO - Running: ['***', 'tasks', 'run', 'medallion_settlement_pipeline', 'Silver_Transform.join_settlement_to_cost', 'manual__2026-09-24T02:05:31.038900+00:00', '--job-id', '198', '--raw', '--subdir', 'DAGS_FOLDER/lcbo_pipeline_dag.py', '--cfg-path', '/tmp/tmpgm0msy1h']
[2026-09-24T02:05:57.728+0000] {logging_mixin.py:188} WARNING - /home/***/.local/lib/python3.12/site-packages/***/task/task_runner/standard_task_runner.py:62 DeprecationWarning: This process (pid=962) is multi-threaded, use of fork() may lead to deadlocks in the child.
[2026-09-24T02:05:57.729+0000] {standard_task_runner.py:91} INFO - Job 198: Subtask Silver_Transform.join_settlement_to_cost
[2026-09-24T02:05:57.729+0000] {standard_task_runner.py:64} INFO - Started process 963 to run task
[2026-09-24T02:05:57.784+0000] {task_command.py:426} INFO - Running <TaskInstance: medallion_settlement_pipeline.Silver_Transform.join_settlement_to_cost manual__2026-09-24T02:05:31.038900+00:00 [running]> on host 9314f7d71f12
[2026-09-24T02:05:57.871+0000] {taskinstance.py:2648} INFO - Exporting env vars: AIRFLOW_CTX_DAG_OWNER='bhavik' AIRFLOW_CTX_DAG_ID='medallion_settlement_pipeline' AIRFLOW_CTX_TASK_ID='Silver_Transform.join_settlement_to_cost' AIRFLOW_CTX_EXECUTION_DATE='2026-09-24T02:05:31.038900+00:00' AIRFLOW_CTX_TRY_NUMBER='1' AIRFLOW_CTX_DAG_RUN_ID='manual__2026-09-24T02:05:31.038900+00:00'
[2026-09-24T02:05:57.874+0000] {taskinstance.py:430} INFO - ::endgroup::
[2026-09-24T02:05:57.888+0000] {subprocess.py:63} INFO - Tmp dir root location: /tmp
[2026-09-24T02:05:57.891+0000] {subprocess.py:75} INFO - Running command: ['/usr/bin/bash', '-c', 'cd /opt/***/dbt_project && dbt run --target docker --select dbt_lcbo_joined_dim_prod_cost']
[2026-09-24T02:05:57.905+0000] {subprocess.py:86} INFO - Output:
[2026-09-24T02:05:59.657+0000] {subprocess.py:93} INFO - [0m02:05:59  Running with dbt=1.12.5
[2026-09-24T02:05:59.918+0000] {subprocess.py:93} INFO - [0m02:05:59  Registered adapter: postgres=1.9.0
[2026-09-24T02:06:01.224+0000] {subprocess.py:93} INFO - [0m02:06:01  Found 14 models, 2 snapshots, 3 sources, 597 macros
[2026-09-24T02:06:01.229+0000] {subprocess.py:93} INFO - [0m02:06:01
[2026-09-24T02:06:01.231+0000] {subprocess.py:93} INFO - [0m02:06:01  Concurrency: 4 threads (target='docker')
[2026-09-24T02:06:01.232+0000] {subprocess.py:93} INFO - [0m02:06:01
[2026-09-24T02:06:01.522+0000] {subprocess.py:93} INFO - [0m02:06:01  1 of 1 START sql table model silver.dbt_lcbo_joined_dim_prod_cost .............. [RUN]
[2026-09-24T02:06:01.714+0000] {subprocess.py:93} INFO - [0m02:06:01  1 of 1 OK created sql table model silver.dbt_lcbo_joined_dim_prod_cost ......... [[32mSELECT 15[0m in 0.19s]
[2026-09-24T02:06:01.787+0000] {subprocess.py:93} INFO - [0m02:06:01
[2026-09-24T02:06:01.789+0000] {subprocess.py:93} INFO - [0m02:06:01  Finished running 1 table model in 0 hours 0 minutes and 0.55 seconds (0.55s).
[2026-09-24T02:06:01.999+0000] {subprocess.py:93} INFO - [0m02:06:01
[2026-09-24T02:06:02.000+0000] {subprocess.py:93} INFO - [0m02:06:02  [32mCompleted successfully[0m
[2026-09-24T02:06:02.001+0000] {subprocess.py:93} INFO - [0m02:06:02
[2026-09-24T02:06:02.003+0000] {subprocess.py:93} INFO - [0m02:06:02  Done. PASS=1 WARN=0 ERROR=0 SKIP=0 NO-OP=0 REUSED=0 TOTAL=1
[2026-09-24T02:06:05.839+0000] {subprocess.py:97} INFO - Command exited with return code 0
[2026-09-24T02:06:05.840+0000] {taskinstance.py:441} INFO - ::group::Post task execution logs
[2026-09-24T02:06:05.861+0000] {taskinstance.py:1206} INFO - Marking task as SUCCESS. dag_id=medallion_settlement_pipeline, task_id=Silver_Transform.join_settlement_to_cost, run_id=manual__2026-09-24T02:05:31.038900+00:00, execution_date=20260924T020531, start_date=20260924T020557, end_date=20260924T020605
[2026-09-24T02:06:05.910+0000] {local_task_job_runner.py:243} INFO - Task exited with return code 0
[2026-09-24T02:06:05.931+0000] {taskinstance.py:3503} INFO - 1 downstream tasks scheduled from follow-on schedule check
[2026-09-24T02:06:05.934+0000] {local_task_job_runner.py:222} INFO - ::endgroup::
