[2026-09-24T02:05:35.481+0000] {local_task_job_runner.py:120} INFO - ::group::Pre task execution logs
[2026-09-24T02:05:35.510+0000] {taskinstance.py:2076} INFO - Dependencies all met for dep_context=non-requeueable deps ti=<TaskInstance: medallion_settlement_pipeline.Bronze_Ingestion.ingest_product_cost manual__2026-09-24T02:05:31.038900+00:00 [queued]>
[2026-09-24T02:05:35.519+0000] {taskinstance.py:2076} INFO - Dependencies all met for dep_context=requeueable deps ti=<TaskInstance: medallion_settlement_pipeline.Bronze_Ingestion.ingest_product_cost manual__2026-09-24T02:05:31.038900+00:00 [queued]>
[2026-09-24T02:05:35.520+0000] {taskinstance.py:2306} INFO - Starting attempt 1 of 1
[2026-09-24T02:05:35.533+0000] {taskinstance.py:2330} INFO - Executing <Task(BashOperator): Bronze_Ingestion.ingest_product_cost> on 2026-09-24 02:05:31.038900+00:00
[2026-09-24T02:05:35.544+0000] {standard_task_runner.py:90} INFO - Running: ['***', 'tasks', 'run', 'medallion_settlement_pipeline', 'Bronze_Ingestion.ingest_product_cost', 'manual__2026-09-24T02:05:31.038900+00:00', '--job-id', '195', '--raw', '--subdir', 'DAGS_FOLDER/lcbo_pipeline_dag.py', '--cfg-path', '/tmp/tmp9lxubx_q']
[2026-09-24T02:05:35.547+0000] {standard_task_runner.py:91} INFO - Job 195: Subtask Bronze_Ingestion.ingest_product_cost
[2026-09-24T02:05:35.547+0000] {logging_mixin.py:188} WARNING - /home/***/.local/lib/python3.12/site-packages/***/task/task_runner/standard_task_runner.py:62 DeprecationWarning: This process (pid=902) is multi-threaded, use of fork() may lead to deadlocks in the child.
[2026-09-24T02:05:35.550+0000] {standard_task_runner.py:64} INFO - Started process 903 to run task
[2026-09-24T02:05:35.594+0000] {task_command.py:426} INFO - Running <TaskInstance: medallion_settlement_pipeline.Bronze_Ingestion.ingest_product_cost manual__2026-09-24T02:05:31.038900+00:00 [running]> on host 9314f7d71f12
[2026-09-24T02:05:35.721+0000] {taskinstance.py:2648} INFO - Exporting env vars: AIRFLOW_CTX_DAG_OWNER='bhavik' AIRFLOW_CTX_DAG_ID='medallion_settlement_pipeline' AIRFLOW_CTX_TASK_ID='Bronze_Ingestion.ingest_product_cost' AIRFLOW_CTX_EXECUTION_DATE='2026-09-24T02:05:31.038900+00:00' AIRFLOW_CTX_TRY_NUMBER='1' AIRFLOW_CTX_DAG_RUN_ID='manual__2026-09-24T02:05:31.038900+00:00'
[2026-09-24T02:05:35.723+0000] {taskinstance.py:430} INFO - ::endgroup::
[2026-09-24T02:05:35.748+0000] {subprocess.py:63} INFO - Tmp dir root location: /tmp
[2026-09-24T02:05:35.751+0000] {subprocess.py:75} INFO - Running command: ['/usr/bin/bash', '-c', 'python /opt/***/etl_scripts/bronze_product_cost.py']
[2026-09-24T02:05:35.767+0000] {subprocess.py:86} INFO - Output:
[2026-09-24T02:05:36.727+0000] {subprocess.py:93} INFO - 2026-09-24 02:05:36,727 - INFO - Successfully connected to Postgres
[2026-09-24T02:05:36.728+0000] {subprocess.py:93} INFO - 2026-09-24 02:05:36,727 - INFO - Connected to Postgres database successfully.
[2026-09-24T02:05:36.734+0000] {subprocess.py:93} INFO - 2026-09-24 02:05:36,734 - INFO - Product cost data read successfully from /opt/***/source_files/Master Product Cost/dim_product_cost.csv.
[2026-09-24T02:05:36.745+0000] {subprocess.py:93} INFO - 2026-09-24 02:05:36,744 - INFO - Table dim_product_cost truncated successfully.
[2026-09-24T02:05:36.751+0000] {subprocess.py:93} INFO - 2026-09-24 02:05:36,751 - INFO - total records inserted: 9 into bronze.dim_product_cost
[2026-09-24T02:05:36.752+0000] {subprocess.py:93} INFO - 2026-09-24 02:05:36,751 - INFO - Inserted 9 rows into bronze.dim_product_cost table.
[2026-09-24T02:05:36.754+0000] {subprocess.py:93} INFO - 2026-09-24 02:05:36,751 - INFO - All chunks processed successfully.
[2026-09-24T02:05:36.755+0000] {subprocess.py:93} INFO - 2026-09-24 02:05:36,751 - INFO - Postgres connection closed.
[2026-09-24T02:05:36.877+0000] {subprocess.py:97} INFO - Command exited with return code 0
[2026-09-24T02:05:36.878+0000] {taskinstance.py:441} INFO - ::group::Post task execution logs
[2026-09-24T02:05:36.906+0000] {taskinstance.py:1206} INFO - Marking task as SUCCESS. dag_id=medallion_settlement_pipeline, task_id=Bronze_Ingestion.ingest_product_cost, run_id=manual__2026-09-24T02:05:31.038900+00:00, execution_date=20260924T020531, start_date=20260924T020535, end_date=20260924T020536
[2026-09-24T02:05:36.929+0000] {local_task_job_runner.py:243} INFO - Task exited with return code 0
[2026-09-24T02:05:36.955+0000] {taskinstance.py:3503} INFO - 1 downstream tasks scheduled from follow-on schedule check
[2026-09-24T02:05:36.957+0000] {local_task_job_runner.py:222} INFO - ::endgroup::
