[2026-09-24T02:16:27.152+0000] {local_task_job_runner.py:120} INFO - ::group::Pre task execution logs
[2026-09-24T02:16:27.178+0000] {taskinstance.py:2076} INFO - Dependencies all met for dep_context=non-requeueable deps ti=<TaskInstance: medallion_settlement_pipeline.Bronze_Ingestion.ingest_product_cost manual__2026-09-24T02:05:31.038900+00:00 [queued]>
[2026-09-24T02:16:27.185+0000] {taskinstance.py:2076} INFO - Dependencies all met for dep_context=requeueable deps ti=<TaskInstance: medallion_settlement_pipeline.Bronze_Ingestion.ingest_product_cost manual__2026-09-24T02:05:31.038900+00:00 [queued]>
[2026-09-24T02:16:27.186+0000] {taskinstance.py:2306} INFO - Starting attempt 2 of 2
[2026-09-24T02:16:27.197+0000] {taskinstance.py:2330} INFO - Executing <Task(BashOperator): Bronze_Ingestion.ingest_product_cost> on 2026-09-24 02:05:31.038900+00:00
[2026-09-24T02:16:27.205+0000] {standard_task_runner.py:90} INFO - Running: ['***', 'tasks', 'run', 'medallion_settlement_pipeline', 'Bronze_Ingestion.ingest_product_cost', 'manual__2026-09-24T02:05:31.038900+00:00', '--job-id', '203', '--raw', '--subdir', 'DAGS_FOLDER/lcbo_pipeline_dag.py', '--cfg-path', '/tmp/tmpuzymitta']
[2026-09-24T02:16:27.207+0000] {logging_mixin.py:188} WARNING - /home/***/.local/lib/python3.12/site-packages/***/task/task_runner/standard_task_runner.py:62 DeprecationWarning: This process (pid=1256) is multi-threaded, use of fork() may lead to deadlocks in the child.
[2026-09-24T02:16:27.208+0000] {standard_task_runner.py:91} INFO - Job 203: Subtask Bronze_Ingestion.ingest_product_cost
[2026-09-24T02:16:27.209+0000] {standard_task_runner.py:64} INFO - Started process 1257 to run task
[2026-09-24T02:16:27.243+0000] {task_command.py:426} INFO - Running <TaskInstance: medallion_settlement_pipeline.Bronze_Ingestion.ingest_product_cost manual__2026-09-24T02:05:31.038900+00:00 [running]> on host 9314f7d71f12
[2026-09-24T02:16:27.315+0000] {taskinstance.py:2648} INFO - Exporting env vars: AIRFLOW_CTX_DAG_OWNER='bhavik' AIRFLOW_CTX_DAG_ID='medallion_settlement_pipeline' AIRFLOW_CTX_TASK_ID='Bronze_Ingestion.ingest_product_cost' AIRFLOW_CTX_EXECUTION_DATE='2026-09-24T02:05:31.038900+00:00' AIRFLOW_CTX_TRY_NUMBER='2' AIRFLOW_CTX_DAG_RUN_ID='manual__2026-09-24T02:05:31.038900+00:00'
[2026-09-24T02:16:27.316+0000] {taskinstance.py:430} INFO - ::endgroup::
[2026-09-24T02:16:27.327+0000] {subprocess.py:63} INFO - Tmp dir root location: /tmp
[2026-09-24T02:16:27.329+0000] {subprocess.py:75} INFO - Running command: ['/usr/bin/bash', '-c', 'python /opt/***/etl_scripts/bronze_product_cost.py']
[2026-09-24T02:16:27.342+0000] {subprocess.py:86} INFO - Output:
[2026-09-24T02:16:28.045+0000] {subprocess.py:93} INFO - 2026-09-24 02:16:28,044 - INFO - Successfully connected to Postgres
[2026-09-24T02:16:28.046+0000] {subprocess.py:93} INFO - 2026-09-24 02:16:28,044 - INFO - Connected to Postgres database successfully.
[2026-09-24T02:16:28.051+0000] {subprocess.py:93} INFO - 2026-09-24 02:16:28,051 - INFO - Product cost data read successfully from /opt/***/source_files/Master Product Cost/dim_product_cost.csv.
[2026-09-24T02:16:28.058+0000] {subprocess.py:93} INFO - 2026-09-24 02:16:28,058 - INFO - Table dim_product_cost truncated successfully.
[2026-09-24T02:16:28.063+0000] {subprocess.py:93} INFO - 2026-09-24 02:16:28,062 - INFO - total records inserted: 9 into bronze.dim_product_cost
[2026-09-24T02:16:28.064+0000] {subprocess.py:93} INFO - 2026-09-24 02:16:28,063 - INFO - Inserted 9 rows into bronze.dim_product_cost table.
[2026-09-24T02:16:28.064+0000] {subprocess.py:93} INFO - 2026-09-24 02:16:28,063 - INFO - All chunks processed successfully.
[2026-09-24T02:16:28.065+0000] {subprocess.py:93} INFO - 2026-09-24 02:16:28,063 - INFO - Postgres connection closed.
[2026-09-24T02:16:28.135+0000] {subprocess.py:97} INFO - Command exited with return code 0
[2026-09-24T02:16:28.138+0000] {taskinstance.py:441} INFO - ::group::Post task execution logs
[2026-09-24T02:16:28.157+0000] {taskinstance.py:1206} INFO - Marking task as SUCCESS. dag_id=medallion_settlement_pipeline, task_id=Bronze_Ingestion.ingest_product_cost, run_id=manual__2026-09-24T02:05:31.038900+00:00, execution_date=20260924T020531, start_date=20260924T021627, end_date=20260924T021628
[2026-09-24T02:16:28.190+0000] {local_task_job_runner.py:243} INFO - Task exited with return code 0
[2026-09-24T02:16:28.212+0000] {taskinstance.py:3503} INFO - 1 downstream tasks scheduled from follow-on schedule check
[2026-09-24T02:16:28.215+0000] {local_task_job_runner.py:222} INFO - ::endgroup::
