[2026-09-22T01:38:15.641+0000] {local_task_job_runner.py:120} INFO - ::group::Pre task execution logs
[2026-09-22T01:38:15.680+0000] {taskinstance.py:2076} INFO - Dependencies all met for dep_context=non-requeueable deps ti=<TaskInstance: lcbo_pipeline.bronze.batch_audit manual__2026-09-22T01:38:15.348434+00:00 [queued]>
[2026-09-22T01:38:15.688+0000] {taskinstance.py:2076} INFO - Dependencies all met for dep_context=requeueable deps ti=<TaskInstance: lcbo_pipeline.bronze.batch_audit manual__2026-09-22T01:38:15.348434+00:00 [queued]>
[2026-09-22T01:38:15.690+0000] {taskinstance.py:2306} INFO - Starting attempt 1 of 1
[2026-09-22T01:38:15.701+0000] {taskinstance.py:2330} INFO - Executing <Task(BashOperator): bronze.batch_audit> on 2026-09-22 01:38:15.348434+00:00
[2026-09-22T01:38:15.710+0000] {standard_task_runner.py:90} INFO - Running: ['***', 'tasks', 'run', 'lcbo_pipeline', 'bronze.batch_audit', 'manual__2026-09-22T01:38:15.348434+00:00', '--job-id', '101', '--raw', '--subdir', 'DAGS_FOLDER/lcbo_pipeline_dag.py', '--cfg-path', '/tmp/tmpuvwkfnjl']
[2026-09-22T01:38:15.712+0000] {logging_mixin.py:188} WARNING - /home/***/.local/lib/python3.12/site-packages/***/task/task_runner/standard_task_runner.py:62 DeprecationWarning: This process (pid=853) is multi-threaded, use of fork() may lead to deadlocks in the child.
[2026-09-22T01:38:15.713+0000] {standard_task_runner.py:91} INFO - Job 101: Subtask bronze.batch_audit
[2026-09-22T01:38:15.713+0000] {standard_task_runner.py:64} INFO - Started process 854 to run task
[2026-09-22T01:38:15.752+0000] {task_command.py:426} INFO - Running <TaskInstance: lcbo_pipeline.bronze.batch_audit manual__2026-09-22T01:38:15.348434+00:00 [running]> on host d8c458fd86ee
[2026-09-22T01:38:15.833+0000] {taskinstance.py:2648} INFO - Exporting env vars: AIRFLOW_CTX_DAG_OWNER='bhavik' AIRFLOW_CTX_DAG_ID='lcbo_pipeline' AIRFLOW_CTX_TASK_ID='bronze.batch_audit' AIRFLOW_CTX_EXECUTION_DATE='2026-09-22T01:38:15.348434+00:00' AIRFLOW_CTX_TRY_NUMBER='1' AIRFLOW_CTX_DAG_RUN_ID='manual__2026-09-22T01:38:15.348434+00:00'
[2026-09-22T01:38:15.835+0000] {taskinstance.py:430} INFO - ::endgroup::
[2026-09-22T01:38:15.854+0000] {subprocess.py:63} INFO - Tmp dir root location: /tmp
[2026-09-22T01:38:15.856+0000] {subprocess.py:75} INFO - Running command: ['/usr/bin/bash', '-c', 'python /opt/***/etl_scripts/bronze_batch_audit.py']
[2026-09-22T01:38:15.870+0000] {subprocess.py:86} INFO - Output:
[2026-09-22T01:38:16.245+0000] {subprocess.py:93} INFO - 2026-09-22 01:38:16,245 - INFO - Successfully connected to Postgres
[2026-09-22T01:38:16.250+0000] {subprocess.py:93} INFO - 2026-09-22 01:38:16,249 - INFO - Found 2 already processed files in DB
[2026-09-22T01:38:16.257+0000] {subprocess.py:93} INFO - 2026-09-22 01:38:16,256 - INFO - Found 1 files in folder /opt/***/source_files
[2026-09-22T01:38:16.258+0000] {subprocess.py:93} INFO - 2026-09-22 01:38:16,257 - INFO - Pending files to process: []
[2026-09-22T01:38:16.259+0000] {subprocess.py:93} INFO - 2026-09-22 01:38:16,257 - INFO - No new files to process - pipeline is upto date
[2026-09-22T01:38:16.259+0000] {subprocess.py:93} INFO - 2026-09-22 01:38:16,257 - INFO - Exiting batch audit.
[2026-09-22T01:38:16.260+0000] {subprocess.py:93} INFO - 2026-09-22 01:38:16,257 - INFO - batch audit result: {'batch_created': False, 'batch_id': None, 'related_date': None, 'all_processed_files': True, 'file_hash': None}
[2026-09-22T01:38:16.270+0000] {subprocess.py:97} INFO - Command exited with return code 0
[2026-09-22T01:38:16.272+0000] {taskinstance.py:441} INFO - ::group::Post task execution logs
[2026-09-22T01:38:16.293+0000] {taskinstance.py:1206} INFO - Marking task as SUCCESS. dag_id=lcbo_pipeline, task_id=bronze.batch_audit, run_id=manual__2026-09-22T01:38:15.348434+00:00, execution_date=20260922T013815, start_date=20260922T013815, end_date=20260922T013816
[2026-09-22T01:38:16.330+0000] {local_task_job_runner.py:243} INFO - Task exited with return code 0
[2026-09-22T01:38:16.353+0000] {taskinstance.py:3503} INFO - 1 downstream tasks scheduled from follow-on schedule check
[2026-09-22T01:38:16.355+0000] {local_task_job_runner.py:222} INFO - ::endgroup::
