[2026-09-17T02:50:01.560+0000] {local_task_job_runner.py:120} INFO - ::group::Pre task execution logs
[2026-09-17T02:50:01.586+0000] {taskinstance.py:2076} INFO - Dependencies all met for dep_context=non-requeueable deps ti=<TaskInstance: lcbo_pipeline.gold.run_gold manual__2026-09-17T02:49:19.411456+00:00 [queued]>
[2026-09-17T02:50:01.594+0000] {taskinstance.py:2076} INFO - Dependencies all met for dep_context=requeueable deps ti=<TaskInstance: lcbo_pipeline.gold.run_gold manual__2026-09-17T02:49:19.411456+00:00 [queued]>
[2026-09-17T02:50:01.595+0000] {taskinstance.py:2306} INFO - Starting attempt 1 of 1
[2026-09-17T02:50:01.605+0000] {taskinstance.py:2330} INFO - Executing <Task(BashOperator): gold.run_gold> on 2026-09-17 02:49:19.411456+00:00
[2026-09-17T02:50:01.614+0000] {standard_task_runner.py:90} INFO - Running: ['***', 'tasks', 'run', 'lcbo_pipeline', 'gold.run_gold', 'manual__2026-09-17T02:49:19.411456+00:00', '--job-id', '25', '--raw', '--subdir', 'DAGS_FOLDER/lcbo_pipeline_dag.py', '--cfg-path', '/tmp/tmp274c5e3m']
[2026-09-17T02:50:01.617+0000] {logging_mixin.py:188} WARNING - /home/***/.local/lib/python3.12/site-packages/***/task/task_runner/standard_task_runner.py:62 DeprecationWarning: This process (pid=463) is multi-threaded, use of fork() may lead to deadlocks in the child.
[2026-09-17T02:50:01.618+0000] {standard_task_runner.py:91} INFO - Job 25: Subtask gold.run_gold
[2026-09-17T02:50:01.618+0000] {standard_task_runner.py:64} INFO - Started process 464 to run task
[2026-09-17T02:50:01.671+0000] {task_command.py:426} INFO - Running <TaskInstance: lcbo_pipeline.gold.run_gold manual__2026-09-17T02:49:19.411456+00:00 [running]> on host 22e18d633ed2
[2026-09-17T02:50:01.749+0000] {taskinstance.py:2648} INFO - Exporting env vars: AIRFLOW_CTX_DAG_OWNER='bhavik' AIRFLOW_CTX_DAG_ID='lcbo_pipeline' AIRFLOW_CTX_TASK_ID='gold.run_gold' AIRFLOW_CTX_EXECUTION_DATE='2026-09-17T02:49:19.411456+00:00' AIRFLOW_CTX_TRY_NUMBER='1' AIRFLOW_CTX_DAG_RUN_ID='manual__2026-09-17T02:49:19.411456+00:00'
[2026-09-17T02:50:01.751+0000] {taskinstance.py:430} INFO - ::endgroup::
[2026-09-17T02:50:01.765+0000] {subprocess.py:63} INFO - Tmp dir root location: /tmp
[2026-09-17T02:50:01.767+0000] {subprocess.py:75} INFO - Running command: ['/usr/bin/bash', '-c', 'cd /opt/***/dbt_project && dbt run --target docker --select gold_dim_date gold_dim_product_cost gold_dim_product_info gold_dim_store dbt_lcbo_fact_table gold_fact_table']
[2026-09-17T02:50:01.779+0000] {subprocess.py:86} INFO - Output:
[2026-09-17T02:50:03.361+0000] {subprocess.py:93} INFO - [0m02:50:03  Running with dbt=1.12.5
[2026-09-17T02:50:03.597+0000] {subprocess.py:93} INFO - [0m02:50:03  Registered adapter: postgres=1.9.0
[2026-09-17T02:50:04.734+0000] {subprocess.py:93} INFO - [0m02:50:04  Found 14 models, 2 snapshots, 3 sources, 597 macros
[2026-09-17T02:50:04.739+0000] {subprocess.py:93} INFO - [0m02:50:04
[2026-09-17T02:50:04.740+0000] {subprocess.py:93} INFO - [0m02:50:04  Concurrency: 4 threads (target='docker')
[2026-09-17T02:50:04.741+0000] {subprocess.py:93} INFO - [0m02:50:04
[2026-09-17T02:50:05.056+0000] {subprocess.py:93} INFO - [0m02:50:05  1 of 6 START sql table model gold.gold_dim_date ................................ [RUN]
[2026-09-17T02:50:05.058+0000] {subprocess.py:93} INFO - [0m02:50:05  2 of 6 START sql table model gold.gold_dim_product_cost ........................ [RUN]
[2026-09-17T02:50:05.059+0000] {subprocess.py:93} INFO - [0m02:50:05  3 of 6 START sql table model gold.gold_dim_product_info ........................ [RUN]
[2026-09-17T02:50:05.061+0000] {subprocess.py:93} INFO - [0m02:50:05  4 of 6 START sql table model gold.gold_dim_store ............................... [RUN]
[2026-09-17T02:50:05.436+0000] {subprocess.py:93} INFO - [0m02:50:05  3 of 6 OK created sql table model gold.gold_dim_product_info ................... [[32mSELECT 11[0m in 0.36s]
[2026-09-17T02:50:05.437+0000] {subprocess.py:93} INFO - [0m02:50:05  2 of 6 OK created sql table model gold.gold_dim_product_cost ................... [[32mSELECT 9[0m in 0.37s]
[2026-09-17T02:50:05.480+0000] {subprocess.py:93} INFO - [0m02:50:05  4 of 6 OK created sql table model gold.gold_dim_store .......................... [[32mSELECT 4[0m in 0.41s]
[2026-09-17T02:50:05.491+0000] {subprocess.py:93} INFO - [0m02:50:05  1 of 6 OK created sql table model gold.gold_dim_date ........................... [[32mSELECT 3653[0m in 0.43s]
[2026-09-17T02:50:05.497+0000] {subprocess.py:93} INFO - [0m02:50:05  5 of 6 START sql table model silver.dbt_lcbo_fact_table ........................ [RUN]
[2026-09-17T02:50:05.649+0000] {subprocess.py:93} INFO - [0m02:50:05  5 of 6 OK created sql table model silver.dbt_lcbo_fact_table ................... [[32mSELECT 13[0m in 0.15s]
[2026-09-17T02:50:05.654+0000] {subprocess.py:93} INFO - [0m02:50:05  6 of 6 START sql incremental model gold.gold_fact_table ........................ [RUN]
[2026-09-17T02:50:05.889+0000] {subprocess.py:93} INFO - [0m02:50:05  6 of 6 OK created sql incremental model gold.gold_fact_table ................... [[32mMERGE 0[0m in 0.23s]
[2026-09-17T02:50:05.971+0000] {subprocess.py:93} INFO - [0m02:50:05
[2026-09-17T02:50:05.972+0000] {subprocess.py:93} INFO - [0m02:50:05  Finished running 1 incremental model, 5 table models in 0 hours 0 minutes and 1.23 seconds (1.23s).
[2026-09-17T02:50:06.096+0000] {subprocess.py:93} INFO - [0m02:50:06
[2026-09-17T02:50:06.097+0000] {subprocess.py:93} INFO - [0m02:50:06  [32mCompleted successfully[0m
[2026-09-17T02:50:06.099+0000] {subprocess.py:93} INFO - [0m02:50:06
[2026-09-17T02:50:06.100+0000] {subprocess.py:93} INFO - [0m02:50:06  Done. PASS=6 WARN=0 ERROR=0 SKIP=0 NO-OP=0 REUSED=0 TOTAL=6
[2026-09-17T02:50:09.867+0000] {subprocess.py:97} INFO - Command exited with return code 0
[2026-09-17T02:50:09.869+0000] {taskinstance.py:441} INFO - ::group::Post task execution logs
[2026-09-17T02:50:09.888+0000] {taskinstance.py:1206} INFO - Marking task as SUCCESS. dag_id=lcbo_pipeline, task_id=gold.run_gold, run_id=manual__2026-09-17T02:49:19.411456+00:00, execution_date=20260917T024919, start_date=20260917T025001, end_date=20260917T025009
[2026-09-17T02:50:09.944+0000] {local_task_job_runner.py:243} INFO - Task exited with return code 0
[2026-09-17T02:50:09.956+0000] {taskinstance.py:3503} INFO - 0 downstream tasks scheduled from follow-on schedule check
[2026-09-17T02:50:09.959+0000] {local_task_job_runner.py:222} INFO - ::endgroup::
