[2026-09-17T02:49:24.737+0000] {local_task_job_runner.py:120} INFO - ::group::Pre task execution logs
[2026-09-17T02:49:24.763+0000] {taskinstance.py:2076} INFO - Dependencies all met for dep_context=non-requeueable deps ti=<TaskInstance: lcbo_pipeline.silver.run_pre_snapshot manual__2026-09-17T02:49:19.411456+00:00 [queued]>
[2026-09-17T02:49:24.769+0000] {taskinstance.py:2076} INFO - Dependencies all met for dep_context=requeueable deps ti=<TaskInstance: lcbo_pipeline.silver.run_pre_snapshot manual__2026-09-17T02:49:19.411456+00:00 [queued]>
[2026-09-17T02:49:24.771+0000] {taskinstance.py:2306} INFO - Starting attempt 1 of 1
[2026-09-17T02:49:24.780+0000] {taskinstance.py:2330} INFO - Executing <Task(BashOperator): silver.run_pre_snapshot> on 2026-09-17 02:49:19.411456+00:00
[2026-09-17T02:49:24.788+0000] {standard_task_runner.py:90} INFO - Running: ['***', 'tasks', 'run', 'lcbo_pipeline', 'silver.run_pre_snapshot', 'manual__2026-09-17T02:49:19.411456+00:00', '--job-id', '21', '--raw', '--subdir', 'DAGS_FOLDER/lcbo_pipeline_dag.py', '--cfg-path', '/tmp/tmps9c2l2ih']
[2026-09-17T02:49:24.790+0000] {standard_task_runner.py:91} INFO - Job 21: Subtask silver.run_pre_snapshot
[2026-09-17T02:49:24.790+0000] {logging_mixin.py:188} WARNING - /home/***/.local/lib/python3.12/site-packages/***/task/task_runner/standard_task_runner.py:62 DeprecationWarning: This process (pid=386) is multi-threaded, use of fork() may lead to deadlocks in the child.
[2026-09-17T02:49:24.792+0000] {standard_task_runner.py:64} INFO - Started process 387 to run task
[2026-09-17T02:49:24.828+0000] {task_command.py:426} INFO - Running <TaskInstance: lcbo_pipeline.silver.run_pre_snapshot manual__2026-09-17T02:49:19.411456+00:00 [running]> on host 22e18d633ed2
[2026-09-17T02:49:24.891+0000] {taskinstance.py:2648} INFO - Exporting env vars: AIRFLOW_CTX_DAG_OWNER='bhavik' AIRFLOW_CTX_DAG_ID='lcbo_pipeline' AIRFLOW_CTX_TASK_ID='silver.run_pre_snapshot' AIRFLOW_CTX_EXECUTION_DATE='2026-09-17T02:49:19.411456+00:00' AIRFLOW_CTX_TRY_NUMBER='1' AIRFLOW_CTX_DAG_RUN_ID='manual__2026-09-17T02:49:19.411456+00:00'
[2026-09-17T02:49:24.892+0000] {taskinstance.py:430} INFO - ::endgroup::
[2026-09-17T02:49:24.903+0000] {subprocess.py:63} INFO - Tmp dir root location: /tmp
[2026-09-17T02:49:24.905+0000] {subprocess.py:75} INFO - Running command: ['/usr/bin/bash', '-c', 'cd /opt/***/dbt_project && dbt run --target docker --select dbt_lcbo_raw dbt_product_cost dbt_lcbo_columns_trans dbt_lcbo_columns_type dbt_lcbo_cleansed_settlement dbt_lcbo_filterout_negative_sales dbt_dim_product_transform']
[2026-09-17T02:49:24.916+0000] {subprocess.py:86} INFO - Output:
[2026-09-17T02:49:27.052+0000] {subprocess.py:93} INFO - [0m02:49:27  Running with dbt=1.12.5
[2026-09-17T02:49:27.331+0000] {subprocess.py:93} INFO - [0m02:49:27  Registered adapter: postgres=1.9.0
[2026-09-17T02:49:27.541+0000] {subprocess.py:93} INFO - [0m02:49:27  Unable to do partial parsing because of a version mismatch
[2026-09-17T02:49:29.709+0000] {subprocess.py:93} INFO - [0m02:49:29  Found 14 models, 2 snapshots, 3 sources, 597 macros
[2026-09-17T02:49:29.714+0000] {subprocess.py:93} INFO - [0m02:49:29
[2026-09-17T02:49:29.716+0000] {subprocess.py:93} INFO - [0m02:49:29  Concurrency: 4 threads (target='docker')
[2026-09-17T02:49:29.717+0000] {subprocess.py:93} INFO - [0m02:49:29
[2026-09-17T02:49:30.016+0000] {subprocess.py:93} INFO - [0m02:49:30  1 of 7 START sql table model silver.dbt_lcbo_raw ............................... [RUN]
[2026-09-17T02:49:30.017+0000] {subprocess.py:93} INFO - [0m02:49:30  2 of 7 START sql table model silver.dbt_product_cost ........................... [RUN]
[2026-09-17T02:49:30.243+0000] {subprocess.py:93} INFO - [0m02:49:30  2 of 7 OK created sql table model silver.dbt_product_cost ...................... [[32mSELECT 0[0m in 0.22s]
[2026-09-17T02:49:30.251+0000] {subprocess.py:93} INFO - [0m02:49:30  3 of 7 START sql table model silver.dbt_dim_product_transform .................. [RUN]
[2026-09-17T02:49:30.261+0000] {subprocess.py:93} INFO - [0m02:49:30  1 of 7 OK created sql table model silver.dbt_lcbo_raw .......................... [[32mSELECT 15[0m in 0.24s]
[2026-09-17T02:49:30.270+0000] {subprocess.py:93} INFO - [0m02:49:30  4 of 7 START sql table model silver.dbt_lcbo_columns_trans ..................... [RUN]
[2026-09-17T02:49:30.424+0000] {subprocess.py:93} INFO - [0m02:49:30  3 of 7 OK created sql table model silver.dbt_dim_product_transform ............. [[32mSELECT 0[0m in 0.17s]
[2026-09-17T02:49:30.435+0000] {subprocess.py:93} INFO - [0m02:49:30  4 of 7 OK created sql table model silver.dbt_lcbo_columns_trans ................ [[32mSELECT 15[0m in 0.16s]
[2026-09-17T02:49:30.440+0000] {subprocess.py:93} INFO - [0m02:49:30  5 of 7 START sql table model silver.dbt_lcbo_columns_type ...................... [RUN]
[2026-09-17T02:49:30.569+0000] {subprocess.py:93} INFO - [0m02:49:30  5 of 7 OK created sql table model silver.dbt_lcbo_columns_type ................. [[32mSELECT 15[0m in 0.13s]
[2026-09-17T02:49:30.574+0000] {subprocess.py:93} INFO - [0m02:49:30  6 of 7 START sql table model silver.dbt_lcbo_cleansed_settlement ............... [RUN]
[2026-09-17T02:49:30.576+0000] {subprocess.py:93} INFO - [0m02:49:30  7 of 7 START sql incremental model silver.dbt_lcbo_filterout_negative_sales .... [RUN]
[2026-09-17T02:49:30.790+0000] {subprocess.py:93} INFO - [0m02:49:30  6 of 7 OK created sql table model silver.dbt_lcbo_cleansed_settlement .......... [[32mSELECT 13[0m in 0.21s]
[2026-09-17T02:49:30.801+0000] {subprocess.py:93} INFO - [0m02:49:30  7 of 7 OK created sql incremental model silver.dbt_lcbo_filterout_negative_sales  [[32mMERGE 2[0m in 0.22s]
[2026-09-17T02:49:30.876+0000] {subprocess.py:93} INFO - [0m02:49:30
[2026-09-17T02:49:30.877+0000] {subprocess.py:93} INFO - [0m02:49:30  Finished running 1 incremental model, 6 table models in 0 hours 0 minutes and 1.16 seconds (1.16s).
[2026-09-17T02:49:30.992+0000] {subprocess.py:93} INFO - [0m02:49:30
[2026-09-17T02:49:30.994+0000] {subprocess.py:93} INFO - [0m02:49:30  [32mCompleted successfully[0m
[2026-09-17T02:49:30.995+0000] {subprocess.py:93} INFO - [0m02:49:30
[2026-09-17T02:49:30.996+0000] {subprocess.py:93} INFO - [0m02:49:30  Done. PASS=7 WARN=0 ERROR=0 SKIP=0 NO-OP=0 REUSED=0 TOTAL=7
[2026-09-17T02:49:34.863+0000] {subprocess.py:97} INFO - Command exited with return code 0
[2026-09-17T02:49:34.864+0000] {taskinstance.py:441} INFO - ::group::Post task execution logs
[2026-09-17T02:49:34.883+0000] {taskinstance.py:1206} INFO - Marking task as SUCCESS. dag_id=lcbo_pipeline, task_id=silver.run_pre_snapshot, run_id=manual__2026-09-17T02:49:19.411456+00:00, execution_date=20260917T024919, start_date=20260917T024924, end_date=20260917T024934
[2026-09-17T02:49:34.899+0000] {local_task_job_runner.py:243} INFO - Task exited with return code 0
[2026-09-17T02:49:34.917+0000] {taskinstance.py:3503} INFO - 1 downstream tasks scheduled from follow-on schedule check
[2026-09-17T02:49:34.919+0000] {local_task_job_runner.py:222} INFO - ::endgroup::
