[2026-09-19T21:14:28.298+0000] {local_task_job_runner.py:120} INFO - ::group::Pre task execution logs
[2026-09-19T21:14:28.325+0000] {taskinstance.py:2076} INFO - Dependencies all met for dep_context=non-requeueable deps ti=<TaskInstance: lcbo_pipeline.silver.snapshot_cost manual__2026-09-19T21:14:12.873351+00:00 [queued]>
[2026-09-19T21:14:28.332+0000] {taskinstance.py:2076} INFO - Dependencies all met for dep_context=requeueable deps ti=<TaskInstance: lcbo_pipeline.silver.snapshot_cost manual__2026-09-19T21:14:12.873351+00:00 [queued]>
[2026-09-19T21:14:28.334+0000] {taskinstance.py:2306} INFO - Starting attempt 1 of 1
[2026-09-19T21:14:28.343+0000] {taskinstance.py:2330} INFO - Executing <Task(BashOperator): silver.snapshot_cost> on 2026-09-19 21:14:12.873351+00:00
[2026-09-19T21:14:28.353+0000] {standard_task_runner.py:90} INFO - Running: ['***', 'tasks', 'run', 'lcbo_pipeline', 'silver.snapshot_cost', 'manual__2026-09-19T21:14:12.873351+00:00', '--job-id', '88', '--raw', '--subdir', 'DAGS_FOLDER/lcbo_pipeline_dag.py', '--cfg-path', '/tmp/tmpqgc90r6g']
[2026-09-19T21:14:28.354+0000] {logging_mixin.py:188} WARNING - /home/***/.local/lib/python3.12/site-packages/***/task/task_runner/standard_task_runner.py:62 DeprecationWarning: This process (pid=3281) is multi-threaded, use of fork() may lead to deadlocks in the child.
[2026-09-19T21:14:28.355+0000] {standard_task_runner.py:91} INFO - Job 88: Subtask silver.snapshot_cost
[2026-09-19T21:14:28.356+0000] {standard_task_runner.py:64} INFO - Started process 3282 to run task
[2026-09-19T21:14:28.391+0000] {task_command.py:426} INFO - Running <TaskInstance: lcbo_pipeline.silver.snapshot_cost manual__2026-09-19T21:14:12.873351+00:00 [running]> on host 6cf516ec3c07
[2026-09-19T21:14:28.461+0000] {taskinstance.py:2648} INFO - Exporting env vars: AIRFLOW_CTX_DAG_OWNER='bhavik' AIRFLOW_CTX_DAG_ID='lcbo_pipeline' AIRFLOW_CTX_TASK_ID='silver.snapshot_cost' AIRFLOW_CTX_EXECUTION_DATE='2026-09-19T21:14:12.873351+00:00' AIRFLOW_CTX_TRY_NUMBER='1' AIRFLOW_CTX_DAG_RUN_ID='manual__2026-09-19T21:14:12.873351+00:00'
[2026-09-19T21:14:28.463+0000] {taskinstance.py:430} INFO - ::endgroup::
[2026-09-19T21:14:28.479+0000] {subprocess.py:63} INFO - Tmp dir root location: /tmp
[2026-09-19T21:14:28.481+0000] {subprocess.py:75} INFO - Running command: ['/usr/bin/bash', '-c', 'cd /opt/***/dbt_project && dbt snapshot --target docker --select dim_product_cost_snapshot']
[2026-09-19T21:14:28.493+0000] {subprocess.py:86} INFO - Output:
[2026-09-19T21:14:29.998+0000] {subprocess.py:93} INFO - [0m21:14:29  Running with dbt=1.12.5
[2026-09-19T21:14:30.233+0000] {subprocess.py:93} INFO - [0m21:14:30  Registered adapter: postgres=1.9.0
[2026-09-19T21:14:31.453+0000] {subprocess.py:93} INFO - [0m21:14:31  Found 14 models, 2 snapshots, 3 sources, 597 macros
[2026-09-19T21:14:31.457+0000] {subprocess.py:93} INFO - [0m21:14:31
[2026-09-19T21:14:31.459+0000] {subprocess.py:93} INFO - [0m21:14:31  Concurrency: 4 threads (target='docker')
[2026-09-19T21:14:31.460+0000] {subprocess.py:93} INFO - [0m21:14:31
[2026-09-19T21:14:31.752+0000] {subprocess.py:93} INFO - [0m21:14:31  1 of 1 START snapshot gold.dim_product_cost_snapshot ........................... [RUN]
[2026-09-19T21:14:32.064+0000] {subprocess.py:93} INFO - [0m21:14:32  [[33mWARNING[0m]: Data type of snapshot table timestamp columns (DATETIME) doesn't match derived column 'updated_at' (DATE). Please update snapshot config 'updated_at'.
[2026-09-19T21:14:32.104+0000] {subprocess.py:93} INFO - [0m21:14:32  1 of 1 OK snapshotted gold.dim_product_cost_snapshot ........................... [[32mINSERT 0 9[0m in 0.35s]
[2026-09-19T21:14:32.178+0000] {subprocess.py:93} INFO - [0m21:14:32
[2026-09-19T21:14:32.179+0000] {subprocess.py:93} INFO - [0m21:14:32  Finished running 1 snapshot in 0 hours 0 minutes and 0.72 seconds (0.72s).
[2026-09-19T21:14:32.291+0000] {subprocess.py:93} INFO - [0m21:14:32
[2026-09-19T21:14:32.292+0000] {subprocess.py:93} INFO - [0m21:14:32  [32mCompleted successfully[0m
[2026-09-19T21:14:32.294+0000] {subprocess.py:93} INFO - [0m21:14:32
[2026-09-19T21:14:32.295+0000] {subprocess.py:93} INFO - [0m21:14:32  Done. PASS=1 WARN=0 ERROR=0 SKIP=0 NO-OP=0 REUSED=0 TOTAL=1
[2026-09-19T21:14:36.157+0000] {subprocess.py:97} INFO - Command exited with return code 0
[2026-09-19T21:14:36.159+0000] {taskinstance.py:441} INFO - ::group::Post task execution logs
[2026-09-19T21:14:36.180+0000] {taskinstance.py:1206} INFO - Marking task as SUCCESS. dag_id=lcbo_pipeline, task_id=silver.snapshot_cost, run_id=manual__2026-09-19T21:14:12.873351+00:00, execution_date=20260919T211412, start_date=20260919T211428, end_date=20260919T211436
[2026-09-19T21:14:36.198+0000] {local_task_job_runner.py:243} INFO - Task exited with return code 0
[2026-09-19T21:14:36.218+0000] {taskinstance.py:3503} INFO - 1 downstream tasks scheduled from follow-on schedule check
[2026-09-19T21:14:36.220+0000] {local_task_job_runner.py:222} INFO - ::endgroup::
