[2026-09-24T01:10:30.867+0000] {local_task_job_runner.py:120} INFO - ::group::Pre task execution logs
[2026-09-24T01:10:30.893+0000] {taskinstance.py:2076} INFO - Dependencies all met for dep_context=non-requeueable deps ti=<TaskInstance: medallion_settlement_pipeline.Silver_Transform.join_settlement_to_cost manual__2026-09-24T01:10:03.772856+00:00 [queued]>
[2026-09-24T01:10:30.902+0000] {taskinstance.py:2076} INFO - Dependencies all met for dep_context=requeueable deps ti=<TaskInstance: medallion_settlement_pipeline.Silver_Transform.join_settlement_to_cost manual__2026-09-24T01:10:03.772856+00:00 [queued]>
[2026-09-24T01:10:30.904+0000] {taskinstance.py:2306} INFO - Starting attempt 1 of 1
[2026-09-24T01:10:30.914+0000] {taskinstance.py:2330} INFO - Executing <Task(BashOperator): Silver_Transform.join_settlement_to_cost> on 2026-09-24 01:10:03.772856+00:00
[2026-09-24T01:10:30.922+0000] {standard_task_runner.py:90} INFO - Running: ['***', 'tasks', 'run', 'medallion_settlement_pipeline', 'Silver_Transform.join_settlement_to_cost', 'manual__2026-09-24T01:10:03.772856+00:00', '--job-id', '180', '--raw', '--subdir', 'DAGS_FOLDER/lcbo_pipeline_dag.py', '--cfg-path', '/tmp/tmpsjj74heu']
[2026-09-24T01:10:30.924+0000] {logging_mixin.py:188} WARNING - /home/***/.local/lib/python3.12/site-packages/***/task/task_runner/standard_task_runner.py:62 DeprecationWarning: This process (pid=305) is multi-threaded, use of fork() may lead to deadlocks in the child.
[2026-09-24T01:10:30.925+0000] {standard_task_runner.py:91} INFO - Job 180: Subtask Silver_Transform.join_settlement_to_cost
[2026-09-24T01:10:30.925+0000] {standard_task_runner.py:64} INFO - Started process 306 to run task
[2026-09-24T01:10:30.962+0000] {task_command.py:426} INFO - Running <TaskInstance: medallion_settlement_pipeline.Silver_Transform.join_settlement_to_cost manual__2026-09-24T01:10:03.772856+00:00 [running]> on host ca212af9ca23
[2026-09-24T01:10:31.035+0000] {taskinstance.py:2648} INFO - Exporting env vars: AIRFLOW_CTX_DAG_OWNER='bhavik' AIRFLOW_CTX_DAG_ID='medallion_settlement_pipeline' AIRFLOW_CTX_TASK_ID='Silver_Transform.join_settlement_to_cost' AIRFLOW_CTX_EXECUTION_DATE='2026-09-24T01:10:03.772856+00:00' AIRFLOW_CTX_TRY_NUMBER='1' AIRFLOW_CTX_DAG_RUN_ID='manual__2026-09-24T01:10:03.772856+00:00'
[2026-09-24T01:10:31.036+0000] {taskinstance.py:430} INFO - ::endgroup::
[2026-09-24T01:10:31.055+0000] {subprocess.py:63} INFO - Tmp dir root location: /tmp
[2026-09-24T01:10:31.057+0000] {subprocess.py:75} INFO - Running command: ['/usr/bin/bash', '-c', 'cd /opt/***/dbt_project && dbt run --target docker --select dbt_lcbo_joined_dim_prod_cost']
[2026-09-24T01:10:31.070+0000] {subprocess.py:86} INFO - Output:
[2026-09-24T01:10:32.625+0000] {subprocess.py:93} INFO - [0m01:10:32  Running with dbt=1.12.5
[2026-09-24T01:10:32.863+0000] {subprocess.py:93} INFO - [0m01:10:32  Registered adapter: postgres=1.9.0
[2026-09-24T01:10:34.002+0000] {subprocess.py:93} INFO - [0m01:10:34  Found 14 models, 2 snapshots, 3 sources, 597 macros
[2026-09-24T01:10:34.006+0000] {subprocess.py:93} INFO - [0m01:10:34
[2026-09-24T01:10:34.008+0000] {subprocess.py:93} INFO - [0m01:10:34  Concurrency: 4 threads (target='docker')
[2026-09-24T01:10:34.009+0000] {subprocess.py:93} INFO - [0m01:10:34
[2026-09-24T01:10:34.267+0000] {subprocess.py:93} INFO - [0m01:10:34  1 of 1 START sql table model silver.dbt_lcbo_joined_dim_prod_cost .............. [RUN]
[2026-09-24T01:10:34.445+0000] {subprocess.py:93} INFO - [0m01:10:34  1 of 1 OK created sql table model silver.dbt_lcbo_joined_dim_prod_cost ......... [[32mSELECT 14[0m in 0.17s]
[2026-09-24T01:10:34.511+0000] {subprocess.py:93} INFO - [0m01:10:34
[2026-09-24T01:10:34.513+0000] {subprocess.py:93} INFO - [0m01:10:34  Finished running 1 table model in 0 hours 0 minutes and 0.50 seconds (0.50s).
[2026-09-24T01:10:34.701+0000] {subprocess.py:93} INFO - [0m01:10:34
[2026-09-24T01:10:34.703+0000] {subprocess.py:93} INFO - [0m01:10:34  [32mCompleted successfully[0m
[2026-09-24T01:10:34.704+0000] {subprocess.py:93} INFO - [0m01:10:34
[2026-09-24T01:10:34.706+0000] {subprocess.py:93} INFO - [0m01:10:34  Done. PASS=1 WARN=0 ERROR=0 SKIP=0 NO-OP=0 REUSED=0 TOTAL=1
[2026-09-24T01:10:38.603+0000] {subprocess.py:97} INFO - Command exited with return code 0
[2026-09-24T01:10:38.605+0000] {taskinstance.py:441} INFO - ::group::Post task execution logs
[2026-09-24T01:10:38.626+0000] {taskinstance.py:1206} INFO - Marking task as SUCCESS. dag_id=medallion_settlement_pipeline, task_id=Silver_Transform.join_settlement_to_cost, run_id=manual__2026-09-24T01:10:03.772856+00:00, execution_date=20260924T011003, start_date=20260924T011030, end_date=20260924T011038
[2026-09-24T01:10:38.681+0000] {local_task_job_runner.py:243} INFO - Task exited with return code 0
[2026-09-24T01:10:38.702+0000] {taskinstance.py:3503} INFO - 1 downstream tasks scheduled from follow-on schedule check
[2026-09-24T01:10:38.705+0000] {local_task_job_runner.py:222} INFO - ::endgroup::
