[2026-09-23T00:39:13.075+0000] {local_task_job_runner.py:120} INFO - ::group::Pre task execution logs
[2026-09-23T00:39:13.101+0000] {taskinstance.py:2076} INFO - Dependencies all met for dep_context=non-requeueable deps ti=<TaskInstance: medallion_settlement_pipeline.Silver_Transform.snapshot_product_dim manual__2026-09-23T00:38:38.620355+00:00 [queued]>
[2026-09-23T00:39:13.108+0000] {taskinstance.py:2076} INFO - Dependencies all met for dep_context=requeueable deps ti=<TaskInstance: medallion_settlement_pipeline.Silver_Transform.snapshot_product_dim manual__2026-09-23T00:38:38.620355+00:00 [queued]>
[2026-09-23T00:39:13.110+0000] {taskinstance.py:2306} INFO - Starting attempt 1 of 1
[2026-09-23T00:39:13.120+0000] {taskinstance.py:2330} INFO - Executing <Task(BashOperator): Silver_Transform.snapshot_product_dim> on 2026-09-23 00:38:38.620355+00:00
[2026-09-23T00:39:13.128+0000] {standard_task_runner.py:90} INFO - Running: ['***', 'tasks', 'run', 'medallion_settlement_pipeline', 'Silver_Transform.snapshot_product_dim', 'manual__2026-09-23T00:38:38.620355+00:00', '--job-id', '143', '--raw', '--subdir', 'DAGS_FOLDER/lcbo_pipeline_dag.py', '--cfg-path', '/tmp/tmpkkorb29g']
[2026-09-23T00:39:13.130+0000] {logging_mixin.py:188} WARNING - /home/***/.local/lib/python3.12/site-packages/***/task/task_runner/standard_task_runner.py:62 DeprecationWarning: This process (pid=314) is multi-threaded, use of fork() may lead to deadlocks in the child.
[2026-09-23T00:39:13.131+0000] {standard_task_runner.py:91} INFO - Job 143: Subtask Silver_Transform.snapshot_product_dim
[2026-09-23T00:39:13.132+0000] {standard_task_runner.py:64} INFO - Started process 315 to run task
[2026-09-23T00:39:13.167+0000] {task_command.py:426} INFO - Running <TaskInstance: medallion_settlement_pipeline.Silver_Transform.snapshot_product_dim manual__2026-09-23T00:38:38.620355+00:00 [running]> on host 4318980e9d4e
[2026-09-23T00:39:13.227+0000] {taskinstance.py:2648} INFO - Exporting env vars: AIRFLOW_CTX_DAG_OWNER='bhavik' AIRFLOW_CTX_DAG_ID='medallion_settlement_pipeline' AIRFLOW_CTX_TASK_ID='Silver_Transform.snapshot_product_dim' AIRFLOW_CTX_EXECUTION_DATE='2026-09-23T00:38:38.620355+00:00' AIRFLOW_CTX_TRY_NUMBER='1' AIRFLOW_CTX_DAG_RUN_ID='manual__2026-09-23T00:38:38.620355+00:00'
[2026-09-23T00:39:13.228+0000] {taskinstance.py:430} INFO - ::endgroup::
[2026-09-23T00:39:13.238+0000] {subprocess.py:63} INFO - Tmp dir root location: /tmp
[2026-09-23T00:39:13.240+0000] {subprocess.py:75} INFO - Running command: ['/usr/bin/bash', '-c', 'cd /opt/***/dbt_project && dbt snapshot --target docker --select dim_product_snapshot']
[2026-09-23T00:39:13.253+0000] {subprocess.py:86} INFO - Output:
[2026-09-23T00:39:14.744+0000] {subprocess.py:93} INFO - [0m00:39:14  Running with dbt=1.12.5
[2026-09-23T00:39:14.973+0000] {subprocess.py:93} INFO - [0m00:39:14  Registered adapter: postgres=1.9.0
[2026-09-23T00:39:16.036+0000] {subprocess.py:93} INFO - [0m00:39:16  Found 14 models, 2 snapshots, 3 sources, 597 macros
[2026-09-23T00:39:16.040+0000] {subprocess.py:93} INFO - [0m00:39:16
[2026-09-23T00:39:16.041+0000] {subprocess.py:93} INFO - [0m00:39:16  Concurrency: 4 threads (target='docker')
[2026-09-23T00:39:16.043+0000] {subprocess.py:93} INFO - [0m00:39:16
[2026-09-23T00:39:16.483+0000] {subprocess.py:93} INFO - [0m00:39:16  1 of 1 START snapshot gold.dim_product_snapshot ................................ [RUN]
[2026-09-23T00:39:16.858+0000] {subprocess.py:93} INFO - [0m00:39:16  1 of 1 OK snapshotted gold.dim_product_snapshot ................................ [[32mINSERT 0 3[0m in 0.37s]
[2026-09-23T00:39:16.940+0000] {subprocess.py:93} INFO - [0m00:39:16
[2026-09-23T00:39:16.941+0000] {subprocess.py:93} INFO - [0m00:39:16  Finished running 1 snapshot in 0 hours 0 minutes and 0.90 seconds (0.90s).
[2026-09-23T00:39:17.059+0000] {subprocess.py:93} INFO - [0m00:39:17
[2026-09-23T00:39:17.060+0000] {subprocess.py:93} INFO - [0m00:39:17  [32mCompleted successfully[0m
[2026-09-23T00:39:17.062+0000] {subprocess.py:93} INFO - [0m00:39:17
[2026-09-23T00:39:17.063+0000] {subprocess.py:93} INFO - [0m00:39:17  Done. PASS=1 WARN=0 ERROR=0 SKIP=0 NO-OP=0 REUSED=0 TOTAL=1
[2026-09-23T00:39:20.786+0000] {subprocess.py:97} INFO - Command exited with return code 0
[2026-09-23T00:39:20.788+0000] {taskinstance.py:441} INFO - ::group::Post task execution logs
[2026-09-23T00:39:20.808+0000] {taskinstance.py:1206} INFO - Marking task as SUCCESS. dag_id=medallion_settlement_pipeline, task_id=Silver_Transform.snapshot_product_dim, run_id=manual__2026-09-23T00:38:38.620355+00:00, execution_date=20260923T003838, start_date=20260923T003913, end_date=20260923T003920
[2026-09-23T00:39:20.856+0000] {local_task_job_runner.py:243} INFO - Task exited with return code 0
[2026-09-23T00:39:20.875+0000] {taskinstance.py:3503} INFO - 1 downstream tasks scheduled from follow-on schedule check
[2026-09-23T00:39:20.878+0000] {local_task_job_runner.py:222} INFO - ::endgroup::
