[2026-09-17T02:27:39.147+0000] {local_task_job_runner.py:120} INFO - ::group::Pre task execution logs
[2026-09-17T02:27:39.174+0000] {taskinstance.py:2076} INFO - Dependencies all met for dep_context=non-requeueable deps ti=<TaskInstance: lcbo_pipeline.bronze.lcbo_raw manual__2026-09-17T02:27:37.468137+00:00 [queued]>
[2026-09-17T02:27:39.182+0000] {taskinstance.py:2076} INFO - Dependencies all met for dep_context=requeueable deps ti=<TaskInstance: lcbo_pipeline.bronze.lcbo_raw manual__2026-09-17T02:27:37.468137+00:00 [queued]>
[2026-09-17T02:27:39.184+0000] {taskinstance.py:2306} INFO - Starting attempt 1 of 1
[2026-09-17T02:27:39.194+0000] {taskinstance.py:2330} INFO - Executing <Task(BashOperator): bronze.lcbo_raw> on 2026-09-17 02:27:37.468137+00:00
[2026-09-17T02:27:39.202+0000] {standard_task_runner.py:90} INFO - Running: ['***', 'tasks', 'run', 'lcbo_pipeline', 'bronze.lcbo_raw', 'manual__2026-09-17T02:27:37.468137+00:00', '--job-id', '14', '--raw', '--subdir', 'DAGS_FOLDER/lcbo_pipeline_dag.py', '--cfg-path', '/tmp/tmpi_6fieme']
[2026-09-17T02:27:39.205+0000] {logging_mixin.py:188} WARNING - /home/***/.local/lib/python3.12/site-packages/***/task/task_runner/standard_task_runner.py:62 DeprecationWarning: This process (pid=496) is multi-threaded, use of fork() may lead to deadlocks in the child.
[2026-09-17T02:27:39.206+0000] {standard_task_runner.py:91} INFO - Job 14: Subtask bronze.lcbo_raw
[2026-09-17T02:27:39.207+0000] {standard_task_runner.py:64} INFO - Started process 497 to run task
[2026-09-17T02:27:39.254+0000] {task_command.py:426} INFO - Running <TaskInstance: lcbo_pipeline.bronze.lcbo_raw manual__2026-09-17T02:27:37.468137+00:00 [running]> on host c97299dbefe3
[2026-09-17T02:27:39.328+0000] {taskinstance.py:2648} INFO - Exporting env vars: AIRFLOW_CTX_DAG_OWNER='bhavik' AIRFLOW_CTX_DAG_ID='lcbo_pipeline' AIRFLOW_CTX_TASK_ID='bronze.lcbo_raw' AIRFLOW_CTX_EXECUTION_DATE='2026-09-17T02:27:37.468137+00:00' AIRFLOW_CTX_TRY_NUMBER='1' AIRFLOW_CTX_DAG_RUN_ID='manual__2026-09-17T02:27:37.468137+00:00'
[2026-09-17T02:27:39.330+0000] {taskinstance.py:430} INFO - ::endgroup::
[2026-09-17T02:27:39.343+0000] {subprocess.py:63} INFO - Tmp dir root location: /tmp
[2026-09-17T02:27:39.345+0000] {subprocess.py:75} INFO - Running command: ['/usr/bin/bash', '-c', 'python /opt/***/etl_scripts/bronze_lcbo_raw.py']
[2026-09-17T02:27:39.358+0000] {subprocess.py:86} INFO - Output:
[2026-09-17T02:27:41.215+0000] {subprocess.py:93} INFO - 2026-09-17 02:27:41,215 - INFO - Successfully connected to Postgres
[2026-09-17T02:27:41.216+0000] {subprocess.py:93} INFO - 2026-09-17 02:27:41,215 - INFO - Successfully connected to Postgres
[2026-09-17T02:27:41.217+0000] {subprocess.py:93} INFO - 2026-09-17 02:27:41,215 - INFO - LoadingData_ToPostgres class initialized successfully.
[2026-09-17T02:27:41.219+0000] {subprocess.py:93} INFO - 2026-09-17 02:27:41,218 - INFO - Processing file: lcbo_settlement_20240102.csv with batch ID: 4 and file hash: 8ddf3f8eca2dd916750f7218de9933e4171dc4bb17e91d63893d9acce8df3acd
[2026-09-17T02:27:41.219+0000] {subprocess.py:93} INFO - 2026-09-17 02:27:41,219 - INFO - Found file: /opt/***/source_files/lcbo_settlement_20240102.csv
[2026-09-17T02:27:41.232+0000] {subprocess.py:93} INFO - 2026-09-17 02:27:41,232 - INFO - Inserted batch of size 15 into Postgres.
[2026-09-17T02:27:41.234+0000] {subprocess.py:93} INFO - 2026-09-17 02:27:41,234 - INFO - File processed successfully.
[2026-09-17T02:27:41.235+0000] {subprocess.py:93} INFO - 2026-09-17 02:27:41,234 - INFO - Postgres connection closed.
[2026-09-17T02:27:41.324+0000] {subprocess.py:97} INFO - Command exited with return code 0
[2026-09-17T02:27:41.325+0000] {taskinstance.py:441} INFO - ::group::Post task execution logs
[2026-09-17T02:27:41.344+0000] {taskinstance.py:1206} INFO - Marking task as SUCCESS. dag_id=lcbo_pipeline, task_id=bronze.lcbo_raw, run_id=manual__2026-09-17T02:27:37.468137+00:00, execution_date=20260917T022737, start_date=20260917T022739, end_date=20260917T022741
[2026-09-17T02:27:41.392+0000] {local_task_job_runner.py:243} INFO - Task exited with return code 0
[2026-09-17T02:27:41.412+0000] {taskinstance.py:3503} INFO - 1 downstream tasks scheduled from follow-on schedule check
[2026-09-17T02:27:41.415+0000] {local_task_job_runner.py:222} INFO - ::endgroup::
