[2026-09-17T02:49:21.202+0000] {local_task_job_runner.py:120} INFO - ::group::Pre task execution logs
[2026-09-17T02:49:21.228+0000] {taskinstance.py:2076} INFO - Dependencies all met for dep_context=non-requeueable deps ti=<TaskInstance: lcbo_pipeline.bronze.lcbo_raw manual__2026-09-17T02:49:19.411456+00:00 [queued]>
[2026-09-17T02:49:21.235+0000] {taskinstance.py:2076} INFO - Dependencies all met for dep_context=requeueable deps ti=<TaskInstance: lcbo_pipeline.bronze.lcbo_raw manual__2026-09-17T02:49:19.411456+00:00 [queued]>
[2026-09-17T02:49:21.237+0000] {taskinstance.py:2306} INFO - Starting attempt 1 of 1
[2026-09-17T02:49:21.246+0000] {taskinstance.py:2330} INFO - Executing <Task(BashOperator): bronze.lcbo_raw> on 2026-09-17 02:49:19.411456+00:00
[2026-09-17T02:49:21.255+0000] {standard_task_runner.py:90} INFO - Running: ['***', 'tasks', 'run', 'lcbo_pipeline', 'bronze.lcbo_raw', 'manual__2026-09-17T02:49:19.411456+00:00', '--job-id', '19', '--raw', '--subdir', 'DAGS_FOLDER/lcbo_pipeline_dag.py', '--cfg-path', '/tmp/tmpp5mkqinb']
[2026-09-17T02:49:21.257+0000] {logging_mixin.py:188} WARNING - /home/***/.local/lib/python3.12/site-packages/***/task/task_runner/standard_task_runner.py:62 DeprecationWarning: This process (pid=348) is multi-threaded, use of fork() may lead to deadlocks in the child.
[2026-09-17T02:49:21.258+0000] {standard_task_runner.py:91} INFO - Job 19: Subtask bronze.lcbo_raw
[2026-09-17T02:49:21.258+0000] {standard_task_runner.py:64} INFO - Started process 349 to run task
[2026-09-17T02:49:21.296+0000] {task_command.py:426} INFO - Running <TaskInstance: lcbo_pipeline.bronze.lcbo_raw manual__2026-09-17T02:49:19.411456+00:00 [running]> on host 22e18d633ed2
[2026-09-17T02:49:21.358+0000] {taskinstance.py:2648} INFO - Exporting env vars: AIRFLOW_CTX_DAG_OWNER='bhavik' AIRFLOW_CTX_DAG_ID='lcbo_pipeline' AIRFLOW_CTX_TASK_ID='bronze.lcbo_raw' AIRFLOW_CTX_EXECUTION_DATE='2026-09-17T02:49:19.411456+00:00' AIRFLOW_CTX_TRY_NUMBER='1' AIRFLOW_CTX_DAG_RUN_ID='manual__2026-09-17T02:49:19.411456+00:00'
[2026-09-17T02:49:21.360+0000] {taskinstance.py:430} INFO - ::endgroup::
[2026-09-17T02:49:21.372+0000] {subprocess.py:63} INFO - Tmp dir root location: /tmp
[2026-09-17T02:49:21.373+0000] {subprocess.py:75} INFO - Running command: ['/usr/bin/bash', '-c', 'python /opt/***/etl_scripts/bronze_lcbo_raw.py']
[2026-09-17T02:49:21.385+0000] {subprocess.py:86} INFO - Output:
[2026-09-17T02:49:22.718+0000] {subprocess.py:93} INFO - 2026-09-17 02:49:22,718 - INFO - Successfully connected to Postgres
[2026-09-17T02:49:22.719+0000] {subprocess.py:93} INFO - 2026-09-17 02:49:22,718 - INFO - Successfully connected to Postgres
[2026-09-17T02:49:22.720+0000] {subprocess.py:93} INFO - 2026-09-17 02:49:22,718 - INFO - LoadingData_ToPostgres class initialized successfully.
[2026-09-17T02:49:22.722+0000] {subprocess.py:93} INFO - 2026-09-17 02:49:22,721 - INFO - Data from file lcbo_settlement_20240102.csv already exists in Postgres. Skipping processing.
[2026-09-17T02:49:22.722+0000] {subprocess.py:93} INFO - 2026-09-17 02:49:22,722 - INFO - Postgres connection closed.
[2026-09-17T02:49:22.796+0000] {subprocess.py:97} INFO - Command exited with return code 0
[2026-09-17T02:49:22.798+0000] {taskinstance.py:441} INFO - ::group::Post task execution logs
[2026-09-17T02:49:22.817+0000] {taskinstance.py:1206} INFO - Marking task as SUCCESS. dag_id=lcbo_pipeline, task_id=bronze.lcbo_raw, run_id=manual__2026-09-17T02:49:19.411456+00:00, execution_date=20260917T024919, start_date=20260917T024921, end_date=20260917T024922
[2026-09-17T02:49:22.838+0000] {local_task_job_runner.py:243} INFO - Task exited with return code 0
[2026-09-17T02:49:22.858+0000] {taskinstance.py:3503} INFO - 1 downstream tasks scheduled from follow-on schedule check
[2026-09-17T02:49:22.860+0000] {local_task_job_runner.py:222} INFO - ::endgroup::
