[2026-09-19T20:32:23.310+0000] {local_task_job_runner.py:120} INFO - ::group::Pre task execution logs
[2026-09-19T20:32:23.334+0000] {taskinstance.py:2076} INFO - Dependencies all met for dep_context=non-requeueable deps ti=<TaskInstance: lcbo_pipeline.silver.run_pre_snapshot manual__2026-09-19T20:32:17.784588+00:00 [queued]>
[2026-09-19T20:32:23.341+0000] {taskinstance.py:2076} INFO - Dependencies all met for dep_context=requeueable deps ti=<TaskInstance: lcbo_pipeline.silver.run_pre_snapshot manual__2026-09-19T20:32:17.784588+00:00 [queued]>
[2026-09-19T20:32:23.342+0000] {taskinstance.py:2306} INFO - Starting attempt 1 of 1
[2026-09-19T20:32:23.351+0000] {taskinstance.py:2330} INFO - Executing <Task(BashOperator): silver.run_pre_snapshot> on 2026-09-19 20:32:17.784588+00:00
[2026-09-19T20:32:23.360+0000] {standard_task_runner.py:90} INFO - Running: ['***', 'tasks', 'run', 'lcbo_pipeline', 'silver.run_pre_snapshot', 'manual__2026-09-19T20:32:17.784588+00:00', '--job-id', '63', '--raw', '--subdir', 'DAGS_FOLDER/lcbo_pipeline_dag.py', '--cfg-path', '/tmp/tmpl78i40sp']
[2026-09-19T20:32:23.361+0000] {logging_mixin.py:188} WARNING - /home/***/.local/lib/python3.12/site-packages/***/task/task_runner/standard_task_runner.py:62 DeprecationWarning: This process (pid=1967) is multi-threaded, use of fork() may lead to deadlocks in the child.
[2026-09-19T20:32:23.362+0000] {standard_task_runner.py:91} INFO - Job 63: Subtask silver.run_pre_snapshot
[2026-09-19T20:32:23.363+0000] {standard_task_runner.py:64} INFO - Started process 1968 to run task
[2026-09-19T20:32:23.402+0000] {task_command.py:426} INFO - Running <TaskInstance: lcbo_pipeline.silver.run_pre_snapshot manual__2026-09-19T20:32:17.784588+00:00 [running]> on host 6cf516ec3c07
[2026-09-19T20:32:23.476+0000] {taskinstance.py:2648} INFO - Exporting env vars: AIRFLOW_CTX_DAG_OWNER='bhavik' AIRFLOW_CTX_DAG_ID='lcbo_pipeline' AIRFLOW_CTX_TASK_ID='silver.run_pre_snapshot' AIRFLOW_CTX_EXECUTION_DATE='2026-09-19T20:32:17.784588+00:00' AIRFLOW_CTX_TRY_NUMBER='1' AIRFLOW_CTX_DAG_RUN_ID='manual__2026-09-19T20:32:17.784588+00:00'
[2026-09-19T20:32:23.477+0000] {taskinstance.py:430} INFO - ::endgroup::
[2026-09-19T20:32:23.488+0000] {subprocess.py:63} INFO - Tmp dir root location: /tmp
[2026-09-19T20:32:23.490+0000] {subprocess.py:75} INFO - Running command: ['/usr/bin/bash', '-c', 'cd /opt/***/dbt_project && dbt run --target docker --select dbt_lcbo_raw dbt_product_cost dbt_lcbo_columns_trans dbt_lcbo_columns_type dbt_lcbo_cleansed_settlement dbt_lcbo_filterout_negative_sales dbt_dim_product_transform']
[2026-09-19T20:32:23.502+0000] {subprocess.py:86} INFO - Output:
[2026-09-19T20:32:25.604+0000] {subprocess.py:93} INFO - [0m20:32:25  Running with dbt=1.12.5
[2026-09-19T20:32:25.929+0000] {subprocess.py:93} INFO - [0m20:32:25  Registered adapter: postgres=1.9.0
[2026-09-19T20:32:27.088+0000] {subprocess.py:93} INFO - [0m20:32:27  Found 14 models, 2 snapshots, 3 sources, 597 macros
[2026-09-19T20:32:27.092+0000] {subprocess.py:93} INFO - [0m20:32:27
[2026-09-19T20:32:27.093+0000] {subprocess.py:93} INFO - [0m20:32:27  Concurrency: 4 threads (target='docker')
[2026-09-19T20:32:27.095+0000] {subprocess.py:93} INFO - [0m20:32:27
[2026-09-19T20:32:27.394+0000] {subprocess.py:93} INFO - [0m20:32:27  1 of 7 START sql table model silver.dbt_lcbo_raw ............................... [RUN]
[2026-09-19T20:32:27.395+0000] {subprocess.py:93} INFO - [0m20:32:27  2 of 7 START sql table model silver.dbt_product_cost ........................... [RUN]
[2026-09-19T20:32:27.594+0000] {subprocess.py:93} INFO - [0m20:32:27  1 of 7 OK created sql table model silver.dbt_lcbo_raw .......................... [[32mSELECT 0[0m in 0.20s]
[2026-09-19T20:32:27.600+0000] {subprocess.py:93} INFO - [0m20:32:27  3 of 7 START sql table model silver.dbt_lcbo_columns_trans ..................... [RUN]
[2026-09-19T20:32:27.755+0000] {subprocess.py:93} INFO - [0m20:32:27  2 of 7 OK created sql table model silver.dbt_product_cost ...................... [[32mSELECT 0[0m in 0.35s]
[2026-09-19T20:32:27.764+0000] {subprocess.py:93} INFO - [0m20:32:27  4 of 7 START sql table model silver.dbt_dim_product_transform .................. [RUN]
[2026-09-19T20:32:27.780+0000] {subprocess.py:93} INFO - [0m20:32:27  3 of 7 OK created sql table model silver.dbt_lcbo_columns_trans ................ [[32mSELECT 0[0m in 0.18s]
[2026-09-19T20:32:27.786+0000] {subprocess.py:93} INFO - [0m20:32:27  5 of 7 START sql table model silver.dbt_lcbo_columns_type ...................... [RUN]
[2026-09-19T20:32:27.922+0000] {subprocess.py:93} INFO - [0m20:32:27  4 of 7 OK created sql table model silver.dbt_dim_product_transform ............. [[32mSELECT 0[0m in 0.15s]
[2026-09-19T20:32:27.936+0000] {subprocess.py:93} INFO - [0m20:32:27  5 of 7 OK created sql table model silver.dbt_lcbo_columns_type ................. [[32mSELECT 0[0m in 0.15s]
[2026-09-19T20:32:27.941+0000] {subprocess.py:93} INFO - [0m20:32:27  6 of 7 START sql table model silver.dbt_lcbo_cleansed_settlement ............... [RUN]
[2026-09-19T20:32:27.943+0000] {subprocess.py:93} INFO - [0m20:32:27  7 of 7 START sql incremental model silver.dbt_lcbo_filterout_negative_sales .... [RUN]
[2026-09-19T20:32:28.139+0000] {subprocess.py:93} INFO - [0m20:32:28  6 of 7 OK created sql table model silver.dbt_lcbo_cleansed_settlement .......... [[32mSELECT 0[0m in 0.19s]
[2026-09-19T20:32:28.154+0000] {subprocess.py:93} INFO - [0m20:32:28  7 of 7 OK created sql incremental model silver.dbt_lcbo_filterout_negative_sales  [[32mMERGE 0[0m in 0.21s]
[2026-09-19T20:32:28.236+0000] {subprocess.py:93} INFO - [0m20:32:28
[2026-09-19T20:32:28.238+0000] {subprocess.py:93} INFO - [0m20:32:28  Finished running 1 incremental model, 6 table models in 0 hours 0 minutes and 1.14 seconds (1.14s).
[2026-09-19T20:32:28.349+0000] {subprocess.py:93} INFO - [0m20:32:28
[2026-09-19T20:32:28.350+0000] {subprocess.py:93} INFO - [0m20:32:28  [32mCompleted successfully[0m
[2026-09-19T20:32:28.352+0000] {subprocess.py:93} INFO - [0m20:32:28
[2026-09-19T20:32:28.353+0000] {subprocess.py:93} INFO - [0m20:32:28  Done. PASS=7 WARN=0 ERROR=0 SKIP=0 NO-OP=0 REUSED=0 TOTAL=7
[2026-09-19T20:32:32.262+0000] {subprocess.py:97} INFO - Command exited with return code 0
[2026-09-19T20:32:32.264+0000] {taskinstance.py:441} INFO - ::group::Post task execution logs
[2026-09-19T20:32:32.287+0000] {taskinstance.py:1206} INFO - Marking task as SUCCESS. dag_id=lcbo_pipeline, task_id=silver.run_pre_snapshot, run_id=manual__2026-09-19T20:32:17.784588+00:00, execution_date=20260919T203217, start_date=20260919T203223, end_date=20260919T203232
[2026-09-19T20:32:32.327+0000] {local_task_job_runner.py:243} INFO - Task exited with return code 0
[2026-09-19T20:32:32.348+0000] {taskinstance.py:3503} INFO - 1 downstream tasks scheduled from follow-on schedule check
[2026-09-19T20:32:32.351+0000] {local_task_job_runner.py:222} INFO - ::endgroup::
