[2026-09-17T02:49:35.840+0000] {local_task_job_runner.py:120} INFO - ::group::Pre task execution logs
[2026-09-17T02:49:35.868+0000] {taskinstance.py:2076} INFO - Dependencies all met for dep_context=non-requeueable deps ti=<TaskInstance: lcbo_pipeline.silver.snapshot_cost manual__2026-09-17T02:49:19.411456+00:00 [queued]>
[2026-09-17T02:49:35.875+0000] {taskinstance.py:2076} INFO - Dependencies all met for dep_context=requeueable deps ti=<TaskInstance: lcbo_pipeline.silver.snapshot_cost manual__2026-09-17T02:49:19.411456+00:00 [queued]>
[2026-09-17T02:49:35.876+0000] {taskinstance.py:2306} INFO - Starting attempt 1 of 1
[2026-09-17T02:49:35.887+0000] {taskinstance.py:2330} INFO - Executing <Task(BashOperator): silver.snapshot_cost> on 2026-09-17 02:49:19.411456+00:00
[2026-09-17T02:49:35.895+0000] {standard_task_runner.py:90} INFO - Running: ['***', 'tasks', 'run', 'lcbo_pipeline', 'silver.snapshot_cost', 'manual__2026-09-17T02:49:19.411456+00:00', '--job-id', '22', '--raw', '--subdir', 'DAGS_FOLDER/lcbo_pipeline_dag.py', '--cfg-path', '/tmp/tmpcd486b_o']
[2026-09-17T02:49:35.898+0000] {standard_task_runner.py:91} INFO - Job 22: Subtask silver.snapshot_cost
[2026-09-17T02:49:35.897+0000] {logging_mixin.py:188} WARNING - /home/***/.local/lib/python3.12/site-packages/***/task/task_runner/standard_task_runner.py:62 DeprecationWarning: This process (pid=423) is multi-threaded, use of fork() may lead to deadlocks in the child.
[2026-09-17T02:49:35.899+0000] {standard_task_runner.py:64} INFO - Started process 424 to run task
[2026-09-17T02:49:35.933+0000] {task_command.py:426} INFO - Running <TaskInstance: lcbo_pipeline.silver.snapshot_cost manual__2026-09-17T02:49:19.411456+00:00 [running]> on host 22e18d633ed2
[2026-09-17T02:49:35.997+0000] {taskinstance.py:2648} INFO - Exporting env vars: AIRFLOW_CTX_DAG_OWNER='bhavik' AIRFLOW_CTX_DAG_ID='lcbo_pipeline' AIRFLOW_CTX_TASK_ID='silver.snapshot_cost' AIRFLOW_CTX_EXECUTION_DATE='2026-09-17T02:49:19.411456+00:00' AIRFLOW_CTX_TRY_NUMBER='1' AIRFLOW_CTX_DAG_RUN_ID='manual__2026-09-17T02:49:19.411456+00:00'
[2026-09-17T02:49:35.998+0000] {taskinstance.py:430} INFO - ::endgroup::
[2026-09-17T02:49:36.009+0000] {subprocess.py:63} INFO - Tmp dir root location: /tmp
[2026-09-17T02:49:36.011+0000] {subprocess.py:75} INFO - Running command: ['/usr/bin/bash', '-c', 'cd /opt/***/dbt_project && dbt snapshot --target docker --select dim_product_cost']
[2026-09-17T02:49:36.022+0000] {subprocess.py:86} INFO - Output:
[2026-09-17T02:49:37.645+0000] {subprocess.py:93} INFO - [0m02:49:37  Running with dbt=1.12.5
[2026-09-17T02:49:37.881+0000] {subprocess.py:93} INFO - [0m02:49:37  Registered adapter: postgres=1.9.0
[2026-09-17T02:49:39.066+0000] {subprocess.py:93} INFO - [0m02:49:39  Found 14 models, 2 snapshots, 3 sources, 597 macros
[2026-09-17T02:49:39.070+0000] {subprocess.py:93} INFO - [0m02:49:39
[2026-09-17T02:49:39.072+0000] {subprocess.py:93} INFO - [0m02:49:39  Concurrency: 4 threads (target='docker')
[2026-09-17T02:49:39.073+0000] {subprocess.py:93} INFO - [0m02:49:39
[2026-09-17T02:49:39.473+0000] {subprocess.py:93} INFO - [0m02:49:39  1 of 1 START snapshot gold.dim_product_cost_snapshot ........................... [RUN]
[2026-09-17T02:49:39.892+0000] {subprocess.py:93} INFO - [0m02:49:39  [[33mWARNING[0m]: Data type of snapshot table timestamp columns (DATETIME) doesn't match derived column 'updated_at' (DATE). Please update snapshot config 'updated_at'.
[2026-09-17T02:49:39.936+0000] {subprocess.py:93} INFO - [0m02:49:39  1 of 1 OK snapshotted gold.dim_product_cost_snapshot ........................... [[32mINSERT 0 0[0m in 0.46s]
[2026-09-17T02:49:40.012+0000] {subprocess.py:93} INFO - [0m02:49:40
[2026-09-17T02:49:40.014+0000] {subprocess.py:93} INFO - [0m02:49:40  Finished running 1 snapshot in 0 hours 0 minutes and 0.94 seconds (0.94s).
[2026-09-17T02:49:40.128+0000] {subprocess.py:93} INFO - [0m02:49:40
[2026-09-17T02:49:40.129+0000] {subprocess.py:93} INFO - [0m02:49:40  [32mCompleted successfully[0m
[2026-09-17T02:49:40.131+0000] {subprocess.py:93} INFO - [0m02:49:40
[2026-09-17T02:49:40.132+0000] {subprocess.py:93} INFO - [0m02:49:40  Done. PASS=1 WARN=0 ERROR=0 SKIP=0 NO-OP=0 REUSED=0 TOTAL=1
[2026-09-17T02:49:43.908+0000] {subprocess.py:97} INFO - Command exited with return code 0
[2026-09-17T02:49:43.909+0000] {taskinstance.py:441} INFO - ::group::Post task execution logs
[2026-09-17T02:49:43.932+0000] {taskinstance.py:1206} INFO - Marking task as SUCCESS. dag_id=lcbo_pipeline, task_id=silver.snapshot_cost, run_id=manual__2026-09-17T02:49:19.411456+00:00, execution_date=20260917T024919, start_date=20260917T024935, end_date=20260917T024943
[2026-09-17T02:49:43.984+0000] {local_task_job_runner.py:243} INFO - Task exited with return code 0
[2026-09-17T02:49:44.005+0000] {taskinstance.py:3503} INFO - 1 downstream tasks scheduled from follow-on schedule check
[2026-09-17T02:49:44.007+0000] {local_task_job_runner.py:222} INFO - ::endgroup::
