[2026-09-24T02:17:05.383+0000] {local_task_job_runner.py:120} INFO - ::group::Pre task execution logs
[2026-09-24T02:17:05.409+0000] {taskinstance.py:2076} INFO - Dependencies all met for dep_context=non-requeueable deps ti=<TaskInstance: medallion_settlement_pipeline.Gold_Star_Schema.build_dims_and_fact manual__2026-09-24T02:05:31.038900+00:00 [queued]>
[2026-09-24T02:17:05.417+0000] {taskinstance.py:2076} INFO - Dependencies all met for dep_context=requeueable deps ti=<TaskInstance: medallion_settlement_pipeline.Gold_Star_Schema.build_dims_and_fact manual__2026-09-24T02:05:31.038900+00:00 [queued]>
[2026-09-24T02:17:05.419+0000] {taskinstance.py:2306} INFO - Starting attempt 2 of 2
[2026-09-24T02:17:05.429+0000] {taskinstance.py:2330} INFO - Executing <Task(BashOperator): Gold_Star_Schema.build_dims_and_fact> on 2026-09-24 02:05:31.038900+00:00
[2026-09-24T02:17:05.438+0000] {standard_task_runner.py:90} INFO - Running: ['***', 'tasks', 'run', 'medallion_settlement_pipeline', 'Gold_Star_Schema.build_dims_and_fact', 'manual__2026-09-24T02:05:31.038900+00:00', '--job-id', '208', '--raw', '--subdir', 'DAGS_FOLDER/lcbo_pipeline_dag.py', '--cfg-path', '/tmp/tmp5o8mxio6']
[2026-09-24T02:17:05.439+0000] {logging_mixin.py:188} WARNING - /home/***/.local/lib/python3.12/site-packages/***/task/task_runner/standard_task_runner.py:62 DeprecationWarning: This process (pid=1367) is multi-threaded, use of fork() may lead to deadlocks in the child.
[2026-09-24T02:17:05.441+0000] {standard_task_runner.py:91} INFO - Job 208: Subtask Gold_Star_Schema.build_dims_and_fact
[2026-09-24T02:17:05.441+0000] {standard_task_runner.py:64} INFO - Started process 1368 to run task
[2026-09-24T02:17:05.477+0000] {task_command.py:426} INFO - Running <TaskInstance: medallion_settlement_pipeline.Gold_Star_Schema.build_dims_and_fact manual__2026-09-24T02:05:31.038900+00:00 [running]> on host 9314f7d71f12
[2026-09-24T02:17:05.543+0000] {taskinstance.py:2648} INFO - Exporting env vars: AIRFLOW_CTX_DAG_OWNER='bhavik' AIRFLOW_CTX_DAG_ID='medallion_settlement_pipeline' AIRFLOW_CTX_TASK_ID='Gold_Star_Schema.build_dims_and_fact' AIRFLOW_CTX_EXECUTION_DATE='2026-09-24T02:05:31.038900+00:00' AIRFLOW_CTX_TRY_NUMBER='2' AIRFLOW_CTX_DAG_RUN_ID='manual__2026-09-24T02:05:31.038900+00:00'
[2026-09-24T02:17:05.545+0000] {taskinstance.py:430} INFO - ::endgroup::
[2026-09-24T02:17:05.556+0000] {subprocess.py:63} INFO - Tmp dir root location: /tmp
[2026-09-24T02:17:05.558+0000] {subprocess.py:75} INFO - Running command: ['/usr/bin/bash', '-c', 'cd /opt/***/dbt_project && dbt run --target docker --select gold_dim_date gold_dim_product_cost gold_dim_product_info gold_dim_store dbt_lcbo_fact_table gold_fact_table']
[2026-09-24T02:17:05.571+0000] {subprocess.py:86} INFO - Output:
[2026-09-24T02:17:07.172+0000] {subprocess.py:93} INFO - [0m02:17:07  Running with dbt=1.12.5
[2026-09-24T02:17:07.404+0000] {subprocess.py:93} INFO - [0m02:17:07  Registered adapter: postgres=1.9.0
[2026-09-24T02:17:08.582+0000] {subprocess.py:93} INFO - [0m02:17:08  Found 14 models, 2 snapshots, 3 sources, 597 macros
[2026-09-24T02:17:08.586+0000] {subprocess.py:93} INFO - [0m02:17:08
[2026-09-24T02:17:08.587+0000] {subprocess.py:93} INFO - [0m02:17:08  Concurrency: 4 threads (target='docker')
[2026-09-24T02:17:08.588+0000] {subprocess.py:93} INFO - [0m02:17:08
[2026-09-24T02:17:08.982+0000] {subprocess.py:93} INFO - [0m02:17:08  1 of 6 START sql table model gold.gold_dim_date ................................ [RUN]
[2026-09-24T02:17:08.984+0000] {subprocess.py:93} INFO - [0m02:17:08  2 of 6 START sql table model gold.gold_dim_product_cost ........................ [RUN]
[2026-09-24T02:17:08.985+0000] {subprocess.py:93} INFO - [0m02:17:08  3 of 6 START sql table model gold.gold_dim_product_info ........................ [RUN]
[2026-09-24T02:17:08.986+0000] {subprocess.py:93} INFO - [0m02:17:08  4 of 6 START sql table model gold.gold_dim_store ............................... [RUN]
[2026-09-24T02:17:09.411+0000] {subprocess.py:93} INFO - [0m02:17:09  1 of 6 OK created sql table model gold.gold_dim_date ........................... [[32mSELECT 3653[0m in 0.42s]
[2026-09-24T02:17:09.427+0000] {subprocess.py:93} INFO - [0m02:17:09  2 of 6 OK created sql table model gold.gold_dim_product_cost ................... [[32mSELECT 9[0m in 0.43s]
[2026-09-24T02:17:09.434+0000] {subprocess.py:93} INFO - [0m02:17:09  3 of 6 OK created sql table model gold.gold_dim_product_info ................... [[32mSELECT 17[0m in 0.44s]
[2026-09-24T02:17:09.436+0000] {subprocess.py:93} INFO - [0m02:17:09  4 of 6 OK created sql table model gold.gold_dim_store .......................... [[32mSELECT 6[0m in 0.44s]
[2026-09-24T02:17:09.445+0000] {subprocess.py:93} INFO - [0m02:17:09  5 of 6 START sql table model silver.dbt_lcbo_fact_table ........................ [RUN]
[2026-09-24T02:17:09.564+0000] {subprocess.py:93} INFO - [0m02:17:09  5 of 6 OK created sql table model silver.dbt_lcbo_fact_table ................... [[32mSELECT 18[0m in 0.12s]
[2026-09-24T02:17:09.569+0000] {subprocess.py:93} INFO - [0m02:17:09  6 of 6 START sql incremental model gold.gold_fact_table ........................ [RUN]
[2026-09-24T02:17:09.774+0000] {subprocess.py:93} INFO - [0m02:17:09  6 of 6 ERROR creating sql incremental model gold.gold_fact_table ............... [[31mERROR[0m in 0.20s]
[2026-09-24T02:17:09.838+0000] {subprocess.py:93} INFO - [0m02:17:09
[2026-09-24T02:17:09.839+0000] {subprocess.py:93} INFO - [0m02:17:09  Finished running 1 incremental model, 5 table models in 0 hours 0 minutes and 1.25 seconds (1.25s).
[2026-09-24T02:17:09.955+0000] {subprocess.py:93} INFO - [0m02:17:09
[2026-09-24T02:17:09.956+0000] {subprocess.py:93} INFO - [0m02:17:09  [31mCompleted with 1 error, 0 partial successes, and 0 warnings:[0m
[2026-09-24T02:17:09.958+0000] {subprocess.py:93} INFO - [0m02:17:09
[2026-09-24T02:17:09.959+0000] {subprocess.py:93} INFO - [0m02:17:09  [[31mERROR[0m]: in model gold_fact_table (models/gold_LCBO_marts/gold_fact_table.sql)
[2026-09-24T02:17:09.961+0000] {subprocess.py:93} INFO - [0m02:17:09    Database Error in model gold_fact_table (models/gold_LCBO_marts/gold_fact_table.sql)
[2026-09-24T02:17:09.961+0000] {subprocess.py:93} INFO -   MERGE command cannot affect row a second time
[2026-09-24T02:17:09.962+0000] {subprocess.py:93} INFO -   HINT:  Ensure that not more than one source row matches any one target row.
[2026-09-24T02:17:09.963+0000] {subprocess.py:93} INFO -   compiled code at target/run/dbt_transformation_lcbo/models/gold_LCBO_marts/gold_fact_table.sql
[2026-09-24T02:17:09.963+0000] {subprocess.py:93} INFO - [0m02:17:09
[2026-09-24T02:17:09.964+0000] {subprocess.py:93} INFO - [0m02:17:09    compiled code at target/compiled/dbt_transformation_lcbo/models/gold_LCBO_marts/gold_fact_table.sql
[2026-09-24T02:17:09.965+0000] {subprocess.py:93} INFO - [0m02:17:09
[2026-09-24T02:17:09.967+0000] {subprocess.py:93} INFO - [0m02:17:09  Done. PASS=5 WARN=0 ERROR=1 SKIP=0 NO-OP=0 REUSED=0 TOTAL=6
[2026-09-24T02:17:13.919+0000] {subprocess.py:97} INFO - Command exited with return code 1
[2026-09-24T02:17:13.920+0000] {taskinstance.py:441} INFO - ::group::Post task execution logs
[2026-09-24T02:17:13.930+0000] {taskinstance.py:2905} ERROR - Task failed with exception
Traceback (most recent call last):
  File "/home/airflow/.local/lib/python3.12/site-packages/airflow/models/taskinstance.py", line 465, in _execute_task
    result = _execute_callable(context=context, **execute_callable_kwargs)
             ^^^^^^^^^^^^^^^^^^^^^^^^^^^^^^^^^^^^^^^^^^^^^^^^^^^^^^^^^^^^^
  File "/home/airflow/.local/lib/python3.12/site-packages/airflow/models/taskinstance.py", line 432, in _execute_callable
    return execute_callable(context=context, **execute_callable_kwargs)
           ^^^^^^^^^^^^^^^^^^^^^^^^^^^^^^^^^^^^^^^^^^^^^^^^^^^^^^^^^^^^
  File "/home/airflow/.local/lib/python3.12/site-packages/airflow/models/baseoperator.py", line 401, in wrapper
    return func(self, *args, **kwargs)
           ^^^^^^^^^^^^^^^^^^^^^^^^^^^
  File "/home/airflow/.local/lib/python3.12/site-packages/airflow/operators/bash.py", line 243, in execute
    raise AirflowException(
airflow.exceptions.AirflowException: Bash command failed. The command returned a non-zero exit code 1.
[2026-09-24T02:17:13.938+0000] {taskinstance.py:1206} INFO - Marking task as FAILED. dag_id=medallion_settlement_pipeline, task_id=Gold_Star_Schema.build_dims_and_fact, run_id=manual__2026-09-24T02:05:31.038900+00:00, execution_date=20260924T020531, start_date=20260924T021705, end_date=20260924T021713
[2026-09-24T02:17:13.949+0000] {standard_task_runner.py:110} ERROR - Failed to execute job 208 for task Gold_Star_Schema.build_dims_and_fact (Bash command failed. The command returned a non-zero exit code 1.; 1368)
[2026-09-24T02:17:13.965+0000] {local_task_job_runner.py:243} INFO - Task exited with return code 1
[2026-09-24T02:17:13.979+0000] {taskinstance.py:3503} INFO - 0 downstream tasks scheduled from follow-on schedule check
[2026-09-24T02:17:13.982+0000] {local_task_job_runner.py:222} INFO - ::endgroup::
