[2026-09-19T20:32:41.803+0000] {local_task_job_runner.py:120} INFO - ::group::Pre task execution logs
[2026-09-19T20:32:41.828+0000] {taskinstance.py:2076} INFO - Dependencies all met for dep_context=non-requeueable deps ti=<TaskInstance: lcbo_pipeline.silver.run_joined manual__2026-09-19T20:32:17.784588+00:00 [queued]>
[2026-09-19T20:32:41.834+0000] {taskinstance.py:2076} INFO - Dependencies all met for dep_context=requeueable deps ti=<TaskInstance: lcbo_pipeline.silver.run_joined manual__2026-09-19T20:32:17.784588+00:00 [queued]>
[2026-09-19T20:32:41.836+0000] {taskinstance.py:2306} INFO - Starting attempt 1 of 1
[2026-09-19T20:32:41.846+0000] {taskinstance.py:2330} INFO - Executing <Task(BashOperator): silver.run_joined> on 2026-09-19 20:32:17.784588+00:00
[2026-09-19T20:32:41.854+0000] {standard_task_runner.py:90} INFO - Running: ['***', 'tasks', 'run', 'lcbo_pipeline', 'silver.run_joined', 'manual__2026-09-19T20:32:17.784588+00:00', '--job-id', '65', '--raw', '--subdir', 'DAGS_FOLDER/lcbo_pipeline_dag.py', '--cfg-path', '/tmp/tmp7_fb6zsr']
[2026-09-19T20:32:41.857+0000] {standard_task_runner.py:91} INFO - Job 65: Subtask silver.run_joined
[2026-09-19T20:32:41.857+0000] {logging_mixin.py:188} WARNING - /home/***/.local/lib/python3.12/site-packages/***/task/task_runner/standard_task_runner.py:62 DeprecationWarning: This process (pid=2002) is multi-threaded, use of fork() may lead to deadlocks in the child.
[2026-09-19T20:32:41.858+0000] {standard_task_runner.py:64} INFO - Started process 2003 to run task
[2026-09-19T20:32:41.891+0000] {task_command.py:426} INFO - Running <TaskInstance: lcbo_pipeline.silver.run_joined manual__2026-09-19T20:32:17.784588+00:00 [running]> on host 6cf516ec3c07
[2026-09-19T20:32:41.952+0000] {taskinstance.py:2648} INFO - Exporting env vars: AIRFLOW_CTX_DAG_OWNER='bhavik' AIRFLOW_CTX_DAG_ID='lcbo_pipeline' AIRFLOW_CTX_TASK_ID='silver.run_joined' AIRFLOW_CTX_EXECUTION_DATE='2026-09-19T20:32:17.784588+00:00' AIRFLOW_CTX_TRY_NUMBER='1' AIRFLOW_CTX_DAG_RUN_ID='manual__2026-09-19T20:32:17.784588+00:00'
[2026-09-19T20:32:41.953+0000] {taskinstance.py:430} INFO - ::endgroup::
[2026-09-19T20:32:41.963+0000] {subprocess.py:63} INFO - Tmp dir root location: /tmp
[2026-09-19T20:32:41.965+0000] {subprocess.py:75} INFO - Running command: ['/usr/bin/bash', '-c', 'cd /opt/***/dbt_project && dbt run --target docker --select dbt_lcbo_joined_dim_prod_cost']
[2026-09-19T20:32:41.977+0000] {subprocess.py:86} INFO - Output:
[2026-09-19T20:32:43.483+0000] {subprocess.py:93} INFO - [0m20:32:43  Running with dbt=1.12.5
[2026-09-19T20:32:43.717+0000] {subprocess.py:93} INFO - [0m20:32:43  Registered adapter: postgres=1.9.0
[2026-09-19T20:32:44.831+0000] {subprocess.py:93} INFO - [0m20:32:44  Found 14 models, 2 snapshots, 3 sources, 597 macros
[2026-09-19T20:32:44.835+0000] {subprocess.py:93} INFO - [0m20:32:44
[2026-09-19T20:32:44.836+0000] {subprocess.py:93} INFO - [0m20:32:44  Concurrency: 4 threads (target='docker')
[2026-09-19T20:32:44.838+0000] {subprocess.py:93} INFO - [0m20:32:44
[2026-09-19T20:32:45.128+0000] {subprocess.py:93} INFO - [0m20:32:45  1 of 1 START sql table model silver.dbt_lcbo_joined_dim_prod_cost .............. [RUN]
[2026-09-19T20:32:45.303+0000] {subprocess.py:93} INFO - [0m20:32:45  1 of 1 OK created sql table model silver.dbt_lcbo_joined_dim_prod_cost ......... [[32mSELECT 0[0m in 0.17s]
[2026-09-19T20:32:45.381+0000] {subprocess.py:93} INFO - [0m20:32:45
[2026-09-19T20:32:45.382+0000] {subprocess.py:93} INFO - [0m20:32:45  Finished running 1 table model in 0 hours 0 minutes and 0.54 seconds (0.54s).
[2026-09-19T20:32:45.567+0000] {subprocess.py:93} INFO - [0m20:32:45
[2026-09-19T20:32:45.569+0000] {subprocess.py:93} INFO - [0m20:32:45  [32mCompleted successfully[0m
[2026-09-19T20:32:45.570+0000] {subprocess.py:93} INFO - [0m20:32:45
[2026-09-19T20:32:45.572+0000] {subprocess.py:93} INFO - [0m20:32:45  Done. PASS=1 WARN=0 ERROR=0 SKIP=0 NO-OP=0 REUSED=0 TOTAL=1
[2026-09-19T20:32:49.342+0000] {subprocess.py:97} INFO - Command exited with return code 0
[2026-09-19T20:32:49.344+0000] {taskinstance.py:441} INFO - ::group::Post task execution logs
[2026-09-19T20:32:49.364+0000] {taskinstance.py:1206} INFO - Marking task as SUCCESS. dag_id=lcbo_pipeline, task_id=silver.run_joined, run_id=manual__2026-09-19T20:32:17.784588+00:00, execution_date=20260919T203217, start_date=20260919T203241, end_date=20260919T203249
[2026-09-19T20:32:49.418+0000] {local_task_job_runner.py:243} INFO - Task exited with return code 0
[2026-09-19T20:32:49.438+0000] {taskinstance.py:3503} INFO - 1 downstream tasks scheduled from follow-on schedule check
[2026-09-19T20:32:49.440+0000] {local_task_job_runner.py:222} INFO - ::endgroup::
