[2026-09-19T20:38:14.835+0000] {local_task_job_runner.py:120} INFO - ::group::Pre task execution logs
[2026-09-19T20:38:14.859+0000] {taskinstance.py:2076} INFO - Dependencies all met for dep_context=non-requeueable deps ti=<TaskInstance: lcbo_pipeline.silver.run_pre_snapshot manual__2026-09-19T20:38:08.895375+00:00 [queued]>
[2026-09-19T20:38:14.866+0000] {taskinstance.py:2076} INFO - Dependencies all met for dep_context=requeueable deps ti=<TaskInstance: lcbo_pipeline.silver.run_pre_snapshot manual__2026-09-19T20:38:08.895375+00:00 [queued]>
[2026-09-19T20:38:14.867+0000] {taskinstance.py:2306} INFO - Starting attempt 1 of 1
[2026-09-19T20:38:14.876+0000] {taskinstance.py:2330} INFO - Executing <Task(BashOperator): silver.run_pre_snapshot> on 2026-09-19 20:38:08.895375+00:00
[2026-09-19T20:38:14.885+0000] {standard_task_runner.py:90} INFO - Running: ['***', 'tasks', 'run', 'lcbo_pipeline', 'silver.run_pre_snapshot', 'manual__2026-09-19T20:38:08.895375+00:00', '--job-id', '71', '--raw', '--subdir', 'DAGS_FOLDER/lcbo_pipeline_dag.py', '--cfg-path', '/tmp/tmp9gwve4h4']
[2026-09-19T20:38:14.886+0000] {logging_mixin.py:188} WARNING - /home/***/.local/lib/python3.12/site-packages/***/task/task_runner/standard_task_runner.py:62 DeprecationWarning: This process (pid=2210) is multi-threaded, use of fork() may lead to deadlocks in the child.
[2026-09-19T20:38:14.887+0000] {standard_task_runner.py:91} INFO - Job 71: Subtask silver.run_pre_snapshot
[2026-09-19T20:38:14.888+0000] {standard_task_runner.py:64} INFO - Started process 2211 to run task
[2026-09-19T20:38:14.922+0000] {task_command.py:426} INFO - Running <TaskInstance: lcbo_pipeline.silver.run_pre_snapshot manual__2026-09-19T20:38:08.895375+00:00 [running]> on host 6cf516ec3c07
[2026-09-19T20:38:14.988+0000] {taskinstance.py:2648} INFO - Exporting env vars: AIRFLOW_CTX_DAG_OWNER='bhavik' AIRFLOW_CTX_DAG_ID='lcbo_pipeline' AIRFLOW_CTX_TASK_ID='silver.run_pre_snapshot' AIRFLOW_CTX_EXECUTION_DATE='2026-09-19T20:38:08.895375+00:00' AIRFLOW_CTX_TRY_NUMBER='1' AIRFLOW_CTX_DAG_RUN_ID='manual__2026-09-19T20:38:08.895375+00:00'
[2026-09-19T20:38:14.990+0000] {taskinstance.py:430} INFO - ::endgroup::
[2026-09-19T20:38:15.000+0000] {subprocess.py:63} INFO - Tmp dir root location: /tmp
[2026-09-19T20:38:15.002+0000] {subprocess.py:75} INFO - Running command: ['/usr/bin/bash', '-c', 'cd /opt/***/dbt_project && dbt run --target docker --select dbt_lcbo_raw dbt_product_cost dbt_lcbo_columns_trans dbt_lcbo_columns_type dbt_lcbo_cleansed_settlement dbt_lcbo_filterout_negative_sales dbt_dim_product_transform']
[2026-09-19T20:38:15.015+0000] {subprocess.py:86} INFO - Output:
[2026-09-19T20:38:17.040+0000] {subprocess.py:93} INFO - [0m20:38:17  Running with dbt=1.12.5
[2026-09-19T20:38:17.352+0000] {subprocess.py:93} INFO - [0m20:38:17  Registered adapter: postgres=1.9.0
[2026-09-19T20:38:18.527+0000] {subprocess.py:93} INFO - [0m20:38:18  Found 14 models, 2 snapshots, 3 sources, 597 macros
[2026-09-19T20:38:18.531+0000] {subprocess.py:93} INFO - [0m20:38:18
[2026-09-19T20:38:18.532+0000] {subprocess.py:93} INFO - [0m20:38:18  Concurrency: 4 threads (target='docker')
[2026-09-19T20:38:18.533+0000] {subprocess.py:93} INFO - [0m20:38:18
[2026-09-19T20:38:18.936+0000] {subprocess.py:93} INFO - [0m20:38:18  1 of 7 START sql table model silver.dbt_lcbo_raw ............................... [RUN]
[2026-09-19T20:38:18.937+0000] {subprocess.py:93} INFO - [0m20:38:18  2 of 7 START sql table model silver.dbt_product_cost ........................... [RUN]
[2026-09-19T20:38:19.136+0000] {subprocess.py:93} INFO - [0m20:38:19  1 of 7 OK created sql table model silver.dbt_lcbo_raw .......................... [[32mSELECT 14[0m in 0.19s]
[2026-09-19T20:38:19.145+0000] {subprocess.py:93} INFO - [0m20:38:19  3 of 7 START sql table model silver.dbt_lcbo_columns_trans ..................... [RUN]
[2026-09-19T20:38:19.237+0000] {subprocess.py:93} INFO - [0m20:38:19  2 of 7 OK created sql table model silver.dbt_product_cost ...................... [[32mSELECT 0[0m in 0.29s]
[2026-09-19T20:38:19.242+0000] {subprocess.py:93} INFO - [0m20:38:19  4 of 7 START sql table model silver.dbt_dim_product_transform .................. [RUN]
[2026-09-19T20:38:19.503+0000] {subprocess.py:93} INFO - [0m20:38:19  3 of 7 OK created sql table model silver.dbt_lcbo_columns_trans ................ [[32mSELECT 14[0m in 0.35s]
[2026-09-19T20:38:19.513+0000] {subprocess.py:93} INFO - [0m20:38:19  5 of 7 START sql table model silver.dbt_lcbo_columns_type ...................... [RUN]
[2026-09-19T20:38:19.527+0000] {subprocess.py:93} INFO - [0m20:38:19  4 of 7 OK created sql table model silver.dbt_dim_product_transform ............. [[32mSELECT 0[0m in 0.28s]
[2026-09-19T20:38:19.650+0000] {subprocess.py:93} INFO - [0m20:38:19  5 of 7 OK created sql table model silver.dbt_lcbo_columns_type ................. [[32mSELECT 14[0m in 0.13s]
[2026-09-19T20:38:19.655+0000] {subprocess.py:93} INFO - [0m20:38:19  6 of 7 START sql table model silver.dbt_lcbo_cleansed_settlement ............... [RUN]
[2026-09-19T20:38:19.657+0000] {subprocess.py:93} INFO - [0m20:38:19  7 of 7 START sql incremental model silver.dbt_lcbo_filterout_negative_sales .... [RUN]
[2026-09-19T20:38:19.869+0000] {subprocess.py:93} INFO - [0m20:38:19  6 of 7 OK created sql table model silver.dbt_lcbo_cleansed_settlement .......... [[32mSELECT 13[0m in 0.21s]
[2026-09-19T20:38:19.879+0000] {subprocess.py:93} INFO - [0m20:38:19  7 of 7 OK created sql incremental model silver.dbt_lcbo_filterout_negative_sales  [[32mMERGE 1[0m in 0.22s]
[2026-09-19T20:38:19.959+0000] {subprocess.py:93} INFO - [0m20:38:19
[2026-09-19T20:38:19.960+0000] {subprocess.py:93} INFO - [0m20:38:19  Finished running 1 incremental model, 6 table models in 0 hours 0 minutes and 1.42 seconds (1.42s).
[2026-09-19T20:38:20.073+0000] {subprocess.py:93} INFO - [0m20:38:20
[2026-09-19T20:38:20.074+0000] {subprocess.py:93} INFO - [0m20:38:20  [32mCompleted successfully[0m
[2026-09-19T20:38:20.075+0000] {subprocess.py:93} INFO - [0m20:38:20
[2026-09-19T20:38:20.077+0000] {subprocess.py:93} INFO - [0m20:38:20  Done. PASS=7 WARN=0 ERROR=0 SKIP=0 NO-OP=0 REUSED=0 TOTAL=7
[2026-09-19T20:38:24.078+0000] {subprocess.py:97} INFO - Command exited with return code 0
[2026-09-19T20:38:24.080+0000] {taskinstance.py:441} INFO - ::group::Post task execution logs
[2026-09-19T20:38:24.103+0000] {taskinstance.py:1206} INFO - Marking task as SUCCESS. dag_id=lcbo_pipeline, task_id=silver.run_pre_snapshot, run_id=manual__2026-09-19T20:38:08.895375+00:00, execution_date=20260919T203808, start_date=20260919T203814, end_date=20260919T203824
[2026-09-19T20:38:24.134+0000] {local_task_job_runner.py:243} INFO - Task exited with return code 0
[2026-09-19T20:38:24.157+0000] {taskinstance.py:3503} INFO - 1 downstream tasks scheduled from follow-on schedule check
[2026-09-19T20:38:24.159+0000] {local_task_job_runner.py:222} INFO - ::endgroup::
