[2026-09-19T20:04:33.349+0000] {local_task_job_runner.py:120} INFO - ::group::Pre task execution logs
[2026-09-19T20:04:33.373+0000] {taskinstance.py:2076} INFO - Dependencies all met for dep_context=non-requeueable deps ti=<TaskInstance: lcbo_pipeline.silver.snapshot_product manual__2026-09-19T20:03:59.887522+00:00 [queued]>
[2026-09-19T20:04:33.380+0000] {taskinstance.py:2076} INFO - Dependencies all met for dep_context=requeueable deps ti=<TaskInstance: lcbo_pipeline.silver.snapshot_product manual__2026-09-19T20:03:59.887522+00:00 [queued]>
[2026-09-19T20:04:33.382+0000] {taskinstance.py:2306} INFO - Starting attempt 1 of 1
[2026-09-19T20:04:33.391+0000] {taskinstance.py:2330} INFO - Executing <Task(BashOperator): silver.snapshot_product> on 2026-09-19 20:03:59.887522+00:00
[2026-09-19T20:04:33.401+0000] {logging_mixin.py:188} WARNING - /home/***/.local/lib/python3.12/site-packages/***/task/task_runner/standard_task_runner.py:62 DeprecationWarning: This process (pid=1284) is multi-threaded, use of fork() may lead to deadlocks in the child.
[2026-09-19T20:04:33.399+0000] {standard_task_runner.py:90} INFO - Running: ['***', 'tasks', 'run', 'lcbo_pipeline', 'silver.snapshot_product', 'manual__2026-09-19T20:03:59.887522+00:00', '--job-id', '58', '--raw', '--subdir', 'DAGS_FOLDER/lcbo_pipeline_dag.py', '--cfg-path', '/tmp/tmproib603v']
[2026-09-19T20:04:33.402+0000] {standard_task_runner.py:64} INFO - Started process 1285 to run task
[2026-09-19T20:04:33.402+0000] {standard_task_runner.py:91} INFO - Job 58: Subtask silver.snapshot_product
[2026-09-19T20:04:33.436+0000] {task_command.py:426} INFO - Running <TaskInstance: lcbo_pipeline.silver.snapshot_product manual__2026-09-19T20:03:59.887522+00:00 [running]> on host 6cf516ec3c07
[2026-09-19T20:04:33.503+0000] {taskinstance.py:2648} INFO - Exporting env vars: AIRFLOW_CTX_DAG_OWNER='bhavik' AIRFLOW_CTX_DAG_ID='lcbo_pipeline' AIRFLOW_CTX_TASK_ID='silver.snapshot_product' AIRFLOW_CTX_EXECUTION_DATE='2026-09-19T20:03:59.887522+00:00' AIRFLOW_CTX_TRY_NUMBER='1' AIRFLOW_CTX_DAG_RUN_ID='manual__2026-09-19T20:03:59.887522+00:00'
[2026-09-19T20:04:33.504+0000] {taskinstance.py:430} INFO - ::endgroup::
[2026-09-19T20:04:33.514+0000] {subprocess.py:63} INFO - Tmp dir root location: /tmp
[2026-09-19T20:04:33.515+0000] {subprocess.py:75} INFO - Running command: ['/usr/bin/bash', '-c', 'cd /opt/***/dbt_project && dbt snapshot --target docker --select dim_product_snapshot']
[2026-09-19T20:04:33.527+0000] {subprocess.py:86} INFO - Output:
[2026-09-19T20:04:35.072+0000] {subprocess.py:93} INFO - [0m20:04:35  Running with dbt=1.12.5
[2026-09-19T20:04:35.300+0000] {subprocess.py:93} INFO - [0m20:04:35  Registered adapter: postgres=1.9.0
[2026-09-19T20:04:36.411+0000] {subprocess.py:93} INFO - [0m20:04:36  Found 14 models, 2 snapshots, 3 sources, 597 macros
[2026-09-19T20:04:36.415+0000] {subprocess.py:93} INFO - [0m20:04:36
[2026-09-19T20:04:36.417+0000] {subprocess.py:93} INFO - [0m20:04:36  Concurrency: 4 threads (target='docker')
[2026-09-19T20:04:36.418+0000] {subprocess.py:93} INFO - [0m20:04:36
[2026-09-19T20:04:36.717+0000] {subprocess.py:93} INFO - [0m20:04:36  1 of 1 START snapshot gold.dim_product_snapshot ................................ [RUN]
[2026-09-19T20:04:37.081+0000] {subprocess.py:93} INFO - [0m20:04:37  1 of 1 OK snapshotted gold.dim_product_snapshot ................................ [[32mINSERT 0 1[0m in 0.36s]
[2026-09-19T20:04:37.157+0000] {subprocess.py:93} INFO - [0m20:04:37
[2026-09-19T20:04:37.158+0000] {subprocess.py:93} INFO - [0m20:04:37  Finished running 1 snapshot in 0 hours 0 minutes and 0.74 seconds (0.74s).
[2026-09-19T20:04:37.282+0000] {subprocess.py:93} INFO - [0m20:04:37
[2026-09-19T20:04:37.283+0000] {subprocess.py:93} INFO - [0m20:04:37  [32mCompleted successfully[0m
[2026-09-19T20:04:37.285+0000] {subprocess.py:93} INFO - [0m20:04:37
[2026-09-19T20:04:37.286+0000] {subprocess.py:93} INFO - [0m20:04:37  Done. PASS=1 WARN=0 ERROR=0 SKIP=0 NO-OP=0 REUSED=0 TOTAL=1
[2026-09-19T20:04:41.052+0000] {subprocess.py:97} INFO - Command exited with return code 0
[2026-09-19T20:04:41.055+0000] {taskinstance.py:441} INFO - ::group::Post task execution logs
[2026-09-19T20:04:41.075+0000] {taskinstance.py:1206} INFO - Marking task as SUCCESS. dag_id=lcbo_pipeline, task_id=silver.snapshot_product, run_id=manual__2026-09-19T20:03:59.887522+00:00, execution_date=20260919T200359, start_date=20260919T200433, end_date=20260919T200441
[2026-09-19T20:04:41.123+0000] {local_task_job_runner.py:243} INFO - Task exited with return code 0
[2026-09-19T20:04:41.139+0000] {taskinstance.py:3503} INFO - 1 downstream tasks scheduled from follow-on schedule check
[2026-09-19T20:04:41.142+0000] {local_task_job_runner.py:222} INFO - ::endgroup::
