[2026-09-19T21:14:18.275+0000] {local_task_job_runner.py:120} INFO - ::group::Pre task execution logs
[2026-09-19T21:14:18.303+0000] {taskinstance.py:2076} INFO - Dependencies all met for dep_context=non-requeueable deps ti=<TaskInstance: lcbo_pipeline.silver.run_pre_snapshot manual__2026-09-19T21:14:12.873351+00:00 [queued]>
[2026-09-19T21:14:18.309+0000] {taskinstance.py:2076} INFO - Dependencies all met for dep_context=requeueable deps ti=<TaskInstance: lcbo_pipeline.silver.run_pre_snapshot manual__2026-09-19T21:14:12.873351+00:00 [queued]>
[2026-09-19T21:14:18.310+0000] {taskinstance.py:2306} INFO - Starting attempt 1 of 1
[2026-09-19T21:14:18.322+0000] {taskinstance.py:2330} INFO - Executing <Task(BashOperator): silver.run_pre_snapshot> on 2026-09-19 21:14:12.873351+00:00
[2026-09-19T21:14:18.330+0000] {standard_task_runner.py:90} INFO - Running: ['***', 'tasks', 'run', 'lcbo_pipeline', 'silver.run_pre_snapshot', 'manual__2026-09-19T21:14:12.873351+00:00', '--job-id', '87', '--raw', '--subdir', 'DAGS_FOLDER/lcbo_pipeline_dag.py', '--cfg-path', '/tmp/tmpo2rc6fr8']
[2026-09-19T21:14:18.333+0000] {standard_task_runner.py:91} INFO - Job 87: Subtask silver.run_pre_snapshot
[2026-09-19T21:14:18.333+0000] {logging_mixin.py:188} WARNING - /home/***/.local/lib/python3.12/site-packages/***/task/task_runner/standard_task_runner.py:62 DeprecationWarning: This process (pid=3255) is multi-threaded, use of fork() may lead to deadlocks in the child.
[2026-09-19T21:14:18.334+0000] {standard_task_runner.py:64} INFO - Started process 3256 to run task
[2026-09-19T21:14:18.367+0000] {task_command.py:426} INFO - Running <TaskInstance: lcbo_pipeline.silver.run_pre_snapshot manual__2026-09-19T21:14:12.873351+00:00 [running]> on host 6cf516ec3c07
[2026-09-19T21:14:18.431+0000] {taskinstance.py:2648} INFO - Exporting env vars: AIRFLOW_CTX_DAG_OWNER='bhavik' AIRFLOW_CTX_DAG_ID='lcbo_pipeline' AIRFLOW_CTX_TASK_ID='silver.run_pre_snapshot' AIRFLOW_CTX_EXECUTION_DATE='2026-09-19T21:14:12.873351+00:00' AIRFLOW_CTX_TRY_NUMBER='1' AIRFLOW_CTX_DAG_RUN_ID='manual__2026-09-19T21:14:12.873351+00:00'
[2026-09-19T21:14:18.432+0000] {taskinstance.py:430} INFO - ::endgroup::
[2026-09-19T21:14:18.442+0000] {subprocess.py:63} INFO - Tmp dir root location: /tmp
[2026-09-19T21:14:18.444+0000] {subprocess.py:75} INFO - Running command: ['/usr/bin/bash', '-c', 'cd /opt/***/dbt_project && dbt run --target docker --select dbt_lcbo_raw dbt_product_cost dbt_lcbo_columns_trans dbt_lcbo_columns_type dbt_lcbo_cleansed_settlement dbt_lcbo_filterout_negative_sales dbt_dim_product_transform']
[2026-09-19T21:14:18.456+0000] {subprocess.py:86} INFO - Output:
[2026-09-19T21:14:20.483+0000] {subprocess.py:93} INFO - [0m21:14:20  Running with dbt=1.12.5
[2026-09-19T21:14:20.775+0000] {subprocess.py:93} INFO - [0m21:14:20  Registered adapter: postgres=1.9.0
[2026-09-19T21:14:21.886+0000] {subprocess.py:93} INFO - [0m21:14:21  Found 14 models, 2 snapshots, 3 sources, 597 macros
[2026-09-19T21:14:21.890+0000] {subprocess.py:93} INFO - [0m21:14:21
[2026-09-19T21:14:21.892+0000] {subprocess.py:93} INFO - [0m21:14:21  Concurrency: 4 threads (target='docker')
[2026-09-19T21:14:21.893+0000] {subprocess.py:93} INFO - [0m21:14:21
[2026-09-19T21:14:22.296+0000] {subprocess.py:93} INFO - [0m21:14:22  1 of 7 START sql table model silver.dbt_lcbo_raw ............................... [RUN]
[2026-09-19T21:14:22.297+0000] {subprocess.py:93} INFO - [0m21:14:22  2 of 7 START sql table model silver.dbt_product_cost ........................... [RUN]
[2026-09-19T21:14:22.504+0000] {subprocess.py:93} INFO - [0m21:14:22  2 of 7 OK created sql table model silver.dbt_product_cost ...................... [[32mSELECT 9[0m in 0.20s]
[2026-09-19T21:14:22.509+0000] {subprocess.py:93} INFO - [0m21:14:22  3 of 7 START sql table model silver.dbt_dim_product_transform .................. [RUN]
[2026-09-19T21:14:22.670+0000] {subprocess.py:93} INFO - [0m21:14:22  1 of 7 OK created sql table model silver.dbt_lcbo_raw .......................... [[32mSELECT 15[0m in 0.37s]
[2026-09-19T21:14:22.680+0000] {subprocess.py:93} INFO - [0m21:14:22  4 of 7 START sql table model silver.dbt_lcbo_columns_trans ..................... [RUN]
[2026-09-19T21:14:22.707+0000] {subprocess.py:93} INFO - [0m21:14:22  3 of 7 OK created sql table model silver.dbt_dim_product_transform ............. [[32mSELECT 9[0m in 0.19s]
[2026-09-19T21:14:22.828+0000] {subprocess.py:93} INFO - [0m21:14:22  4 of 7 OK created sql table model silver.dbt_lcbo_columns_trans ................ [[32mSELECT 14[0m in 0.14s]
[2026-09-19T21:14:22.833+0000] {subprocess.py:93} INFO - [0m21:14:22  5 of 7 START sql table model silver.dbt_lcbo_columns_type ...................... [RUN]
[2026-09-19T21:14:23.077+0000] {subprocess.py:93} INFO - [0m21:14:23  5 of 7 OK created sql table model silver.dbt_lcbo_columns_type ................. [[32mSELECT 14[0m in 0.24s]
[2026-09-19T21:14:23.082+0000] {subprocess.py:93} INFO - [0m21:14:23  6 of 7 START sql table model silver.dbt_lcbo_cleansed_settlement ............... [RUN]
[2026-09-19T21:14:23.084+0000] {subprocess.py:93} INFO - [0m21:14:23  7 of 7 START sql incremental model silver.dbt_lcbo_filterout_negative_sales .... [RUN]
[2026-09-19T21:14:23.319+0000] {subprocess.py:93} INFO - [0m21:14:23  6 of 7 OK created sql table model silver.dbt_lcbo_cleansed_settlement .......... [[32mSELECT 14[0m in 0.23s]
[2026-09-19T21:14:23.334+0000] {subprocess.py:93} INFO - [0m21:14:23  7 of 7 OK created sql incremental model silver.dbt_lcbo_filterout_negative_sales  [[32mMERGE 0[0m in 0.25s]
[2026-09-19T21:14:23.426+0000] {subprocess.py:93} INFO - [0m21:14:23
[2026-09-19T21:14:23.428+0000] {subprocess.py:93} INFO - [0m21:14:23  Finished running 1 incremental model, 6 table models in 0 hours 0 minutes and 1.53 seconds (1.53s).
[2026-09-19T21:14:23.575+0000] {subprocess.py:93} INFO - [0m21:14:23
[2026-09-19T21:14:23.578+0000] {subprocess.py:93} INFO - [0m21:14:23  [32mCompleted successfully[0m
[2026-09-19T21:14:23.580+0000] {subprocess.py:93} INFO - [0m21:14:23
[2026-09-19T21:14:23.582+0000] {subprocess.py:93} INFO - [0m21:14:23  Done. PASS=7 WARN=0 ERROR=0 SKIP=0 NO-OP=0 REUSED=0 TOTAL=7
[2026-09-19T21:14:27.671+0000] {subprocess.py:97} INFO - Command exited with return code 0
[2026-09-19T21:14:27.673+0000] {taskinstance.py:441} INFO - ::group::Post task execution logs
[2026-09-19T21:14:27.696+0000] {taskinstance.py:1206} INFO - Marking task as SUCCESS. dag_id=lcbo_pipeline, task_id=silver.run_pre_snapshot, run_id=manual__2026-09-19T21:14:12.873351+00:00, execution_date=20260919T211412, start_date=20260919T211418, end_date=20260919T211427
[2026-09-19T21:14:27.746+0000] {local_task_job_runner.py:243} INFO - Task exited with return code 0
[2026-09-19T21:14:27.770+0000] {taskinstance.py:3503} INFO - 1 downstream tasks scheduled from follow-on schedule check
[2026-09-19T21:14:27.772+0000] {local_task_job_runner.py:222} INFO - ::endgroup::
