[2026-09-22T02:12:58.820+0000] {local_task_job_runner.py:120} INFO - ::group::Pre task execution logs
[2026-09-22T02:12:58.848+0000] {taskinstance.py:2076} INFO - Dependencies all met for dep_context=non-requeueable deps ti=<TaskInstance: lcbo_pipeline.bronze.lcbo_raw manual__2026-09-22T02:12:57.304464+00:00 [queued]>
[2026-09-22T02:12:58.854+0000] {taskinstance.py:2076} INFO - Dependencies all met for dep_context=requeueable deps ti=<TaskInstance: lcbo_pipeline.bronze.lcbo_raw manual__2026-09-22T02:12:57.304464+00:00 [queued]>
[2026-09-22T02:12:58.856+0000] {taskinstance.py:2306} INFO - Starting attempt 1 of 1
[2026-09-22T02:12:58.867+0000] {taskinstance.py:2330} INFO - Executing <Task(BashOperator): bronze.lcbo_raw> on 2026-09-22 02:12:57.304464+00:00
[2026-09-22T02:12:58.875+0000] {standard_task_runner.py:90} INFO - Running: ['***', 'tasks', 'run', 'lcbo_pipeline', 'bronze.lcbo_raw', 'manual__2026-09-22T02:12:57.304464+00:00', '--job-id', '118', '--raw', '--subdir', 'DAGS_FOLDER/lcbo_pipeline_dag.py', '--cfg-path', '/tmp/tmpsyzb62st']
[2026-09-22T02:12:58.877+0000] {logging_mixin.py:188} WARNING - /home/***/.local/lib/python3.12/site-packages/***/task/task_runner/standard_task_runner.py:62 DeprecationWarning: This process (pid=1865) is multi-threaded, use of fork() may lead to deadlocks in the child.
[2026-09-22T02:12:58.878+0000] {standard_task_runner.py:91} INFO - Job 118: Subtask bronze.lcbo_raw
[2026-09-22T02:12:58.879+0000] {standard_task_runner.py:64} INFO - Started process 1866 to run task
[2026-09-22T02:12:58.917+0000] {task_command.py:426} INFO - Running <TaskInstance: lcbo_pipeline.bronze.lcbo_raw manual__2026-09-22T02:12:57.304464+00:00 [running]> on host d8c458fd86ee
[2026-09-22T02:12:58.984+0000] {taskinstance.py:2648} INFO - Exporting env vars: AIRFLOW_CTX_DAG_OWNER='bhavik' AIRFLOW_CTX_DAG_ID='lcbo_pipeline' AIRFLOW_CTX_TASK_ID='bronze.lcbo_raw' AIRFLOW_CTX_EXECUTION_DATE='2026-09-22T02:12:57.304464+00:00' AIRFLOW_CTX_TRY_NUMBER='1' AIRFLOW_CTX_DAG_RUN_ID='manual__2026-09-22T02:12:57.304464+00:00'
[2026-09-22T02:12:58.986+0000] {taskinstance.py:430} INFO - ::endgroup::
[2026-09-22T02:12:58.996+0000] {subprocess.py:63} INFO - Tmp dir root location: /tmp
[2026-09-22T02:12:58.997+0000] {subprocess.py:75} INFO - Running command: ['/usr/bin/bash', '-c', 'python /opt/***/etl_scripts/bronze_lcbo_raw.py']
[2026-09-22T02:12:59.010+0000] {subprocess.py:86} INFO - Output:
[2026-09-22T02:12:59.997+0000] {subprocess.py:93} INFO - 2026-09-22 02:12:59,996 - INFO - Successfully connected to Postgres
[2026-09-22T02:12:59.998+0000] {subprocess.py:93} INFO - 2026-09-22 02:12:59,997 - INFO - Successfully connected to Postgres
[2026-09-22T02:12:59.998+0000] {subprocess.py:93} INFO - 2026-09-22 02:12:59,997 - INFO - LoadingData_ToPostgres class initialized successfully.
[2026-09-22T02:13:00.000+0000] {subprocess.py:93} INFO - 2026-09-22 02:13:00,000 - INFO - Processing file: lcbo_settlement_20260921.csv with batch ID: 2 and file hash: af39c23f16c3f17ab2bef72b9511584e34b2e433b0a9f8a75379a26fd8d50c27
[2026-09-22T02:13:00.001+0000] {subprocess.py:93} INFO - 2026-09-22 02:13:00,000 - INFO - Found file: /opt/***/source_files/lcbo_settlement_20260921.csv
[2026-09-22T02:13:00.011+0000] {subprocess.py:93} INFO - 2026-09-22 02:13:00,011 - INFO - Inserted batch of size 14 into Postgres.
[2026-09-22T02:13:00.014+0000] {subprocess.py:93} INFO - 2026-09-22 02:13:00,014 - INFO - File processed successfully.
[2026-09-22T02:13:00.015+0000] {subprocess.py:93} INFO - 2026-09-22 02:13:00,014 - INFO - Postgres connection closed.
[2026-09-22T02:13:00.109+0000] {subprocess.py:97} INFO - Command exited with return code 0
[2026-09-22T02:13:00.111+0000] {taskinstance.py:441} INFO - ::group::Post task execution logs
[2026-09-22T02:13:00.131+0000] {taskinstance.py:1206} INFO - Marking task as SUCCESS. dag_id=lcbo_pipeline, task_id=bronze.lcbo_raw, run_id=manual__2026-09-22T02:12:57.304464+00:00, execution_date=20260922T021257, start_date=20260922T021258, end_date=20260922T021300
[2026-09-22T02:13:00.178+0000] {local_task_job_runner.py:243} INFO - Task exited with return code 0
[2026-09-22T02:13:00.200+0000] {taskinstance.py:3503} INFO - 1 downstream tasks scheduled from follow-on schedule check
[2026-09-22T02:13:00.203+0000] {local_task_job_runner.py:222} INFO - ::endgroup::
