[2026-09-17T02:49:20.356+0000] {local_task_job_runner.py:120} INFO - ::group::Pre task execution logs
[2026-09-17T02:49:20.387+0000] {taskinstance.py:2076} INFO - Dependencies all met for dep_context=non-requeueable deps ti=<TaskInstance: lcbo_pipeline.bronze.batch_audit manual__2026-09-17T02:49:19.411456+00:00 [queued]>
[2026-09-17T02:49:20.393+0000] {taskinstance.py:2076} INFO - Dependencies all met for dep_context=requeueable deps ti=<TaskInstance: lcbo_pipeline.bronze.batch_audit manual__2026-09-17T02:49:19.411456+00:00 [queued]>
[2026-09-17T02:49:20.395+0000] {taskinstance.py:2306} INFO - Starting attempt 1 of 1
[2026-09-17T02:49:20.406+0000] {taskinstance.py:2330} INFO - Executing <Task(BashOperator): bronze.batch_audit> on 2026-09-17 02:49:19.411456+00:00
[2026-09-17T02:49:20.415+0000] {standard_task_runner.py:90} INFO - Running: ['***', 'tasks', 'run', 'lcbo_pipeline', 'bronze.batch_audit', 'manual__2026-09-17T02:49:19.411456+00:00', '--job-id', '18', '--raw', '--subdir', 'DAGS_FOLDER/lcbo_pipeline_dag.py', '--cfg-path', '/tmp/tmp6wi6eadn']
[2026-09-17T02:49:20.418+0000] {logging_mixin.py:188} WARNING - /home/***/.local/lib/python3.12/site-packages/***/task/task_runner/standard_task_runner.py:62 DeprecationWarning: This process (pid=345) is multi-threaded, use of fork() may lead to deadlocks in the child.
[2026-09-17T02:49:20.419+0000] {standard_task_runner.py:91} INFO - Job 18: Subtask bronze.batch_audit
[2026-09-17T02:49:20.420+0000] {standard_task_runner.py:64} INFO - Started process 346 to run task
[2026-09-17T02:49:20.466+0000] {task_command.py:426} INFO - Running <TaskInstance: lcbo_pipeline.bronze.batch_audit manual__2026-09-17T02:49:19.411456+00:00 [running]> on host 22e18d633ed2
[2026-09-17T02:49:20.539+0000] {taskinstance.py:2648} INFO - Exporting env vars: AIRFLOW_CTX_DAG_OWNER='bhavik' AIRFLOW_CTX_DAG_ID='lcbo_pipeline' AIRFLOW_CTX_TASK_ID='bronze.batch_audit' AIRFLOW_CTX_EXECUTION_DATE='2026-09-17T02:49:19.411456+00:00' AIRFLOW_CTX_TRY_NUMBER='1' AIRFLOW_CTX_DAG_RUN_ID='manual__2026-09-17T02:49:19.411456+00:00'
[2026-09-17T02:49:20.540+0000] {taskinstance.py:430} INFO - ::endgroup::
[2026-09-17T02:49:20.575+0000] {subprocess.py:63} INFO - Tmp dir root location: /tmp
[2026-09-17T02:49:20.577+0000] {subprocess.py:75} INFO - Running command: ['/usr/bin/bash', '-c', 'python /opt/***/etl_scripts/bronze_batch_audit.py']
[2026-09-17T02:49:20.589+0000] {subprocess.py:86} INFO - Output:
[2026-09-17T02:49:20.879+0000] {subprocess.py:93} INFO - 2026-09-17 02:49:20,879 - INFO - Successfully connected to Postgres
[2026-09-17T02:49:20.882+0000] {subprocess.py:93} INFO - 2026-09-17 02:49:20,882 - ERROR - There are pending records in the pipeline run log. Cannot proceed with batch audit.
[2026-09-17T02:49:20.883+0000] {subprocess.py:93} INFO - 2026-09-17 02:49:20,882 - INFO - Please check the pipeline run log and resolve any pending/failed file issues before starting a new batch.
[2026-09-17T02:49:20.883+0000] {subprocess.py:93} INFO - 2026-09-17 02:49:20,882 - INFO - Postgres connection closed.
[2026-09-17T02:49:20.884+0000] {subprocess.py:93} INFO - 2026-09-17 02:49:20,882 - INFO - batch audit result: {'batch_created': False, 'batch_id': None, 'related_date': None, 'all_processed_files': None, 'file_hash': None}
[2026-09-17T02:49:20.891+0000] {subprocess.py:97} INFO - Command exited with return code 0
[2026-09-17T02:49:20.893+0000] {taskinstance.py:441} INFO - ::group::Post task execution logs
[2026-09-17T02:49:20.911+0000] {taskinstance.py:1206} INFO - Marking task as SUCCESS. dag_id=lcbo_pipeline, task_id=bronze.batch_audit, run_id=manual__2026-09-17T02:49:19.411456+00:00, execution_date=20260917T024919, start_date=20260917T024920, end_date=20260917T024920
[2026-09-17T02:49:20.956+0000] {local_task_job_runner.py:243} INFO - Task exited with return code 0
[2026-09-17T02:49:20.975+0000] {taskinstance.py:3503} INFO - 1 downstream tasks scheduled from follow-on schedule check
[2026-09-17T02:49:20.978+0000] {local_task_job_runner.py:222} INFO - ::endgroup::
