[2026-09-22T01:14:22.417+0000] {local_task_job_runner.py:120} INFO - ::group::Pre task execution logs
[2026-09-22T01:14:22.445+0000] {taskinstance.py:2076} INFO - Dependencies all met for dep_context=non-requeueable deps ti=<TaskInstance: lcbo_pipeline.bronze.batch_audit manual__2026-09-22T01:14:21.960219+00:00 [queued]>
[2026-09-22T01:14:22.453+0000] {taskinstance.py:2076} INFO - Dependencies all met for dep_context=requeueable deps ti=<TaskInstance: lcbo_pipeline.bronze.batch_audit manual__2026-09-22T01:14:21.960219+00:00 [queued]>
[2026-09-22T01:14:22.454+0000] {taskinstance.py:2306} INFO - Starting attempt 1 of 1
[2026-09-22T01:14:22.465+0000] {taskinstance.py:2330} INFO - Executing <Task(BashOperator): bronze.batch_audit> on 2026-09-22 01:14:21.960219+00:00
[2026-09-22T01:14:22.475+0000] {standard_task_runner.py:90} INFO - Running: ['***', 'tasks', 'run', 'lcbo_pipeline', 'bronze.batch_audit', 'manual__2026-09-22T01:14:21.960219+00:00', '--job-id', '93', '--raw', '--subdir', 'DAGS_FOLDER/lcbo_pipeline_dag.py', '--cfg-path', '/tmp/tmpikimd96t']
[2026-09-22T01:14:22.476+0000] {logging_mixin.py:188} WARNING - /home/***/.local/lib/python3.12/site-packages/***/task/task_runner/standard_task_runner.py:62 DeprecationWarning: This process (pid=190) is multi-threaded, use of fork() may lead to deadlocks in the child.
[2026-09-22T01:14:22.478+0000] {standard_task_runner.py:91} INFO - Job 93: Subtask bronze.batch_audit
[2026-09-22T01:14:22.478+0000] {standard_task_runner.py:64} INFO - Started process 191 to run task
[2026-09-22T01:14:22.520+0000] {task_command.py:426} INFO - Running <TaskInstance: lcbo_pipeline.bronze.batch_audit manual__2026-09-22T01:14:21.960219+00:00 [running]> on host d8c458fd86ee
[2026-09-22T01:14:22.597+0000] {taskinstance.py:2648} INFO - Exporting env vars: AIRFLOW_CTX_DAG_OWNER='bhavik' AIRFLOW_CTX_DAG_ID='lcbo_pipeline' AIRFLOW_CTX_TASK_ID='bronze.batch_audit' AIRFLOW_CTX_EXECUTION_DATE='2026-09-22T01:14:21.960219+00:00' AIRFLOW_CTX_TRY_NUMBER='1' AIRFLOW_CTX_DAG_RUN_ID='manual__2026-09-22T01:14:21.960219+00:00'
[2026-09-22T01:14:22.598+0000] {taskinstance.py:430} INFO - ::endgroup::
[2026-09-22T01:14:22.634+0000] {subprocess.py:63} INFO - Tmp dir root location: /tmp
[2026-09-22T01:14:22.636+0000] {subprocess.py:75} INFO - Running command: ['/usr/bin/bash', '-c', 'python /opt/***/etl_scripts/bronze_batch_audit.py']
[2026-09-22T01:14:22.649+0000] {subprocess.py:86} INFO - Output:
[2026-09-22T01:14:22.943+0000] {subprocess.py:93} INFO - 2026-09-22 01:14:22,943 - INFO - Successfully connected to Postgres
[2026-09-22T01:14:22.947+0000] {subprocess.py:93} INFO - 2026-09-22 01:14:22,947 - INFO - Found 1 already processed files in DB
[2026-09-22T01:14:22.954+0000] {subprocess.py:93} INFO - 2026-09-22 01:14:22,954 - INFO - Found 1 files in folder /opt/***/source_files
[2026-09-22T01:14:22.955+0000] {subprocess.py:93} INFO - 2026-09-22 01:14:22,954 - INFO - Pending files to process: ['af39c23f16c3f17ab2bef72b9511584e34b2e433b0a9f8a75379a26fd8d50c27']
[2026-09-22T01:14:22.956+0000] {subprocess.py:93} INFO - 2026-09-22 01:14:22,954 - INFO - 1 new file(s) to process: ['af39c23f16c3f17ab2bef72b9511584e34b2e433b0a9f8a75379a26fd8d50c27']
[2026-09-22T01:14:22.956+0000] {subprocess.py:93} INFO - 2026-09-22 01:14:22,954 - INFO - Started with af39c23f16c3f17ab2bef72b9511584e34b2e433b0a9f8a75379a26fd8d50c27
[2026-09-22T01:14:22.957+0000] {subprocess.py:93} INFO - 2026-09-22 01:14:22,957 - INFO - Created new batch with run_id 2 for lcbo_settlement_20260921.csv at 2026-09-22 01:14:22.954576
[2026-09-22T01:14:22.958+0000] {subprocess.py:93} INFO - 2026-09-22 01:14:22,957 - INFO - Postgres connection closed.
[2026-09-22T01:14:22.958+0000] {subprocess.py:93} INFO - 2026-09-22 01:14:22,957 - INFO - batch audit result: {'batch_created': True, 'batch_id': 2, 'related_date': datetime.datetime(2026, 9, 22, 1, 14, 22, 954576), 'file_hash': 'af39c23f16c3f17ab2bef72b9511584e34b2e433b0a9f8a75379a26fd8d50c27', 'all_processed_files': False}
[2026-09-22T01:14:22.968+0000] {subprocess.py:97} INFO - Command exited with return code 0
[2026-09-22T01:14:22.970+0000] {taskinstance.py:441} INFO - ::group::Post task execution logs
[2026-09-22T01:14:22.991+0000] {taskinstance.py:1206} INFO - Marking task as SUCCESS. dag_id=lcbo_pipeline, task_id=bronze.batch_audit, run_id=manual__2026-09-22T01:14:21.960219+00:00, execution_date=20260922T011421, start_date=20260922T011422, end_date=20260922T011422
[2026-09-22T01:14:23.014+0000] {local_task_job_runner.py:243} INFO - Task exited with return code 0
[2026-09-22T01:14:23.036+0000] {taskinstance.py:3503} INFO - 1 downstream tasks scheduled from follow-on schedule check
[2026-09-22T01:14:23.038+0000] {local_task_job_runner.py:222} INFO - ::endgroup::
