[2026-09-19T19:30:06.592+0000] {local_task_job_runner.py:120} INFO - ::group::Pre task execution logs
[2026-09-19T19:30:06.618+0000] {taskinstance.py:2076} INFO - Dependencies all met for dep_context=non-requeueable deps ti=<TaskInstance: lcbo_pipeline.silver.snapshot_product manual__2026-09-19T19:29:32.008515+00:00 [queued]>
[2026-09-19T19:30:06.625+0000] {taskinstance.py:2076} INFO - Dependencies all met for dep_context=requeueable deps ti=<TaskInstance: lcbo_pipeline.silver.snapshot_product manual__2026-09-19T19:29:32.008515+00:00 [queued]>
[2026-09-19T19:30:06.626+0000] {taskinstance.py:2306} INFO - Starting attempt 1 of 1
[2026-09-19T19:30:06.636+0000] {taskinstance.py:2330} INFO - Executing <Task(BashOperator): silver.snapshot_product> on 2026-09-19 19:29:32.008515+00:00
[2026-09-19T19:30:06.644+0000] {standard_task_runner.py:90} INFO - Running: ['***', 'tasks', 'run', 'lcbo_pipeline', 'silver.snapshot_product', 'manual__2026-09-19T19:29:32.008515+00:00', '--job-id', '50', '--raw', '--subdir', 'DAGS_FOLDER/lcbo_pipeline_dag.py', '--cfg-path', '/tmp/tmpcrze1us0']
[2026-09-19T19:30:06.646+0000] {standard_task_runner.py:91} INFO - Job 50: Subtask silver.snapshot_product
[2026-09-19T19:30:06.646+0000] {logging_mixin.py:188} WARNING - /home/***/.local/lib/python3.12/site-packages/***/task/task_runner/standard_task_runner.py:62 DeprecationWarning: This process (pid=386) is multi-threaded, use of fork() may lead to deadlocks in the child.
[2026-09-19T19:30:06.647+0000] {standard_task_runner.py:64} INFO - Started process 387 to run task
[2026-09-19T19:30:06.683+0000] {task_command.py:426} INFO - Running <TaskInstance: lcbo_pipeline.silver.snapshot_product manual__2026-09-19T19:29:32.008515+00:00 [running]> on host 6cf516ec3c07
[2026-09-19T19:30:06.750+0000] {taskinstance.py:2648} INFO - Exporting env vars: AIRFLOW_CTX_DAG_OWNER='bhavik' AIRFLOW_CTX_DAG_ID='lcbo_pipeline' AIRFLOW_CTX_TASK_ID='silver.snapshot_product' AIRFLOW_CTX_EXECUTION_DATE='2026-09-19T19:29:32.008515+00:00' AIRFLOW_CTX_TRY_NUMBER='1' AIRFLOW_CTX_DAG_RUN_ID='manual__2026-09-19T19:29:32.008515+00:00'
[2026-09-19T19:30:06.751+0000] {taskinstance.py:430} INFO - ::endgroup::
[2026-09-19T19:30:06.762+0000] {subprocess.py:63} INFO - Tmp dir root location: /tmp
[2026-09-19T19:30:06.764+0000] {subprocess.py:75} INFO - Running command: ['/usr/bin/bash', '-c', 'cd /opt/***/dbt_project && dbt snapshot --target docker --select dim_product_snapshot']
[2026-09-19T19:30:06.775+0000] {subprocess.py:86} INFO - Output:
[2026-09-19T19:30:08.329+0000] {subprocess.py:93} INFO - [0m19:30:08  Running with dbt=1.12.5
[2026-09-19T19:30:08.571+0000] {subprocess.py:93} INFO - [0m19:30:08  Registered adapter: postgres=1.9.0
[2026-09-19T19:30:09.757+0000] {subprocess.py:93} INFO - [0m19:30:09  Found 14 models, 2 snapshots, 3 sources, 597 macros
[2026-09-19T19:30:09.762+0000] {subprocess.py:93} INFO - [0m19:30:09
[2026-09-19T19:30:09.763+0000] {subprocess.py:93} INFO - [0m19:30:09  Concurrency: 4 threads (target='docker')
[2026-09-19T19:30:09.764+0000] {subprocess.py:93} INFO - [0m19:30:09
[2026-09-19T19:30:10.173+0000] {subprocess.py:93} INFO - [0m19:30:10  1 of 1 START snapshot gold.dim_product_snapshot ................................ [RUN]
[2026-09-19T19:30:10.543+0000] {subprocess.py:93} INFO - [0m19:30:10  1 of 1 OK snapshotted gold.dim_product_snapshot ................................ [[32mINSERT 0 9[0m in 0.37s]
[2026-09-19T19:30:10.619+0000] {subprocess.py:93} INFO - [0m19:30:10
[2026-09-19T19:30:10.620+0000] {subprocess.py:93} INFO - [0m19:30:10  Finished running 1 snapshot in 0 hours 0 minutes and 0.85 seconds (0.85s).
[2026-09-19T19:30:10.732+0000] {subprocess.py:93} INFO - [0m19:30:10
[2026-09-19T19:30:10.734+0000] {subprocess.py:93} INFO - [0m19:30:10  [32mCompleted successfully[0m
[2026-09-19T19:30:10.735+0000] {subprocess.py:93} INFO - [0m19:30:10
[2026-09-19T19:30:10.737+0000] {subprocess.py:93} INFO - [0m19:30:10  Done. PASS=1 WARN=0 ERROR=0 SKIP=0 NO-OP=0 REUSED=0 TOTAL=1
[2026-09-19T19:30:14.544+0000] {subprocess.py:97} INFO - Command exited with return code 0
[2026-09-19T19:30:14.546+0000] {taskinstance.py:441} INFO - ::group::Post task execution logs
[2026-09-19T19:30:14.568+0000] {taskinstance.py:1206} INFO - Marking task as SUCCESS. dag_id=lcbo_pipeline, task_id=silver.snapshot_product, run_id=manual__2026-09-19T19:29:32.008515+00:00, execution_date=20260919T192932, start_date=20260919T193006, end_date=20260919T193014
[2026-09-19T19:30:14.607+0000] {local_task_job_runner.py:243} INFO - Task exited with return code 0
[2026-09-19T19:30:14.625+0000] {taskinstance.py:3503} INFO - 1 downstream tasks scheduled from follow-on schedule check
[2026-09-19T19:30:14.628+0000] {local_task_job_runner.py:222} INFO - ::endgroup::
