[2026-09-19T21:14:45.448+0000] {local_task_job_runner.py:120} INFO - ::group::Pre task execution logs
[2026-09-19T21:14:45.475+0000] {taskinstance.py:2076} INFO - Dependencies all met for dep_context=non-requeueable deps ti=<TaskInstance: lcbo_pipeline.silver.snapshot_product manual__2026-09-19T21:14:12.873351+00:00 [queued]>
[2026-09-19T21:14:45.481+0000] {taskinstance.py:2076} INFO - Dependencies all met for dep_context=requeueable deps ti=<TaskInstance: lcbo_pipeline.silver.snapshot_product manual__2026-09-19T21:14:12.873351+00:00 [queued]>
[2026-09-19T21:14:45.482+0000] {taskinstance.py:2306} INFO - Starting attempt 1 of 1
[2026-09-19T21:14:45.492+0000] {taskinstance.py:2330} INFO - Executing <Task(BashOperator): silver.snapshot_product> on 2026-09-19 21:14:12.873351+00:00
[2026-09-19T21:14:45.501+0000] {standard_task_runner.py:90} INFO - Running: ['***', 'tasks', 'run', 'lcbo_pipeline', 'silver.snapshot_product', 'manual__2026-09-19T21:14:12.873351+00:00', '--job-id', '90', '--raw', '--subdir', 'DAGS_FOLDER/lcbo_pipeline_dag.py', '--cfg-path', '/tmp/tmpsnl0yssi']
[2026-09-19T21:14:45.503+0000] {logging_mixin.py:188} WARNING - /home/***/.local/lib/python3.12/site-packages/***/task/task_runner/standard_task_runner.py:62 DeprecationWarning: This process (pid=3311) is multi-threaded, use of fork() may lead to deadlocks in the child.
[2026-09-19T21:14:45.504+0000] {standard_task_runner.py:91} INFO - Job 90: Subtask silver.snapshot_product
[2026-09-19T21:14:45.505+0000] {standard_task_runner.py:64} INFO - Started process 3312 to run task
[2026-09-19T21:14:45.541+0000] {task_command.py:426} INFO - Running <TaskInstance: lcbo_pipeline.silver.snapshot_product manual__2026-09-19T21:14:12.873351+00:00 [running]> on host 6cf516ec3c07
[2026-09-19T21:14:45.604+0000] {taskinstance.py:2648} INFO - Exporting env vars: AIRFLOW_CTX_DAG_OWNER='bhavik' AIRFLOW_CTX_DAG_ID='lcbo_pipeline' AIRFLOW_CTX_TASK_ID='silver.snapshot_product' AIRFLOW_CTX_EXECUTION_DATE='2026-09-19T21:14:12.873351+00:00' AIRFLOW_CTX_TRY_NUMBER='1' AIRFLOW_CTX_DAG_RUN_ID='manual__2026-09-19T21:14:12.873351+00:00'
[2026-09-19T21:14:45.606+0000] {taskinstance.py:430} INFO - ::endgroup::
[2026-09-19T21:14:45.616+0000] {subprocess.py:63} INFO - Tmp dir root location: /tmp
[2026-09-19T21:14:45.618+0000] {subprocess.py:75} INFO - Running command: ['/usr/bin/bash', '-c', 'cd /opt/***/dbt_project && dbt snapshot --target docker --select dim_product_snapshot']
[2026-09-19T21:14:45.630+0000] {subprocess.py:86} INFO - Output:
[2026-09-19T21:14:47.168+0000] {subprocess.py:93} INFO - [0m21:14:47  Running with dbt=1.12.5
[2026-09-19T21:14:47.398+0000] {subprocess.py:93} INFO - [0m21:14:47  Registered adapter: postgres=1.9.0
[2026-09-19T21:14:48.478+0000] {subprocess.py:93} INFO - [0m21:14:48  Found 14 models, 2 snapshots, 3 sources, 597 macros
[2026-09-19T21:14:48.481+0000] {subprocess.py:93} INFO - [0m21:14:48
[2026-09-19T21:14:48.483+0000] {subprocess.py:93} INFO - [0m21:14:48  Concurrency: 4 threads (target='docker')
[2026-09-19T21:14:48.484+0000] {subprocess.py:93} INFO - [0m21:14:48
[2026-09-19T21:14:48.779+0000] {subprocess.py:93} INFO - [0m21:14:48  1 of 1 START snapshot gold.dim_product_snapshot ................................ [RUN]
[2026-09-19T21:14:49.211+0000] {subprocess.py:93} INFO - [0m21:14:49  1 of 1 OK snapshotted gold.dim_product_snapshot ................................ [[32mINSERT 0 1[0m in 0.43s]
[2026-09-19T21:14:49.285+0000] {subprocess.py:93} INFO - [0m21:14:49
[2026-09-19T21:14:49.286+0000] {subprocess.py:93} INFO - [0m21:14:49  Finished running 1 snapshot in 0 hours 0 minutes and 0.80 seconds (0.80s).
[2026-09-19T21:14:49.397+0000] {subprocess.py:93} INFO - [0m21:14:49
[2026-09-19T21:14:49.399+0000] {subprocess.py:93} INFO - [0m21:14:49  [32mCompleted successfully[0m
[2026-09-19T21:14:49.400+0000] {subprocess.py:93} INFO - [0m21:14:49
[2026-09-19T21:14:49.401+0000] {subprocess.py:93} INFO - [0m21:14:49  Done. PASS=1 WARN=0 ERROR=0 SKIP=0 NO-OP=0 REUSED=0 TOTAL=1
[2026-09-19T21:14:53.161+0000] {subprocess.py:97} INFO - Command exited with return code 0
[2026-09-19T21:14:53.164+0000] {taskinstance.py:441} INFO - ::group::Post task execution logs
[2026-09-19T21:14:53.192+0000] {taskinstance.py:1206} INFO - Marking task as SUCCESS. dag_id=lcbo_pipeline, task_id=silver.snapshot_product, run_id=manual__2026-09-19T21:14:12.873351+00:00, execution_date=20260919T211412, start_date=20260919T211445, end_date=20260919T211453
[2026-09-19T21:14:53.223+0000] {local_task_job_runner.py:243} INFO - Task exited with return code 0
[2026-09-19T21:14:53.246+0000] {taskinstance.py:3503} INFO - 1 downstream tasks scheduled from follow-on schedule check
[2026-09-19T21:14:53.249+0000] {local_task_job_runner.py:222} INFO - ::endgroup::
