[2026-09-23T00:38:45.976+0000] {local_task_job_runner.py:120} INFO - ::group::Pre task execution logs
[2026-09-23T00:38:46.001+0000] {taskinstance.py:2076} INFO - Dependencies all met for dep_context=non-requeueable deps ti=<TaskInstance: medallion_settlement_pipeline.Silver_Transform.clean_cast_settlements manual__2026-09-23T00:38:38.620355+00:00 [queued]>
[2026-09-23T00:38:46.008+0000] {taskinstance.py:2076} INFO - Dependencies all met for dep_context=requeueable deps ti=<TaskInstance: medallion_settlement_pipeline.Silver_Transform.clean_cast_settlements manual__2026-09-23T00:38:38.620355+00:00 [queued]>
[2026-09-23T00:38:46.010+0000] {taskinstance.py:2306} INFO - Starting attempt 1 of 1
[2026-09-23T00:38:46.020+0000] {taskinstance.py:2330} INFO - Executing <Task(BashOperator): Silver_Transform.clean_cast_settlements> on 2026-09-23 00:38:38.620355+00:00
[2026-09-23T00:38:46.028+0000] {standard_task_runner.py:90} INFO - Running: ['***', 'tasks', 'run', 'medallion_settlement_pipeline', 'Silver_Transform.clean_cast_settlements', 'manual__2026-09-23T00:38:38.620355+00:00', '--job-id', '140', '--raw', '--subdir', 'DAGS_FOLDER/lcbo_pipeline_dag.py', '--cfg-path', '/tmp/tmp47y7xlsh']
[2026-09-23T00:38:46.030+0000] {logging_mixin.py:188} WARNING - /home/***/.local/lib/python3.12/site-packages/***/task/task_runner/standard_task_runner.py:62 DeprecationWarning: This process (pid=242) is multi-threaded, use of fork() may lead to deadlocks in the child.
[2026-09-23T00:38:46.030+0000] {standard_task_runner.py:91} INFO - Job 140: Subtask Silver_Transform.clean_cast_settlements
[2026-09-23T00:38:46.031+0000] {standard_task_runner.py:64} INFO - Started process 243 to run task
[2026-09-23T00:38:46.070+0000] {task_command.py:426} INFO - Running <TaskInstance: medallion_settlement_pipeline.Silver_Transform.clean_cast_settlements manual__2026-09-23T00:38:38.620355+00:00 [running]> on host 4318980e9d4e
[2026-09-23T00:38:46.135+0000] {taskinstance.py:2648} INFO - Exporting env vars: AIRFLOW_CTX_DAG_OWNER='bhavik' AIRFLOW_CTX_DAG_ID='medallion_settlement_pipeline' AIRFLOW_CTX_TASK_ID='Silver_Transform.clean_cast_settlements' AIRFLOW_CTX_EXECUTION_DATE='2026-09-23T00:38:38.620355+00:00' AIRFLOW_CTX_TRY_NUMBER='1' AIRFLOW_CTX_DAG_RUN_ID='manual__2026-09-23T00:38:38.620355+00:00'
[2026-09-23T00:38:46.136+0000] {taskinstance.py:430} INFO - ::endgroup::
[2026-09-23T00:38:46.146+0000] {subprocess.py:63} INFO - Tmp dir root location: /tmp
[2026-09-23T00:38:46.148+0000] {subprocess.py:75} INFO - Running command: ['/usr/bin/bash', '-c', 'cd /opt/***/dbt_project && dbt run --target docker --select dbt_lcbo_raw dbt_product_cost dbt_lcbo_columns_trans dbt_lcbo_columns_type dbt_lcbo_cleansed_settlement dbt_lcbo_filterout_negative_sales dbt_dim_product_transform']
[2026-09-23T00:38:46.162+0000] {subprocess.py:86} INFO - Output:
[2026-09-23T00:38:48.362+0000] {subprocess.py:93} INFO - [0m00:38:48  Running with dbt=1.12.5
[2026-09-23T00:38:48.671+0000] {subprocess.py:93} INFO - [0m00:38:48  Registered adapter: postgres=1.9.0
[2026-09-23T00:38:48.886+0000] {subprocess.py:93} INFO - [0m00:38:48  Unable to do partial parsing because of a version mismatch
[2026-09-23T00:38:50.949+0000] {subprocess.py:93} INFO - [0m00:38:50  Found 14 models, 2 snapshots, 3 sources, 597 macros
[2026-09-23T00:38:50.953+0000] {subprocess.py:93} INFO - [0m00:38:50
[2026-09-23T00:38:50.955+0000] {subprocess.py:93} INFO - [0m00:38:50  Concurrency: 4 threads (target='docker')
[2026-09-23T00:38:50.956+0000] {subprocess.py:93} INFO - [0m00:38:50
[2026-09-23T00:38:51.284+0000] {subprocess.py:93} INFO - [0m00:38:51  1 of 7 START sql table model silver.dbt_lcbo_raw ............................... [RUN]
[2026-09-23T00:38:51.285+0000] {subprocess.py:93} INFO - [0m00:38:51  2 of 7 START sql table model silver.dbt_product_cost ........................... [RUN]
[2026-09-23T00:38:51.500+0000] {subprocess.py:93} INFO - [0m00:38:51  1 of 7 OK created sql table model silver.dbt_lcbo_raw .......................... [[32mSELECT 15[0m in 0.21s]
[2026-09-23T00:38:51.506+0000] {subprocess.py:93} INFO - [0m00:38:51  3 of 7 START sql table model silver.dbt_lcbo_columns_trans ..................... [RUN]
[2026-09-23T00:38:51.515+0000] {subprocess.py:93} INFO - [0m00:38:51  2 of 7 OK created sql table model silver.dbt_product_cost ...................... [[32mSELECT 9[0m in 0.22s]
[2026-09-23T00:38:51.527+0000] {subprocess.py:93} INFO - [0m00:38:51  4 of 7 START sql table model silver.dbt_dim_product_transform .................. [RUN]
[2026-09-23T00:38:51.674+0000] {subprocess.py:93} INFO - [0m00:38:51  4 of 7 OK created sql table model silver.dbt_dim_product_transform ............. [[32mSELECT 9[0m in 0.14s]
[2026-09-23T00:38:51.770+0000] {subprocess.py:93} INFO - [0m00:38:51  3 of 7 OK created sql table model silver.dbt_lcbo_columns_trans ................ [[32mSELECT 15[0m in 0.26s]
[2026-09-23T00:38:51.776+0000] {subprocess.py:93} INFO - [0m00:38:51  5 of 7 START sql table model silver.dbt_lcbo_columns_type ...................... [RUN]
[2026-09-23T00:38:51.922+0000] {subprocess.py:93} INFO - [0m00:38:51  5 of 7 OK created sql table model silver.dbt_lcbo_columns_type ................. [[32mSELECT 15[0m in 0.14s]
[2026-09-23T00:38:51.927+0000] {subprocess.py:93} INFO - [0m00:38:51  6 of 7 START sql table model silver.dbt_lcbo_cleansed_settlement ............... [RUN]
[2026-09-23T00:38:51.929+0000] {subprocess.py:93} INFO - [0m00:38:51  7 of 7 START sql incremental model silver.dbt_lcbo_filterout_negative_sales .... [RUN]
[2026-09-23T00:38:52.150+0000] {subprocess.py:93} INFO - [0m00:38:52  6 of 7 OK created sql table model silver.dbt_lcbo_cleansed_settlement .......... [[32mSELECT 13[0m in 0.22s]
[2026-09-23T00:38:52.167+0000] {subprocess.py:93} INFO - [0m00:38:52  7 of 7 OK created sql incremental model silver.dbt_lcbo_filterout_negative_sales  [[32mMERGE 2[0m in 0.23s]
[2026-09-23T00:38:52.256+0000] {subprocess.py:93} INFO - [0m00:38:52
[2026-09-23T00:38:52.257+0000] {subprocess.py:93} INFO - [0m00:38:52  Finished running 1 incremental model, 6 table models in 0 hours 0 minutes and 1.30 seconds (1.30s).
[2026-09-23T00:38:52.380+0000] {subprocess.py:93} INFO - [0m00:38:52
[2026-09-23T00:38:52.381+0000] {subprocess.py:93} INFO - [0m00:38:52  [32mCompleted successfully[0m
[2026-09-23T00:38:52.382+0000] {subprocess.py:93} INFO - [0m00:38:52
[2026-09-23T00:38:52.384+0000] {subprocess.py:93} INFO - [0m00:38:52  Done. PASS=7 WARN=0 ERROR=0 SKIP=0 NO-OP=0 REUSED=0 TOTAL=7
[2026-09-23T00:38:56.287+0000] {subprocess.py:97} INFO - Command exited with return code 0
[2026-09-23T00:38:56.289+0000] {taskinstance.py:441} INFO - ::group::Post task execution logs
[2026-09-23T00:38:56.307+0000] {taskinstance.py:1206} INFO - Marking task as SUCCESS. dag_id=medallion_settlement_pipeline, task_id=Silver_Transform.clean_cast_settlements, run_id=manual__2026-09-23T00:38:38.620355+00:00, execution_date=20260923T003838, start_date=20260923T003846, end_date=20260923T003856
[2026-09-23T00:38:56.352+0000] {local_task_job_runner.py:243} INFO - Task exited with return code 0
[2026-09-23T00:38:56.374+0000] {taskinstance.py:3503} INFO - 1 downstream tasks scheduled from follow-on schedule check
[2026-09-23T00:38:56.377+0000] {local_task_job_runner.py:222} INFO - ::endgroup::
