[2026-09-17T02:27:38.143+0000] {local_task_job_runner.py:120} INFO - ::group::Pre task execution logs
[2026-09-17T02:27:38.190+0000] {taskinstance.py:2076} INFO - Dependencies all met for dep_context=non-requeueable deps ti=<TaskInstance: lcbo_pipeline.bronze.batch_audit manual__2026-09-17T02:27:37.468137+00:00 [queued]>
[2026-09-17T02:27:38.198+0000] {taskinstance.py:2076} INFO - Dependencies all met for dep_context=requeueable deps ti=<TaskInstance: lcbo_pipeline.bronze.batch_audit manual__2026-09-17T02:27:37.468137+00:00 [queued]>
[2026-09-17T02:27:38.199+0000] {taskinstance.py:2306} INFO - Starting attempt 1 of 1
[2026-09-17T02:27:38.210+0000] {taskinstance.py:2330} INFO - Executing <Task(BashOperator): bronze.batch_audit> on 2026-09-17 02:27:37.468137+00:00
[2026-09-17T02:27:38.222+0000] {logging_mixin.py:188} WARNING - /home/***/.local/lib/python3.12/site-packages/***/task/task_runner/standard_task_runner.py:62 DeprecationWarning: This process (pid=493) is multi-threaded, use of fork() may lead to deadlocks in the child.
[2026-09-17T02:27:38.219+0000] {standard_task_runner.py:90} INFO - Running: ['***', 'tasks', 'run', 'lcbo_pipeline', 'bronze.batch_audit', 'manual__2026-09-17T02:27:37.468137+00:00', '--job-id', '13', '--raw', '--subdir', 'DAGS_FOLDER/lcbo_pipeline_dag.py', '--cfg-path', '/tmp/tmpgfgy7ams']
[2026-09-17T02:27:38.223+0000] {standard_task_runner.py:64} INFO - Started process 494 to run task
[2026-09-17T02:27:38.224+0000] {standard_task_runner.py:91} INFO - Job 13: Subtask bronze.batch_audit
[2026-09-17T02:27:38.271+0000] {task_command.py:426} INFO - Running <TaskInstance: lcbo_pipeline.bronze.batch_audit manual__2026-09-17T02:27:37.468137+00:00 [running]> on host c97299dbefe3
[2026-09-17T02:27:38.348+0000] {taskinstance.py:2648} INFO - Exporting env vars: AIRFLOW_CTX_DAG_OWNER='bhavik' AIRFLOW_CTX_DAG_ID='lcbo_pipeline' AIRFLOW_CTX_TASK_ID='bronze.batch_audit' AIRFLOW_CTX_EXECUTION_DATE='2026-09-17T02:27:37.468137+00:00' AIRFLOW_CTX_TRY_NUMBER='1' AIRFLOW_CTX_DAG_RUN_ID='manual__2026-09-17T02:27:37.468137+00:00'
[2026-09-17T02:27:38.349+0000] {taskinstance.py:430} INFO - ::endgroup::
[2026-09-17T02:27:38.390+0000] {subprocess.py:63} INFO - Tmp dir root location: /tmp
[2026-09-17T02:27:38.391+0000] {subprocess.py:75} INFO - Running command: ['/usr/bin/bash', '-c', 'python /opt/***/etl_scripts/bronze_batch_audit.py']
[2026-09-17T02:27:38.407+0000] {subprocess.py:86} INFO - Output:
[2026-09-17T02:27:38.874+0000] {subprocess.py:93} INFO - 2026-09-17 02:27:38,874 - INFO - Successfully connected to Postgres
[2026-09-17T02:27:38.880+0000] {subprocess.py:93} INFO - 2026-09-17 02:27:38,880 - INFO - Found 3 already processed files in DB
[2026-09-17T02:27:38.893+0000] {subprocess.py:93} INFO - 2026-09-17 02:27:38,893 - INFO - Found 3 files in folder /opt/***/source_files
[2026-09-17T02:27:38.894+0000] {subprocess.py:93} INFO - 2026-09-17 02:27:38,893 - INFO - Pending files to process: ['8ddf3f8eca2dd916750f7218de9933e4171dc4bb17e91d63893d9acce8df3acd', 'dee0139b317a64cac5a6e261c09b3010bd767f35bf556ae45681929267665db6']
[2026-09-17T02:27:38.896+0000] {subprocess.py:93} INFO - 2026-09-17 02:27:38,893 - INFO - 2 new file(s) to process: ['8ddf3f8eca2dd916750f7218de9933e4171dc4bb17e91d63893d9acce8df3acd', 'dee0139b317a64cac5a6e261c09b3010bd767f35bf556ae45681929267665db6']
[2026-09-17T02:27:38.896+0000] {subprocess.py:93} INFO - 2026-09-17 02:27:38,893 - INFO - Started with 8ddf3f8eca2dd916750f7218de9933e4171dc4bb17e91d63893d9acce8df3acd
[2026-09-17T02:27:38.898+0000] {subprocess.py:93} INFO - 2026-09-17 02:27:38,897 - INFO - Created new batch with run_id 4 for lcbo_settlement_20240102.csv at 2026-09-17 02:27:38.893835
[2026-09-17T02:27:38.898+0000] {subprocess.py:93} INFO - 2026-09-17 02:27:38,898 - INFO - Postgres connection closed.
[2026-09-17T02:27:38.899+0000] {subprocess.py:93} INFO - 2026-09-17 02:27:38,898 - INFO - batch audit result: {'batch_created': True, 'batch_id': 4, 'related_date': datetime.datetime(2026, 9, 17, 2, 27, 38, 893835), 'file_hash': '8ddf3f8eca2dd916750f7218de9933e4171dc4bb17e91d63893d9acce8df3acd', 'all_processed_files': False}
[2026-09-17T02:27:38.908+0000] {subprocess.py:97} INFO - Command exited with return code 0
[2026-09-17T02:27:38.910+0000] {taskinstance.py:441} INFO - ::group::Post task execution logs
[2026-09-17T02:27:38.931+0000] {taskinstance.py:1206} INFO - Marking task as SUCCESS. dag_id=lcbo_pipeline, task_id=bronze.batch_audit, run_id=manual__2026-09-17T02:27:37.468137+00:00, execution_date=20260917T022737, start_date=20260917T022738, end_date=20260917T022738
[2026-09-17T02:27:38.961+0000] {local_task_job_runner.py:243} INFO - Task exited with return code 0
[2026-09-17T02:27:38.983+0000] {taskinstance.py:3503} INFO - 1 downstream tasks scheduled from follow-on schedule check
[2026-09-17T02:27:38.985+0000] {local_task_job_runner.py:222} INFO - ::endgroup::
