[2026-09-25T02:20:21.525+0000] {local_task_job_runner.py:120} INFO - ::group::Pre task execution logs
[2026-09-25T02:20:21.548+0000] {taskinstance.py:2076} INFO - Dependencies all met for dep_context=non-requeueable deps ti=<TaskInstance: medallion_settlement_pipeline.Bronze_Ingestion.ingest_settlements manual__2026-09-25T02:20:19.355561+00:00 [queued]>
[2026-09-25T02:20:21.555+0000] {taskinstance.py:2076} INFO - Dependencies all met for dep_context=requeueable deps ti=<TaskInstance: medallion_settlement_pipeline.Bronze_Ingestion.ingest_settlements manual__2026-09-25T02:20:19.355561+00:00 [queued]>
[2026-09-25T02:20:21.557+0000] {taskinstance.py:2306} INFO - Starting attempt 1 of 1
[2026-09-25T02:20:21.565+0000] {taskinstance.py:2330} INFO - Executing <Task(BashOperator): Bronze_Ingestion.ingest_settlements> on 2026-09-25 02:20:19.355561+00:00
[2026-09-25T02:20:21.573+0000] {standard_task_runner.py:90} INFO - Running: ['***', 'tasks', 'run', 'medallion_settlement_pipeline', 'Bronze_Ingestion.ingest_settlements', 'manual__2026-09-25T02:20:19.355561+00:00', '--job-id', '215', '--raw', '--subdir', 'DAGS_FOLDER/lcbo_pipeline_dag.py', '--cfg-path', '/tmp/tmpr66v3thp']
[2026-09-25T02:20:21.575+0000] {logging_mixin.py:188} WARNING - /home/***/.local/lib/python3.12/site-packages/***/task/task_runner/standard_task_runner.py:62 DeprecationWarning: This process (pid=1360) is multi-threaded, use of fork() may lead to deadlocks in the child.
[2026-09-25T02:20:21.576+0000] {standard_task_runner.py:91} INFO - Job 215: Subtask Bronze_Ingestion.ingest_settlements
[2026-09-25T02:20:21.576+0000] {standard_task_runner.py:64} INFO - Started process 1361 to run task
[2026-09-25T02:20:21.613+0000] {task_command.py:426} INFO - Running <TaskInstance: medallion_settlement_pipeline.Bronze_Ingestion.ingest_settlements manual__2026-09-25T02:20:19.355561+00:00 [running]> on host 275ddd85eb37
[2026-09-25T02:20:21.684+0000] {taskinstance.py:2648} INFO - Exporting env vars: AIRFLOW_CTX_DAG_OWNER='bhavik' AIRFLOW_CTX_DAG_ID='medallion_settlement_pipeline' AIRFLOW_CTX_TASK_ID='Bronze_Ingestion.ingest_settlements' AIRFLOW_CTX_EXECUTION_DATE='2026-09-25T02:20:19.355561+00:00' AIRFLOW_CTX_TRY_NUMBER='1' AIRFLOW_CTX_DAG_RUN_ID='manual__2026-09-25T02:20:19.355561+00:00'
[2026-09-25T02:20:21.685+0000] {taskinstance.py:430} INFO - ::endgroup::
[2026-09-25T02:20:21.696+0000] {subprocess.py:63} INFO - Tmp dir root location: /tmp
[2026-09-25T02:20:21.698+0000] {subprocess.py:75} INFO - Running command: ['/usr/bin/bash', '-c', 'python /opt/***/etl_scripts/bronze_lcbo_raw.py']
[2026-09-25T02:20:21.709+0000] {subprocess.py:86} INFO - Output:
[2026-09-25T02:20:22.682+0000] {subprocess.py:93} INFO - 2026-09-25 02:20:22,682 - INFO - Successfully connected to Postgres
[2026-09-25T02:20:22.683+0000] {subprocess.py:93} INFO - 2026-09-25 02:20:22,682 - INFO - Successfully connected to Postgres
[2026-09-25T02:20:22.684+0000] {subprocess.py:93} INFO - 2026-09-25 02:20:22,682 - INFO - LoadingData_ToPostgres class initialized successfully.
[2026-09-25T02:20:22.686+0000] {subprocess.py:93} INFO - 2026-09-25 02:20:22,686 - INFO - Processing file: lcbo_settlement_20260924.csv with batch ID: 6 and file hash: 6fde85abffc28317d2ee90665a81dbc4eb131366ee32f716c2fc49daf52eaf6d
[2026-09-25T02:20:22.687+0000] {subprocess.py:93} INFO - 2026-09-25 02:20:22,686 - INFO - Found file: /opt/***/source_files/lcbo_settlement_20260924.csv
[2026-09-25T02:20:22.696+0000] {subprocess.py:93} INFO - 2026-09-25 02:20:22,696 - INFO - Inserted batch of size 9 into Postgres.
[2026-09-25T02:20:22.698+0000] {subprocess.py:93} INFO - 2026-09-25 02:20:22,698 - INFO - File processed successfully.
[2026-09-25T02:20:22.699+0000] {subprocess.py:93} INFO - 2026-09-25 02:20:22,698 - INFO - Postgres connection closed.
[2026-09-25T02:20:22.788+0000] {subprocess.py:97} INFO - Command exited with return code 0
[2026-09-25T02:20:22.789+0000] {taskinstance.py:441} INFO - ::group::Post task execution logs
[2026-09-25T02:20:22.808+0000] {taskinstance.py:1206} INFO - Marking task as SUCCESS. dag_id=medallion_settlement_pipeline, task_id=Bronze_Ingestion.ingest_settlements, run_id=manual__2026-09-25T02:20:19.355561+00:00, execution_date=20260925T022019, start_date=20260925T022021, end_date=20260925T022022
[2026-09-25T02:20:22.835+0000] {local_task_job_runner.py:243} INFO - Task exited with return code 0
[2026-09-25T02:20:22.855+0000] {taskinstance.py:3503} INFO - 1 downstream tasks scheduled from follow-on schedule check
[2026-09-25T02:20:22.857+0000] {local_task_job_runner.py:222} INFO - ::endgroup::
