[2026-09-23T01:46:24.029+0000] {local_task_job_runner.py:120} INFO - ::group::Pre task execution logs
[2026-09-23T01:46:24.054+0000] {taskinstance.py:2076} INFO - Dependencies all met for dep_context=non-requeueable deps ti=<TaskInstance: medallion_settlement_pipeline.Bronze_Ingestion.ingest_settlements manual__2026-09-23T01:46:22.219923+00:00 [queued]>
[2026-09-23T01:46:24.060+0000] {taskinstance.py:2076} INFO - Dependencies all met for dep_context=requeueable deps ti=<TaskInstance: medallion_settlement_pipeline.Bronze_Ingestion.ingest_settlements manual__2026-09-23T01:46:22.219923+00:00 [queued]>
[2026-09-23T01:46:24.061+0000] {taskinstance.py:2306} INFO - Starting attempt 1 of 1
[2026-09-23T01:46:24.071+0000] {taskinstance.py:2330} INFO - Executing <Task(BashOperator): Bronze_Ingestion.ingest_settlements> on 2026-09-23 01:46:22.219923+00:00
[2026-09-23T01:46:24.081+0000] {logging_mixin.py:188} WARNING - /home/***/.local/lib/python3.12/site-packages/***/task/task_runner/standard_task_runner.py:62 DeprecationWarning: This process (pid=2125) is multi-threaded, use of fork() may lead to deadlocks in the child.
[2026-09-23T01:46:24.079+0000] {standard_task_runner.py:90} INFO - Running: ['***', 'tasks', 'run', 'medallion_settlement_pipeline', 'Bronze_Ingestion.ingest_settlements', 'manual__2026-09-23T01:46:22.219923+00:00', '--job-id', '166', '--raw', '--subdir', 'DAGS_FOLDER/lcbo_pipeline_dag.py', '--cfg-path', '/tmp/tmpg_1f0_o8']
[2026-09-23T01:46:24.083+0000] {standard_task_runner.py:64} INFO - Started process 2126 to run task
[2026-09-23T01:46:24.083+0000] {standard_task_runner.py:91} INFO - Job 166: Subtask Bronze_Ingestion.ingest_settlements
[2026-09-23T01:46:24.127+0000] {task_command.py:426} INFO - Running <TaskInstance: medallion_settlement_pipeline.Bronze_Ingestion.ingest_settlements manual__2026-09-23T01:46:22.219923+00:00 [running]> on host 4318980e9d4e
[2026-09-23T01:46:24.200+0000] {taskinstance.py:2648} INFO - Exporting env vars: AIRFLOW_CTX_DAG_OWNER='bhavik' AIRFLOW_CTX_DAG_ID='medallion_settlement_pipeline' AIRFLOW_CTX_TASK_ID='Bronze_Ingestion.ingest_settlements' AIRFLOW_CTX_EXECUTION_DATE='2026-09-23T01:46:22.219923+00:00' AIRFLOW_CTX_TRY_NUMBER='1' AIRFLOW_CTX_DAG_RUN_ID='manual__2026-09-23T01:46:22.219923+00:00'
[2026-09-23T01:46:24.202+0000] {taskinstance.py:430} INFO - ::endgroup::
[2026-09-23T01:46:24.213+0000] {subprocess.py:63} INFO - Tmp dir root location: /tmp
[2026-09-23T01:46:24.215+0000] {subprocess.py:75} INFO - Running command: ['/usr/bin/bash', '-c', 'python /opt/***/etl_scripts/bronze_lcbo_raw.py']
[2026-09-23T01:46:24.227+0000] {subprocess.py:86} INFO - Output:
[2026-09-23T01:46:25.169+0000] {subprocess.py:93} INFO - 2026-09-23 01:46:25,169 - INFO - Successfully connected to Postgres
[2026-09-23T01:46:25.170+0000] {subprocess.py:93} INFO - 2026-09-23 01:46:25,169 - INFO - Successfully connected to Postgres
[2026-09-23T01:46:25.170+0000] {subprocess.py:93} INFO - 2026-09-23 01:46:25,169 - INFO - LoadingData_ToPostgres class initialized successfully.
[2026-09-23T01:46:25.172+0000] {subprocess.py:93} INFO - 2026-09-23 01:46:25,172 - INFO - Processing file: lcbo_settlement_20260922.csv with batch ID: 4 and file hash: eb58828f3ec501acaa672c36e98f86b83b9501ff2edc1ffedc0b926f4d31c2c9
[2026-09-23T01:46:25.173+0000] {subprocess.py:93} INFO - 2026-09-23 01:46:25,172 - INFO - Found file: /opt/***/source_files/lcbo_settlement_20260922.csv
[2026-09-23T01:46:25.182+0000] {subprocess.py:93} INFO - 2026-09-23 01:46:25,182 - INFO - Inserted batch of size 16 into Postgres.
[2026-09-23T01:46:25.184+0000] {subprocess.py:93} INFO - 2026-09-23 01:46:25,184 - INFO - File processed successfully.
[2026-09-23T01:46:25.185+0000] {subprocess.py:93} INFO - 2026-09-23 01:46:25,184 - INFO - Postgres connection closed.
[2026-09-23T01:46:25.279+0000] {subprocess.py:97} INFO - Command exited with return code 0
[2026-09-23T01:46:25.281+0000] {taskinstance.py:441} INFO - ::group::Post task execution logs
[2026-09-23T01:46:25.301+0000] {taskinstance.py:1206} INFO - Marking task as SUCCESS. dag_id=medallion_settlement_pipeline, task_id=Bronze_Ingestion.ingest_settlements, run_id=manual__2026-09-23T01:46:22.219923+00:00, execution_date=20260923T014622, start_date=20260923T014624, end_date=20260923T014625
[2026-09-23T01:46:25.341+0000] {local_task_job_runner.py:243} INFO - Task exited with return code 0
[2026-09-23T01:46:25.365+0000] {taskinstance.py:3503} INFO - 1 downstream tasks scheduled from follow-on schedule check
[2026-09-23T01:46:25.367+0000] {local_task_job_runner.py:222} INFO - ::endgroup::
