[2026-09-25T02:20:52.785+0000] {local_task_job_runner.py:120} INFO - ::group::Pre task execution logs
[2026-09-25T02:20:52.813+0000] {taskinstance.py:2076} INFO - Dependencies all met for dep_context=non-requeueable deps ti=<TaskInstance: medallion_settlement_pipeline.Silver_Transform.snapshot_product_dim manual__2026-09-25T02:20:19.355561+00:00 [queued]>
[2026-09-25T02:20:52.820+0000] {taskinstance.py:2076} INFO - Dependencies all met for dep_context=requeueable deps ti=<TaskInstance: medallion_settlement_pipeline.Silver_Transform.snapshot_product_dim manual__2026-09-25T02:20:19.355561+00:00 [queued]>
[2026-09-25T02:20:52.822+0000] {taskinstance.py:2306} INFO - Starting attempt 1 of 1
[2026-09-25T02:20:52.831+0000] {taskinstance.py:2330} INFO - Executing <Task(BashOperator): Silver_Transform.snapshot_product_dim> on 2026-09-25 02:20:19.355561+00:00
[2026-09-25T02:20:52.840+0000] {standard_task_runner.py:90} INFO - Running: ['***', 'tasks', 'run', 'medallion_settlement_pipeline', 'Silver_Transform.snapshot_product_dim', 'manual__2026-09-25T02:20:19.355561+00:00', '--job-id', '220', '--raw', '--subdir', 'DAGS_FOLDER/lcbo_pipeline_dag.py', '--cfg-path', '/tmp/tmpkaqpyi5a']
[2026-09-25T02:20:52.842+0000] {standard_task_runner.py:91} INFO - Job 220: Subtask Silver_Transform.snapshot_product_dim
[2026-09-25T02:20:52.843+0000] {logging_mixin.py:188} WARNING - /home/***/.local/lib/python3.12/site-packages/***/task/task_runner/standard_task_runner.py:62 DeprecationWarning: This process (pid=1470) is multi-threaded, use of fork() may lead to deadlocks in the child.
[2026-09-25T02:20:52.844+0000] {standard_task_runner.py:64} INFO - Started process 1471 to run task
[2026-09-25T02:20:52.880+0000] {task_command.py:426} INFO - Running <TaskInstance: medallion_settlement_pipeline.Silver_Transform.snapshot_product_dim manual__2026-09-25T02:20:19.355561+00:00 [running]> on host 275ddd85eb37
[2026-09-25T02:20:52.952+0000] {taskinstance.py:2648} INFO - Exporting env vars: AIRFLOW_CTX_DAG_OWNER='bhavik' AIRFLOW_CTX_DAG_ID='medallion_settlement_pipeline' AIRFLOW_CTX_TASK_ID='Silver_Transform.snapshot_product_dim' AIRFLOW_CTX_EXECUTION_DATE='2026-09-25T02:20:19.355561+00:00' AIRFLOW_CTX_TRY_NUMBER='1' AIRFLOW_CTX_DAG_RUN_ID='manual__2026-09-25T02:20:19.355561+00:00'
[2026-09-25T02:20:52.953+0000] {taskinstance.py:430} INFO - ::endgroup::
[2026-09-25T02:20:52.964+0000] {subprocess.py:63} INFO - Tmp dir root location: /tmp
[2026-09-25T02:20:52.966+0000] {subprocess.py:75} INFO - Running command: ['/usr/bin/bash', '-c', 'cd /opt/***/dbt_project && dbt snapshot --target docker --select dim_product_snapshot']
[2026-09-25T02:20:52.979+0000] {subprocess.py:86} INFO - Output:
[2026-09-25T02:20:54.589+0000] {subprocess.py:93} INFO - [0m02:20:54  Running with dbt=1.12.5
[2026-09-25T02:20:54.844+0000] {subprocess.py:93} INFO - [0m02:20:54  Registered adapter: postgres=1.9.0
[2026-09-25T02:20:56.069+0000] {subprocess.py:93} INFO - [0m02:20:56  Found 14 models, 2 snapshots, 3 sources, 597 macros
[2026-09-25T02:20:56.073+0000] {subprocess.py:93} INFO - [0m02:20:56
[2026-09-25T02:20:56.074+0000] {subprocess.py:93} INFO - [0m02:20:56  Concurrency: 4 threads (target='docker')
[2026-09-25T02:20:56.076+0000] {subprocess.py:93} INFO - [0m02:20:56
[2026-09-25T02:20:56.334+0000] {subprocess.py:93} INFO - [0m02:20:56  1 of 1 START snapshot gold.dim_product_snapshot ................................ [RUN]
[2026-09-25T02:20:56.819+0000] {subprocess.py:93} INFO - [0m02:20:56  1 of 1 OK snapshotted gold.dim_product_snapshot ................................ [[32mINSERT 0 4[0m in 0.48s]
[2026-09-25T02:20:56.882+0000] {subprocess.py:93} INFO - [0m02:20:56
[2026-09-25T02:20:56.884+0000] {subprocess.py:93} INFO - [0m02:20:56  Finished running 1 snapshot in 0 hours 0 minutes and 0.80 seconds (0.80s).
[2026-09-25T02:20:56.996+0000] {subprocess.py:93} INFO - [0m02:20:56
[2026-09-25T02:20:56.997+0000] {subprocess.py:93} INFO - [0m02:20:56  [32mCompleted successfully[0m
[2026-09-25T02:20:56.999+0000] {subprocess.py:93} INFO - [0m02:20:56
[2026-09-25T02:20:57.000+0000] {subprocess.py:93} INFO - [0m02:20:57  Done. PASS=1 WARN=0 ERROR=0 SKIP=0 NO-OP=0 REUSED=0 TOTAL=1
[2026-09-25T02:21:00.731+0000] {subprocess.py:97} INFO - Command exited with return code 0
[2026-09-25T02:21:00.732+0000] {taskinstance.py:441} INFO - ::group::Post task execution logs
[2026-09-25T02:21:00.752+0000] {taskinstance.py:1206} INFO - Marking task as SUCCESS. dag_id=medallion_settlement_pipeline, task_id=Silver_Transform.snapshot_product_dim, run_id=manual__2026-09-25T02:20:19.355561+00:00, execution_date=20260925T022019, start_date=20260925T022052, end_date=20260925T022100
[2026-09-25T02:21:00.805+0000] {local_task_job_runner.py:243} INFO - Task exited with return code 0
[2026-09-25T02:21:00.823+0000] {taskinstance.py:3503} INFO - 1 downstream tasks scheduled from follow-on schedule check
[2026-09-25T02:21:00.825+0000] {local_task_job_runner.py:222} INFO - ::endgroup::
