[2026-09-24T01:10:48.581+0000] {local_task_job_runner.py:120} INFO - ::group::Pre task execution logs
[2026-09-24T01:10:48.610+0000] {taskinstance.py:2076} INFO - Dependencies all met for dep_context=non-requeueable deps ti=<TaskInstance: medallion_settlement_pipeline.Gold_Star_Schema.build_dims_and_fact manual__2026-09-24T01:10:03.772856+00:00 [queued]>
[2026-09-24T01:10:48.619+0000] {taskinstance.py:2076} INFO - Dependencies all met for dep_context=requeueable deps ti=<TaskInstance: medallion_settlement_pipeline.Gold_Star_Schema.build_dims_and_fact manual__2026-09-24T01:10:03.772856+00:00 [queued]>
[2026-09-24T01:10:48.620+0000] {taskinstance.py:2306} INFO - Starting attempt 1 of 1
[2026-09-24T01:10:48.630+0000] {taskinstance.py:2330} INFO - Executing <Task(BashOperator): Gold_Star_Schema.build_dims_and_fact> on 2026-09-24 01:10:03.772856+00:00
[2026-09-24T01:10:48.642+0000] {logging_mixin.py:188} WARNING - /home/***/.local/lib/python3.12/site-packages/***/task/task_runner/standard_task_runner.py:62 DeprecationWarning: This process (pid=346) is multi-threaded, use of fork() may lead to deadlocks in the child.
[2026-09-24T01:10:48.640+0000] {standard_task_runner.py:90} INFO - Running: ['***', 'tasks', 'run', 'medallion_settlement_pipeline', 'Gold_Star_Schema.build_dims_and_fact', 'manual__2026-09-24T01:10:03.772856+00:00', '--job-id', '182', '--raw', '--subdir', 'DAGS_FOLDER/lcbo_pipeline_dag.py', '--cfg-path', '/tmp/tmpyq00wh3n']
[2026-09-24T01:10:48.644+0000] {standard_task_runner.py:64} INFO - Started process 347 to run task
[2026-09-24T01:10:48.644+0000] {standard_task_runner.py:91} INFO - Job 182: Subtask Gold_Star_Schema.build_dims_and_fact
[2026-09-24T01:10:48.685+0000] {task_command.py:426} INFO - Running <TaskInstance: medallion_settlement_pipeline.Gold_Star_Schema.build_dims_and_fact manual__2026-09-24T01:10:03.772856+00:00 [running]> on host ca212af9ca23
[2026-09-24T01:10:48.755+0000] {taskinstance.py:2648} INFO - Exporting env vars: AIRFLOW_CTX_DAG_OWNER='bhavik' AIRFLOW_CTX_DAG_ID='medallion_settlement_pipeline' AIRFLOW_CTX_TASK_ID='Gold_Star_Schema.build_dims_and_fact' AIRFLOW_CTX_EXECUTION_DATE='2026-09-24T01:10:03.772856+00:00' AIRFLOW_CTX_TRY_NUMBER='1' AIRFLOW_CTX_DAG_RUN_ID='manual__2026-09-24T01:10:03.772856+00:00'
[2026-09-24T01:10:48.757+0000] {taskinstance.py:430} INFO - ::endgroup::
[2026-09-24T01:10:48.768+0000] {subprocess.py:63} INFO - Tmp dir root location: /tmp
[2026-09-24T01:10:48.769+0000] {subprocess.py:75} INFO - Running command: ['/usr/bin/bash', '-c', 'cd /opt/***/dbt_project && dbt run --target docker --select gold_dim_date gold_dim_product_cost gold_dim_product_info gold_dim_store dbt_lcbo_fact_table gold_fact_table']
[2026-09-24T01:10:48.782+0000] {subprocess.py:86} INFO - Output:
[2026-09-24T01:10:50.490+0000] {subprocess.py:93} INFO - [0m01:10:50  Running with dbt=1.12.5
[2026-09-24T01:10:50.748+0000] {subprocess.py:93} INFO - [0m01:10:50  Registered adapter: postgres=1.9.0
[2026-09-24T01:10:51.954+0000] {subprocess.py:93} INFO - [0m01:10:51  Found 14 models, 2 snapshots, 3 sources, 597 macros
[2026-09-24T01:10:51.959+0000] {subprocess.py:93} INFO - [0m01:10:51
[2026-09-24T01:10:51.960+0000] {subprocess.py:93} INFO - [0m01:10:51  Concurrency: 4 threads (target='docker')
[2026-09-24T01:10:51.962+0000] {subprocess.py:93} INFO - [0m01:10:51
[2026-09-24T01:10:52.243+0000] {subprocess.py:93} INFO - [0m01:10:52  1 of 6 START sql table model gold.gold_dim_date ................................ [RUN]
[2026-09-24T01:10:52.245+0000] {subprocess.py:93} INFO - [0m01:10:52  2 of 6 START sql table model gold.gold_dim_product_cost ........................ [RUN]
[2026-09-24T01:10:52.247+0000] {subprocess.py:93} INFO - [0m01:10:52  3 of 6 START sql table model gold.gold_dim_product_info ........................ [RUN]
[2026-09-24T01:10:52.249+0000] {subprocess.py:93} INFO - [0m01:10:52  4 of 6 START sql table model gold.gold_dim_store ............................... [RUN]
[2026-09-24T01:10:52.674+0000] {subprocess.py:93} INFO - [0m01:10:52  1 of 6 OK created sql table model gold.gold_dim_date ........................... [[32mSELECT 3653[0m in 0.41s]
[2026-09-24T01:10:52.682+0000] {subprocess.py:93} INFO - [0m01:10:52  2 of 6 OK created sql table model gold.gold_dim_product_cost ................... [[32mSELECT 9[0m in 0.42s]
[2026-09-24T01:10:52.698+0000] {subprocess.py:93} INFO - [0m01:10:52  3 of 6 OK created sql table model gold.gold_dim_product_info ................... [[32mSELECT 17[0m in 0.44s]
[2026-09-24T01:10:52.701+0000] {subprocess.py:93} INFO - [0m01:10:52  4 of 6 OK created sql table model gold.gold_dim_store .......................... [[32mSELECT 6[0m in 0.44s]
[2026-09-24T01:10:52.710+0000] {subprocess.py:93} INFO - [0m01:10:52  5 of 6 START sql table model silver.dbt_lcbo_fact_table ........................ [RUN]
[2026-09-24T01:10:52.837+0000] {subprocess.py:93} INFO - [0m01:10:52  5 of 6 OK created sql table model silver.dbt_lcbo_fact_table ................... [[32mSELECT 17[0m in 0.12s]
[2026-09-24T01:10:52.842+0000] {subprocess.py:93} INFO - [0m01:10:52  6 of 6 START sql incremental model gold.gold_fact_table ........................ [RUN]
[2026-09-24T01:10:53.182+0000] {subprocess.py:93} INFO - [0m01:10:53  6 of 6 OK created sql incremental model gold.gold_fact_table ................... [[32mMERGE 0[0m in 0.34s]
[2026-09-24T01:10:53.249+0000] {subprocess.py:93} INFO - [0m01:10:53
[2026-09-24T01:10:53.251+0000] {subprocess.py:93} INFO - [0m01:10:53  Finished running 1 incremental model, 5 table models in 0 hours 0 minutes and 1.29 seconds (1.29s).
[2026-09-24T01:10:53.379+0000] {subprocess.py:93} INFO - [0m01:10:53
[2026-09-24T01:10:53.381+0000] {subprocess.py:93} INFO - [0m01:10:53  [32mCompleted successfully[0m
[2026-09-24T01:10:53.383+0000] {subprocess.py:93} INFO - [0m01:10:53
[2026-09-24T01:10:53.384+0000] {subprocess.py:93} INFO - [0m01:10:53  Done. PASS=6 WARN=0 ERROR=0 SKIP=0 NO-OP=0 REUSED=0 TOTAL=6
[2026-09-24T01:10:57.191+0000] {subprocess.py:97} INFO - Command exited with return code 0
[2026-09-24T01:10:57.192+0000] {taskinstance.py:441} INFO - ::group::Post task execution logs
[2026-09-24T01:10:57.215+0000] {taskinstance.py:1206} INFO - Marking task as SUCCESS. dag_id=medallion_settlement_pipeline, task_id=Gold_Star_Schema.build_dims_and_fact, run_id=manual__2026-09-24T01:10:03.772856+00:00, execution_date=20260924T011003, start_date=20260924T011048, end_date=20260924T011057
[2026-09-24T01:10:57.244+0000] {local_task_job_runner.py:243} INFO - Task exited with return code 0
[2026-09-24T01:10:57.258+0000] {taskinstance.py:3503} INFO - 0 downstream tasks scheduled from follow-on schedule check
[2026-09-24T01:10:57.260+0000] {local_task_job_runner.py:222} INFO - ::endgroup::
