[2026-09-23T00:38:40.896+0000] {local_task_job_runner.py:120} INFO - ::group::Pre task execution logs
[2026-09-23T00:38:40.926+0000] {taskinstance.py:2076} INFO - Dependencies all met for dep_context=non-requeueable deps ti=<TaskInstance: medallion_settlement_pipeline.Bronze_Ingestion.ingest_settlements manual__2026-09-23T00:38:38.620355+00:00 [queued]>
[2026-09-23T00:38:40.933+0000] {taskinstance.py:2076} INFO - Dependencies all met for dep_context=requeueable deps ti=<TaskInstance: medallion_settlement_pipeline.Bronze_Ingestion.ingest_settlements manual__2026-09-23T00:38:38.620355+00:00 [queued]>
[2026-09-23T00:38:40.935+0000] {taskinstance.py:2306} INFO - Starting attempt 1 of 1
[2026-09-23T00:38:40.945+0000] {taskinstance.py:2330} INFO - Executing <Task(BashOperator): Bronze_Ingestion.ingest_settlements> on 2026-09-23 00:38:38.620355+00:00
[2026-09-23T00:38:40.955+0000] {standard_task_runner.py:90} INFO - Running: ['***', 'tasks', 'run', 'medallion_settlement_pipeline', 'Bronze_Ingestion.ingest_settlements', 'manual__2026-09-23T00:38:38.620355+00:00', '--job-id', '138', '--raw', '--subdir', 'DAGS_FOLDER/lcbo_pipeline_dag.py', '--cfg-path', '/tmp/tmp72sc425q']
[2026-09-23T00:38:40.957+0000] {logging_mixin.py:188} WARNING - /home/***/.local/lib/python3.12/site-packages/***/task/task_runner/standard_task_runner.py:62 DeprecationWarning: This process (pid=204) is multi-threaded, use of fork() may lead to deadlocks in the child.
[2026-09-23T00:38:40.958+0000] {standard_task_runner.py:91} INFO - Job 138: Subtask Bronze_Ingestion.ingest_settlements
[2026-09-23T00:38:40.959+0000] {standard_task_runner.py:64} INFO - Started process 205 to run task
[2026-09-23T00:38:41.001+0000] {task_command.py:426} INFO - Running <TaskInstance: medallion_settlement_pipeline.Bronze_Ingestion.ingest_settlements manual__2026-09-23T00:38:38.620355+00:00 [running]> on host 4318980e9d4e
[2026-09-23T00:38:41.081+0000] {taskinstance.py:2648} INFO - Exporting env vars: AIRFLOW_CTX_DAG_OWNER='bhavik' AIRFLOW_CTX_DAG_ID='medallion_settlement_pipeline' AIRFLOW_CTX_TASK_ID='Bronze_Ingestion.ingest_settlements' AIRFLOW_CTX_EXECUTION_DATE='2026-09-23T00:38:38.620355+00:00' AIRFLOW_CTX_TRY_NUMBER='1' AIRFLOW_CTX_DAG_RUN_ID='manual__2026-09-23T00:38:38.620355+00:00'
[2026-09-23T00:38:41.082+0000] {taskinstance.py:430} INFO - ::endgroup::
[2026-09-23T00:38:41.094+0000] {subprocess.py:63} INFO - Tmp dir root location: /tmp
[2026-09-23T00:38:41.096+0000] {subprocess.py:75} INFO - Running command: ['/usr/bin/bash', '-c', 'python /opt/***/etl_scripts/bronze_lcbo_raw.py']
[2026-09-23T00:38:41.109+0000] {subprocess.py:86} INFO - Output:
[2026-09-23T00:38:42.500+0000] {subprocess.py:93} INFO - 2026-09-23 00:38:42,500 - INFO - Successfully connected to Postgres
[2026-09-23T00:38:42.501+0000] {subprocess.py:93} INFO - 2026-09-23 00:38:42,500 - INFO - Successfully connected to Postgres
[2026-09-23T00:38:42.502+0000] {subprocess.py:93} INFO - 2026-09-23 00:38:42,500 - INFO - LoadingData_ToPostgres class initialized successfully.
[2026-09-23T00:38:42.504+0000] {subprocess.py:93} INFO - 2026-09-23 00:38:42,504 - INFO - Processing file: lcbo_settlement_20260922.csv with batch ID: 3 and file hash: d85ed95bfc47fd64e8228d3de44d36fd568578753aeb03d153f5fb8b21078d23
[2026-09-23T00:38:42.505+0000] {subprocess.py:93} INFO - 2026-09-23 00:38:42,504 - INFO - Found file: /opt/***/source_files/lcbo_settlement_20260922.csv
[2026-09-23T00:38:42.520+0000] {subprocess.py:93} INFO - 2026-09-23 00:38:42,519 - INFO - Inserted batch of size 15 into Postgres.
[2026-09-23T00:38:42.522+0000] {subprocess.py:93} INFO - 2026-09-23 00:38:42,522 - INFO - File processed successfully.
[2026-09-23T00:38:42.525+0000] {subprocess.py:93} INFO - 2026-09-23 00:38:42,522 - INFO - Postgres connection closed.
[2026-09-23T00:38:42.608+0000] {subprocess.py:97} INFO - Command exited with return code 0
[2026-09-23T00:38:42.689+0000] {taskinstance.py:441} INFO - ::group::Post task execution logs
[2026-09-23T00:38:42.711+0000] {taskinstance.py:1206} INFO - Marking task as SUCCESS. dag_id=medallion_settlement_pipeline, task_id=Bronze_Ingestion.ingest_settlements, run_id=manual__2026-09-23T00:38:38.620355+00:00, execution_date=20260923T003838, start_date=20260923T003840, end_date=20260923T003842
[2026-09-23T00:38:42.740+0000] {local_task_job_runner.py:243} INFO - Task exited with return code 0
[2026-09-23T00:38:42.761+0000] {taskinstance.py:3503} INFO - 1 downstream tasks scheduled from follow-on schedule check
[2026-09-23T00:38:42.763+0000] {local_task_job_runner.py:222} INFO - ::endgroup::
