[2026-09-22T01:38:16.701+0000] {local_task_job_runner.py:120} INFO - ::group::Pre task execution logs
[2026-09-22T01:38:16.733+0000] {taskinstance.py:2076} INFO - Dependencies all met for dep_context=non-requeueable deps ti=<TaskInstance: lcbo_pipeline.bronze.lcbo_raw manual__2026-09-22T01:38:15.348434+00:00 [queued]>
[2026-09-22T01:38:16.746+0000] {taskinstance.py:2076} INFO - Dependencies all met for dep_context=requeueable deps ti=<TaskInstance: lcbo_pipeline.bronze.lcbo_raw manual__2026-09-22T01:38:15.348434+00:00 [queued]>
[2026-09-22T01:38:16.747+0000] {taskinstance.py:2306} INFO - Starting attempt 1 of 1
[2026-09-22T01:38:16.759+0000] {taskinstance.py:2330} INFO - Executing <Task(BashOperator): bronze.lcbo_raw> on 2026-09-22 01:38:15.348434+00:00
[2026-09-22T01:38:16.769+0000] {standard_task_runner.py:90} INFO - Running: ['***', 'tasks', 'run', 'lcbo_pipeline', 'bronze.lcbo_raw', 'manual__2026-09-22T01:38:15.348434+00:00', '--job-id', '102', '--raw', '--subdir', 'DAGS_FOLDER/lcbo_pipeline_dag.py', '--cfg-path', '/tmp/tmpmr562b1h']
[2026-09-22T01:38:16.772+0000] {standard_task_runner.py:91} INFO - Job 102: Subtask bronze.lcbo_raw
[2026-09-22T01:38:16.773+0000] {logging_mixin.py:188} WARNING - /home/***/.local/lib/python3.12/site-packages/***/task/task_runner/standard_task_runner.py:62 DeprecationWarning: This process (pid=856) is multi-threaded, use of fork() may lead to deadlocks in the child.
[2026-09-22T01:38:16.774+0000] {standard_task_runner.py:64} INFO - Started process 857 to run task
[2026-09-22T01:38:16.817+0000] {task_command.py:426} INFO - Running <TaskInstance: lcbo_pipeline.bronze.lcbo_raw manual__2026-09-22T01:38:15.348434+00:00 [running]> on host d8c458fd86ee
[2026-09-22T01:38:16.897+0000] {taskinstance.py:2648} INFO - Exporting env vars: AIRFLOW_CTX_DAG_OWNER='bhavik' AIRFLOW_CTX_DAG_ID='lcbo_pipeline' AIRFLOW_CTX_TASK_ID='bronze.lcbo_raw' AIRFLOW_CTX_EXECUTION_DATE='2026-09-22T01:38:15.348434+00:00' AIRFLOW_CTX_TRY_NUMBER='1' AIRFLOW_CTX_DAG_RUN_ID='manual__2026-09-22T01:38:15.348434+00:00'
[2026-09-22T01:38:16.904+0000] {taskinstance.py:430} INFO - ::endgroup::
[2026-09-22T01:38:16.916+0000] {subprocess.py:63} INFO - Tmp dir root location: /tmp
[2026-09-22T01:38:16.918+0000] {subprocess.py:75} INFO - Running command: ['/usr/bin/bash', '-c', 'python /opt/***/etl_scripts/bronze_lcbo_raw.py']
[2026-09-22T01:38:16.932+0000] {subprocess.py:86} INFO - Output:
[2026-09-22T01:38:18.027+0000] {subprocess.py:93} INFO - 2026-09-22 01:38:18,027 - INFO - Successfully connected to Postgres
[2026-09-22T01:38:18.028+0000] {subprocess.py:93} INFO - 2026-09-22 01:38:18,027 - INFO - Successfully connected to Postgres
[2026-09-22T01:38:18.029+0000] {subprocess.py:93} INFO - 2026-09-22 01:38:18,027 - INFO - LoadingData_ToPostgres class initialized successfully.
[2026-09-22T01:38:18.030+0000] {subprocess.py:93} INFO - 2026-09-22 01:38:18,030 - INFO - No pending or failed runs found. Exiting pipeline.
[2026-09-22T01:38:18.031+0000] {subprocess.py:93} INFO - 2026-09-22 01:38:18,030 - INFO - Postgres connection closed.
[2026-09-22T01:38:18.131+0000] {subprocess.py:97} INFO - Command exited with return code 0
[2026-09-22T01:38:18.133+0000] {taskinstance.py:441} INFO - ::group::Post task execution logs
[2026-09-22T01:38:18.152+0000] {taskinstance.py:1206} INFO - Marking task as SUCCESS. dag_id=lcbo_pipeline, task_id=bronze.lcbo_raw, run_id=manual__2026-09-22T01:38:15.348434+00:00, execution_date=20260922T013815, start_date=20260922T013816, end_date=20260922T013818
[2026-09-22T01:38:18.195+0000] {local_task_job_runner.py:243} INFO - Task exited with return code 0
[2026-09-22T01:38:18.217+0000] {taskinstance.py:3503} INFO - 1 downstream tasks scheduled from follow-on schedule check
[2026-09-22T01:38:18.220+0000] {local_task_job_runner.py:222} INFO - ::endgroup::
