[2026-09-23T00:49:32.180+0000] {local_task_job_runner.py:120} INFO - ::group::Pre task execution logs
[2026-09-23T00:49:32.205+0000] {taskinstance.py:2076} INFO - Dependencies all met for dep_context=non-requeueable deps ti=<TaskInstance: medallion_settlement_pipeline.Bronze_Ingestion.ingest_settlements manual__2026-09-23T00:49:30.464308+00:00 [queued]>
[2026-09-23T00:49:32.212+0000] {taskinstance.py:2076} INFO - Dependencies all met for dep_context=requeueable deps ti=<TaskInstance: medallion_settlement_pipeline.Bronze_Ingestion.ingest_settlements manual__2026-09-23T00:49:30.464308+00:00 [queued]>
[2026-09-23T00:49:32.213+0000] {taskinstance.py:2306} INFO - Starting attempt 1 of 1
[2026-09-23T00:49:32.223+0000] {taskinstance.py:2330} INFO - Executing <Task(BashOperator): Bronze_Ingestion.ingest_settlements> on 2026-09-23 00:49:30.464308+00:00
[2026-09-23T00:49:32.232+0000] {standard_task_runner.py:90} INFO - Running: ['***', 'tasks', 'run', 'medallion_settlement_pipeline', 'Bronze_Ingestion.ingest_settlements', 'manual__2026-09-23T00:49:30.464308+00:00', '--job-id', '146', '--raw', '--subdir', 'DAGS_FOLDER/lcbo_pipeline_dag.py', '--cfg-path', '/tmp/tmprjzoelsf']
[2026-09-23T00:49:32.234+0000] {logging_mixin.py:188} WARNING - /home/***/.local/lib/python3.12/site-packages/***/task/task_runner/standard_task_runner.py:62 DeprecationWarning: This process (pid=568) is multi-threaded, use of fork() may lead to deadlocks in the child.
[2026-09-23T00:49:32.234+0000] {standard_task_runner.py:91} INFO - Job 146: Subtask Bronze_Ingestion.ingest_settlements
[2026-09-23T00:49:32.235+0000] {standard_task_runner.py:64} INFO - Started process 569 to run task
[2026-09-23T00:49:32.269+0000] {task_command.py:426} INFO - Running <TaskInstance: medallion_settlement_pipeline.Bronze_Ingestion.ingest_settlements manual__2026-09-23T00:49:30.464308+00:00 [running]> on host 4318980e9d4e
[2026-09-23T00:49:32.336+0000] {taskinstance.py:2648} INFO - Exporting env vars: AIRFLOW_CTX_DAG_OWNER='bhavik' AIRFLOW_CTX_DAG_ID='medallion_settlement_pipeline' AIRFLOW_CTX_TASK_ID='Bronze_Ingestion.ingest_settlements' AIRFLOW_CTX_EXECUTION_DATE='2026-09-23T00:49:30.464308+00:00' AIRFLOW_CTX_TRY_NUMBER='1' AIRFLOW_CTX_DAG_RUN_ID='manual__2026-09-23T00:49:30.464308+00:00'
[2026-09-23T00:49:32.337+0000] {taskinstance.py:430} INFO - ::endgroup::
[2026-09-23T00:49:32.348+0000] {subprocess.py:63} INFO - Tmp dir root location: /tmp
[2026-09-23T00:49:32.350+0000] {subprocess.py:75} INFO - Running command: ['/usr/bin/bash', '-c', 'python /opt/***/etl_scripts/bronze_lcbo_raw.py']
[2026-09-23T00:49:32.364+0000] {subprocess.py:86} INFO - Output:
[2026-09-23T00:49:33.438+0000] {subprocess.py:93} INFO - 2026-09-23 00:49:33,437 - INFO - Successfully connected to Postgres
[2026-09-23T00:49:33.439+0000] {subprocess.py:93} INFO - 2026-09-23 00:49:33,438 - INFO - Successfully connected to Postgres
[2026-09-23T00:49:33.439+0000] {subprocess.py:93} INFO - 2026-09-23 00:49:33,438 - INFO - LoadingData_ToPostgres class initialized successfully.
[2026-09-23T00:49:33.441+0000] {subprocess.py:93} INFO - 2026-09-23 00:49:33,440 - INFO - Processing file: lcbo_settlement_20260922.csv with batch ID: 4 and file hash: c2b9f11a49ba77b891aa6dc6efb25cd50601f1a748adb210271331a1e679e9df
[2026-09-23T00:49:33.441+0000] {subprocess.py:93} INFO - 2026-09-23 00:49:33,441 - INFO - Found file: /opt/***/source_files/lcbo_settlement_20260922.csv
[2026-09-23T00:49:33.451+0000] {subprocess.py:93} INFO - 2026-09-23 00:49:33,451 - INFO - Inserted batch of size 16 into Postgres.
[2026-09-23T00:49:33.452+0000] {subprocess.py:93} INFO - 2026-09-23 00:49:33,452 - INFO - File processed successfully.
[2026-09-23T00:49:33.453+0000] {subprocess.py:93} INFO - 2026-09-23 00:49:33,452 - INFO - Postgres connection closed.
[2026-09-23T00:49:33.536+0000] {subprocess.py:97} INFO - Command exited with return code 0
[2026-09-23T00:49:33.538+0000] {taskinstance.py:441} INFO - ::group::Post task execution logs
[2026-09-23T00:49:33.558+0000] {taskinstance.py:1206} INFO - Marking task as SUCCESS. dag_id=medallion_settlement_pipeline, task_id=Bronze_Ingestion.ingest_settlements, run_id=manual__2026-09-23T00:49:30.464308+00:00, execution_date=20260923T004930, start_date=20260923T004932, end_date=20260923T004933
[2026-09-23T00:49:33.615+0000] {local_task_job_runner.py:243} INFO - Task exited with return code 0
[2026-09-23T00:49:33.636+0000] {taskinstance.py:3503} INFO - 1 downstream tasks scheduled from follow-on schedule check
[2026-09-23T00:49:33.639+0000] {local_task_job_runner.py:222} INFO - ::endgroup::
