[2026-09-22T01:38:39.912+0000] {local_task_job_runner.py:120} INFO - ::group::Pre task execution logs
[2026-09-22T01:38:39.935+0000] {taskinstance.py:2076} INFO - Dependencies all met for dep_context=non-requeueable deps ti=<TaskInstance: lcbo_pipeline.silver.run_joined manual__2026-09-22T01:38:15.348434+00:00 [queued]>
[2026-09-22T01:38:39.942+0000] {taskinstance.py:2076} INFO - Dependencies all met for dep_context=requeueable deps ti=<TaskInstance: lcbo_pipeline.silver.run_joined manual__2026-09-22T01:38:15.348434+00:00 [queued]>
[2026-09-22T01:38:39.944+0000] {taskinstance.py:2306} INFO - Starting attempt 1 of 1
[2026-09-22T01:38:39.952+0000] {taskinstance.py:2330} INFO - Executing <Task(BashOperator): silver.run_joined> on 2026-09-22 01:38:15.348434+00:00
[2026-09-22T01:38:39.960+0000] {standard_task_runner.py:90} INFO - Running: ['***', 'tasks', 'run', 'lcbo_pipeline', 'silver.run_joined', 'manual__2026-09-22T01:38:15.348434+00:00', '--job-id', '106', '--raw', '--subdir', 'DAGS_FOLDER/lcbo_pipeline_dag.py', '--cfg-path', '/tmp/tmph5s6ot9v']
[2026-09-22T01:38:39.962+0000] {standard_task_runner.py:91} INFO - Job 106: Subtask silver.run_joined
[2026-09-22T01:38:39.963+0000] {logging_mixin.py:188} WARNING - /home/***/.local/lib/python3.12/site-packages/***/task/task_runner/standard_task_runner.py:62 DeprecationWarning: This process (pid=951) is multi-threaded, use of fork() may lead to deadlocks in the child.
[2026-09-22T01:38:39.964+0000] {standard_task_runner.py:64} INFO - Started process 952 to run task
[2026-09-22T01:38:40.007+0000] {task_command.py:426} INFO - Running <TaskInstance: lcbo_pipeline.silver.run_joined manual__2026-09-22T01:38:15.348434+00:00 [running]> on host d8c458fd86ee
[2026-09-22T01:38:40.079+0000] {taskinstance.py:2648} INFO - Exporting env vars: AIRFLOW_CTX_DAG_OWNER='bhavik' AIRFLOW_CTX_DAG_ID='lcbo_pipeline' AIRFLOW_CTX_TASK_ID='silver.run_joined' AIRFLOW_CTX_EXECUTION_DATE='2026-09-22T01:38:15.348434+00:00' AIRFLOW_CTX_TRY_NUMBER='1' AIRFLOW_CTX_DAG_RUN_ID='manual__2026-09-22T01:38:15.348434+00:00'
[2026-09-22T01:38:40.081+0000] {taskinstance.py:430} INFO - ::endgroup::
[2026-09-22T01:38:40.093+0000] {subprocess.py:63} INFO - Tmp dir root location: /tmp
[2026-09-22T01:38:40.095+0000] {subprocess.py:75} INFO - Running command: ['/usr/bin/bash', '-c', 'cd /opt/***/dbt_project && dbt run --target docker --select dbt_lcbo_joined_dim_prod_cost']
[2026-09-22T01:38:40.106+0000] {subprocess.py:86} INFO - Output:
[2026-09-22T01:38:41.604+0000] {subprocess.py:93} INFO - [0m01:38:41  Running with dbt=1.12.5
[2026-09-22T01:38:41.833+0000] {subprocess.py:93} INFO - [0m01:38:41  Registered adapter: postgres=1.9.0
[2026-09-22T01:38:42.864+0000] {subprocess.py:93} INFO - [0m01:38:42  Found 14 models, 2 snapshots, 3 sources, 597 macros
[2026-09-22T01:38:42.867+0000] {subprocess.py:93} INFO - [0m01:38:42
[2026-09-22T01:38:42.869+0000] {subprocess.py:93} INFO - [0m01:38:42  Concurrency: 4 threads (target='docker')
[2026-09-22T01:38:42.870+0000] {subprocess.py:93} INFO - [0m01:38:42
[2026-09-22T01:38:43.169+0000] {subprocess.py:93} INFO - [0m01:38:43  1 of 1 START sql table model silver.dbt_lcbo_joined_dim_prod_cost .............. [RUN]
[2026-09-22T01:38:43.367+0000] {subprocess.py:93} INFO - [0m01:38:43  1 of 1 OK created sql table model silver.dbt_lcbo_joined_dim_prod_cost ......... [[32mSELECT 0[0m in 0.19s]
[2026-09-22T01:38:43.446+0000] {subprocess.py:93} INFO - [0m01:38:43
[2026-09-22T01:38:43.447+0000] {subprocess.py:93} INFO - [0m01:38:43  Finished running 1 table model in 0 hours 0 minutes and 0.57 seconds (0.57s).
[2026-09-22T01:38:43.637+0000] {subprocess.py:93} INFO - [0m01:38:43
[2026-09-22T01:38:43.638+0000] {subprocess.py:93} INFO - [0m01:38:43  [32mCompleted successfully[0m
[2026-09-22T01:38:43.640+0000] {subprocess.py:93} INFO - [0m01:38:43
[2026-09-22T01:38:43.641+0000] {subprocess.py:93} INFO - [0m01:38:43  Done. PASS=1 WARN=0 ERROR=0 SKIP=0 NO-OP=0 REUSED=0 TOTAL=1
[2026-09-22T01:38:47.364+0000] {subprocess.py:97} INFO - Command exited with return code 0
[2026-09-22T01:38:47.366+0000] {taskinstance.py:441} INFO - ::group::Post task execution logs
[2026-09-22T01:38:47.388+0000] {taskinstance.py:1206} INFO - Marking task as SUCCESS. dag_id=lcbo_pipeline, task_id=silver.run_joined, run_id=manual__2026-09-22T01:38:15.348434+00:00, execution_date=20260922T013815, start_date=20260922T013839, end_date=20260922T013847
[2026-09-22T01:38:47.440+0000] {local_task_job_runner.py:243} INFO - Task exited with return code 0
[2026-09-22T01:38:47.462+0000] {taskinstance.py:3503} INFO - 1 downstream tasks scheduled from follow-on schedule check
[2026-09-22T01:38:47.464+0000] {local_task_job_runner.py:222} INFO - ::endgroup::
