[2026-09-22T02:21:29.153+0000] {local_task_job_runner.py:120} INFO - ::group::Pre task execution logs
[2026-09-22T02:21:29.178+0000] {taskinstance.py:2076} INFO - Dependencies all met for dep_context=non-requeueable deps ti=<TaskInstance: lcbo_pipeline.silver.run_joined manual__2026-09-22T02:21:03.584781+00:00 [queued]>
[2026-09-22T02:21:29.184+0000] {taskinstance.py:2076} INFO - Dependencies all met for dep_context=requeueable deps ti=<TaskInstance: lcbo_pipeline.silver.run_joined manual__2026-09-22T02:21:03.584781+00:00 [queued]>
[2026-09-22T02:21:29.185+0000] {taskinstance.py:2306} INFO - Starting attempt 1 of 1
[2026-09-22T02:21:29.194+0000] {taskinstance.py:2330} INFO - Executing <Task(BashOperator): silver.run_joined> on 2026-09-22 02:21:03.584781+00:00
[2026-09-22T02:21:29.203+0000] {standard_task_runner.py:90} INFO - Running: ['***', 'tasks', 'run', 'lcbo_pipeline', 'silver.run_joined', 'manual__2026-09-22T02:21:03.584781+00:00', '--job-id', '130', '--raw', '--subdir', 'DAGS_FOLDER/lcbo_pipeline_dag.py', '--cfg-path', '/tmp/tmp2_lvtngg']
[2026-09-22T02:21:29.205+0000] {logging_mixin.py:188} WARNING - /home/***/.local/lib/python3.12/site-packages/***/task/task_runner/standard_task_runner.py:62 DeprecationWarning: This process (pid=2270) is multi-threaded, use of fork() may lead to deadlocks in the child.
[2026-09-22T02:21:29.205+0000] {standard_task_runner.py:91} INFO - Job 130: Subtask silver.run_joined
[2026-09-22T02:21:29.206+0000] {standard_task_runner.py:64} INFO - Started process 2271 to run task
[2026-09-22T02:21:29.242+0000] {task_command.py:426} INFO - Running <TaskInstance: lcbo_pipeline.silver.run_joined manual__2026-09-22T02:21:03.584781+00:00 [running]> on host d8c458fd86ee
[2026-09-22T02:21:29.311+0000] {taskinstance.py:2648} INFO - Exporting env vars: AIRFLOW_CTX_DAG_OWNER='bhavik' AIRFLOW_CTX_DAG_ID='lcbo_pipeline' AIRFLOW_CTX_TASK_ID='silver.run_joined' AIRFLOW_CTX_EXECUTION_DATE='2026-09-22T02:21:03.584781+00:00' AIRFLOW_CTX_TRY_NUMBER='1' AIRFLOW_CTX_DAG_RUN_ID='manual__2026-09-22T02:21:03.584781+00:00'
[2026-09-22T02:21:29.312+0000] {taskinstance.py:430} INFO - ::endgroup::
[2026-09-22T02:21:29.323+0000] {subprocess.py:63} INFO - Tmp dir root location: /tmp
[2026-09-22T02:21:29.325+0000] {subprocess.py:75} INFO - Running command: ['/usr/bin/bash', '-c', 'cd /opt/***/dbt_project && dbt run --target docker --select dbt_lcbo_joined_dim_prod_cost']
[2026-09-22T02:21:29.338+0000] {subprocess.py:86} INFO - Output:
[2026-09-22T02:21:30.879+0000] {subprocess.py:93} INFO - [0m02:21:30  Running with dbt=1.12.5
[2026-09-22T02:21:31.116+0000] {subprocess.py:93} INFO - [0m02:21:31  Registered adapter: postgres=1.9.0
[2026-09-22T02:21:32.235+0000] {subprocess.py:93} INFO - [0m02:21:32  Found 14 models, 2 snapshots, 3 sources, 597 macros
[2026-09-22T02:21:32.239+0000] {subprocess.py:93} INFO - [0m02:21:32
[2026-09-22T02:21:32.240+0000] {subprocess.py:93} INFO - [0m02:21:32  Concurrency: 4 threads (target='docker')
[2026-09-22T02:21:32.242+0000] {subprocess.py:93} INFO - [0m02:21:32
[2026-09-22T02:21:32.547+0000] {subprocess.py:93} INFO - [0m02:21:32  1 of 1 START sql table model silver.dbt_lcbo_joined_dim_prod_cost .............. [RUN]
[2026-09-22T02:21:32.736+0000] {subprocess.py:93} INFO - [0m02:21:32  1 of 1 OK created sql table model silver.dbt_lcbo_joined_dim_prod_cost ......... [[32mSELECT 13[0m in 0.18s]
[2026-09-22T02:21:32.818+0000] {subprocess.py:93} INFO - [0m02:21:32
[2026-09-22T02:21:32.819+0000] {subprocess.py:93} INFO - [0m02:21:32  Finished running 1 table model in 0 hours 0 minutes and 0.58 seconds (0.58s).
[2026-09-22T02:21:33.008+0000] {subprocess.py:93} INFO - [0m02:21:33
[2026-09-22T02:21:33.009+0000] {subprocess.py:93} INFO - [0m02:21:33  [32mCompleted successfully[0m
[2026-09-22T02:21:33.011+0000] {subprocess.py:93} INFO - [0m02:21:33
[2026-09-22T02:21:33.013+0000] {subprocess.py:93} INFO - [0m02:21:33  Done. PASS=1 WARN=0 ERROR=0 SKIP=0 NO-OP=0 REUSED=0 TOTAL=1
[2026-09-22T02:21:36.828+0000] {subprocess.py:97} INFO - Command exited with return code 0
[2026-09-22T02:21:36.830+0000] {taskinstance.py:441} INFO - ::group::Post task execution logs
[2026-09-22T02:21:36.850+0000] {taskinstance.py:1206} INFO - Marking task as SUCCESS. dag_id=lcbo_pipeline, task_id=silver.run_joined, run_id=manual__2026-09-22T02:21:03.584781+00:00, execution_date=20260922T022103, start_date=20260922T022129, end_date=20260922T022136
[2026-09-22T02:21:36.885+0000] {local_task_job_runner.py:243} INFO - Task exited with return code 0
[2026-09-22T02:21:36.908+0000] {taskinstance.py:3503} INFO - 1 downstream tasks scheduled from follow-on schedule check
[2026-09-22T02:21:36.910+0000] {local_task_job_runner.py:222} INFO - ::endgroup::
