[2026-09-23T01:46:39.133+0000] {local_task_job_runner.py:120} INFO - ::group::Pre task execution logs
[2026-09-23T01:46:39.165+0000] {taskinstance.py:2076} INFO - Dependencies all met for dep_context=non-requeueable deps ti=<TaskInstance: medallion_settlement_pipeline.Silver_Transform.snapshot_product_cost manual__2026-09-23T01:46:22.219923+00:00 [queued]>
[2026-09-23T01:46:39.172+0000] {taskinstance.py:2076} INFO - Dependencies all met for dep_context=requeueable deps ti=<TaskInstance: medallion_settlement_pipeline.Silver_Transform.snapshot_product_cost manual__2026-09-23T01:46:22.219923+00:00 [queued]>
[2026-09-23T01:46:39.174+0000] {taskinstance.py:2306} INFO - Starting attempt 1 of 1
[2026-09-23T01:46:39.184+0000] {taskinstance.py:2330} INFO - Executing <Task(BashOperator): Silver_Transform.snapshot_product_cost> on 2026-09-23 01:46:22.219923+00:00
[2026-09-23T01:46:39.194+0000] {standard_task_runner.py:90} INFO - Running: ['***', 'tasks', 'run', 'medallion_settlement_pipeline', 'Silver_Transform.snapshot_product_cost', 'manual__2026-09-23T01:46:22.219923+00:00', '--job-id', '169', '--raw', '--subdir', 'DAGS_FOLDER/lcbo_pipeline_dag.py', '--cfg-path', '/tmp/tmpg0od_lfa']
[2026-09-23T01:46:39.196+0000] {standard_task_runner.py:91} INFO - Job 169: Subtask Silver_Transform.snapshot_product_cost
[2026-09-23T01:46:39.196+0000] {logging_mixin.py:188} WARNING - /home/***/.local/lib/python3.12/site-packages/***/task/task_runner/standard_task_runner.py:62 DeprecationWarning: This process (pid=2205) is multi-threaded, use of fork() may lead to deadlocks in the child.
[2026-09-23T01:46:39.198+0000] {standard_task_runner.py:64} INFO - Started process 2206 to run task
[2026-09-23T01:46:39.233+0000] {task_command.py:426} INFO - Running <TaskInstance: medallion_settlement_pipeline.Silver_Transform.snapshot_product_cost manual__2026-09-23T01:46:22.219923+00:00 [running]> on host 4318980e9d4e
[2026-09-23T01:46:39.306+0000] {taskinstance.py:2648} INFO - Exporting env vars: AIRFLOW_CTX_DAG_OWNER='bhavik' AIRFLOW_CTX_DAG_ID='medallion_settlement_pipeline' AIRFLOW_CTX_TASK_ID='Silver_Transform.snapshot_product_cost' AIRFLOW_CTX_EXECUTION_DATE='2026-09-23T01:46:22.219923+00:00' AIRFLOW_CTX_TRY_NUMBER='1' AIRFLOW_CTX_DAG_RUN_ID='manual__2026-09-23T01:46:22.219923+00:00'
[2026-09-23T01:46:39.307+0000] {taskinstance.py:430} INFO - ::endgroup::
[2026-09-23T01:46:39.319+0000] {subprocess.py:63} INFO - Tmp dir root location: /tmp
[2026-09-23T01:46:39.322+0000] {subprocess.py:75} INFO - Running command: ['/usr/bin/bash', '-c', 'cd /opt/***/dbt_project && dbt snapshot --target docker --select dim_product_cost_snapshot']
[2026-09-23T01:46:39.335+0000] {subprocess.py:86} INFO - Output:
[2026-09-23T01:46:40.855+0000] {subprocess.py:93} INFO - [0m01:46:40  Running with dbt=1.12.5
[2026-09-23T01:46:41.088+0000] {subprocess.py:93} INFO - [0m01:46:41  Registered adapter: postgres=1.9.0
[2026-09-23T01:46:42.212+0000] {subprocess.py:93} INFO - [0m01:46:42  Found 14 models, 2 snapshots, 3 sources, 597 macros
[2026-09-23T01:46:42.216+0000] {subprocess.py:93} INFO - [0m01:46:42
[2026-09-23T01:46:42.217+0000] {subprocess.py:93} INFO - [0m01:46:42  Concurrency: 4 threads (target='docker')
[2026-09-23T01:46:42.219+0000] {subprocess.py:93} INFO - [0m01:46:42
[2026-09-23T01:46:42.573+0000] {subprocess.py:93} INFO - [0m01:46:42  1 of 1 START snapshot gold.dim_product_cost_snapshot ........................... [RUN]
[2026-09-23T01:46:42.923+0000] {subprocess.py:93} INFO - [0m01:46:42  [[33mWARNING[0m]: Data type of snapshot table timestamp columns (DATETIME) doesn't match derived column 'updated_at' (DATE). Please update snapshot config 'updated_at'.
[2026-09-23T01:46:42.964+0000] {subprocess.py:93} INFO - [0m01:46:42  1 of 1 OK snapshotted gold.dim_product_cost_snapshot ........................... [[32mINSERT 0 0[0m in 0.39s]
[2026-09-23T01:46:43.043+0000] {subprocess.py:93} INFO - [0m01:46:43
[2026-09-23T01:46:43.044+0000] {subprocess.py:93} INFO - [0m01:46:43  Finished running 1 snapshot in 0 hours 0 minutes and 0.82 seconds (0.82s).
[2026-09-23T01:46:43.156+0000] {subprocess.py:93} INFO - [0m01:46:43
[2026-09-23T01:46:43.157+0000] {subprocess.py:93} INFO - [0m01:46:43  [32mCompleted successfully[0m
[2026-09-23T01:46:43.159+0000] {subprocess.py:93} INFO - [0m01:46:43
[2026-09-23T01:46:43.160+0000] {subprocess.py:93} INFO - [0m01:46:43  Done. PASS=1 WARN=0 ERROR=0 SKIP=0 NO-OP=0 REUSED=0 TOTAL=1
[2026-09-23T01:46:46.942+0000] {subprocess.py:97} INFO - Command exited with return code 0
[2026-09-23T01:46:46.943+0000] {taskinstance.py:441} INFO - ::group::Post task execution logs
[2026-09-23T01:46:46.975+0000] {taskinstance.py:1206} INFO - Marking task as SUCCESS. dag_id=medallion_settlement_pipeline, task_id=Silver_Transform.snapshot_product_cost, run_id=manual__2026-09-23T01:46:22.219923+00:00, execution_date=20260923T014622, start_date=20260923T014639, end_date=20260923T014646
[2026-09-23T01:46:47.006+0000] {local_task_job_runner.py:243} INFO - Task exited with return code 0
[2026-09-23T01:46:47.031+0000] {taskinstance.py:3503} INFO - 1 downstream tasks scheduled from follow-on schedule check
[2026-09-23T01:46:47.034+0000] {local_task_job_runner.py:222} INFO - ::endgroup::
