[2026-09-19T20:56:32.178+0000] {local_task_job_runner.py:120} INFO - ::group::Pre task execution logs
[2026-09-19T20:56:32.206+0000] {taskinstance.py:2076} INFO - Dependencies all met for dep_context=non-requeueable deps ti=<TaskInstance: lcbo_pipeline.silver.run_pre_snapshot manual__2026-09-19T20:56:26.339927+00:00 [queued]>
[2026-09-19T20:56:32.213+0000] {taskinstance.py:2076} INFO - Dependencies all met for dep_context=requeueable deps ti=<TaskInstance: lcbo_pipeline.silver.run_pre_snapshot manual__2026-09-19T20:56:26.339927+00:00 [queued]>
[2026-09-19T20:56:32.214+0000] {taskinstance.py:2306} INFO - Starting attempt 1 of 1
[2026-09-19T20:56:32.224+0000] {taskinstance.py:2330} INFO - Executing <Task(BashOperator): silver.run_pre_snapshot> on 2026-09-19 20:56:26.339927+00:00
[2026-09-19T20:56:32.233+0000] {standard_task_runner.py:90} INFO - Running: ['***', 'tasks', 'run', 'lcbo_pipeline', 'silver.run_pre_snapshot', 'manual__2026-09-19T20:56:26.339927+00:00', '--job-id', '79', '--raw', '--subdir', 'DAGS_FOLDER/lcbo_pipeline_dag.py', '--cfg-path', '/tmp/tmpcnf7hly2']
[2026-09-19T20:56:32.235+0000] {standard_task_runner.py:91} INFO - Job 79: Subtask silver.run_pre_snapshot
[2026-09-19T20:56:32.236+0000] {logging_mixin.py:188} WARNING - /home/***/.local/lib/python3.12/site-packages/***/task/task_runner/standard_task_runner.py:62 DeprecationWarning: This process (pid=2737) is multi-threaded, use of fork() may lead to deadlocks in the child.
[2026-09-19T20:56:32.237+0000] {standard_task_runner.py:64} INFO - Started process 2738 to run task
[2026-09-19T20:56:32.272+0000] {task_command.py:426} INFO - Running <TaskInstance: lcbo_pipeline.silver.run_pre_snapshot manual__2026-09-19T20:56:26.339927+00:00 [running]> on host 6cf516ec3c07
[2026-09-19T20:56:32.339+0000] {taskinstance.py:2648} INFO - Exporting env vars: AIRFLOW_CTX_DAG_OWNER='bhavik' AIRFLOW_CTX_DAG_ID='lcbo_pipeline' AIRFLOW_CTX_TASK_ID='silver.run_pre_snapshot' AIRFLOW_CTX_EXECUTION_DATE='2026-09-19T20:56:26.339927+00:00' AIRFLOW_CTX_TRY_NUMBER='1' AIRFLOW_CTX_DAG_RUN_ID='manual__2026-09-19T20:56:26.339927+00:00'
[2026-09-19T20:56:32.340+0000] {taskinstance.py:430} INFO - ::endgroup::
[2026-09-19T20:56:32.351+0000] {subprocess.py:63} INFO - Tmp dir root location: /tmp
[2026-09-19T20:56:32.353+0000] {subprocess.py:75} INFO - Running command: ['/usr/bin/bash', '-c', 'cd /opt/***/dbt_project && dbt run --target docker --select dbt_lcbo_raw dbt_product_cost dbt_lcbo_columns_trans dbt_lcbo_columns_type dbt_lcbo_cleansed_settlement dbt_lcbo_filterout_negative_sales dbt_dim_product_transform']
[2026-09-19T20:56:32.364+0000] {subprocess.py:86} INFO - Output:
[2026-09-19T20:56:34.406+0000] {subprocess.py:93} INFO - [0m20:56:34  Running with dbt=1.12.5
[2026-09-19T20:56:34.702+0000] {subprocess.py:93} INFO - [0m20:56:34  Registered adapter: postgres=1.9.0
[2026-09-19T20:56:35.914+0000] {subprocess.py:93} INFO - [0m20:56:35  Found 14 models, 2 snapshots, 3 sources, 597 macros
[2026-09-19T20:56:35.918+0000] {subprocess.py:93} INFO - [0m20:56:35
[2026-09-19T20:56:35.920+0000] {subprocess.py:93} INFO - [0m20:56:35  Concurrency: 4 threads (target='docker')
[2026-09-19T20:56:35.921+0000] {subprocess.py:93} INFO - [0m20:56:35
[2026-09-19T20:56:36.211+0000] {subprocess.py:93} INFO - [0m20:56:36  1 of 7 START sql table model silver.dbt_lcbo_raw ............................... [RUN]
[2026-09-19T20:56:36.212+0000] {subprocess.py:93} INFO - [0m20:56:36  2 of 7 START sql table model silver.dbt_product_cost ........................... [RUN]
[2026-09-19T20:56:36.433+0000] {subprocess.py:93} INFO - [0m20:56:36  1 of 7 OK created sql table model silver.dbt_lcbo_raw .......................... [[32mSELECT 15[0m in 0.22s]
[2026-09-19T20:56:36.442+0000] {subprocess.py:93} INFO - [0m20:56:36  3 of 7 START sql table model silver.dbt_lcbo_columns_trans ..................... [RUN]
[2026-09-19T20:56:36.531+0000] {subprocess.py:93} INFO - [0m20:56:36  2 of 7 OK created sql table model silver.dbt_product_cost ...................... [[32mSELECT 0[0m in 0.31s]
[2026-09-19T20:56:36.536+0000] {subprocess.py:93} INFO - [0m20:56:36  4 of 7 START sql table model silver.dbt_dim_product_transform .................. [RUN]
[2026-09-19T20:56:36.687+0000] {subprocess.py:93} INFO - [0m20:56:36  3 of 7 OK created sql table model silver.dbt_lcbo_columns_trans ................ [[32mSELECT 15[0m in 0.24s]
[2026-09-19T20:56:36.696+0000] {subprocess.py:93} INFO - [0m20:56:36  5 of 7 START sql table model silver.dbt_lcbo_columns_type ...................... [RUN]
[2026-09-19T20:56:36.700+0000] {subprocess.py:93} INFO - [0m20:56:36  4 of 7 OK created sql table model silver.dbt_dim_product_transform ............. [[32mSELECT 0[0m in 0.16s]
[2026-09-19T20:56:36.823+0000] {subprocess.py:93} INFO - [0m20:56:36  5 of 7 OK created sql table model silver.dbt_lcbo_columns_type ................. [[32mSELECT 15[0m in 0.12s]
[2026-09-19T20:56:36.829+0000] {subprocess.py:93} INFO - [0m20:56:36  6 of 7 START sql table model silver.dbt_lcbo_cleansed_settlement ............... [RUN]
[2026-09-19T20:56:36.830+0000] {subprocess.py:93} INFO - [0m20:56:36  7 of 7 START sql incremental model silver.dbt_lcbo_filterout_negative_sales .... [RUN]
[2026-09-19T20:56:37.057+0000] {subprocess.py:93} INFO - [0m20:56:37  6 of 7 OK created sql table model silver.dbt_lcbo_cleansed_settlement .......... [[32mSELECT 13[0m in 0.22s]
[2026-09-19T20:56:37.072+0000] {subprocess.py:93} INFO - [0m20:56:37  7 of 7 OK created sql incremental model silver.dbt_lcbo_filterout_negative_sales  [[32mMERGE 2[0m in 0.24s]
[2026-09-19T20:56:37.158+0000] {subprocess.py:93} INFO - [0m20:56:37
[2026-09-19T20:56:37.159+0000] {subprocess.py:93} INFO - [0m20:56:37  Finished running 1 incremental model, 6 table models in 0 hours 0 minutes and 1.24 seconds (1.24s).
[2026-09-19T20:56:37.279+0000] {subprocess.py:93} INFO - [0m20:56:37
[2026-09-19T20:56:37.281+0000] {subprocess.py:93} INFO - [0m20:56:37  [32mCompleted successfully[0m
[2026-09-19T20:56:37.282+0000] {subprocess.py:93} INFO - [0m20:56:37
[2026-09-19T20:56:37.284+0000] {subprocess.py:93} INFO - [0m20:56:37  Done. PASS=7 WARN=0 ERROR=0 SKIP=0 NO-OP=0 REUSED=0 TOTAL=7
[2026-09-19T20:56:41.149+0000] {subprocess.py:97} INFO - Command exited with return code 0
[2026-09-19T20:56:41.150+0000] {taskinstance.py:441} INFO - ::group::Post task execution logs
[2026-09-19T20:56:41.171+0000] {taskinstance.py:1206} INFO - Marking task as SUCCESS. dag_id=lcbo_pipeline, task_id=silver.run_pre_snapshot, run_id=manual__2026-09-19T20:56:26.339927+00:00, execution_date=20260919T205626, start_date=20260919T205632, end_date=20260919T205641
[2026-09-19T20:56:41.205+0000] {local_task_job_runner.py:243} INFO - Task exited with return code 0
[2026-09-19T20:56:41.227+0000] {taskinstance.py:3503} INFO - 1 downstream tasks scheduled from follow-on schedule check
[2026-09-19T20:56:41.231+0000] {local_task_job_runner.py:222} INFO - ::endgroup::
