[2026-09-26T19:54:48.775+0000] {local_task_job_runner.py:120} INFO - ::group::Pre task execution logs
[2026-09-26T19:54:48.800+0000] {taskinstance.py:2076} INFO - Dependencies all met for dep_context=non-requeueable deps ti=<TaskInstance: medallion_settlement_pipeline.Silver_Transform.join_settlement_to_cost manual__2026-09-26T19:54:23.114701+00:00 [queued]>
[2026-09-26T19:54:48.807+0000] {taskinstance.py:2076} INFO - Dependencies all met for dep_context=requeueable deps ti=<TaskInstance: medallion_settlement_pipeline.Silver_Transform.join_settlement_to_cost manual__2026-09-26T19:54:23.114701+00:00 [queued]>
[2026-09-26T19:54:48.808+0000] {taskinstance.py:2306} INFO - Starting attempt 1 of 1
[2026-09-26T19:54:48.819+0000] {taskinstance.py:2330} INFO - Executing <Task(BashOperator): Silver_Transform.join_settlement_to_cost> on 2026-09-26 19:54:23.114701+00:00
[2026-09-26T19:54:48.828+0000] {standard_task_runner.py:90} INFO - Running: ['***', 'tasks', 'run', 'medallion_settlement_pipeline', 'Silver_Transform.join_settlement_to_cost', 'manual__2026-09-26T19:54:23.114701+00:00', '--job-id', '228', '--raw', '--subdir', 'DAGS_FOLDER/lcbo_pipeline_dag.py', '--cfg-path', '/tmp/tmpy24bni1j']
[2026-09-26T19:54:48.831+0000] {standard_task_runner.py:91} INFO - Job 228: Subtask Silver_Transform.join_settlement_to_cost
[2026-09-26T19:54:48.831+0000] {logging_mixin.py:188} WARNING - /home/***/.local/lib/python3.12/site-packages/***/task/task_runner/standard_task_runner.py:62 DeprecationWarning: This process (pid=427) is multi-threaded, use of fork() may lead to deadlocks in the child.
[2026-09-26T19:54:48.833+0000] {standard_task_runner.py:64} INFO - Started process 428 to run task
[2026-09-26T19:54:48.868+0000] {task_command.py:426} INFO - Running <TaskInstance: medallion_settlement_pipeline.Silver_Transform.join_settlement_to_cost manual__2026-09-26T19:54:23.114701+00:00 [running]> on host 419d86c5d3f8
[2026-09-26T19:54:48.939+0000] {taskinstance.py:2648} INFO - Exporting env vars: AIRFLOW_CTX_DAG_OWNER='bhavik' AIRFLOW_CTX_DAG_ID='medallion_settlement_pipeline' AIRFLOW_CTX_TASK_ID='Silver_Transform.join_settlement_to_cost' AIRFLOW_CTX_EXECUTION_DATE='2026-09-26T19:54:23.114701+00:00' AIRFLOW_CTX_TRY_NUMBER='1' AIRFLOW_CTX_DAG_RUN_ID='manual__2026-09-26T19:54:23.114701+00:00'
[2026-09-26T19:54:48.941+0000] {taskinstance.py:430} INFO - ::endgroup::
[2026-09-26T19:54:48.953+0000] {subprocess.py:63} INFO - Tmp dir root location: /tmp
[2026-09-26T19:54:48.955+0000] {subprocess.py:75} INFO - Running command: ['/usr/bin/bash', '-c', 'cd /opt/***/dbt_project && dbt run --target docker --select dbt_lcbo_joined_dim_prod_cost']
[2026-09-26T19:54:48.968+0000] {subprocess.py:86} INFO - Output:
[2026-09-26T19:54:50.607+0000] {subprocess.py:93} INFO - [0m19:54:50  Running with dbt=1.12.5
[2026-09-26T19:54:50.847+0000] {subprocess.py:93} INFO - [0m19:54:50  Registered adapter: postgres=1.9.0
[2026-09-26T19:54:52.061+0000] {subprocess.py:93} INFO - [0m19:54:52  Found 14 models, 2 snapshots, 3 sources, 597 macros
[2026-09-26T19:54:52.065+0000] {subprocess.py:93} INFO - [0m19:54:52
[2026-09-26T19:54:52.066+0000] {subprocess.py:93} INFO - [0m19:54:52  Concurrency: 4 threads (target='docker')
[2026-09-26T19:54:52.068+0000] {subprocess.py:93} INFO - [0m19:54:52
[2026-09-26T19:54:52.329+0000] {subprocess.py:93} INFO - [0m19:54:52  1 of 1 START sql table model silver.dbt_lcbo_joined_dim_prod_cost .............. [RUN]
[2026-09-26T19:54:52.526+0000] {subprocess.py:93} INFO - [0m19:54:52  1 of 1 OK created sql table model silver.dbt_lcbo_joined_dim_prod_cost ......... [[32mSELECT 15[0m in 0.19s]
[2026-09-26T19:54:52.697+0000] {subprocess.py:93} INFO - [0m19:54:52
[2026-09-26T19:54:52.699+0000] {subprocess.py:93} INFO - [0m19:54:52  Finished running 1 table model in 0 hours 0 minutes and 0.63 seconds (0.63s).
[2026-09-26T19:54:52.907+0000] {subprocess.py:93} INFO - [0m19:54:52
[2026-09-26T19:54:52.909+0000] {subprocess.py:93} INFO - [0m19:54:52  [32mCompleted successfully[0m
[2026-09-26T19:54:52.910+0000] {subprocess.py:93} INFO - [0m19:54:52
[2026-09-26T19:54:52.912+0000] {subprocess.py:93} INFO - [0m19:54:52  Done. PASS=1 WARN=0 ERROR=0 SKIP=0 NO-OP=0 REUSED=0 TOTAL=1
[2026-09-26T19:54:56.817+0000] {subprocess.py:97} INFO - Command exited with return code 0
[2026-09-26T19:54:56.819+0000] {taskinstance.py:441} INFO - ::group::Post task execution logs
[2026-09-26T19:54:56.844+0000] {taskinstance.py:1206} INFO - Marking task as SUCCESS. dag_id=medallion_settlement_pipeline, task_id=Silver_Transform.join_settlement_to_cost, run_id=manual__2026-09-26T19:54:23.114701+00:00, execution_date=20260926T195423, start_date=20260926T195448, end_date=20260926T195456
[2026-09-26T19:54:56.874+0000] {local_task_job_runner.py:243} INFO - Task exited with return code 0
[2026-09-26T19:54:56.901+0000] {taskinstance.py:3503} INFO - 1 downstream tasks scheduled from follow-on schedule check
[2026-09-26T19:54:56.904+0000] {local_task_job_runner.py:222} INFO - ::endgroup::
