[2026-09-25T02:21:01.819+0000] {local_task_job_runner.py:120} INFO - ::group::Pre task execution logs
[2026-09-25T02:21:01.847+0000] {taskinstance.py:2076} INFO - Dependencies all met for dep_context=non-requeueable deps ti=<TaskInstance: medallion_settlement_pipeline.Gold_Star_Schema.build_dims_and_fact manual__2026-09-25T02:20:19.355561+00:00 [queued]>
[2026-09-25T02:21:01.857+0000] {taskinstance.py:2076} INFO - Dependencies all met for dep_context=requeueable deps ti=<TaskInstance: medallion_settlement_pipeline.Gold_Star_Schema.build_dims_and_fact manual__2026-09-25T02:20:19.355561+00:00 [queued]>
[2026-09-25T02:21:01.858+0000] {taskinstance.py:2306} INFO - Starting attempt 1 of 1
[2026-09-25T02:21:01.871+0000] {taskinstance.py:2330} INFO - Executing <Task(BashOperator): Gold_Star_Schema.build_dims_and_fact> on 2026-09-25 02:20:19.355561+00:00
[2026-09-25T02:21:01.880+0000] {standard_task_runner.py:90} INFO - Running: ['***', 'tasks', 'run', 'medallion_settlement_pipeline', 'Gold_Star_Schema.build_dims_and_fact', 'manual__2026-09-25T02:20:19.355561+00:00', '--job-id', '221', '--raw', '--subdir', 'DAGS_FOLDER/lcbo_pipeline_dag.py', '--cfg-path', '/tmp/tmpz4fq6_hc']
[2026-09-25T02:21:01.883+0000] {standard_task_runner.py:91} INFO - Job 221: Subtask Gold_Star_Schema.build_dims_and_fact
[2026-09-25T02:21:01.883+0000] {logging_mixin.py:188} WARNING - /home/***/.local/lib/python3.12/site-packages/***/task/task_runner/standard_task_runner.py:62 DeprecationWarning: This process (pid=1490) is multi-threaded, use of fork() may lead to deadlocks in the child.
[2026-09-25T02:21:01.884+0000] {standard_task_runner.py:64} INFO - Started process 1491 to run task
[2026-09-25T02:21:01.919+0000] {task_command.py:426} INFO - Running <TaskInstance: medallion_settlement_pipeline.Gold_Star_Schema.build_dims_and_fact manual__2026-09-25T02:20:19.355561+00:00 [running]> on host 275ddd85eb37
[2026-09-25T02:21:01.990+0000] {taskinstance.py:2648} INFO - Exporting env vars: AIRFLOW_CTX_DAG_OWNER='bhavik' AIRFLOW_CTX_DAG_ID='medallion_settlement_pipeline' AIRFLOW_CTX_TASK_ID='Gold_Star_Schema.build_dims_and_fact' AIRFLOW_CTX_EXECUTION_DATE='2026-09-25T02:20:19.355561+00:00' AIRFLOW_CTX_TRY_NUMBER='1' AIRFLOW_CTX_DAG_RUN_ID='manual__2026-09-25T02:20:19.355561+00:00'
[2026-09-25T02:21:01.991+0000] {taskinstance.py:430} INFO - ::endgroup::
[2026-09-25T02:21:02.002+0000] {subprocess.py:63} INFO - Tmp dir root location: /tmp
[2026-09-25T02:21:02.004+0000] {subprocess.py:75} INFO - Running command: ['/usr/bin/bash', '-c', 'cd /opt/***/dbt_project && dbt run --target docker --select gold_dim_date gold_dim_product_cost gold_dim_product_info gold_dim_store dbt_lcbo_fact_table gold_fact_table']
[2026-09-25T02:21:02.016+0000] {subprocess.py:86} INFO - Output:
[2026-09-25T02:21:03.576+0000] {subprocess.py:93} INFO - [0m02:21:03  Running with dbt=1.12.5
[2026-09-25T02:21:03.815+0000] {subprocess.py:93} INFO - [0m02:21:03  Registered adapter: postgres=1.9.0
[2026-09-25T02:21:04.942+0000] {subprocess.py:93} INFO - [0m02:21:04  Found 14 models, 2 snapshots, 3 sources, 597 macros
[2026-09-25T02:21:04.946+0000] {subprocess.py:93} INFO - [0m02:21:04
[2026-09-25T02:21:04.948+0000] {subprocess.py:93} INFO - [0m02:21:04  Concurrency: 4 threads (target='docker')
[2026-09-25T02:21:04.949+0000] {subprocess.py:93} INFO - [0m02:21:04
[2026-09-25T02:21:05.335+0000] {subprocess.py:93} INFO - [0m02:21:05  1 of 6 START sql table model gold.gold_dim_date ................................ [RUN]
[2026-09-25T02:21:05.337+0000] {subprocess.py:93} INFO - [0m02:21:05  2 of 6 START sql table model gold.gold_dim_product_cost ........................ [RUN]
[2026-09-25T02:21:05.338+0000] {subprocess.py:93} INFO - [0m02:21:05  3 of 6 START sql table model gold.gold_dim_product_info ........................ [RUN]
[2026-09-25T02:21:05.339+0000] {subprocess.py:93} INFO - [0m02:21:05  4 of 6 START sql table model gold.gold_dim_store ............................... [RUN]
[2026-09-25T02:21:05.741+0000] {subprocess.py:93} INFO - [0m02:21:05  1 of 6 OK created sql table model gold.gold_dim_date ........................... [[32mSELECT 3653[0m in 0.39s]
[2026-09-25T02:21:05.743+0000] {subprocess.py:93} INFO - [0m02:21:05  4 of 6 OK created sql table model gold.gold_dim_store .......................... [[32mSELECT 5[0m in 0.39s]
[2026-09-25T02:21:05.758+0000] {subprocess.py:93} INFO - [0m02:21:05  2 of 6 OK created sql table model gold.gold_dim_product_cost ................... [[32mSELECT 9[0m in 0.41s]
[2026-09-25T02:21:05.767+0000] {subprocess.py:93} INFO - [0m02:21:05  3 of 6 OK created sql table model gold.gold_dim_product_info ................... [[32mSELECT 21[0m in 0.42s]
[2026-09-25T02:21:05.773+0000] {subprocess.py:93} INFO - [0m02:21:05  5 of 6 START sql table model silver.dbt_lcbo_fact_table ........................ [RUN]
[2026-09-25T02:21:06.014+0000] {subprocess.py:93} INFO - [0m02:21:06  5 of 6 OK created sql table model silver.dbt_lcbo_fact_table ................... [[32mSELECT 9[0m in 0.24s]
[2026-09-25T02:21:06.019+0000] {subprocess.py:93} INFO - [0m02:21:06  6 of 6 START sql incremental model gold.gold_fact_table ........................ [RUN]
[2026-09-25T02:21:06.228+0000] {subprocess.py:93} INFO - [0m02:21:06  6 of 6 OK created sql incremental model gold.gold_fact_table ................... [[32mMERGE 9[0m in 0.21s]
[2026-09-25T02:21:06.295+0000] {subprocess.py:93} INFO - [0m02:21:06
[2026-09-25T02:21:06.297+0000] {subprocess.py:93} INFO - [0m02:21:06  Finished running 1 incremental model, 5 table models in 0 hours 0 minutes and 1.34 seconds (1.34s).
[2026-09-25T02:21:06.414+0000] {subprocess.py:93} INFO - [0m02:21:06
[2026-09-25T02:21:06.416+0000] {subprocess.py:93} INFO - [0m02:21:06  [32mCompleted successfully[0m
[2026-09-25T02:21:06.417+0000] {subprocess.py:93} INFO - [0m02:21:06
[2026-09-25T02:21:06.419+0000] {subprocess.py:93} INFO - [0m02:21:06  Done. PASS=6 WARN=0 ERROR=0 SKIP=0 NO-OP=0 REUSED=0 TOTAL=6
[2026-09-25T02:21:10.151+0000] {subprocess.py:97} INFO - Command exited with return code 0
[2026-09-25T02:21:10.152+0000] {taskinstance.py:441} INFO - ::group::Post task execution logs
[2026-09-25T02:21:10.172+0000] {taskinstance.py:1206} INFO - Marking task as SUCCESS. dag_id=medallion_settlement_pipeline, task_id=Gold_Star_Schema.build_dims_and_fact, run_id=manual__2026-09-25T02:20:19.355561+00:00, execution_date=20260925T022019, start_date=20260925T022101, end_date=20260925T022110
[2026-09-25T02:21:10.205+0000] {local_task_job_runner.py:243} INFO - Task exited with return code 0
[2026-09-25T02:21:10.222+0000] {taskinstance.py:3503} INFO - 0 downstream tasks scheduled from follow-on schedule check
[2026-09-25T02:21:10.225+0000] {local_task_job_runner.py:222} INFO - ::endgroup::
