[2026-09-17T03:02:02.334+0000] {local_task_job_runner.py:120} INFO - ::group::Pre task execution logs
[2026-09-17T03:02:02.360+0000] {taskinstance.py:2076} INFO - Dependencies all met for dep_context=non-requeueable deps ti=<TaskInstance: lcbo_pipeline.silver.snapshot_product manual__2026-09-17T03:01:27.755222+00:00 [queued]>
[2026-09-17T03:02:02.367+0000] {taskinstance.py:2076} INFO - Dependencies all met for dep_context=requeueable deps ti=<TaskInstance: lcbo_pipeline.silver.snapshot_product manual__2026-09-17T03:01:27.755222+00:00 [queued]>
[2026-09-17T03:02:02.368+0000] {taskinstance.py:2306} INFO - Starting attempt 1 of 1
[2026-09-17T03:02:02.378+0000] {taskinstance.py:2330} INFO - Executing <Task(BashOperator): silver.snapshot_product> on 2026-09-17 03:01:27.755222+00:00
[2026-09-17T03:02:02.387+0000] {standard_task_runner.py:90} INFO - Running: ['***', 'tasks', 'run', 'lcbo_pipeline', 'silver.snapshot_product', 'manual__2026-09-17T03:01:27.755222+00:00', '--job-id', '32', '--raw', '--subdir', 'DAGS_FOLDER/lcbo_pipeline_dag.py', '--cfg-path', '/tmp/tmpjhq4kw38']
[2026-09-17T03:02:02.388+0000] {logging_mixin.py:188} WARNING - /home/***/.local/lib/python3.12/site-packages/***/task/task_runner/standard_task_runner.py:62 DeprecationWarning: This process (pid=829) is multi-threaded, use of fork() may lead to deadlocks in the child.
[2026-09-17T03:02:02.389+0000] {standard_task_runner.py:91} INFO - Job 32: Subtask silver.snapshot_product
[2026-09-17T03:02:02.390+0000] {standard_task_runner.py:64} INFO - Started process 830 to run task
[2026-09-17T03:02:02.424+0000] {task_command.py:426} INFO - Running <TaskInstance: lcbo_pipeline.silver.snapshot_product manual__2026-09-17T03:01:27.755222+00:00 [running]> on host 22e18d633ed2
[2026-09-17T03:02:02.492+0000] {taskinstance.py:2648} INFO - Exporting env vars: AIRFLOW_CTX_DAG_OWNER='bhavik' AIRFLOW_CTX_DAG_ID='lcbo_pipeline' AIRFLOW_CTX_TASK_ID='silver.snapshot_product' AIRFLOW_CTX_EXECUTION_DATE='2026-09-17T03:01:27.755222+00:00' AIRFLOW_CTX_TRY_NUMBER='1' AIRFLOW_CTX_DAG_RUN_ID='manual__2026-09-17T03:01:27.755222+00:00'
[2026-09-17T03:02:02.493+0000] {taskinstance.py:430} INFO - ::endgroup::
[2026-09-17T03:02:02.503+0000] {subprocess.py:63} INFO - Tmp dir root location: /tmp
[2026-09-17T03:02:02.505+0000] {subprocess.py:75} INFO - Running command: ['/usr/bin/bash', '-c', 'cd /opt/***/dbt_project && dbt snapshot --target docker --select dim_product']
[2026-09-17T03:02:02.517+0000] {subprocess.py:86} INFO - Output:
[2026-09-17T03:02:04.038+0000] {subprocess.py:93} INFO - [0m03:02:04  Running with dbt=1.12.5
[2026-09-17T03:02:04.267+0000] {subprocess.py:93} INFO - [0m03:02:04  Registered adapter: postgres=1.9.0
[2026-09-17T03:02:05.406+0000] {subprocess.py:93} INFO - [0m03:02:05  Found 14 models, 2 snapshots, 3 sources, 597 macros
[2026-09-17T03:02:05.410+0000] {subprocess.py:93} INFO - [0m03:02:05  [[33mWARNING[0m]: The selection criterion 'dim_product' does not match any enabled nodes
[2026-09-17T03:02:05.412+0000] {subprocess.py:93} INFO - [0m03:02:05  [[33mWARNING[0m]: Nothing to do. Try checking your model configs and model specification args
[2026-09-17T03:02:09.391+0000] {subprocess.py:97} INFO - Command exited with return code 0
[2026-09-17T03:02:09.393+0000] {taskinstance.py:441} INFO - ::group::Post task execution logs
[2026-09-17T03:02:09.416+0000] {taskinstance.py:1206} INFO - Marking task as SUCCESS. dag_id=lcbo_pipeline, task_id=silver.snapshot_product, run_id=manual__2026-09-17T03:01:27.755222+00:00, execution_date=20260917T030127, start_date=20260917T030202, end_date=20260917T030209
[2026-09-17T03:02:09.467+0000] {local_task_job_runner.py:243} INFO - Task exited with return code 0
[2026-09-17T03:02:09.483+0000] {taskinstance.py:3503} INFO - 1 downstream tasks scheduled from follow-on schedule check
[2026-09-17T03:02:09.486+0000] {local_task_job_runner.py:222} INFO - ::endgroup::
