[2026-09-17T02:27:44.370+0000] {local_task_job_runner.py:120} INFO - ::group::Pre task execution logs
[2026-09-17T02:27:44.395+0000] {taskinstance.py:2076} INFO - Dependencies all met for dep_context=non-requeueable deps ti=<TaskInstance: lcbo_pipeline.silver.run_pre_snapshot manual__2026-09-17T02:27:37.468137+00:00 [queued]>
[2026-09-17T02:27:44.403+0000] {taskinstance.py:2076} INFO - Dependencies all met for dep_context=requeueable deps ti=<TaskInstance: lcbo_pipeline.silver.run_pre_snapshot manual__2026-09-17T02:27:37.468137+00:00 [queued]>
[2026-09-17T02:27:44.405+0000] {taskinstance.py:2306} INFO - Starting attempt 1 of 1
[2026-09-17T02:27:44.415+0000] {taskinstance.py:2330} INFO - Executing <Task(BashOperator): silver.run_pre_snapshot> on 2026-09-17 02:27:37.468137+00:00
[2026-09-17T02:27:44.424+0000] {standard_task_runner.py:90} INFO - Running: ['***', 'tasks', 'run', 'lcbo_pipeline', 'silver.run_pre_snapshot', 'manual__2026-09-17T02:27:37.468137+00:00', '--job-id', '16', '--raw', '--subdir', 'DAGS_FOLDER/lcbo_pipeline_dag.py', '--cfg-path', '/tmp/tmpkgwbo9zh']
[2026-09-17T02:27:44.426+0000] {logging_mixin.py:188} WARNING - /home/***/.local/lib/python3.12/site-packages/***/task/task_runner/standard_task_runner.py:62 DeprecationWarning: This process (pid=539) is multi-threaded, use of fork() may lead to deadlocks in the child.
[2026-09-17T02:27:44.427+0000] {standard_task_runner.py:91} INFO - Job 16: Subtask silver.run_pre_snapshot
[2026-09-17T02:27:44.427+0000] {standard_task_runner.py:64} INFO - Started process 540 to run task
[2026-09-17T02:27:44.462+0000] {task_command.py:426} INFO - Running <TaskInstance: lcbo_pipeline.silver.run_pre_snapshot manual__2026-09-17T02:27:37.468137+00:00 [running]> on host c97299dbefe3
[2026-09-17T02:27:44.524+0000] {taskinstance.py:2648} INFO - Exporting env vars: AIRFLOW_CTX_DAG_OWNER='bhavik' AIRFLOW_CTX_DAG_ID='lcbo_pipeline' AIRFLOW_CTX_TASK_ID='silver.run_pre_snapshot' AIRFLOW_CTX_EXECUTION_DATE='2026-09-17T02:27:37.468137+00:00' AIRFLOW_CTX_TRY_NUMBER='1' AIRFLOW_CTX_DAG_RUN_ID='manual__2026-09-17T02:27:37.468137+00:00'
[2026-09-17T02:27:44.525+0000] {taskinstance.py:430} INFO - ::endgroup::
[2026-09-17T02:27:44.535+0000] {subprocess.py:63} INFO - Tmp dir root location: /tmp
[2026-09-17T02:27:44.537+0000] {subprocess.py:75} INFO - Running command: ['/usr/bin/bash', '-c', 'cd /opt/***/dbt_project && dbt run --select dbt_lcbo_raw dbt_product_cost dbt_lcbo_columns_trans dbt_lcbo_columns_type dbt_lcbo_cleansed_settlement dbt_lcbo_filterout_negative_sales dbt_dim_product_transform']
[2026-09-17T02:27:44.550+0000] {subprocess.py:86} INFO - Output:
[2026-09-17T02:27:46.844+0000] {subprocess.py:93} INFO - [0m02:27:46  Running with dbt=1.12.5
[2026-09-17T02:27:47.210+0000] {subprocess.py:93} INFO - [0m02:27:47  Registered adapter: postgres=1.9.0
[2026-09-17T02:27:47.426+0000] {subprocess.py:93} INFO - [0m02:27:47  Unable to do partial parsing because of a version mismatch
[2026-09-17T02:27:49.585+0000] {subprocess.py:93} INFO - [0m02:27:49  Found 14 models, 2 snapshots, 3 sources, 597 macros
[2026-09-17T02:27:49.589+0000] {subprocess.py:93} INFO - [0m02:27:49
[2026-09-17T02:27:49.591+0000] {subprocess.py:93} INFO - [0m02:27:49  Concurrency: 4 threads (target='dev')
[2026-09-17T02:27:49.592+0000] {subprocess.py:93} INFO - [0m02:27:49
[2026-09-17T02:27:49.648+0000] {subprocess.py:93} INFO - [0m02:27:49
[2026-09-17T02:27:49.650+0000] {subprocess.py:93} INFO - [0m02:27:49  Finished running  in 0 hours 0 minutes and 0.06 seconds (0.06s).
[2026-09-17T02:27:49.651+0000] {subprocess.py:93} INFO - [0m02:27:49  [[31mERROR[0m]: Encountered an error:
[2026-09-17T02:27:49.652+0000] {subprocess.py:93} INFO - Database Error
[2026-09-17T02:27:49.652+0000] {subprocess.py:93} INFO -   connection to server at "localhost" (::1), port 5432 failed: Connection refused
[2026-09-17T02:27:49.653+0000] {subprocess.py:93} INFO -   	Is the server running on that host and accepting TCP/IP connections?
[2026-09-17T02:27:49.654+0000] {subprocess.py:93} INFO -   connection to server at "localhost" (127.0.0.1), port 5432 failed: Connection refused
[2026-09-17T02:27:49.655+0000] {subprocess.py:93} INFO -   	Is the server running on that host and accepting TCP/IP connections?
[2026-09-17T02:27:49.655+0000] {subprocess.py:93} INFO - 
[2026-09-17T02:27:53.532+0000] {subprocess.py:97} INFO - Command exited with return code 2
[2026-09-17T02:27:53.534+0000] {taskinstance.py:441} INFO - ::group::Post task execution logs
[2026-09-17T02:27:53.542+0000] {taskinstance.py:2905} ERROR - Task failed with exception
Traceback (most recent call last):
  File "/home/airflow/.local/lib/python3.12/site-packages/airflow/models/taskinstance.py", line 465, in _execute_task
    result = _execute_callable(context=context, **execute_callable_kwargs)
             ^^^^^^^^^^^^^^^^^^^^^^^^^^^^^^^^^^^^^^^^^^^^^^^^^^^^^^^^^^^^^
  File "/home/airflow/.local/lib/python3.12/site-packages/airflow/models/taskinstance.py", line 432, in _execute_callable
    return execute_callable(context=context, **execute_callable_kwargs)
           ^^^^^^^^^^^^^^^^^^^^^^^^^^^^^^^^^^^^^^^^^^^^^^^^^^^^^^^^^^^^
  File "/home/airflow/.local/lib/python3.12/site-packages/airflow/models/baseoperator.py", line 401, in wrapper
    return func(self, *args, **kwargs)
           ^^^^^^^^^^^^^^^^^^^^^^^^^^^
  File "/home/airflow/.local/lib/python3.12/site-packages/airflow/operators/bash.py", line 243, in execute
    raise AirflowException(
airflow.exceptions.AirflowException: Bash command failed. The command returned a non-zero exit code 2.
[2026-09-17T02:27:53.548+0000] {taskinstance.py:1206} INFO - Marking task as FAILED. dag_id=lcbo_pipeline, task_id=silver.run_pre_snapshot, run_id=manual__2026-09-17T02:27:37.468137+00:00, execution_date=20260917T022737, start_date=20260917T022744, end_date=20260917T022753
[2026-09-17T02:27:53.560+0000] {standard_task_runner.py:110} ERROR - Failed to execute job 16 for task silver.run_pre_snapshot (Bash command failed. The command returned a non-zero exit code 2.; 540)
[2026-09-17T02:27:53.590+0000] {local_task_job_runner.py:243} INFO - Task exited with return code 1
[2026-09-17T02:27:53.610+0000] {taskinstance.py:3503} INFO - 0 downstream tasks scheduled from follow-on schedule check
[2026-09-17T02:27:53.615+0000] {local_task_job_runner.py:222} INFO - ::endgroup::
