[2026-09-22T02:21:07.677+0000] {local_task_job_runner.py:120} INFO - ::group::Pre task execution logs
[2026-09-22T02:21:07.702+0000] {taskinstance.py:2076} INFO - Dependencies all met for dep_context=non-requeueable deps ti=<TaskInstance: lcbo_pipeline.bronze.product_cost manual__2026-09-22T02:21:03.584781+00:00 [queued]>
[2026-09-22T02:21:07.708+0000] {taskinstance.py:2076} INFO - Dependencies all met for dep_context=requeueable deps ti=<TaskInstance: lcbo_pipeline.bronze.product_cost manual__2026-09-22T02:21:03.584781+00:00 [queued]>
[2026-09-22T02:21:07.710+0000] {taskinstance.py:2306} INFO - Starting attempt 1 of 1
[2026-09-22T02:21:07.719+0000] {taskinstance.py:2330} INFO - Executing <Task(BashOperator): bronze.product_cost> on 2026-09-22 02:21:03.584781+00:00
[2026-09-22T02:21:07.729+0000] {standard_task_runner.py:90} INFO - Running: ['***', 'tasks', 'run', 'lcbo_pipeline', 'bronze.product_cost', 'manual__2026-09-22T02:21:03.584781+00:00', '--job-id', '127', '--raw', '--subdir', 'DAGS_FOLDER/lcbo_pipeline_dag.py', '--cfg-path', '/tmp/tmpbekzrtmv']
[2026-09-22T02:21:07.731+0000] {logging_mixin.py:188} WARNING - /home/***/.local/lib/python3.12/site-packages/***/task/task_runner/standard_task_runner.py:62 DeprecationWarning: This process (pid=2200) is multi-threaded, use of fork() may lead to deadlocks in the child.
[2026-09-22T02:21:07.732+0000] {standard_task_runner.py:91} INFO - Job 127: Subtask bronze.product_cost
[2026-09-22T02:21:07.732+0000] {standard_task_runner.py:64} INFO - Started process 2201 to run task
[2026-09-22T02:21:07.768+0000] {task_command.py:426} INFO - Running <TaskInstance: lcbo_pipeline.bronze.product_cost manual__2026-09-22T02:21:03.584781+00:00 [running]> on host d8c458fd86ee
[2026-09-22T02:21:07.844+0000] {taskinstance.py:2648} INFO - Exporting env vars: AIRFLOW_CTX_DAG_OWNER='bhavik' AIRFLOW_CTX_DAG_ID='lcbo_pipeline' AIRFLOW_CTX_TASK_ID='bronze.product_cost' AIRFLOW_CTX_EXECUTION_DATE='2026-09-22T02:21:03.584781+00:00' AIRFLOW_CTX_TRY_NUMBER='1' AIRFLOW_CTX_DAG_RUN_ID='manual__2026-09-22T02:21:03.584781+00:00'
[2026-09-22T02:21:07.845+0000] {taskinstance.py:430} INFO - ::endgroup::
[2026-09-22T02:21:07.856+0000] {subprocess.py:63} INFO - Tmp dir root location: /tmp
[2026-09-22T02:21:07.858+0000] {subprocess.py:75} INFO - Running command: ['/usr/bin/bash', '-c', 'python /opt/***/etl_scripts/bronze_product_cost.py']
[2026-09-22T02:21:07.873+0000] {subprocess.py:86} INFO - Output:
[2026-09-22T02:21:08.561+0000] {subprocess.py:93} INFO - 2026-09-22 02:21:08,561 - INFO - Successfully connected to Postgres
[2026-09-22T02:21:08.562+0000] {subprocess.py:93} INFO - 2026-09-22 02:21:08,561 - INFO - Connected to Postgres database successfully.
[2026-09-22T02:21:08.566+0000] {subprocess.py:93} INFO - 2026-09-22 02:21:08,566 - INFO - Product cost data read successfully from /opt/***/source_files/Master Product Cost/dim_product_cost.csv.
[2026-09-22T02:21:08.573+0000] {subprocess.py:93} INFO - 2026-09-22 02:21:08,573 - INFO - Table dim_product_cost truncated successfully.
[2026-09-22T02:21:08.577+0000] {subprocess.py:93} INFO - 2026-09-22 02:21:08,577 - INFO - total records inserted: 9 into bronze.dim_product_cost
[2026-09-22T02:21:08.578+0000] {subprocess.py:93} INFO - 2026-09-22 02:21:08,577 - INFO - Inserted 9 rows into bronze.dim_product_cost table.
[2026-09-22T02:21:08.579+0000] {subprocess.py:93} INFO - 2026-09-22 02:21:08,577 - INFO - All chunks processed successfully.
[2026-09-22T02:21:08.579+0000] {subprocess.py:93} INFO - 2026-09-22 02:21:08,577 - INFO - Postgres connection closed.
[2026-09-22T02:21:08.648+0000] {subprocess.py:97} INFO - Command exited with return code 0
[2026-09-22T02:21:08.650+0000] {taskinstance.py:441} INFO - ::group::Post task execution logs
[2026-09-22T02:21:08.672+0000] {taskinstance.py:1206} INFO - Marking task as SUCCESS. dag_id=lcbo_pipeline, task_id=bronze.product_cost, run_id=manual__2026-09-22T02:21:03.584781+00:00, execution_date=20260922T022103, start_date=20260922T022107, end_date=20260922T022108
[2026-09-22T02:21:08.711+0000] {local_task_job_runner.py:243} INFO - Task exited with return code 0
[2026-09-22T02:21:08.734+0000] {taskinstance.py:3503} INFO - 1 downstream tasks scheduled from follow-on schedule check
[2026-09-22T02:21:08.736+0000] {local_task_job_runner.py:222} INFO - ::endgroup::
