[2026-09-22T01:49:21.009+0000] {local_task_job_runner.py:120} INFO - ::group::Pre task execution logs
[2026-09-22T01:49:21.034+0000] {taskinstance.py:2076} INFO - Dependencies all met for dep_context=non-requeueable deps ti=<TaskInstance: lcbo_pipeline.bronze.lcbo_raw manual__2026-09-22T01:49:18.135010+00:00 [queued]>
[2026-09-22T01:49:21.041+0000] {taskinstance.py:2076} INFO - Dependencies all met for dep_context=requeueable deps ti=<TaskInstance: lcbo_pipeline.bronze.lcbo_raw manual__2026-09-22T01:49:18.135010+00:00 [queued]>
[2026-09-22T01:49:21.042+0000] {taskinstance.py:2306} INFO - Starting attempt 1 of 1
[2026-09-22T01:49:21.051+0000] {taskinstance.py:2330} INFO - Executing <Task(BashOperator): bronze.lcbo_raw> on 2026-09-22 01:49:18.135010+00:00
[2026-09-22T01:49:21.060+0000] {standard_task_runner.py:90} INFO - Running: ['***', 'tasks', 'run', 'lcbo_pipeline', 'bronze.lcbo_raw', 'manual__2026-09-22T01:49:18.135010+00:00', '--job-id', '110', '--raw', '--subdir', 'DAGS_FOLDER/lcbo_pipeline_dag.py', '--cfg-path', '/tmp/tmp1v922gq8']
[2026-09-22T01:49:21.062+0000] {logging_mixin.py:188} WARNING - /home/***/.local/lib/python3.12/site-packages/***/task/task_runner/standard_task_runner.py:62 DeprecationWarning: This process (pid=1231) is multi-threaded, use of fork() may lead to deadlocks in the child.
[2026-09-22T01:49:21.062+0000] {standard_task_runner.py:91} INFO - Job 110: Subtask bronze.lcbo_raw
[2026-09-22T01:49:21.063+0000] {standard_task_runner.py:64} INFO - Started process 1232 to run task
[2026-09-22T01:49:21.097+0000] {task_command.py:426} INFO - Running <TaskInstance: lcbo_pipeline.bronze.lcbo_raw manual__2026-09-22T01:49:18.135010+00:00 [running]> on host d8c458fd86ee
[2026-09-22T01:49:21.163+0000] {taskinstance.py:2648} INFO - Exporting env vars: AIRFLOW_CTX_DAG_OWNER='bhavik' AIRFLOW_CTX_DAG_ID='lcbo_pipeline' AIRFLOW_CTX_TASK_ID='bronze.lcbo_raw' AIRFLOW_CTX_EXECUTION_DATE='2026-09-22T01:49:18.135010+00:00' AIRFLOW_CTX_TRY_NUMBER='1' AIRFLOW_CTX_DAG_RUN_ID='manual__2026-09-22T01:49:18.135010+00:00'
[2026-09-22T01:49:21.164+0000] {taskinstance.py:430} INFO - ::endgroup::
[2026-09-22T01:49:21.174+0000] {subprocess.py:63} INFO - Tmp dir root location: /tmp
[2026-09-22T01:49:21.176+0000] {subprocess.py:75} INFO - Running command: ['/usr/bin/bash', '-c', 'python /opt/***/etl_scripts/bronze_lcbo_raw.py']
[2026-09-22T01:49:21.187+0000] {subprocess.py:86} INFO - Output:
[2026-09-22T01:49:22.136+0000] {subprocess.py:93} INFO - 2026-09-22 01:49:22,135 - INFO - Successfully connected to Postgres
[2026-09-22T01:49:22.137+0000] {subprocess.py:93} INFO - 2026-09-22 01:49:22,136 - INFO - Successfully connected to Postgres
[2026-09-22T01:49:22.137+0000] {subprocess.py:93} INFO - 2026-09-22 01:49:22,136 - INFO - LoadingData_ToPostgres class initialized successfully.
[2026-09-22T01:49:22.139+0000] {subprocess.py:93} INFO - 2026-09-22 01:49:22,139 - INFO - Processing file: lcbo_settlement_20260921.csv with batch ID: 2 and file hash: af39c23f16c3f17ab2bef72b9511584e34b2e433b0a9f8a75379a26fd8d50c27
[2026-09-22T01:49:22.140+0000] {subprocess.py:93} INFO - 2026-09-22 01:49:22,139 - INFO - Found file: /opt/***/source_files/lcbo_settlement_20260921.csv
[2026-09-22T01:49:22.150+0000] {subprocess.py:93} INFO - 2026-09-22 01:49:22,150 - INFO - Inserted batch of size 14 into Postgres.
[2026-09-22T01:49:22.151+0000] {subprocess.py:93} INFO - 2026-09-22 01:49:22,151 - INFO - File processed successfully.
[2026-09-22T01:49:22.152+0000] {subprocess.py:93} INFO - 2026-09-22 01:49:22,152 - INFO - Postgres connection closed.
[2026-09-22T01:49:22.233+0000] {subprocess.py:97} INFO - Command exited with return code 0
[2026-09-22T01:49:22.234+0000] {taskinstance.py:441} INFO - ::group::Post task execution logs
[2026-09-22T01:49:22.252+0000] {taskinstance.py:1206} INFO - Marking task as SUCCESS. dag_id=lcbo_pipeline, task_id=bronze.lcbo_raw, run_id=manual__2026-09-22T01:49:18.135010+00:00, execution_date=20260922T014918, start_date=20260922T014921, end_date=20260922T014922
[2026-09-22T01:49:22.282+0000] {local_task_job_runner.py:243} INFO - Task exited with return code 0
[2026-09-22T01:49:22.302+0000] {taskinstance.py:3503} INFO - 1 downstream tasks scheduled from follow-on schedule check
[2026-09-22T01:49:22.305+0000] {local_task_job_runner.py:222} INFO - ::endgroup::
