[2026-09-19T20:38:52.006+0000] {local_task_job_runner.py:120} INFO - ::group::Pre task execution logs
[2026-09-19T20:38:52.036+0000] {taskinstance.py:2076} INFO - Dependencies all met for dep_context=non-requeueable deps ti=<TaskInstance: lcbo_pipeline.gold.run_gold manual__2026-09-19T20:38:08.895375+00:00 [queued]>
[2026-09-19T20:38:52.043+0000] {taskinstance.py:2076} INFO - Dependencies all met for dep_context=requeueable deps ti=<TaskInstance: lcbo_pipeline.gold.run_gold manual__2026-09-19T20:38:08.895375+00:00 [queued]>
[2026-09-19T20:38:52.045+0000] {taskinstance.py:2306} INFO - Starting attempt 1 of 1
[2026-09-19T20:38:52.057+0000] {taskinstance.py:2330} INFO - Executing <Task(BashOperator): gold.run_gold> on 2026-09-19 20:38:08.895375+00:00
[2026-09-19T20:38:52.069+0000] {standard_task_runner.py:90} INFO - Running: ['***', 'tasks', 'run', 'lcbo_pipeline', 'gold.run_gold', 'manual__2026-09-19T20:38:08.895375+00:00', '--job-id', '75', '--raw', '--subdir', 'DAGS_FOLDER/lcbo_pipeline_dag.py', '--cfg-path', '/tmp/tmp_k5qltid']
[2026-09-19T20:38:52.073+0000] {standard_task_runner.py:91} INFO - Job 75: Subtask gold.run_gold
[2026-09-19T20:38:52.073+0000] {logging_mixin.py:188} WARNING - /home/***/.local/lib/python3.12/site-packages/***/task/task_runner/standard_task_runner.py:62 DeprecationWarning: This process (pid=2287) is multi-threaded, use of fork() may lead to deadlocks in the child.
[2026-09-19T20:38:52.075+0000] {standard_task_runner.py:64} INFO - Started process 2288 to run task
[2026-09-19T20:38:52.119+0000] {task_command.py:426} INFO - Running <TaskInstance: lcbo_pipeline.gold.run_gold manual__2026-09-19T20:38:08.895375+00:00 [running]> on host 6cf516ec3c07
[2026-09-19T20:38:52.191+0000] {taskinstance.py:2648} INFO - Exporting env vars: AIRFLOW_CTX_DAG_OWNER='bhavik' AIRFLOW_CTX_DAG_ID='lcbo_pipeline' AIRFLOW_CTX_TASK_ID='gold.run_gold' AIRFLOW_CTX_EXECUTION_DATE='2026-09-19T20:38:08.895375+00:00' AIRFLOW_CTX_TRY_NUMBER='1' AIRFLOW_CTX_DAG_RUN_ID='manual__2026-09-19T20:38:08.895375+00:00'
[2026-09-19T20:38:52.192+0000] {taskinstance.py:430} INFO - ::endgroup::
[2026-09-19T20:38:52.204+0000] {subprocess.py:63} INFO - Tmp dir root location: /tmp
[2026-09-19T20:38:52.206+0000] {subprocess.py:75} INFO - Running command: ['/usr/bin/bash', '-c', 'cd /opt/***/dbt_project && dbt run --target docker --select gold_dim_date gold_dim_product_cost gold_dim_product_info gold_dim_store dbt_lcbo_fact_table gold_fact_table']
[2026-09-19T20:38:52.219+0000] {subprocess.py:86} INFO - Output:
[2026-09-19T20:38:53.798+0000] {subprocess.py:93} INFO - [0m20:38:53  Running with dbt=1.12.5
[2026-09-19T20:38:54.032+0000] {subprocess.py:93} INFO - [0m20:38:54  Registered adapter: postgres=1.9.0
[2026-09-19T20:38:55.144+0000] {subprocess.py:93} INFO - [0m20:38:55  Found 14 models, 2 snapshots, 3 sources, 597 macros
[2026-09-19T20:38:55.148+0000] {subprocess.py:93} INFO - [0m20:38:55
[2026-09-19T20:38:55.150+0000] {subprocess.py:93} INFO - [0m20:38:55  Concurrency: 4 threads (target='docker')
[2026-09-19T20:38:55.151+0000] {subprocess.py:93} INFO - [0m20:38:55
[2026-09-19T20:38:55.545+0000] {subprocess.py:93} INFO - [0m20:38:55  1 of 6 START sql table model gold.gold_dim_date ................................ [RUN]
[2026-09-19T20:38:55.547+0000] {subprocess.py:93} INFO - [0m20:38:55  2 of 6 START sql table model gold.gold_dim_product_cost ........................ [RUN]
[2026-09-19T20:38:55.548+0000] {subprocess.py:93} INFO - [0m20:38:55  3 of 6 START sql table model gold.gold_dim_product_info ........................ [RUN]
[2026-09-19T20:38:55.549+0000] {subprocess.py:93} INFO - [0m20:38:55  4 of 6 START sql table model gold.gold_dim_store ............................... [RUN]
[2026-09-19T20:38:55.955+0000] {subprocess.py:93} INFO - [0m20:38:55  4 of 6 OK created sql table model gold.gold_dim_store .......................... [[32mSELECT 5[0m in 0.39s]
[2026-09-19T20:38:55.959+0000] {subprocess.py:93} INFO - [0m20:38:55  3 of 6 OK created sql table model gold.gold_dim_product_info ................... [[32mSELECT 14[0m in 0.40s]
[2026-09-19T20:38:55.961+0000] {subprocess.py:93} INFO - [0m20:38:55  2 of 6 OK created sql table model gold.gold_dim_product_cost ................... [[32mSELECT 0[0m in 0.40s]
[2026-09-19T20:38:55.964+0000] {subprocess.py:93} INFO - [0m20:38:55  1 of 6 OK created sql table model gold.gold_dim_date ........................... [[32mSELECT 3653[0m in 0.41s]
[2026-09-19T20:38:55.975+0000] {subprocess.py:93} INFO - [0m20:38:55  5 of 6 START sql table model silver.dbt_lcbo_fact_table ........................ [RUN]
[2026-09-19T20:38:56.130+0000] {subprocess.py:93} INFO - [0m20:38:56  5 of 6 OK created sql table model silver.dbt_lcbo_fact_table ................... [[32mSELECT 13[0m in 0.15s]
[2026-09-19T20:38:56.136+0000] {subprocess.py:93} INFO - [0m20:38:56  6 of 6 START sql incremental model gold.gold_fact_table ........................ [RUN]
[2026-09-19T20:38:56.375+0000] {subprocess.py:93} INFO - [0m20:38:56  6 of 6 OK created sql incremental model gold.gold_fact_table ................... [[32mMERGE 0[0m in 0.24s]
[2026-09-19T20:38:56.454+0000] {subprocess.py:93} INFO - [0m20:38:56
[2026-09-19T20:38:56.455+0000] {subprocess.py:93} INFO - [0m20:38:56  Finished running 1 incremental model, 5 table models in 0 hours 0 minutes and 1.30 seconds (1.30s).
[2026-09-19T20:38:56.574+0000] {subprocess.py:93} INFO - [0m20:38:56
[2026-09-19T20:38:56.576+0000] {subprocess.py:93} INFO - [0m20:38:56  [32mCompleted successfully[0m
[2026-09-19T20:38:56.578+0000] {subprocess.py:93} INFO - [0m20:38:56
[2026-09-19T20:38:56.579+0000] {subprocess.py:93} INFO - [0m20:38:56  Done. PASS=6 WARN=0 ERROR=0 SKIP=0 NO-OP=0 REUSED=0 TOTAL=6
[2026-09-19T20:39:00.414+0000] {subprocess.py:97} INFO - Command exited with return code 0
[2026-09-19T20:39:00.416+0000] {taskinstance.py:441} INFO - ::group::Post task execution logs
[2026-09-19T20:39:00.438+0000] {taskinstance.py:1206} INFO - Marking task as SUCCESS. dag_id=lcbo_pipeline, task_id=gold.run_gold, run_id=manual__2026-09-19T20:38:08.895375+00:00, execution_date=20260919T203808, start_date=20260919T203852, end_date=20260919T203900
[2026-09-19T20:39:00.477+0000] {local_task_job_runner.py:243} INFO - Task exited with return code 0
[2026-09-19T20:39:00.490+0000] {taskinstance.py:3503} INFO - 0 downstream tasks scheduled from follow-on schedule check
[2026-09-19T20:39:00.493+0000] {local_task_job_runner.py:222} INFO - ::endgroup::
