[2026-09-25T02:20:36.613+0000] {local_task_job_runner.py:120} INFO - ::group::Pre task execution logs
[2026-09-25T02:20:36.639+0000] {taskinstance.py:2076} INFO - Dependencies all met for dep_context=non-requeueable deps ti=<TaskInstance: medallion_settlement_pipeline.Silver_Transform.snapshot_product_cost manual__2026-09-25T02:20:19.355561+00:00 [queued]>
[2026-09-25T02:20:36.645+0000] {taskinstance.py:2076} INFO - Dependencies all met for dep_context=requeueable deps ti=<TaskInstance: medallion_settlement_pipeline.Silver_Transform.snapshot_product_cost manual__2026-09-25T02:20:19.355561+00:00 [queued]>
[2026-09-25T02:20:36.647+0000] {taskinstance.py:2306} INFO - Starting attempt 1 of 1
[2026-09-25T02:20:36.657+0000] {taskinstance.py:2330} INFO - Executing <Task(BashOperator): Silver_Transform.snapshot_product_cost> on 2026-09-25 02:20:19.355561+00:00
[2026-09-25T02:20:36.665+0000] {standard_task_runner.py:90} INFO - Running: ['***', 'tasks', 'run', 'medallion_settlement_pipeline', 'Silver_Transform.snapshot_product_cost', 'manual__2026-09-25T02:20:19.355561+00:00', '--job-id', '218', '--raw', '--subdir', 'DAGS_FOLDER/lcbo_pipeline_dag.py', '--cfg-path', '/tmp/tmpasalxkf9']
[2026-09-25T02:20:36.668+0000] {logging_mixin.py:188} WARNING - /home/***/.local/lib/python3.12/site-packages/***/task/task_runner/standard_task_runner.py:62 DeprecationWarning: This process (pid=1434) is multi-threaded, use of fork() may lead to deadlocks in the child.
[2026-09-25T02:20:36.669+0000] {standard_task_runner.py:91} INFO - Job 218: Subtask Silver_Transform.snapshot_product_cost
[2026-09-25T02:20:36.669+0000] {standard_task_runner.py:64} INFO - Started process 1435 to run task
[2026-09-25T02:20:36.704+0000] {task_command.py:426} INFO - Running <TaskInstance: medallion_settlement_pipeline.Silver_Transform.snapshot_product_cost manual__2026-09-25T02:20:19.355561+00:00 [running]> on host 275ddd85eb37
[2026-09-25T02:20:36.773+0000] {taskinstance.py:2648} INFO - Exporting env vars: AIRFLOW_CTX_DAG_OWNER='bhavik' AIRFLOW_CTX_DAG_ID='medallion_settlement_pipeline' AIRFLOW_CTX_TASK_ID='Silver_Transform.snapshot_product_cost' AIRFLOW_CTX_EXECUTION_DATE='2026-09-25T02:20:19.355561+00:00' AIRFLOW_CTX_TRY_NUMBER='1' AIRFLOW_CTX_DAG_RUN_ID='manual__2026-09-25T02:20:19.355561+00:00'
[2026-09-25T02:20:36.774+0000] {taskinstance.py:430} INFO - ::endgroup::
[2026-09-25T02:20:36.786+0000] {subprocess.py:63} INFO - Tmp dir root location: /tmp
[2026-09-25T02:20:36.788+0000] {subprocess.py:75} INFO - Running command: ['/usr/bin/bash', '-c', 'cd /opt/***/dbt_project && dbt snapshot --target docker --select dim_product_cost_snapshot']
[2026-09-25T02:20:36.800+0000] {subprocess.py:86} INFO - Output:
[2026-09-25T02:20:38.405+0000] {subprocess.py:93} INFO - [0m02:20:38  Running with dbt=1.12.5
[2026-09-25T02:20:38.651+0000] {subprocess.py:93} INFO - [0m02:20:38  Registered adapter: postgres=1.9.0
[2026-09-25T02:20:39.777+0000] {subprocess.py:93} INFO - [0m02:20:39  Found 14 models, 2 snapshots, 3 sources, 597 macros
[2026-09-25T02:20:39.781+0000] {subprocess.py:93} INFO - [0m02:20:39
[2026-09-25T02:20:39.782+0000] {subprocess.py:93} INFO - [0m02:20:39  Concurrency: 4 threads (target='docker')
[2026-09-25T02:20:39.783+0000] {subprocess.py:93} INFO - [0m02:20:39
[2026-09-25T02:20:40.146+0000] {subprocess.py:93} INFO - [0m02:20:40  1 of 1 START snapshot gold.dim_product_cost_snapshot ........................... [RUN]
[2026-09-25T02:20:40.459+0000] {subprocess.py:93} INFO - [0m02:20:40  [[33mWARNING[0m]: Data type of snapshot table timestamp columns (DATETIME) doesn't match derived column 'updated_at' (DATE). Please update snapshot config 'updated_at'.
[2026-09-25T02:20:40.511+0000] {subprocess.py:93} INFO - [0m02:20:40  1 of 1 OK snapshotted gold.dim_product_cost_snapshot ........................... [[32mINSERT 0 0[0m in 0.36s]
[2026-09-25T02:20:40.582+0000] {subprocess.py:93} INFO - [0m02:20:40
[2026-09-25T02:20:40.584+0000] {subprocess.py:93} INFO - [0m02:20:40  Finished running 1 snapshot in 0 hours 0 minutes and 0.80 seconds (0.80s).
[2026-09-25T02:20:40.706+0000] {subprocess.py:93} INFO - [0m02:20:40
[2026-09-25T02:20:40.707+0000] {subprocess.py:93} INFO - [0m02:20:40  [32mCompleted successfully[0m
[2026-09-25T02:20:40.709+0000] {subprocess.py:93} INFO - [0m02:20:40
[2026-09-25T02:20:40.710+0000] {subprocess.py:93} INFO - [0m02:20:40  Done. PASS=1 WARN=0 ERROR=0 SKIP=0 NO-OP=0 REUSED=0 TOTAL=1
[2026-09-25T02:20:44.400+0000] {subprocess.py:97} INFO - Command exited with return code 0
[2026-09-25T02:20:44.402+0000] {taskinstance.py:441} INFO - ::group::Post task execution logs
[2026-09-25T02:20:44.421+0000] {taskinstance.py:1206} INFO - Marking task as SUCCESS. dag_id=medallion_settlement_pipeline, task_id=Silver_Transform.snapshot_product_cost, run_id=manual__2026-09-25T02:20:19.355561+00:00, execution_date=20260925T022019, start_date=20260925T022036, end_date=20260925T022044
[2026-09-25T02:20:44.465+0000] {local_task_job_runner.py:243} INFO - Task exited with return code 0
[2026-09-25T02:20:44.485+0000] {taskinstance.py:3503} INFO - 1 downstream tasks scheduled from follow-on schedule check
[2026-09-25T02:20:44.487+0000] {local_task_job_runner.py:222} INFO - ::endgroup::
