[2026-09-26T19:54:24.233+0000] {local_task_job_runner.py:120} INFO - ::group::Pre task execution logs
[2026-09-26T19:54:24.266+0000] {taskinstance.py:2076} INFO - Dependencies all met for dep_context=non-requeueable deps ti=<TaskInstance: medallion_settlement_pipeline.Bronze_Ingestion.audit_batch_log manual__2026-09-26T19:54:23.114701+00:00 [queued]>
[2026-09-26T19:54:24.273+0000] {taskinstance.py:2076} INFO - Dependencies all met for dep_context=requeueable deps ti=<TaskInstance: medallion_settlement_pipeline.Bronze_Ingestion.audit_batch_log manual__2026-09-26T19:54:23.114701+00:00 [queued]>
[2026-09-26T19:54:24.274+0000] {taskinstance.py:2306} INFO - Starting attempt 1 of 1
[2026-09-26T19:54:24.284+0000] {taskinstance.py:2330} INFO - Executing <Task(BashOperator): Bronze_Ingestion.audit_batch_log> on 2026-09-26 19:54:23.114701+00:00
[2026-09-26T19:54:24.294+0000] {standard_task_runner.py:90} INFO - Running: ['***', 'tasks', 'run', 'medallion_settlement_pipeline', 'Bronze_Ingestion.audit_batch_log', 'manual__2026-09-26T19:54:23.114701+00:00', '--job-id', '223', '--raw', '--subdir', 'DAGS_FOLDER/lcbo_pipeline_dag.py', '--cfg-path', '/tmp/tmprkbk6p0o']
[2026-09-26T19:54:24.297+0000] {standard_task_runner.py:91} INFO - Job 223: Subtask Bronze_Ingestion.audit_batch_log
[2026-09-26T19:54:24.297+0000] {logging_mixin.py:188} WARNING - /home/***/.local/lib/python3.12/site-packages/***/task/task_runner/standard_task_runner.py:62 DeprecationWarning: This process (pid=334) is multi-threaded, use of fork() may lead to deadlocks in the child.
[2026-09-26T19:54:24.298+0000] {standard_task_runner.py:64} INFO - Started process 335 to run task
[2026-09-26T19:54:24.336+0000] {task_command.py:426} INFO - Running <TaskInstance: medallion_settlement_pipeline.Bronze_Ingestion.audit_batch_log manual__2026-09-26T19:54:23.114701+00:00 [running]> on host 419d86c5d3f8
[2026-09-26T19:54:24.415+0000] {taskinstance.py:2648} INFO - Exporting env vars: AIRFLOW_CTX_DAG_OWNER='bhavik' AIRFLOW_CTX_DAG_ID='medallion_settlement_pipeline' AIRFLOW_CTX_TASK_ID='Bronze_Ingestion.audit_batch_log' AIRFLOW_CTX_EXECUTION_DATE='2026-09-26T19:54:23.114701+00:00' AIRFLOW_CTX_TRY_NUMBER='1' AIRFLOW_CTX_DAG_RUN_ID='manual__2026-09-26T19:54:23.114701+00:00'
[2026-09-26T19:54:24.417+0000] {taskinstance.py:430} INFO - ::endgroup::
[2026-09-26T19:54:24.452+0000] {subprocess.py:63} INFO - Tmp dir root location: /tmp
[2026-09-26T19:54:24.454+0000] {subprocess.py:75} INFO - Running command: ['/usr/bin/bash', '-c', 'python /opt/***/etl_scripts/bronze_batch_audit.py']
[2026-09-26T19:54:24.468+0000] {subprocess.py:86} INFO - Output:
[2026-09-26T19:54:24.761+0000] {subprocess.py:93} INFO - 2026-09-26 19:54:24,761 - INFO - Successfully connected to Postgres
[2026-09-26T19:54:24.766+0000] {subprocess.py:93} INFO - 2026-09-26 19:54:24,766 - INFO - Found 6 already processed files in DB
[2026-09-26T19:54:24.790+0000] {subprocess.py:93} INFO - 2026-09-26 19:54:24,790 - INFO - Found 5 files in folder /opt/***/source_files
[2026-09-26T19:54:24.791+0000] {subprocess.py:93} INFO - 2026-09-26 19:54:24,790 - INFO - Pending files to process: ['c06d67cedf59a4a8a1af9a4e94e80ad631bf2ec575d97a4005e2ce0c8677a5bb', 'ee4a084ebcb94e5d853369a7ba13c902f0dafce30366a45a8cd028364a46a327']
[2026-09-26T19:54:24.792+0000] {subprocess.py:93} INFO - 2026-09-26 19:54:24,790 - INFO - 2 new file(s) to process: ['c06d67cedf59a4a8a1af9a4e94e80ad631bf2ec575d97a4005e2ce0c8677a5bb', 'ee4a084ebcb94e5d853369a7ba13c902f0dafce30366a45a8cd028364a46a327']
[2026-09-26T19:54:24.793+0000] {subprocess.py:93} INFO - 2026-09-26 19:54:24,790 - INFO - Started with c06d67cedf59a4a8a1af9a4e94e80ad631bf2ec575d97a4005e2ce0c8677a5bb
[2026-09-26T19:54:24.797+0000] {subprocess.py:93} INFO - 2026-09-26 19:54:24,796 - INFO - Created new batch with run_id 7 for lcbo_settlement_20260923.csv at 2026-09-26 19:54:24.790757
[2026-09-26T19:54:24.798+0000] {subprocess.py:93} INFO - 2026-09-26 19:54:24,797 - INFO - Postgres connection closed.
[2026-09-26T19:54:24.799+0000] {subprocess.py:93} INFO - 2026-09-26 19:54:24,797 - INFO - batch audit result: {'batch_created': True, 'batch_id': 7, 'related_date': datetime.datetime(2026, 9, 26, 19, 54, 24, 790757), 'file_hash': 'c06d67cedf59a4a8a1af9a4e94e80ad631bf2ec575d97a4005e2ce0c8677a5bb', 'all_processed_files': False}
[2026-09-26T19:54:24.812+0000] {subprocess.py:97} INFO - Command exited with return code 0
[2026-09-26T19:54:24.814+0000] {taskinstance.py:441} INFO - ::group::Post task execution logs
[2026-09-26T19:54:24.836+0000] {taskinstance.py:1206} INFO - Marking task as SUCCESS. dag_id=medallion_settlement_pipeline, task_id=Bronze_Ingestion.audit_batch_log, run_id=manual__2026-09-26T19:54:23.114701+00:00, execution_date=20260926T195423, start_date=20260926T195424, end_date=20260926T195424
[2026-09-26T19:54:24.874+0000] {local_task_job_runner.py:243} INFO - Task exited with return code 0
[2026-09-26T19:54:24.898+0000] {taskinstance.py:3503} INFO - 1 downstream tasks scheduled from follow-on schedule check
[2026-09-26T19:54:24.900+0000] {local_task_job_runner.py:222} INFO - ::endgroup::
