[0m15:35:43.102292 [debug] [MainThread]: Sending event: {'category': 'dbt', 'action': 'invocation', 'label': 'start', 'context': [<snowplow_tracker.self_describing_json.SelfDescribingJson object at 0x0000018DEF3EFC20>, <snowplow_tracker.self_describing_json.SelfDescribingJson object at 0x0000018DEFD23140>, <snowplow_tracker.self_describing_json.SelfDescribingJson object at 0x0000018DEFD61610>]}


============================== 15:35:43.135336 | 758c4e9b-248a-4e0b-9f93-035006179688 ==============================
[0m15:35:43.135336 [info ] [MainThread]: Running with dbt=1.12.0
[0m15:35:43.135336 [debug] [MainThread]: running dbt with arguments {'maximum_seed_size_mib': '1', 'no_print': 'None', 'static_parser': 'True', 'target_path': 'None', 'warn_error_options': 'WarnErrorOptionsV2(error=[], warn=[], silence=[])', 'version_check': 'True', 'printer_width': '80', 'write_json': 'True', 'introspect': 'True', 'log_cache_events': 'False', 'empty': 'None', 'cache_selected_only': 'False', 'fail_fast': 'False', 'debug': 'False', 'log_format': 'default', 'partial_parse': 'True', 'send_anonymous_usage_stats': 'True', 'quiet': 'False', 'warn_error': 'None', 'profiles_dir': 'C:\\Users\\BhavikG\\.dbt', 'indirect_selection': 'eager', 'hints_enabled': 'True', 'use_colors': 'True', 'use_experimental_parser': 'False', 'invocation_command': 'dbt init', 'log_path': 'logs'}
[0m15:38:28.950338 [debug] [MainThread]: Starter project path: C:\Users\BhavikG\Data Modeling Project\.venv\Lib\site-packages\dbt\include\starter_project
[0m15:38:28.963138 [info ] [MainThread]: Setting up your profile.
[0m15:53:19.710070 [info ] [MainThread]: Profile dbt_transformation_lcbo written to C:\Users\BhavikG\.dbt\profiles.yml using target's profile_template.yml and your supplied values.
[0m15:53:19.719444 [info ] [MainThread]: Running dbt debug to validate the project...
[0m15:53:19.719444 [info ] [MainThread]: dbt version: 1.12.0
[0m15:53:19.719444 [info ] [MainThread]: python version: 3.12.6
[0m15:53:19.719444 [info ] [MainThread]: python path: C:\Users\BhavikG\Data Modeling Project\.venv\Scripts\python.exe
[0m15:53:19.720947 [info ] [MainThread]: os info: Windows-11-10.0.26200-SP0
[0m15:53:19.749466 [info ] [MainThread]: Using profiles dir at C:\Users\BhavikG\.dbt
[0m15:53:19.749990 [info ] [MainThread]: Using profiles.yml file at C:\Users\BhavikG\.dbt\profiles.yml
[0m15:53:19.750511 [info ] [MainThread]: Using dbt_project.yml file at C:\Users\BhavikG\Data Modeling Project\dbt_transformation_lcbo\dbt_project.yml
[0m15:53:19.752073 [info ] [MainThread]: adapter type: postgres
[0m15:53:19.753583 [info ] [MainThread]: adapter version: 1.11.0
[0m15:53:19.867022 [info ] [MainThread]: Configuration:
[0m15:53:19.867022 [info ] [MainThread]:   profiles.yml file [[32mOK found and valid[0m]
[0m15:53:19.867804 [info ] [MainThread]:   dbt_project.yml file [[32mOK found and valid[0m]
[0m15:53:19.867804 [info ] [MainThread]: Required dependencies:
[0m15:53:19.867804 [debug] [MainThread]: Executing "git --help"
[0m15:53:19.946334 [debug] [MainThread]: STDOUT: "b"usage: git [-v | --version] [-h | --help] [-C <path>] [-c <name>=<value>]\n           [--exec-path[=<path>]] [--html-path] [--man-path] [--info-path]\n           [-p | --paginate | -P | --no-pager] [--no-replace-objects] [--no-lazy-fetch]\n           [--no-optional-locks] [--no-advice] [--bare] [--git-dir=<path>]\n           [--work-tree=<path>] [--namespace=<name>] [--config-env=<name>=<envvar>]\n           <command> [<args>]\n\nThese are common Git commands used in various situations:\n\nstart a working area (see also: git help tutorial)\n   clone      Clone a repository into a new directory\n   init       Create an empty Git repository or reinitialize an existing one\n\nwork on the current change (see also: git help everyday)\n   add        Add file contents to the index\n   mv         Move or rename a file, a directory, or a symlink\n   restore    Restore working tree files\n   rm         Remove files from the working tree and from the index\n\nexamine the history and state (see also: git help revisions)\n   bisect     Use binary search to find the commit that introduced a bug\n   diff       Show changes between commits, commit and working tree, etc\n   grep       Print lines matching a pattern\n   log        Show commit logs\n   show       Show various types of objects\n   status     Show the working tree status\n\ngrow, mark and tweak your common history\n   backfill   Download missing objects in a partial clone\n   branch     List, create, or delete branches\n   commit     Record changes to the repository\n   history    EXPERIMENTAL: Rewrite history\n   merge      Join two or more development histories together\n   rebase     Reapply commits on top of another base tip\n   reset      Set `HEAD` or the index to a known state\n   switch     Switch branches\n   tag        Create, list, delete or verify tags\n\ncollaborate (see also: git help workflows)\n   fetch      Download objects and refs from another repository\n   pull       Fetch from and integrate with another repository or a local branch\n   push       Update remote refs along with associated objects\n\n'git help -a' and 'git help -g' list available subcommands and some\nconcept guides. See 'git help <command>' or 'git help <concept>'\nto read about a specific subcommand or concept.\nSee 'git help git' for an overview of the system.\n""
[0m15:53:19.946857 [debug] [MainThread]: STDERR: "b''"
[0m15:53:19.947377 [info ] [MainThread]:  - git [[32mOK found[0m]

[0m15:53:19.947377 [info ] [MainThread]: Connection:
[0m15:53:19.948065 [info ] [MainThread]:   host: localhost
[0m15:53:19.948065 [info ] [MainThread]:   port: 5432
[0m15:53:19.948065 [info ] [MainThread]:   user: postgres
[0m15:53:19.948601 [info ] [MainThread]:   database: postgres
[0m15:53:19.948601 [info ] [MainThread]:   schema: silver
[0m15:53:19.949109 [info ] [MainThread]:   connect_timeout: 10
[0m15:53:19.949109 [info ] [MainThread]:   role: None
[0m15:53:19.949631 [info ] [MainThread]:   search_path: None
[0m15:53:19.949631 [info ] [MainThread]:   keepalives_idle: 0
[0m15:53:19.949631 [info ] [MainThread]:   sslmode: None
[0m15:53:19.950147 [info ] [MainThread]:   sslcert: None
[0m15:53:19.950147 [info ] [MainThread]:   sslkey: None
[0m15:53:19.950147 [info ] [MainThread]:   sslrootcert: None
[0m15:53:19.950147 [info ] [MainThread]:   application_name: dbt
[0m15:53:19.950658 [info ] [MainThread]:   autocommit: False
[0m15:53:19.950658 [info ] [MainThread]:   retries: 1
[0m15:53:19.951181 [info ] [MainThread]: Registered adapter: postgres=1.11.0
[0m15:53:20.165903 [debug] [MainThread]: Acquiring new postgres connection 'debug'
[0m15:53:20.303914 [debug] [MainThread]: Using postgres connection "debug"
[0m15:53:20.303914 [debug] [MainThread]: On debug: select 1 as id
[0m15:53:20.303914 [debug] [MainThread]: Opening a new connection, currently in state init
[0m15:53:20.366278 [debug] [MainThread]: Postgres adapter: Got a retryable error when attempting to open a postgres connection.
1 attempts remaining. Retrying in 0 seconds.
Error:
connection to server at "localhost" (::1), port 5432 failed: FATAL:  password authentication failed for user "postgres"

[0m15:53:20.421605 [debug] [MainThread]: Postgres adapter: Error running SQL: select 1 as id
[0m15:53:20.422619 [debug] [MainThread]: Postgres adapter: Rolling back transaction.
[0m15:53:20.422619 [debug] [MainThread]: On debug: No close available on handle
[0m15:53:20.423205 [info ] [MainThread]:   Connection test: [[31mERROR[0m]

[0m15:53:20.423721 [info ] [MainThread]: [31m1 check failed:[0m
[0m15:53:20.423721 [info ] [MainThread]: dbt was unable to connect to the specified database.
The database returned the following error:

  >Database Error
  connection to server at "localhost" (::1), port 5432 failed: FATAL:  password authentication failed for user "postgres"
  

Check your database credentials and try again. For more information, visit:
https://docs.getdbt.com/docs/configure-your-profile


[0m15:53:20.424236 [info ] [MainThread]: Your new dbt project "dbt_transformation_lcbo" was created!
Initialized new project in C:\Users\BhavikG\Data Modeling Project\dbt_transformation_lcbo\dbt_transformation_lcbo

For more information on how to configure the profiles.yml file,
please consult the dbt documentation here:

  https://docs.getdbt.com/docs/configure-your-profile

One more thing:

Need help? Don't hesitate to reach out to us via GitHub issues or on Slack:

  https://community.getdbt.com/

Happy modeling!

[0m15:53:20.424844 [info ] [MainThread]: [31mYour profile may need adjustments. You can find the logs of `dbt debug` above[0m
[0m15:53:20.425887 [debug] [MainThread]: Command `dbt init` succeeded at 15:53:20.425887 after 1057.53 seconds
[0m15:53:20.425887 [debug] [MainThread]: Connection 'debug' was properly closed.
[0m15:53:20.426401 [debug] [MainThread]: Sending event: {'category': 'dbt', 'action': 'invocation', 'label': 'end', 'context': [<snowplow_tracker.self_describing_json.SelfDescribingJson object at 0x0000018DEFA40530>, <snowplow_tracker.self_describing_json.SelfDescribingJson object at 0x0000018DEDA16720>, <snowplow_tracker.self_describing_json.SelfDescribingJson object at 0x0000018DEFEB1430>]}
[0m15:53:20.426401 [debug] [MainThread]: Flushing usage events
[0m15:53:24.348537 [debug] [MainThread]: An error was encountered while trying to flush usage events
[0m16:06:57.771146 [debug] [MainThread]: Sending event: {'category': 'dbt', 'action': 'invocation', 'label': 'start', 'context': [<snowplow_tracker.self_describing_json.SelfDescribingJson object at 0x000001B0876DA540>, <snowplow_tracker.self_describing_json.SelfDescribingJson object at 0x000001B0859B9A00>, <snowplow_tracker.self_describing_json.SelfDescribingJson object at 0x000001B087862780>]}


============================== 16:06:57.777005 | 40286a18-5c6e-4956-bdb3-df41d4376f48 ==============================
[0m16:06:57.777005 [info ] [MainThread]: Running with dbt=1.12.0
[0m16:06:57.778011 [debug] [MainThread]: running dbt with arguments {'maximum_seed_size_mib': '1', 'no_print': 'None', 'version_check': 'True', 'target_path': 'None', 'warn_error_options': 'WarnErrorOptionsV2(error=[], warn=[], silence=[])', 'static_parser': 'True', 'printer_width': '80', 'write_json': 'True', 'empty': 'None', 'log_cache_events': 'False', 'introspect': 'True', 'cache_selected_only': 'False', 'fail_fast': 'False', 'debug': 'False', 'log_format': 'default', 'profiles_dir': 'C:\\Users\\BhavikG\\.dbt', 'send_anonymous_usage_stats': 'True', 'quiet': 'False', 'warn_error': 'None', 'partial_parse': 'True', 'invocation_command': 'dbt debug', 'hints_enabled': 'True', 'use_colors': 'True', 'use_experimental_parser': 'False', 'indirect_selection': 'eager', 'log_path': 'logs'}
[0m16:06:57.790721 [info ] [MainThread]: dbt version: 1.12.0
[0m16:06:57.792224 [info ] [MainThread]: python version: 3.12.6
[0m16:06:57.792224 [info ] [MainThread]: python path: C:\Users\BhavikG\Data Modeling Project\.venv\Scripts\python.exe
[0m16:06:57.792224 [info ] [MainThread]: os info: Windows-11-10.0.26200-SP0
[0m16:06:57.846666 [info ] [MainThread]: Using profiles dir at C:\Users\BhavikG\.dbt
[0m16:06:57.847180 [info ] [MainThread]: Using profiles.yml file at C:\Users\BhavikG\.dbt\profiles.yml
[0m16:06:57.847715 [info ] [MainThread]: Using dbt_project.yml file at C:\Users\BhavikG\Data Modeling Project\dbt_project.yml
[0m16:06:57.848236 [info ] [MainThread]: adapter type: postgres
[0m16:06:57.848236 [info ] [MainThread]: adapter version: 1.11.0
[0m16:06:57.848767 [info ] [MainThread]: Configuration:
[0m16:06:57.848767 [info ] [MainThread]:   profiles.yml file [[32mOK found and valid[0m]
[0m16:06:57.849305 [info ] [MainThread]:   dbt_project.yml file [[31mERROR not found[0m]
[0m16:06:57.849305 [info ] [MainThread]: Required dependencies:
[0m16:06:57.849821 [debug] [MainThread]: Executing "git --help"
[0m16:06:57.930881 [debug] [MainThread]: STDOUT: "b"usage: git [-v | --version] [-h | --help] [-C <path>] [-c <name>=<value>]\n           [--exec-path[=<path>]] [--html-path] [--man-path] [--info-path]\n           [-p | --paginate | -P | --no-pager] [--no-replace-objects] [--no-lazy-fetch]\n           [--no-optional-locks] [--no-advice] [--bare] [--git-dir=<path>]\n           [--work-tree=<path>] [--namespace=<name>] [--config-env=<name>=<envvar>]\n           <command> [<args>]\n\nThese are common Git commands used in various situations:\n\nstart a working area (see also: git help tutorial)\n   clone      Clone a repository into a new directory\n   init       Create an empty Git repository or reinitialize an existing one\n\nwork on the current change (see also: git help everyday)\n   add        Add file contents to the index\n   mv         Move or rename a file, a directory, or a symlink\n   restore    Restore working tree files\n   rm         Remove files from the working tree and from the index\n\nexamine the history and state (see also: git help revisions)\n   bisect     Use binary search to find the commit that introduced a bug\n   diff       Show changes between commits, commit and working tree, etc\n   grep       Print lines matching a pattern\n   log        Show commit logs\n   show       Show various types of objects\n   status     Show the working tree status\n\ngrow, mark and tweak your common history\n   backfill   Download missing objects in a partial clone\n   branch     List, create, or delete branches\n   commit     Record changes to the repository\n   history    EXPERIMENTAL: Rewrite history\n   merge      Join two or more development histories together\n   rebase     Reapply commits on top of another base tip\n   reset      Set `HEAD` or the index to a known state\n   switch     Switch branches\n   tag        Create, list, delete or verify tags\n\ncollaborate (see also: git help workflows)\n   fetch      Download objects and refs from another repository\n   pull       Fetch from and integrate with another repository or a local branch\n   push       Update remote refs along with associated objects\n\n'git help -a' and 'git help -g' list available subcommands and some\nconcept guides. See 'git help <command>' or 'git help <concept>'\nto read about a specific subcommand or concept.\nSee 'git help git' for an overview of the system.\n""
[0m16:06:57.930881 [debug] [MainThread]: STDERR: "b''"
[0m16:06:57.930881 [info ] [MainThread]:  - git [[32mOK found[0m]

[0m16:06:57.930881 [info ] [MainThread]: Connection:
[0m16:06:57.932388 [info ] [MainThread]:   host: localhost
[0m16:06:57.932388 [info ] [MainThread]:   port: 5432
[0m16:06:57.932388 [info ] [MainThread]:   user: postgres
[0m16:06:57.932388 [info ] [MainThread]:   database: postgres
[0m16:06:57.932388 [info ] [MainThread]:   schema: silver
[0m16:06:57.932388 [info ] [MainThread]:   connect_timeout: 10
[0m16:06:57.933398 [info ] [MainThread]:   role: None
[0m16:06:57.933398 [info ] [MainThread]:   search_path: None
[0m16:06:57.933398 [info ] [MainThread]:   keepalives_idle: 0
[0m16:06:57.933398 [info ] [MainThread]:   sslmode: None
[0m16:06:57.933398 [info ] [MainThread]:   sslcert: None
[0m16:06:57.933398 [info ] [MainThread]:   sslkey: None
[0m16:06:57.933398 [info ] [MainThread]:   sslrootcert: None
[0m16:06:57.934393 [info ] [MainThread]:   application_name: dbt
[0m16:06:57.934393 [info ] [MainThread]:   autocommit: False
[0m16:06:57.934393 [info ] [MainThread]:   retries: 1
[0m16:06:57.935393 [info ] [MainThread]: Registered adapter: postgres=1.11.0
[0m16:06:58.148276 [debug] [MainThread]: Acquiring new postgres connection 'debug'
[0m16:06:58.241601 [debug] [MainThread]: Using postgres connection "debug"
[0m16:06:58.241601 [debug] [MainThread]: On debug: select 1 as id
[0m16:06:58.241601 [debug] [MainThread]: Opening a new connection, currently in state init
[0m16:06:58.303716 [debug] [MainThread]: SQL status: SELECT 1 in 0.062 seconds
[0m16:06:58.304232 [debug] [MainThread]: On debug: Close
[0m16:06:58.304795 [info ] [MainThread]:   Connection test: [[32mOK connection ok[0m]

[0m16:06:58.305323 [info ] [MainThread]: [31m1 check failed:[0m
[0m16:06:58.305840 [info ] [MainThread]: Project loading failed for the following reason:
 project path <C:\Users\BhavikG\Data Modeling Project\dbt_project.yml> not found

[0m16:06:58.306366 [debug] [MainThread]: Command `dbt debug` failed at 16:06:58.306366 after 0.72 seconds
[0m16:06:58.306366 [debug] [MainThread]: Connection 'debug' was properly closed.
[0m16:06:58.307370 [debug] [MainThread]: Sending event: {'category': 'dbt', 'action': 'invocation', 'label': 'end', 'context': [<snowplow_tracker.self_describing_json.SelfDescribingJson object at 0x000001B0874F17F0>, <snowplow_tracker.self_describing_json.SelfDescribingJson object at 0x000001B0873B8D70>, <snowplow_tracker.self_describing_json.SelfDescribingJson object at 0x000001B0873BB6B0>]}
[0m16:06:58.307370 [debug] [MainThread]: Flushing usage events
[0m16:07:01.993189 [debug] [MainThread]: An error was encountered while trying to flush usage events
[0m21:16:51.368212 [debug] [MainThread]: Sending event: {'category': 'dbt', 'action': 'invocation', 'label': 'start', 'context': [<snowplow_tracker.self_describing_json.SelfDescribingJson object at 0x0000016F82942C60>, <snowplow_tracker.self_describing_json.SelfDescribingJson object at 0x0000016F833B8830>, <snowplow_tracker.self_describing_json.SelfDescribingJson object at 0x0000016F82A6A360>]}


============================== 21:16:51.372417 | 9b234c1b-a3d6-4916-ad5d-094d3f2f7980 ==============================
[0m21:16:51.372417 [info ] [MainThread]: Running with dbt=1.12.0
[0m21:16:51.375948 [debug] [MainThread]: running dbt with arguments {'static_parser': 'True', 'no_print': 'None', 'maximum_seed_size_mib': '1', 'target_path': 'None', 'warn_error_options': 'WarnErrorOptionsV2(error=[], warn=[], silence=[])', 'version_check': 'True', 'printer_width': '80', 'write_json': 'True', 'introspect': 'True', 'log_cache_events': 'False', 'empty': 'False', 'cache_selected_only': 'False', 'log_format': 'default', 'debug': 'False', 'fail_fast': 'False', 'partial_parse': 'True', 'send_anonymous_usage_stats': 'True', 'quiet': 'False', 'warn_error': 'None', 'profiles_dir': 'C:\\Users\\BhavikG\\.dbt', 'indirect_selection': 'eager', 'hints_enabled': 'True', 'use_colors': 'True', 'use_experimental_parser': 'False', 'invocation_command': 'dbt run -s +dbt_lcbo_raw+', 'log_path': 'logs'}
[0m21:16:51.375948 [error] [MainThread]: [[31mERROR[0m]: Encountered an error:
Runtime Error
  No dbt_project.yml found at expected path C:\Users\BhavikG\Data Modeling Project\dbt_project.yml
  Verify that each entry within packages.yml (and their transitive dependencies) contains a file named dbt_project.yml
  
[0m21:16:51.377980 [debug] [MainThread]: Command `dbt run` failed at 21:16:51.377980 after 0.21 seconds
[0m21:16:51.377980 [debug] [MainThread]: Sending event: {'category': 'dbt', 'action': 'invocation', 'label': 'end', 'context': [<snowplow_tracker.self_describing_json.SelfDescribingJson object at 0x0000016F8733C590>, <snowplow_tracker.self_describing_json.SelfDescribingJson object at 0x0000016F85E3A0C0>, <snowplow_tracker.self_describing_json.SelfDescribingJson object at 0x0000016F82942C60>]}
[0m21:16:51.377980 [debug] [MainThread]: Flushing usage events
[0m21:16:53.282364 [debug] [MainThread]: An error was encountered while trying to flush usage events
[0m21:18:28.072385 [debug] [MainThread]: Sending event: {'category': 'dbt', 'action': 'invocation', 'label': 'start', 'context': [<snowplow_tracker.self_describing_json.SelfDescribingJson object at 0x0000023F777C8590>, <snowplow_tracker.self_describing_json.SelfDescribingJson object at 0x0000023F79A34F20>, <snowplow_tracker.self_describing_json.SelfDescribingJson object at 0x0000023F7A1432F0>]}


============================== 21:18:28.082408 | 468c1a60-85be-49b2-8ba2-6e99c7a3b881 ==============================
[0m21:18:28.082408 [info ] [MainThread]: Running with dbt=1.12.0
[0m21:18:28.082408 [debug] [MainThread]: running dbt with arguments {'version_check': 'True', 'no_print': 'None', 'maximum_seed_size_mib': '1', 'target_path': 'None', 'static_parser': 'True', 'warn_error_options': 'WarnErrorOptionsV2(error=[], warn=[], silence=[])', 'printer_width': '80', 'write_json': 'True', 'introspect': 'True', 'log_cache_events': 'False', 'empty': 'None', 'cache_selected_only': 'False', 'fail_fast': 'False', 'debug': 'False', 'log_format': 'default', 'profiles_dir': 'C:\\Users\\BhavikG\\.dbt', 'send_anonymous_usage_stats': 'True', 'quiet': 'False', 'warn_error': 'None', 'partial_parse': 'True', 'indirect_selection': 'eager', 'hints_enabled': 'True', 'invocation_command': 'dbt debug', 'use_experimental_parser': 'False', 'use_colors': 'True', 'log_path': 'logs'}
[0m21:18:28.104499 [info ] [MainThread]: dbt version: 1.12.0
[0m21:18:28.104499 [info ] [MainThread]: python version: 3.12.6
[0m21:18:28.104499 [info ] [MainThread]: python path: C:\Users\BhavikG\Data Modeling Project\.venv\Scripts\python.exe
[0m21:18:28.104499 [info ] [MainThread]: os info: Windows-11-10.0.26200-SP0
[0m21:18:28.179011 [info ] [MainThread]: Using profiles dir at C:\Users\BhavikG\.dbt
[0m21:18:28.179011 [info ] [MainThread]: Using profiles.yml file at C:\Users\BhavikG\.dbt\profiles.yml
[0m21:18:28.180006 [info ] [MainThread]: Using dbt_project.yml file at C:\Users\BhavikG\Data Modeling Project\dbt_project.yml
[0m21:18:28.180006 [error] [MainThread]: [[31mERROR[0m]: Encountered an error:
Internal Error
  Profile should not be None if loading profile completed
[0m21:18:28.181006 [debug] [MainThread]: Command `dbt debug` failed at 21:18:28.181006 after 0.29 seconds
[0m21:18:28.181006 [debug] [MainThread]: Sending event: {'category': 'dbt', 'action': 'invocation', 'label': 'end', 'context': [<snowplow_tracker.self_describing_json.SelfDescribingJson object at 0x0000023F780084A0>, <snowplow_tracker.self_describing_json.SelfDescribingJson object at 0x0000023F7C282E70>, <snowplow_tracker.self_describing_json.SelfDescribingJson object at 0x0000023F7C283F50>]}
[0m21:18:28.181006 [debug] [MainThread]: Flushing usage events
[0m21:18:29.992412 [debug] [MainThread]: An error was encountered while trying to flush usage events
