[2026-09-25T01:41:44.697+0000] {local_task_job_runner.py:120} INFO - ::group::Pre task execution logs
[2026-09-25T01:41:44.739+0000] {taskinstance.py:2076} INFO - Dependencies all met for dep_context=non-requeueable deps ti=<TaskInstance: medallion_settlement_pipeline.Bronze_Ingestion.audit_batch_log manual__2026-09-25T01:41:43.599267+00:00 [queued]>
[2026-09-25T01:41:44.748+0000] {taskinstance.py:2076} INFO - Dependencies all met for dep_context=requeueable deps ti=<TaskInstance: medallion_settlement_pipeline.Bronze_Ingestion.audit_batch_log manual__2026-09-25T01:41:43.599267+00:00 [queued]>
[2026-09-25T01:41:44.749+0000] {taskinstance.py:2306} INFO - Starting attempt 1 of 1
[2026-09-25T01:41:44.761+0000] {taskinstance.py:2330} INFO - Executing <Task(BashOperator): Bronze_Ingestion.audit_batch_log> on 2026-09-25 01:41:43.599267+00:00
[2026-09-25T01:41:44.770+0000] {standard_task_runner.py:90} INFO - Running: ['***', 'tasks', 'run', 'medallion_settlement_pipeline', 'Bronze_Ingestion.audit_batch_log', 'manual__2026-09-25T01:41:43.599267+00:00', '--job-id', '210', '--raw', '--subdir', 'DAGS_FOLDER/lcbo_pipeline_dag.py', '--cfg-path', '/tmp/tmp6rpyf6uw']
[2026-09-25T01:41:44.774+0000] {standard_task_runner.py:91} INFO - Job 210: Subtask Bronze_Ingestion.audit_batch_log
[2026-09-25T01:41:44.774+0000] {logging_mixin.py:188} WARNING - /home/***/.local/lib/python3.12/site-packages/***/task/task_runner/standard_task_runner.py:62 DeprecationWarning: This process (pid=443) is multi-threaded, use of fork() may lead to deadlocks in the child.
[2026-09-25T01:41:44.775+0000] {standard_task_runner.py:64} INFO - Started process 444 to run task
[2026-09-25T01:41:44.817+0000] {task_command.py:426} INFO - Running <TaskInstance: medallion_settlement_pipeline.Bronze_Ingestion.audit_batch_log manual__2026-09-25T01:41:43.599267+00:00 [running]> on host 275ddd85eb37
[2026-09-25T01:41:44.898+0000] {taskinstance.py:2648} INFO - Exporting env vars: AIRFLOW_CTX_DAG_OWNER='bhavik' AIRFLOW_CTX_DAG_ID='medallion_settlement_pipeline' AIRFLOW_CTX_TASK_ID='Bronze_Ingestion.audit_batch_log' AIRFLOW_CTX_EXECUTION_DATE='2026-09-25T01:41:43.599267+00:00' AIRFLOW_CTX_TRY_NUMBER='1' AIRFLOW_CTX_DAG_RUN_ID='manual__2026-09-25T01:41:43.599267+00:00'
[2026-09-25T01:41:44.900+0000] {taskinstance.py:430} INFO - ::endgroup::
[2026-09-25T01:41:44.938+0000] {subprocess.py:63} INFO - Tmp dir root location: /tmp
[2026-09-25T01:41:44.941+0000] {subprocess.py:75} INFO - Running command: ['/usr/bin/bash', '-c', 'python /opt/***/etl_scripts/bronze_batch_audit.py']
[2026-09-25T01:41:44.955+0000] {subprocess.py:86} INFO - Output:
[2026-09-25T01:41:45.294+0000] {subprocess.py:93} INFO - 2026-09-25 01:41:45,294 - INFO - Successfully connected to Postgres
[2026-09-25T01:41:45.300+0000] {subprocess.py:93} INFO - 2026-09-25 01:41:45,299 - INFO - Found 5 already processed files in DB
[2026-09-25T01:41:45.317+0000] {subprocess.py:93} INFO - 2026-09-25 01:41:45,317 - INFO - Found 4 files in folder /opt/***/source_files
[2026-09-25T01:41:45.319+0000] {subprocess.py:93} INFO - 2026-09-25 01:41:45,317 - INFO - Pending files to process: ['694d4710d2f12019c03d3475dc46846c78320d57f0117cf562255294707ade2a', 'c06d67cedf59a4a8a1af9a4e94e80ad631bf2ec575d97a4005e2ce0c8677a5bb']
[2026-09-25T01:41:45.320+0000] {subprocess.py:93} INFO - 2026-09-25 01:41:45,317 - INFO - 2 new file(s) to process: ['694d4710d2f12019c03d3475dc46846c78320d57f0117cf562255294707ade2a', 'c06d67cedf59a4a8a1af9a4e94e80ad631bf2ec575d97a4005e2ce0c8677a5bb']
[2026-09-25T01:41:45.321+0000] {subprocess.py:93} INFO - 2026-09-25 01:41:45,317 - INFO - Started with 694d4710d2f12019c03d3475dc46846c78320d57f0117cf562255294707ade2a
[2026-09-25T01:41:45.324+0000] {subprocess.py:93} INFO - 2026-09-25 01:41:45,324 - INFO - Created new batch with run_id 6 for lcbo_settlement_20240104.csv at 2026-09-25 01:41:45.317776
[2026-09-25T01:41:45.325+0000] {subprocess.py:93} INFO - 2026-09-25 01:41:45,324 - INFO - Postgres connection closed.
[2026-09-25T01:41:45.326+0000] {subprocess.py:93} INFO - 2026-09-25 01:41:45,324 - INFO - batch audit result: {'batch_created': True, 'batch_id': 6, 'related_date': datetime.datetime(2026, 9, 25, 1, 41, 45, 317776), 'file_hash': '694d4710d2f12019c03d3475dc46846c78320d57f0117cf562255294707ade2a', 'all_processed_files': False}
[2026-09-25T01:41:45.337+0000] {subprocess.py:97} INFO - Command exited with return code 0
[2026-09-25T01:41:45.339+0000] {taskinstance.py:441} INFO - ::group::Post task execution logs
[2026-09-25T01:41:45.362+0000] {taskinstance.py:1206} INFO - Marking task as SUCCESS. dag_id=medallion_settlement_pipeline, task_id=Bronze_Ingestion.audit_batch_log, run_id=manual__2026-09-25T01:41:43.599267+00:00, execution_date=20260925T014143, start_date=20260925T014144, end_date=20260925T014145
[2026-09-25T01:41:45.391+0000] {local_task_job_runner.py:243} INFO - Task exited with return code 0
[2026-09-25T01:41:45.412+0000] {taskinstance.py:3503} INFO - 0 downstream tasks scheduled from follow-on schedule check
[2026-09-25T01:41:45.415+0000] {local_task_job_runner.py:222} INFO - ::endgroup::
