[2026-09-25T02:20:20.469+0000] {local_task_job_runner.py:120} INFO - ::group::Pre task execution logs
[2026-09-25T02:20:20.506+0000] {taskinstance.py:2076} INFO - Dependencies all met for dep_context=non-requeueable deps ti=<TaskInstance: medallion_settlement_pipeline.Bronze_Ingestion.audit_batch_log manual__2026-09-25T02:20:19.355561+00:00 [queued]>
[2026-09-25T02:20:20.512+0000] {taskinstance.py:2076} INFO - Dependencies all met for dep_context=requeueable deps ti=<TaskInstance: medallion_settlement_pipeline.Bronze_Ingestion.audit_batch_log manual__2026-09-25T02:20:19.355561+00:00 [queued]>
[2026-09-25T02:20:20.513+0000] {taskinstance.py:2306} INFO - Starting attempt 1 of 1
[2026-09-25T02:20:20.523+0000] {taskinstance.py:2330} INFO - Executing <Task(BashOperator): Bronze_Ingestion.audit_batch_log> on 2026-09-25 02:20:19.355561+00:00
[2026-09-25T02:20:20.531+0000] {standard_task_runner.py:90} INFO - Running: ['***', 'tasks', 'run', 'medallion_settlement_pipeline', 'Bronze_Ingestion.audit_batch_log', 'manual__2026-09-25T02:20:19.355561+00:00', '--job-id', '214', '--raw', '--subdir', 'DAGS_FOLDER/lcbo_pipeline_dag.py', '--cfg-path', '/tmp/tmpiyg3c21o']
[2026-09-25T02:20:20.534+0000] {standard_task_runner.py:91} INFO - Job 214: Subtask Bronze_Ingestion.audit_batch_log
[2026-09-25T02:20:20.533+0000] {logging_mixin.py:188} WARNING - /home/***/.local/lib/python3.12/site-packages/***/task/task_runner/standard_task_runner.py:62 DeprecationWarning: This process (pid=1357) is multi-threaded, use of fork() may lead to deadlocks in the child.
[2026-09-25T02:20:20.535+0000] {standard_task_runner.py:64} INFO - Started process 1358 to run task
[2026-09-25T02:20:20.567+0000] {task_command.py:426} INFO - Running <TaskInstance: medallion_settlement_pipeline.Bronze_Ingestion.audit_batch_log manual__2026-09-25T02:20:19.355561+00:00 [running]> on host 275ddd85eb37
[2026-09-25T02:20:20.630+0000] {taskinstance.py:2648} INFO - Exporting env vars: AIRFLOW_CTX_DAG_OWNER='bhavik' AIRFLOW_CTX_DAG_ID='medallion_settlement_pipeline' AIRFLOW_CTX_TASK_ID='Bronze_Ingestion.audit_batch_log' AIRFLOW_CTX_EXECUTION_DATE='2026-09-25T02:20:19.355561+00:00' AIRFLOW_CTX_TRY_NUMBER='1' AIRFLOW_CTX_DAG_RUN_ID='manual__2026-09-25T02:20:19.355561+00:00'
[2026-09-25T02:20:20.631+0000] {taskinstance.py:430} INFO - ::endgroup::
[2026-09-25T02:20:20.646+0000] {subprocess.py:63} INFO - Tmp dir root location: /tmp
[2026-09-25T02:20:20.648+0000] {subprocess.py:75} INFO - Running command: ['/usr/bin/bash', '-c', 'python /opt/***/etl_scripts/bronze_batch_audit.py']
[2026-09-25T02:20:20.662+0000] {subprocess.py:86} INFO - Output:
[2026-09-25T02:20:21.083+0000] {subprocess.py:93} INFO - 2026-09-25 02:20:21,083 - INFO - Successfully connected to Postgres
[2026-09-25T02:20:21.088+0000] {subprocess.py:93} INFO - 2026-09-25 02:20:21,088 - INFO - Found 5 already processed files in DB
[2026-09-25T02:20:21.104+0000] {subprocess.py:93} INFO - 2026-09-25 02:20:21,104 - INFO - Found 4 files in folder /opt/***/source_files
[2026-09-25T02:20:21.105+0000] {subprocess.py:93} INFO - 2026-09-25 02:20:21,104 - INFO - Pending files to process: ['6fde85abffc28317d2ee90665a81dbc4eb131366ee32f716c2fc49daf52eaf6d', 'c06d67cedf59a4a8a1af9a4e94e80ad631bf2ec575d97a4005e2ce0c8677a5bb']
[2026-09-25T02:20:21.106+0000] {subprocess.py:93} INFO - 2026-09-25 02:20:21,104 - INFO - 2 new file(s) to process: ['6fde85abffc28317d2ee90665a81dbc4eb131366ee32f716c2fc49daf52eaf6d', 'c06d67cedf59a4a8a1af9a4e94e80ad631bf2ec575d97a4005e2ce0c8677a5bb']
[2026-09-25T02:20:21.107+0000] {subprocess.py:93} INFO - 2026-09-25 02:20:21,104 - INFO - Started with 6fde85abffc28317d2ee90665a81dbc4eb131366ee32f716c2fc49daf52eaf6d
[2026-09-25T02:20:21.108+0000] {subprocess.py:93} INFO - 2026-09-25 02:20:21,107 - INFO - Created new batch with run_id 6 for lcbo_settlement_20260924.csv at 2026-09-25 02:20:21.104627
[2026-09-25T02:20:21.109+0000] {subprocess.py:93} INFO - 2026-09-25 02:20:21,107 - INFO - Postgres connection closed.
[2026-09-25T02:20:21.109+0000] {subprocess.py:93} INFO - 2026-09-25 02:20:21,107 - INFO - batch audit result: {'batch_created': True, 'batch_id': 6, 'related_date': datetime.datetime(2026, 9, 25, 2, 20, 21, 104627), 'file_hash': '6fde85abffc28317d2ee90665a81dbc4eb131366ee32f716c2fc49daf52eaf6d', 'all_processed_files': False}
[2026-09-25T02:20:21.119+0000] {subprocess.py:97} INFO - Command exited with return code 0
[2026-09-25T02:20:21.120+0000] {taskinstance.py:441} INFO - ::group::Post task execution logs
[2026-09-25T02:20:21.140+0000] {taskinstance.py:1206} INFO - Marking task as SUCCESS. dag_id=medallion_settlement_pipeline, task_id=Bronze_Ingestion.audit_batch_log, run_id=manual__2026-09-25T02:20:19.355561+00:00, execution_date=20260925T022019, start_date=20260925T022020, end_date=20260925T022021
[2026-09-25T02:20:21.191+0000] {local_task_job_runner.py:243} INFO - Task exited with return code 0
[2026-09-25T02:20:21.214+0000] {taskinstance.py:3503} INFO - 1 downstream tasks scheduled from follow-on schedule check
[2026-09-25T02:20:21.216+0000] {local_task_job_runner.py:222} INFO - ::endgroup::
