[2026-09-22T01:49:25.009+0000] {local_task_job_runner.py:120} INFO - ::group::Pre task execution logs
[2026-09-22T01:49:25.033+0000] {taskinstance.py:2076} INFO - Dependencies all met for dep_context=non-requeueable deps ti=<TaskInstance: lcbo_pipeline.silver.run_pre_snapshot manual__2026-09-22T01:49:18.135010+00:00 [queued]>
[2026-09-22T01:49:25.039+0000] {taskinstance.py:2076} INFO - Dependencies all met for dep_context=requeueable deps ti=<TaskInstance: lcbo_pipeline.silver.run_pre_snapshot manual__2026-09-22T01:49:18.135010+00:00 [queued]>
[2026-09-22T01:49:25.041+0000] {taskinstance.py:2306} INFO - Starting attempt 1 of 1
[2026-09-22T01:49:25.051+0000] {taskinstance.py:2330} INFO - Executing <Task(BashOperator): silver.run_pre_snapshot> on 2026-09-22 01:49:18.135010+00:00
[2026-09-22T01:49:25.061+0000] {standard_task_runner.py:90} INFO - Running: ['***', 'tasks', 'run', 'lcbo_pipeline', 'silver.run_pre_snapshot', 'manual__2026-09-22T01:49:18.135010+00:00', '--job-id', '112', '--raw', '--subdir', 'DAGS_FOLDER/lcbo_pipeline_dag.py', '--cfg-path', '/tmp/tmp5dp7wwbu']
[2026-09-22T01:49:25.063+0000] {logging_mixin.py:188} WARNING - /home/***/.local/lib/python3.12/site-packages/***/task/task_runner/standard_task_runner.py:62 DeprecationWarning: This process (pid=1269) is multi-threaded, use of fork() may lead to deadlocks in the child.
[2026-09-22T01:49:25.063+0000] {standard_task_runner.py:91} INFO - Job 112: Subtask silver.run_pre_snapshot
[2026-09-22T01:49:25.064+0000] {standard_task_runner.py:64} INFO - Started process 1270 to run task
[2026-09-22T01:49:25.105+0000] {task_command.py:426} INFO - Running <TaskInstance: lcbo_pipeline.silver.run_pre_snapshot manual__2026-09-22T01:49:18.135010+00:00 [running]> on host d8c458fd86ee
[2026-09-22T01:49:25.183+0000] {taskinstance.py:2648} INFO - Exporting env vars: AIRFLOW_CTX_DAG_OWNER='bhavik' AIRFLOW_CTX_DAG_ID='lcbo_pipeline' AIRFLOW_CTX_TASK_ID='silver.run_pre_snapshot' AIRFLOW_CTX_EXECUTION_DATE='2026-09-22T01:49:18.135010+00:00' AIRFLOW_CTX_TRY_NUMBER='1' AIRFLOW_CTX_DAG_RUN_ID='manual__2026-09-22T01:49:18.135010+00:00'
[2026-09-22T01:49:25.184+0000] {taskinstance.py:430} INFO - ::endgroup::
[2026-09-22T01:49:25.198+0000] {subprocess.py:63} INFO - Tmp dir root location: /tmp
[2026-09-22T01:49:25.200+0000] {subprocess.py:75} INFO - Running command: ['/usr/bin/bash', '-c', 'cd /opt/***/dbt_project && dbt run --target docker --select dbt_lcbo_raw dbt_product_cost dbt_lcbo_columns_trans dbt_lcbo_columns_type dbt_lcbo_cleansed_settlement dbt_lcbo_filterout_negative_sales dbt_dim_product_transform']
[2026-09-22T01:49:25.213+0000] {subprocess.py:86} INFO - Output:
[2026-09-22T01:49:27.272+0000] {subprocess.py:93} INFO - [0m01:49:27  Running with dbt=1.12.5
[2026-09-22T01:49:27.589+0000] {subprocess.py:93} INFO - [0m01:49:27  Registered adapter: postgres=1.9.0
[2026-09-22T01:49:28.747+0000] {subprocess.py:93} INFO - [0m01:49:28  Found 14 models, 2 snapshots, 3 sources, 597 macros
[2026-09-22T01:49:28.752+0000] {subprocess.py:93} INFO - [0m01:49:28
[2026-09-22T01:49:28.753+0000] {subprocess.py:93} INFO - [0m01:49:28  Concurrency: 4 threads (target='docker')
[2026-09-22T01:49:28.755+0000] {subprocess.py:93} INFO - [0m01:49:28
[2026-09-22T01:49:29.091+0000] {subprocess.py:93} INFO - [0m01:49:29  1 of 7 START sql table model silver.dbt_lcbo_raw ............................... [RUN]
[2026-09-22T01:49:29.092+0000] {subprocess.py:93} INFO - [0m01:49:29  2 of 7 START sql table model silver.dbt_product_cost ........................... [RUN]
[2026-09-22T01:49:29.319+0000] {subprocess.py:93} INFO - [0m01:49:29  1 of 7 OK created sql table model silver.dbt_lcbo_raw .......................... [[32mSELECT 14[0m in 0.22s]
[2026-09-22T01:49:29.327+0000] {subprocess.py:93} INFO - [0m01:49:29  3 of 7 START sql table model silver.dbt_lcbo_columns_trans ..................... [RUN]
[2026-09-22T01:49:29.334+0000] {subprocess.py:93} INFO - [0m01:49:29  2 of 7 OK created sql table model silver.dbt_product_cost ...................... [[32mSELECT 9[0m in 0.24s]
[2026-09-22T01:49:29.424+0000] {subprocess.py:93} INFO - [0m01:49:29  4 of 7 START sql table model silver.dbt_dim_product_transform .................. [RUN]
[2026-09-22T01:49:29.569+0000] {subprocess.py:93} INFO - [0m01:49:29  3 of 7 OK created sql table model silver.dbt_lcbo_columns_trans ................ [[32mSELECT 14[0m in 0.24s]
[2026-09-22T01:49:29.580+0000] {subprocess.py:93} INFO - [0m01:49:29  5 of 7 START sql table model silver.dbt_lcbo_columns_type ...................... [RUN]
[2026-09-22T01:49:29.595+0000] {subprocess.py:93} INFO - [0m01:49:29  4 of 7 OK created sql table model silver.dbt_dim_product_transform ............. [[32mSELECT 9[0m in 0.17s]
[2026-09-22T01:49:29.725+0000] {subprocess.py:93} INFO - [0m01:49:29  5 of 7 OK created sql table model silver.dbt_lcbo_columns_type ................. [[32mSELECT 14[0m in 0.14s]
[2026-09-22T01:49:29.730+0000] {subprocess.py:93} INFO - [0m01:49:29  6 of 7 START sql table model silver.dbt_lcbo_cleansed_settlement ............... [RUN]
[2026-09-22T01:49:29.732+0000] {subprocess.py:93} INFO - [0m01:49:29  7 of 7 START sql incremental model silver.dbt_lcbo_filterout_negative_sales .... [RUN]
[2026-09-22T01:49:29.953+0000] {subprocess.py:93} INFO - [0m01:49:29  6 of 7 OK created sql table model silver.dbt_lcbo_cleansed_settlement .......... [[32mSELECT 13[0m in 0.22s]
[2026-09-22T01:49:29.962+0000] {subprocess.py:93} INFO - [0m01:49:29  7 of 7 OK created sql incremental model silver.dbt_lcbo_filterout_negative_sales  [[32mMERGE 1[0m in 0.23s]
[2026-09-22T01:49:30.045+0000] {subprocess.py:93} INFO - [0m01:49:30
[2026-09-22T01:49:30.047+0000] {subprocess.py:93} INFO - [0m01:49:30  Finished running 1 incremental model, 6 table models in 0 hours 0 minutes and 1.29 seconds (1.29s).
[2026-09-22T01:49:30.163+0000] {subprocess.py:93} INFO - [0m01:49:30
[2026-09-22T01:49:30.165+0000] {subprocess.py:93} INFO - [0m01:49:30  [32mCompleted successfully[0m
[2026-09-22T01:49:30.167+0000] {subprocess.py:93} INFO - [0m01:49:30
[2026-09-22T01:49:30.168+0000] {subprocess.py:93} INFO - [0m01:49:30  Done. PASS=7 WARN=0 ERROR=0 SKIP=0 NO-OP=0 REUSED=0 TOTAL=7
[2026-09-22T01:49:34.066+0000] {subprocess.py:97} INFO - Command exited with return code 0
[2026-09-22T01:49:34.068+0000] {taskinstance.py:441} INFO - ::group::Post task execution logs
[2026-09-22T01:49:34.088+0000] {taskinstance.py:1206} INFO - Marking task as SUCCESS. dag_id=lcbo_pipeline, task_id=silver.run_pre_snapshot, run_id=manual__2026-09-22T01:49:18.135010+00:00, execution_date=20260922T014918, start_date=20260922T014925, end_date=20260922T014934
[2026-09-22T01:49:34.105+0000] {local_task_job_runner.py:243} INFO - Task exited with return code 0
[2026-09-22T01:49:34.126+0000] {taskinstance.py:3503} INFO - 1 downstream tasks scheduled from follow-on schedule check
[2026-09-22T01:49:34.129+0000] {local_task_job_runner.py:222} INFO - ::endgroup::
