[2026-09-22T01:38:20.446+0000] {local_task_job_runner.py:120} INFO - ::group::Pre task execution logs
[2026-09-22T01:38:20.475+0000] {taskinstance.py:2076} INFO - Dependencies all met for dep_context=non-requeueable deps ti=<TaskInstance: lcbo_pipeline.silver.run_pre_snapshot manual__2026-09-22T01:38:15.348434+00:00 [queued]>
[2026-09-22T01:38:20.483+0000] {taskinstance.py:2076} INFO - Dependencies all met for dep_context=requeueable deps ti=<TaskInstance: lcbo_pipeline.silver.run_pre_snapshot manual__2026-09-22T01:38:15.348434+00:00 [queued]>
[2026-09-22T01:38:20.484+0000] {taskinstance.py:2306} INFO - Starting attempt 1 of 1
[2026-09-22T01:38:20.494+0000] {taskinstance.py:2330} INFO - Executing <Task(BashOperator): silver.run_pre_snapshot> on 2026-09-22 01:38:15.348434+00:00
[2026-09-22T01:38:20.502+0000] {standard_task_runner.py:90} INFO - Running: ['***', 'tasks', 'run', 'lcbo_pipeline', 'silver.run_pre_snapshot', 'manual__2026-09-22T01:38:15.348434+00:00', '--job-id', '104', '--raw', '--subdir', 'DAGS_FOLDER/lcbo_pipeline_dag.py', '--cfg-path', '/tmp/tmpmsdidria']
[2026-09-22T01:38:20.505+0000] {standard_task_runner.py:91} INFO - Job 104: Subtask silver.run_pre_snapshot
[2026-09-22T01:38:20.505+0000] {logging_mixin.py:188} WARNING - /home/***/.local/lib/python3.12/site-packages/***/task/task_runner/standard_task_runner.py:62 DeprecationWarning: This process (pid=894) is multi-threaded, use of fork() may lead to deadlocks in the child.
[2026-09-22T01:38:20.506+0000] {standard_task_runner.py:64} INFO - Started process 895 to run task
[2026-09-22T01:38:20.540+0000] {task_command.py:426} INFO - Running <TaskInstance: lcbo_pipeline.silver.run_pre_snapshot manual__2026-09-22T01:38:15.348434+00:00 [running]> on host d8c458fd86ee
[2026-09-22T01:38:20.612+0000] {taskinstance.py:2648} INFO - Exporting env vars: AIRFLOW_CTX_DAG_OWNER='bhavik' AIRFLOW_CTX_DAG_ID='lcbo_pipeline' AIRFLOW_CTX_TASK_ID='silver.run_pre_snapshot' AIRFLOW_CTX_EXECUTION_DATE='2026-09-22T01:38:15.348434+00:00' AIRFLOW_CTX_TRY_NUMBER='1' AIRFLOW_CTX_DAG_RUN_ID='manual__2026-09-22T01:38:15.348434+00:00'
[2026-09-22T01:38:20.614+0000] {taskinstance.py:430} INFO - ::endgroup::
[2026-09-22T01:38:20.626+0000] {subprocess.py:63} INFO - Tmp dir root location: /tmp
[2026-09-22T01:38:20.629+0000] {subprocess.py:75} INFO - Running command: ['/usr/bin/bash', '-c', 'cd /opt/***/dbt_project && dbt run --target docker --select dbt_lcbo_raw dbt_product_cost dbt_lcbo_columns_trans dbt_lcbo_columns_type dbt_lcbo_cleansed_settlement dbt_lcbo_filterout_negative_sales dbt_dim_product_transform']
[2026-09-22T01:38:20.642+0000] {subprocess.py:86} INFO - Output:
[2026-09-22T01:38:22.747+0000] {subprocess.py:93} INFO - [0m01:38:22  Running with dbt=1.12.5
[2026-09-22T01:38:23.044+0000] {subprocess.py:93} INFO - [0m01:38:23  Registered adapter: postgres=1.9.0
[2026-09-22T01:38:23.252+0000] {subprocess.py:93} INFO - [0m01:38:23  Unable to do partial parsing because of a version mismatch
[2026-09-22T01:38:25.347+0000] {subprocess.py:93} INFO - [0m01:38:25  Found 14 models, 2 snapshots, 3 sources, 597 macros
[2026-09-22T01:38:25.352+0000] {subprocess.py:93} INFO - [0m01:38:25
[2026-09-22T01:38:25.353+0000] {subprocess.py:93} INFO - [0m01:38:25  Concurrency: 4 threads (target='docker')
[2026-09-22T01:38:25.354+0000] {subprocess.py:93} INFO - [0m01:38:25
[2026-09-22T01:38:25.761+0000] {subprocess.py:93} INFO - [0m01:38:25  1 of 7 START sql table model silver.dbt_lcbo_raw ............................... [RUN]
[2026-09-22T01:38:25.762+0000] {subprocess.py:93} INFO - [0m01:38:25  2 of 7 START sql table model silver.dbt_product_cost ........................... [RUN]
[2026-09-22T01:38:25.954+0000] {subprocess.py:93} INFO - [0m01:38:25  1 of 7 OK created sql table model silver.dbt_lcbo_raw .......................... [[32mSELECT 0[0m in 0.19s]
[2026-09-22T01:38:25.961+0000] {subprocess.py:93} INFO - [0m01:38:25  3 of 7 START sql table model silver.dbt_lcbo_columns_trans ..................... [RUN]
[2026-09-22T01:38:25.969+0000] {subprocess.py:93} INFO - [0m01:38:25  2 of 7 OK created sql table model silver.dbt_product_cost ...................... [[32mSELECT 9[0m in 0.20s]
[2026-09-22T01:38:25.979+0000] {subprocess.py:93} INFO - [0m01:38:25  4 of 7 START sql table model silver.dbt_dim_product_transform .................. [RUN]
[2026-09-22T01:38:26.111+0000] {subprocess.py:93} INFO - [0m01:38:26  3 of 7 OK created sql table model silver.dbt_lcbo_columns_trans ................ [[32mSELECT 0[0m in 0.14s]
[2026-09-22T01:38:26.121+0000] {subprocess.py:93} INFO - [0m01:38:26  5 of 7 START sql table model silver.dbt_lcbo_columns_type ...................... [RUN]
[2026-09-22T01:38:26.134+0000] {subprocess.py:93} INFO - [0m01:38:26  4 of 7 OK created sql table model silver.dbt_dim_product_transform ............. [[32mSELECT 9[0m in 0.15s]
[2026-09-22T01:38:26.259+0000] {subprocess.py:93} INFO - [0m01:38:26  5 of 7 OK created sql table model silver.dbt_lcbo_columns_type ................. [[32mSELECT 0[0m in 0.13s]
[2026-09-22T01:38:26.265+0000] {subprocess.py:93} INFO - [0m01:38:26  6 of 7 START sql table model silver.dbt_lcbo_cleansed_settlement ............... [RUN]
[2026-09-22T01:38:26.266+0000] {subprocess.py:93} INFO - [0m01:38:26  7 of 7 START sql incremental model silver.dbt_lcbo_filterout_negative_sales .... [RUN]
[2026-09-22T01:38:26.495+0000] {subprocess.py:93} INFO - [0m01:38:26  6 of 7 OK created sql table model silver.dbt_lcbo_cleansed_settlement .......... [[32mSELECT 0[0m in 0.22s]
[2026-09-22T01:38:26.507+0000] {subprocess.py:93} INFO - [0m01:38:26  7 of 7 OK created sql incremental model silver.dbt_lcbo_filterout_negative_sales  [[32mMERGE 0[0m in 0.24s]
[2026-09-22T01:38:26.590+0000] {subprocess.py:93} INFO - [0m01:38:26
[2026-09-22T01:38:26.591+0000] {subprocess.py:93} INFO - [0m01:38:26  Finished running 1 incremental model, 6 table models in 0 hours 0 minutes and 1.23 seconds (1.23s).
[2026-09-22T01:38:26.707+0000] {subprocess.py:93} INFO - [0m01:38:26
[2026-09-22T01:38:26.709+0000] {subprocess.py:93} INFO - [0m01:38:26  [32mCompleted successfully[0m
[2026-09-22T01:38:26.710+0000] {subprocess.py:93} INFO - [0m01:38:26
[2026-09-22T01:38:26.712+0000] {subprocess.py:93} INFO - [0m01:38:26  Done. PASS=7 WARN=0 ERROR=0 SKIP=0 NO-OP=0 REUSED=0 TOTAL=7
[2026-09-22T01:38:30.547+0000] {subprocess.py:97} INFO - Command exited with return code 0
[2026-09-22T01:38:30.549+0000] {taskinstance.py:441} INFO - ::group::Post task execution logs
[2026-09-22T01:38:30.569+0000] {taskinstance.py:1206} INFO - Marking task as SUCCESS. dag_id=lcbo_pipeline, task_id=silver.run_pre_snapshot, run_id=manual__2026-09-22T01:38:15.348434+00:00, execution_date=20260922T013815, start_date=20260922T013820, end_date=20260922T013830
[2026-09-22T01:38:30.589+0000] {local_task_job_runner.py:243} INFO - Task exited with return code 0
[2026-09-22T01:38:30.608+0000] {taskinstance.py:3503} INFO - 1 downstream tasks scheduled from follow-on schedule check
[2026-09-22T01:38:30.611+0000] {local_task_job_runner.py:222} INFO - ::endgroup::
