[2026-09-23T01:46:48.217+0000] {local_task_job_runner.py:120} INFO - ::group::Pre task execution logs
[2026-09-23T01:46:48.247+0000] {taskinstance.py:2076} INFO - Dependencies all met for dep_context=non-requeueable deps ti=<TaskInstance: medallion_settlement_pipeline.Silver_Transform.join_settlement_to_cost manual__2026-09-23T01:46:22.219923+00:00 [queued]>
[2026-09-23T01:46:48.254+0000] {taskinstance.py:2076} INFO - Dependencies all met for dep_context=requeueable deps ti=<TaskInstance: medallion_settlement_pipeline.Silver_Transform.join_settlement_to_cost manual__2026-09-23T01:46:22.219923+00:00 [queued]>
[2026-09-23T01:46:48.256+0000] {taskinstance.py:2306} INFO - Starting attempt 1 of 1
[2026-09-23T01:46:48.267+0000] {taskinstance.py:2330} INFO - Executing <Task(BashOperator): Silver_Transform.join_settlement_to_cost> on 2026-09-23 01:46:22.219923+00:00
[2026-09-23T01:46:48.277+0000] {standard_task_runner.py:90} INFO - Running: ['***', 'tasks', 'run', 'medallion_settlement_pipeline', 'Silver_Transform.join_settlement_to_cost', 'manual__2026-09-23T01:46:22.219923+00:00', '--job-id', '170', '--raw', '--subdir', 'DAGS_FOLDER/lcbo_pipeline_dag.py', '--cfg-path', '/tmp/tmp8mdt5ibc']
[2026-09-23T01:46:48.279+0000] {logging_mixin.py:188} WARNING - /home/***/.local/lib/python3.12/site-packages/***/task/task_runner/standard_task_runner.py:62 DeprecationWarning: This process (pid=2220) is multi-threaded, use of fork() may lead to deadlocks in the child.
[2026-09-23T01:46:48.280+0000] {standard_task_runner.py:91} INFO - Job 170: Subtask Silver_Transform.join_settlement_to_cost
[2026-09-23T01:46:48.280+0000] {standard_task_runner.py:64} INFO - Started process 2221 to run task
[2026-09-23T01:46:48.318+0000] {task_command.py:426} INFO - Running <TaskInstance: medallion_settlement_pipeline.Silver_Transform.join_settlement_to_cost manual__2026-09-23T01:46:22.219923+00:00 [running]> on host 4318980e9d4e
[2026-09-23T01:46:48.385+0000] {taskinstance.py:2648} INFO - Exporting env vars: AIRFLOW_CTX_DAG_OWNER='bhavik' AIRFLOW_CTX_DAG_ID='medallion_settlement_pipeline' AIRFLOW_CTX_TASK_ID='Silver_Transform.join_settlement_to_cost' AIRFLOW_CTX_EXECUTION_DATE='2026-09-23T01:46:22.219923+00:00' AIRFLOW_CTX_TRY_NUMBER='1' AIRFLOW_CTX_DAG_RUN_ID='manual__2026-09-23T01:46:22.219923+00:00'
[2026-09-23T01:46:48.387+0000] {taskinstance.py:430} INFO - ::endgroup::
[2026-09-23T01:46:48.397+0000] {subprocess.py:63} INFO - Tmp dir root location: /tmp
[2026-09-23T01:46:48.400+0000] {subprocess.py:75} INFO - Running command: ['/usr/bin/bash', '-c', 'cd /opt/***/dbt_project && dbt run --target docker --select dbt_lcbo_joined_dim_prod_cost']
[2026-09-23T01:46:48.413+0000] {subprocess.py:86} INFO - Output:
[2026-09-23T01:46:49.985+0000] {subprocess.py:93} INFO - [0m01:46:49  Running with dbt=1.12.5
[2026-09-23T01:46:50.219+0000] {subprocess.py:93} INFO - [0m01:46:50  Registered adapter: postgres=1.9.0
[2026-09-23T01:46:51.346+0000] {subprocess.py:93} INFO - [0m01:46:51  Found 14 models, 2 snapshots, 3 sources, 597 macros
[2026-09-23T01:46:51.350+0000] {subprocess.py:93} INFO - [0m01:46:51
[2026-09-23T01:46:51.351+0000] {subprocess.py:93} INFO - [0m01:46:51  Concurrency: 4 threads (target='docker')
[2026-09-23T01:46:51.352+0000] {subprocess.py:93} INFO - [0m01:46:51
[2026-09-23T01:46:51.894+0000] {subprocess.py:93} INFO - [0m01:46:51  1 of 1 START sql table model silver.dbt_lcbo_joined_dim_prod_cost .............. [RUN]
[2026-09-23T01:46:52.082+0000] {subprocess.py:93} INFO - [0m01:46:52  1 of 1 OK created sql table model silver.dbt_lcbo_joined_dim_prod_cost ......... [[32mSELECT 14[0m in 0.18s]
[2026-09-23T01:46:52.163+0000] {subprocess.py:93} INFO - [0m01:46:52
[2026-09-23T01:46:52.164+0000] {subprocess.py:93} INFO - [0m01:46:52  Finished running 1 table model in 0 hours 0 minutes and 0.81 seconds (0.81s).
[2026-09-23T01:46:52.350+0000] {subprocess.py:93} INFO - [0m01:46:52
[2026-09-23T01:46:52.351+0000] {subprocess.py:93} INFO - [0m01:46:52  [32mCompleted successfully[0m
[2026-09-23T01:46:52.353+0000] {subprocess.py:93} INFO - [0m01:46:52
[2026-09-23T01:46:52.354+0000] {subprocess.py:93} INFO - [0m01:46:52  Done. PASS=1 WARN=0 ERROR=0 SKIP=0 NO-OP=0 REUSED=0 TOTAL=1
[2026-09-23T01:46:56.110+0000] {subprocess.py:97} INFO - Command exited with return code 0
[2026-09-23T01:46:56.112+0000] {taskinstance.py:441} INFO - ::group::Post task execution logs
[2026-09-23T01:46:56.135+0000] {taskinstance.py:1206} INFO - Marking task as SUCCESS. dag_id=medallion_settlement_pipeline, task_id=Silver_Transform.join_settlement_to_cost, run_id=manual__2026-09-23T01:46:22.219923+00:00, execution_date=20260923T014622, start_date=20260923T014648, end_date=20260923T014656
[2026-09-23T01:46:56.164+0000] {local_task_job_runner.py:243} INFO - Task exited with return code 0
[2026-09-23T01:46:56.185+0000] {taskinstance.py:3503} INFO - 1 downstream tasks scheduled from follow-on schedule check
[2026-09-23T01:46:56.188+0000] {local_task_job_runner.py:222} INFO - ::endgroup::
