[2026-09-26T20:13:02.834+0000] {local_task_job_runner.py:120} INFO - ::group::Pre task execution logs
[2026-09-26T20:13:02.858+0000] {taskinstance.py:2076} INFO - Dependencies all met for dep_context=non-requeueable deps ti=<TaskInstance: medallion_settlement_pipeline.Bronze_Ingestion.ingest_settlements manual__2026-09-26T20:13:01.004302+00:00 [queued]>
[2026-09-26T20:13:02.864+0000] {taskinstance.py:2076} INFO - Dependencies all met for dep_context=requeueable deps ti=<TaskInstance: medallion_settlement_pipeline.Bronze_Ingestion.ingest_settlements manual__2026-09-26T20:13:01.004302+00:00 [queued]>
[2026-09-26T20:13:02.865+0000] {taskinstance.py:2306} INFO - Starting attempt 1 of 1
[2026-09-26T20:13:02.874+0000] {taskinstance.py:2330} INFO - Executing <Task(BashOperator): Bronze_Ingestion.ingest_settlements> on 2026-09-26 20:13:01.004302+00:00
[2026-09-26T20:13:02.882+0000] {standard_task_runner.py:90} INFO - Running: ['***', 'tasks', 'run', 'medallion_settlement_pipeline', 'Bronze_Ingestion.ingest_settlements', 'manual__2026-09-26T20:13:01.004302+00:00', '--job-id', '240', '--raw', '--subdir', 'DAGS_FOLDER/lcbo_pipeline_dag.py', '--cfg-path', '/tmp/tmp76t16iwc']
[2026-09-26T20:13:02.884+0000] {logging_mixin.py:188} WARNING - /home/***/.local/lib/python3.12/site-packages/***/task/task_runner/standard_task_runner.py:62 DeprecationWarning: This process (pid=995) is multi-threaded, use of fork() may lead to deadlocks in the child.
[2026-09-26T20:13:02.884+0000] {standard_task_runner.py:91} INFO - Job 240: Subtask Bronze_Ingestion.ingest_settlements
[2026-09-26T20:13:02.885+0000] {standard_task_runner.py:64} INFO - Started process 996 to run task
[2026-09-26T20:13:02.921+0000] {task_command.py:426} INFO - Running <TaskInstance: medallion_settlement_pipeline.Bronze_Ingestion.ingest_settlements manual__2026-09-26T20:13:01.004302+00:00 [running]> on host 419d86c5d3f8
[2026-09-26T20:13:02.986+0000] {taskinstance.py:2648} INFO - Exporting env vars: AIRFLOW_CTX_DAG_OWNER='bhavik' AIRFLOW_CTX_DAG_ID='medallion_settlement_pipeline' AIRFLOW_CTX_TASK_ID='Bronze_Ingestion.ingest_settlements' AIRFLOW_CTX_EXECUTION_DATE='2026-09-26T20:13:01.004302+00:00' AIRFLOW_CTX_TRY_NUMBER='1' AIRFLOW_CTX_DAG_RUN_ID='manual__2026-09-26T20:13:01.004302+00:00'
[2026-09-26T20:13:02.987+0000] {taskinstance.py:430} INFO - ::endgroup::
[2026-09-26T20:13:02.998+0000] {subprocess.py:63} INFO - Tmp dir root location: /tmp
[2026-09-26T20:13:03.000+0000] {subprocess.py:75} INFO - Running command: ['/usr/bin/bash', '-c', 'python /opt/***/etl_scripts/bronze_lcbo_raw.py']
[2026-09-26T20:13:03.011+0000] {subprocess.py:86} INFO - Output:
[2026-09-26T20:13:03.928+0000] {subprocess.py:93} INFO - 2026-09-26 20:13:03,928 - INFO - Successfully connected to Postgres
[2026-09-26T20:13:03.930+0000] {subprocess.py:93} INFO - 2026-09-26 20:13:03,928 - INFO - Successfully connected to Postgres
[2026-09-26T20:13:03.931+0000] {subprocess.py:93} INFO - 2026-09-26 20:13:03,928 - INFO - LoadingData_ToPostgres class initialized successfully.
[2026-09-26T20:13:03.932+0000] {subprocess.py:93} INFO - 2026-09-26 20:13:03,932 - INFO - Processing file: lcbo_settlement_20260925.csv with batch ID: 8 and file hash: ed419da2d8b9b0226e1775ae3b28f1f7baae5ffd8dd0c8da52b4a44b37536a72
[2026-09-26T20:13:03.933+0000] {subprocess.py:93} INFO - 2026-09-26 20:13:03,932 - INFO - Found file: /opt/***/source_files/lcbo_settlement_20260925.csv
[2026-09-26T20:13:03.942+0000] {subprocess.py:93} INFO - 2026-09-26 20:13:03,941 - INFO - Inserted batch of size 10 into Postgres.
[2026-09-26T20:13:03.944+0000] {subprocess.py:93} INFO - 2026-09-26 20:13:03,943 - INFO - File processed successfully.
[2026-09-26T20:13:03.944+0000] {subprocess.py:93} INFO - 2026-09-26 20:13:03,944 - INFO - Postgres connection closed.
[2026-09-26T20:13:04.036+0000] {subprocess.py:97} INFO - Command exited with return code 0
[2026-09-26T20:13:04.037+0000] {taskinstance.py:441} INFO - ::group::Post task execution logs
[2026-09-26T20:13:04.055+0000] {taskinstance.py:1206} INFO - Marking task as SUCCESS. dag_id=medallion_settlement_pipeline, task_id=Bronze_Ingestion.ingest_settlements, run_id=manual__2026-09-26T20:13:01.004302+00:00, execution_date=20260926T201301, start_date=20260926T201302, end_date=20260926T201304
[2026-09-26T20:13:04.105+0000] {local_task_job_runner.py:243} INFO - Task exited with return code 0
[2026-09-26T20:13:04.124+0000] {taskinstance.py:3503} INFO - 1 downstream tasks scheduled from follow-on schedule check
[2026-09-26T20:13:04.126+0000] {local_task_job_runner.py:222} INFO - ::endgroup::
