[2026-09-24T01:10:09.611+0000] {local_task_job_runner.py:120} INFO - ::group::Pre task execution logs
[2026-09-24T01:10:09.635+0000] {taskinstance.py:2076} INFO - Dependencies all met for dep_context=non-requeueable deps ti=<TaskInstance: medallion_settlement_pipeline.Silver_Transform.clean_cast_settlements manual__2026-09-24T01:10:03.772856+00:00 [queued]>
[2026-09-24T01:10:09.642+0000] {taskinstance.py:2076} INFO - Dependencies all met for dep_context=requeueable deps ti=<TaskInstance: medallion_settlement_pipeline.Silver_Transform.clean_cast_settlements manual__2026-09-24T01:10:03.772856+00:00 [queued]>
[2026-09-24T01:10:09.644+0000] {taskinstance.py:2306} INFO - Starting attempt 1 of 1
[2026-09-24T01:10:09.653+0000] {taskinstance.py:2330} INFO - Executing <Task(BashOperator): Silver_Transform.clean_cast_settlements> on 2026-09-24 01:10:03.772856+00:00
[2026-09-24T01:10:09.662+0000] {standard_task_runner.py:90} INFO - Running: ['***', 'tasks', 'run', 'medallion_settlement_pipeline', 'Silver_Transform.clean_cast_settlements', 'manual__2026-09-24T01:10:03.772856+00:00', '--job-id', '178', '--raw', '--subdir', 'DAGS_FOLDER/lcbo_pipeline_dag.py', '--cfg-path', '/tmp/tmphq34bn8z']
[2026-09-24T01:10:09.663+0000] {logging_mixin.py:188} WARNING - /home/***/.local/lib/python3.12/site-packages/***/task/task_runner/standard_task_runner.py:62 DeprecationWarning: This process (pid=253) is multi-threaded, use of fork() may lead to deadlocks in the child.
[2026-09-24T01:10:09.665+0000] {standard_task_runner.py:91} INFO - Job 178: Subtask Silver_Transform.clean_cast_settlements
[2026-09-24T01:10:09.666+0000] {standard_task_runner.py:64} INFO - Started process 254 to run task
[2026-09-24T01:10:09.709+0000] {task_command.py:426} INFO - Running <TaskInstance: medallion_settlement_pipeline.Silver_Transform.clean_cast_settlements manual__2026-09-24T01:10:03.772856+00:00 [running]> on host ca212af9ca23
[2026-09-24T01:10:09.781+0000] {taskinstance.py:2648} INFO - Exporting env vars: AIRFLOW_CTX_DAG_OWNER='bhavik' AIRFLOW_CTX_DAG_ID='medallion_settlement_pipeline' AIRFLOW_CTX_TASK_ID='Silver_Transform.clean_cast_settlements' AIRFLOW_CTX_EXECUTION_DATE='2026-09-24T01:10:03.772856+00:00' AIRFLOW_CTX_TRY_NUMBER='1' AIRFLOW_CTX_DAG_RUN_ID='manual__2026-09-24T01:10:03.772856+00:00'
[2026-09-24T01:10:09.782+0000] {taskinstance.py:430} INFO - ::endgroup::
[2026-09-24T01:10:09.791+0000] {subprocess.py:63} INFO - Tmp dir root location: /tmp
[2026-09-24T01:10:09.793+0000] {subprocess.py:75} INFO - Running command: ['/usr/bin/bash', '-c', 'cd /opt/***/dbt_project && dbt run --target docker --select dbt_lcbo_raw dbt_product_cost dbt_lcbo_columns_trans dbt_lcbo_columns_type dbt_lcbo_cleansed_settlement dbt_lcbo_filterout_negative_sales dbt_dim_product_transform']
[2026-09-24T01:10:09.804+0000] {subprocess.py:86} INFO - Output:
[2026-09-24T01:10:11.868+0000] {subprocess.py:93} INFO - [0m01:10:11  Running with dbt=1.12.5
[2026-09-24T01:10:12.134+0000] {subprocess.py:93} INFO - [0m01:10:12  Registered adapter: postgres=1.9.0
[2026-09-24T01:10:12.350+0000] {subprocess.py:93} INFO - [0m01:10:12  Unable to do partial parsing because of a version mismatch
[2026-09-24T01:10:14.657+0000] {subprocess.py:93} INFO - [0m01:10:14  Found 14 models, 2 snapshots, 3 sources, 597 macros
[2026-09-24T01:10:14.662+0000] {subprocess.py:93} INFO - [0m01:10:14
[2026-09-24T01:10:14.664+0000] {subprocess.py:93} INFO - [0m01:10:14  Concurrency: 4 threads (target='docker')
[2026-09-24T01:10:14.665+0000] {subprocess.py:93} INFO - [0m01:10:14
[2026-09-24T01:10:15.030+0000] {subprocess.py:93} INFO - [0m01:10:15  1 of 7 START sql table model silver.dbt_lcbo_raw ............................... [RUN]
[2026-09-24T01:10:15.032+0000] {subprocess.py:93} INFO - [0m01:10:15  2 of 7 START sql table model silver.dbt_product_cost ........................... [RUN]
[2026-09-24T01:10:15.287+0000] {subprocess.py:93} INFO - [0m01:10:15  1 of 7 OK created sql table model silver.dbt_lcbo_raw .......................... [[32mSELECT 15[0m in 0.25s]
[2026-09-24T01:10:15.290+0000] {subprocess.py:93} INFO - [0m01:10:15  2 of 7 OK created sql table model silver.dbt_product_cost ...................... [[32mSELECT 9[0m in 0.25s]
[2026-09-24T01:10:15.301+0000] {subprocess.py:93} INFO - [0m01:10:15  3 of 7 START sql table model silver.dbt_lcbo_columns_trans ..................... [RUN]
[2026-09-24T01:10:15.303+0000] {subprocess.py:93} INFO - [0m01:10:15  4 of 7 START sql table model silver.dbt_dim_product_transform .................. [RUN]
[2026-09-24T01:10:15.522+0000] {subprocess.py:93} INFO - [0m01:10:15  3 of 7 OK created sql table model silver.dbt_lcbo_columns_trans ................ [[32mSELECT 14[0m in 0.21s]
[2026-09-24T01:10:15.524+0000] {subprocess.py:93} INFO - [0m01:10:15  4 of 7 OK created sql table model silver.dbt_dim_product_transform ............. [[32mSELECT 9[0m in 0.21s]
[2026-09-24T01:10:15.534+0000] {subprocess.py:93} INFO - [0m01:10:15  5 of 7 START sql table model silver.dbt_lcbo_columns_type ...................... [RUN]
[2026-09-24T01:10:15.669+0000] {subprocess.py:93} INFO - [0m01:10:15  5 of 7 OK created sql table model silver.dbt_lcbo_columns_type ................. [[32mSELECT 14[0m in 0.13s]
[2026-09-24T01:10:15.674+0000] {subprocess.py:93} INFO - [0m01:10:15  6 of 7 START sql table model silver.dbt_lcbo_cleansed_settlement ............... [RUN]
[2026-09-24T01:10:15.676+0000] {subprocess.py:93} INFO - [0m01:10:15  7 of 7 START sql incremental model silver.dbt_lcbo_filterout_negative_sales .... [RUN]
[2026-09-24T01:10:15.903+0000] {subprocess.py:93} INFO - [0m01:10:15  6 of 7 OK created sql table model silver.dbt_lcbo_cleansed_settlement .......... [[32mSELECT 14[0m in 0.22s]
[2026-09-24T01:10:15.925+0000] {subprocess.py:93} INFO - [0m01:10:15  7 of 7 OK created sql incremental model silver.dbt_lcbo_filterout_negative_sales  [[32mMERGE 0[0m in 0.24s]
[2026-09-24T01:10:16.000+0000] {subprocess.py:93} INFO - [0m01:10:16
[2026-09-24T01:10:16.001+0000] {subprocess.py:93} INFO - [0m01:10:16  Finished running 1 incremental model, 6 table models in 0 hours 0 minutes and 1.33 seconds (1.33s).
[2026-09-24T01:10:16.138+0000] {subprocess.py:93} INFO - [0m01:10:16
[2026-09-24T01:10:16.140+0000] {subprocess.py:93} INFO - [0m01:10:16  [32mCompleted successfully[0m
[2026-09-24T01:10:16.142+0000] {subprocess.py:93} INFO - [0m01:10:16
[2026-09-24T01:10:16.143+0000] {subprocess.py:93} INFO - [0m01:10:16  Done. PASS=7 WARN=0 ERROR=0 SKIP=0 NO-OP=0 REUSED=0 TOTAL=7
[2026-09-24T01:10:20.637+0000] {subprocess.py:97} INFO - Command exited with return code 0
[2026-09-24T01:10:20.639+0000] {taskinstance.py:441} INFO - ::group::Post task execution logs
[2026-09-24T01:10:20.660+0000] {taskinstance.py:1206} INFO - Marking task as SUCCESS. dag_id=medallion_settlement_pipeline, task_id=Silver_Transform.clean_cast_settlements, run_id=manual__2026-09-24T01:10:03.772856+00:00, execution_date=20260924T011003, start_date=20260924T011009, end_date=20260924T011020
[2026-09-24T01:10:20.708+0000] {local_task_job_runner.py:243} INFO - Task exited with return code 0
[2026-09-24T01:10:20.731+0000] {taskinstance.py:3503} INFO - 1 downstream tasks scheduled from follow-on schedule check
[2026-09-24T01:10:20.734+0000] {local_task_job_runner.py:222} INFO - ::endgroup::
