[2026-09-19T17:40:41.824+0000] {local_task_job_runner.py:120} INFO - ::group::Pre task execution logs
[2026-09-19T17:40:41.869+0000] {taskinstance.py:2076} INFO - Dependencies all met for dep_context=non-requeueable deps ti=<TaskInstance: lcbo_pipeline.silver.snapshot_cost manual__2026-09-19T17:40:24.501729+00:00 [queued]>
[2026-09-19T17:40:41.884+0000] {taskinstance.py:2076} INFO - Dependencies all met for dep_context=requeueable deps ti=<TaskInstance: lcbo_pipeline.silver.snapshot_cost manual__2026-09-19T17:40:24.501729+00:00 [queued]>
[2026-09-19T17:40:41.886+0000] {taskinstance.py:2306} INFO - Starting attempt 1 of 1
[2026-09-19T17:40:41.904+0000] {taskinstance.py:2330} INFO - Executing <Task(BashOperator): silver.snapshot_cost> on 2026-09-19 17:40:24.501729+00:00
[2026-09-19T17:40:41.914+0000] {standard_task_runner.py:90} INFO - Running: ['***', 'tasks', 'run', 'lcbo_pipeline', 'silver.snapshot_cost', 'manual__2026-09-19T17:40:24.501729+00:00', '--job-id', '39', '--raw', '--subdir', 'DAGS_FOLDER/lcbo_pipeline_dag.py', '--cfg-path', '/tmp/tmp0zqdaksx']
[2026-09-19T17:40:41.917+0000] {logging_mixin.py:188} WARNING - /home/***/.local/lib/python3.12/site-packages/***/task/task_runner/standard_task_runner.py:62 DeprecationWarning: This process (pid=372) is multi-threaded, use of fork() may lead to deadlocks in the child.
[2026-09-19T17:40:41.918+0000] {standard_task_runner.py:91} INFO - Job 39: Subtask silver.snapshot_cost
[2026-09-19T17:40:41.919+0000] {standard_task_runner.py:64} INFO - Started process 373 to run task
[2026-09-19T17:40:41.962+0000] {task_command.py:426} INFO - Running <TaskInstance: lcbo_pipeline.silver.snapshot_cost manual__2026-09-19T17:40:24.501729+00:00 [running]> on host 603277fa8897
[2026-09-19T17:40:42.049+0000] {taskinstance.py:2648} INFO - Exporting env vars: AIRFLOW_CTX_DAG_OWNER='bhavik' AIRFLOW_CTX_DAG_ID='lcbo_pipeline' AIRFLOW_CTX_TASK_ID='silver.snapshot_cost' AIRFLOW_CTX_EXECUTION_DATE='2026-09-19T17:40:24.501729+00:00' AIRFLOW_CTX_TRY_NUMBER='1' AIRFLOW_CTX_DAG_RUN_ID='manual__2026-09-19T17:40:24.501729+00:00'
[2026-09-19T17:40:42.050+0000] {taskinstance.py:430} INFO - ::endgroup::
[2026-09-19T17:40:42.062+0000] {subprocess.py:63} INFO - Tmp dir root location: /tmp
[2026-09-19T17:40:42.064+0000] {subprocess.py:75} INFO - Running command: ['/usr/bin/bash', '-c', 'cd /opt/***/dbt_project && dbt snapshot --target docker --select dim_product_cost']
[2026-09-19T17:40:42.076+0000] {subprocess.py:86} INFO - Output:
[2026-09-19T17:40:44.070+0000] {subprocess.py:93} INFO - [0m17:40:44  Running with dbt=1.12.5
[2026-09-19T17:40:44.346+0000] {subprocess.py:93} INFO - [0m17:40:44  Registered adapter: postgres=1.9.0
[2026-09-19T17:40:45.549+0000] {subprocess.py:93} INFO - [0m17:40:45  Found 14 models, 2 snapshots, 3 sources, 597 macros
[2026-09-19T17:40:45.554+0000] {subprocess.py:93} INFO - [0m17:40:45
[2026-09-19T17:40:45.555+0000] {subprocess.py:93} INFO - [0m17:40:45  Concurrency: 4 threads (target='docker')
[2026-09-19T17:40:45.558+0000] {subprocess.py:93} INFO - [0m17:40:45
[2026-09-19T17:40:45.974+0000] {subprocess.py:93} INFO - [0m17:40:45  1 of 1 START snapshot gold.dim_product_cost_snapshot ........................... [RUN]
[2026-09-19T17:40:46.395+0000] {subprocess.py:93} INFO - [0m17:40:46  [[33mWARNING[0m]: Data type of snapshot table timestamp columns (DATETIME) doesn't match derived column 'updated_at' (DATE). Please update snapshot config 'updated_at'.
[2026-09-19T17:40:46.451+0000] {subprocess.py:93} INFO - [0m17:40:46  1 of 1 OK snapshotted gold.dim_product_cost_snapshot ........................... [[32mINSERT 0 0[0m in 0.47s]
[2026-09-19T17:40:46.577+0000] {subprocess.py:93} INFO - [0m17:40:46
[2026-09-19T17:40:46.581+0000] {subprocess.py:93} INFO - [0m17:40:46  Finished running 1 snapshot in 0 hours 0 minutes and 1.02 seconds (1.02s).
[2026-09-19T17:40:46.891+0000] {subprocess.py:93} INFO - [0m17:40:46
[2026-09-19T17:40:46.894+0000] {subprocess.py:93} INFO - [0m17:40:46  [32mCompleted successfully[0m
[2026-09-19T17:40:46.896+0000] {subprocess.py:93} INFO - [0m17:40:46
[2026-09-19T17:40:46.899+0000] {subprocess.py:93} INFO - [0m17:40:46  Done. PASS=1 WARN=0 ERROR=0 SKIP=0 NO-OP=0 REUSED=0 TOTAL=1
[2026-09-19T17:40:51.429+0000] {subprocess.py:97} INFO - Command exited with return code 0
[2026-09-19T17:40:51.430+0000] {taskinstance.py:441} INFO - ::group::Post task execution logs
[2026-09-19T17:40:51.449+0000] {taskinstance.py:1206} INFO - Marking task as SUCCESS. dag_id=lcbo_pipeline, task_id=silver.snapshot_cost, run_id=manual__2026-09-19T17:40:24.501729+00:00, execution_date=20260919T174024, start_date=20260919T174041, end_date=20260919T174051
[2026-09-19T17:40:51.466+0000] {local_task_job_runner.py:243} INFO - Task exited with return code 0
[2026-09-19T17:40:51.485+0000] {taskinstance.py:3503} INFO - 1 downstream tasks scheduled from follow-on schedule check
[2026-09-19T17:40:51.487+0000] {local_task_job_runner.py:222} INFO - ::endgroup::
