[2026-09-19T20:32:21.784+0000] {local_task_job_runner.py:120} INFO - ::group::Pre task execution logs
[2026-09-19T20:32:21.810+0000] {taskinstance.py:2076} INFO - Dependencies all met for dep_context=non-requeueable deps ti=<TaskInstance: lcbo_pipeline.bronze.product_cost manual__2026-09-19T20:32:17.784588+00:00 [queued]>
[2026-09-19T20:32:21.817+0000] {taskinstance.py:2076} INFO - Dependencies all met for dep_context=requeueable deps ti=<TaskInstance: lcbo_pipeline.bronze.product_cost manual__2026-09-19T20:32:17.784588+00:00 [queued]>
[2026-09-19T20:32:21.818+0000] {taskinstance.py:2306} INFO - Starting attempt 1 of 1
[2026-09-19T20:32:21.828+0000] {taskinstance.py:2330} INFO - Executing <Task(BashOperator): bronze.product_cost> on 2026-09-19 20:32:17.784588+00:00
[2026-09-19T20:32:21.837+0000] {standard_task_runner.py:90} INFO - Running: ['***', 'tasks', 'run', 'lcbo_pipeline', 'bronze.product_cost', 'manual__2026-09-19T20:32:17.784588+00:00', '--job-id', '62', '--raw', '--subdir', 'DAGS_FOLDER/lcbo_pipeline_dag.py', '--cfg-path', '/tmp/tmpy4t5bobt']
[2026-09-19T20:32:21.839+0000] {logging_mixin.py:188} WARNING - /home/***/.local/lib/python3.12/site-packages/***/task/task_runner/standard_task_runner.py:62 DeprecationWarning: This process (pid=1948) is multi-threaded, use of fork() may lead to deadlocks in the child.
[2026-09-19T20:32:21.839+0000] {standard_task_runner.py:91} INFO - Job 62: Subtask bronze.product_cost
[2026-09-19T20:32:21.840+0000] {standard_task_runner.py:64} INFO - Started process 1949 to run task
[2026-09-19T20:32:21.873+0000] {task_command.py:426} INFO - Running <TaskInstance: lcbo_pipeline.bronze.product_cost manual__2026-09-19T20:32:17.784588+00:00 [running]> on host 6cf516ec3c07
[2026-09-19T20:32:21.940+0000] {taskinstance.py:2648} INFO - Exporting env vars: AIRFLOW_CTX_DAG_OWNER='bhavik' AIRFLOW_CTX_DAG_ID='lcbo_pipeline' AIRFLOW_CTX_TASK_ID='bronze.product_cost' AIRFLOW_CTX_EXECUTION_DATE='2026-09-19T20:32:17.784588+00:00' AIRFLOW_CTX_TRY_NUMBER='1' AIRFLOW_CTX_DAG_RUN_ID='manual__2026-09-19T20:32:17.784588+00:00'
[2026-09-19T20:32:21.941+0000] {taskinstance.py:430} INFO - ::endgroup::
[2026-09-19T20:32:21.952+0000] {subprocess.py:63} INFO - Tmp dir root location: /tmp
[2026-09-19T20:32:21.954+0000] {subprocess.py:75} INFO - Running command: ['/usr/bin/bash', '-c', 'python /opt/***/etl_scripts/bronze_product_cost.py']
[2026-09-19T20:32:21.966+0000] {subprocess.py:86} INFO - Output:
[2026-09-19T20:32:22.674+0000] {subprocess.py:93} INFO - 2026-09-19 20:32:22,674 - INFO - Successfully connected to Postgres
[2026-09-19T20:32:22.675+0000] {subprocess.py:93} INFO - 2026-09-19 20:32:22,674 - INFO - Connected to Postgres database successfully.
[2026-09-19T20:32:22.681+0000] {subprocess.py:93} INFO - 2026-09-19 20:32:22,681 - INFO - Product cost data read successfully from /opt/***/source_files/Master Product Cost/dim_product_cost.csv.
[2026-09-19T20:32:22.688+0000] {subprocess.py:93} INFO - 2026-09-19 20:32:22,688 - INFO - Table dim_product_cost truncated successfully.
[2026-09-19T20:32:22.689+0000] {subprocess.py:93} INFO - 2026-09-19 20:32:22,688 - ERROR - Error processing chunks: 'NoneType' object cannot be interpreted as an integer
[2026-09-19T20:32:22.690+0000] {subprocess.py:93} INFO - 2026-09-19 20:32:22,688 - INFO - Postgres connection closed.
[2026-09-19T20:32:22.756+0000] {subprocess.py:97} INFO - Command exited with return code 0
[2026-09-19T20:32:22.757+0000] {taskinstance.py:441} INFO - ::group::Post task execution logs
[2026-09-19T20:32:22.776+0000] {taskinstance.py:1206} INFO - Marking task as SUCCESS. dag_id=lcbo_pipeline, task_id=bronze.product_cost, run_id=manual__2026-09-19T20:32:17.784588+00:00, execution_date=20260919T203217, start_date=20260919T203221, end_date=20260919T203222
[2026-09-19T20:32:22.818+0000] {local_task_job_runner.py:243} INFO - Task exited with return code 0
[2026-09-19T20:32:22.839+0000] {taskinstance.py:3503} INFO - 1 downstream tasks scheduled from follow-on schedule check
[2026-09-19T20:32:22.842+0000] {local_task_job_runner.py:222} INFO - ::endgroup::
