[2026-09-19T19:29:34.311+0000] {local_task_job_runner.py:120} INFO - ::group::Pre task execution logs
[2026-09-19T19:29:34.336+0000] {taskinstance.py:2076} INFO - Dependencies all met for dep_context=non-requeueable deps ti=<TaskInstance: lcbo_pipeline.bronze.lcbo_raw manual__2026-09-19T19:29:32.008515+00:00 [queued]>
[2026-09-19T19:29:34.343+0000] {taskinstance.py:2076} INFO - Dependencies all met for dep_context=requeueable deps ti=<TaskInstance: lcbo_pipeline.bronze.lcbo_raw manual__2026-09-19T19:29:32.008515+00:00 [queued]>
[2026-09-19T19:29:34.344+0000] {taskinstance.py:2306} INFO - Starting attempt 1 of 1
[2026-09-19T19:29:34.355+0000] {taskinstance.py:2330} INFO - Executing <Task(BashOperator): bronze.lcbo_raw> on 2026-09-19 19:29:32.008515+00:00
[2026-09-19T19:29:34.363+0000] {standard_task_runner.py:90} INFO - Running: ['***', 'tasks', 'run', 'lcbo_pipeline', 'bronze.lcbo_raw', 'manual__2026-09-19T19:29:32.008515+00:00', '--job-id', '45', '--raw', '--subdir', 'DAGS_FOLDER/lcbo_pipeline_dag.py', '--cfg-path', '/tmp/tmpu7ha9a8r']
[2026-09-19T19:29:34.366+0000] {logging_mixin.py:188} WARNING - /home/***/.local/lib/python3.12/site-packages/***/task/task_runner/standard_task_runner.py:62 DeprecationWarning: This process (pid=276) is multi-threaded, use of fork() may lead to deadlocks in the child.
[2026-09-19T19:29:34.366+0000] {standard_task_runner.py:91} INFO - Job 45: Subtask bronze.lcbo_raw
[2026-09-19T19:29:34.367+0000] {standard_task_runner.py:64} INFO - Started process 277 to run task
[2026-09-19T19:29:34.406+0000] {task_command.py:426} INFO - Running <TaskInstance: lcbo_pipeline.bronze.lcbo_raw manual__2026-09-19T19:29:32.008515+00:00 [running]> on host 6cf516ec3c07
[2026-09-19T19:29:34.475+0000] {taskinstance.py:2648} INFO - Exporting env vars: AIRFLOW_CTX_DAG_OWNER='bhavik' AIRFLOW_CTX_DAG_ID='lcbo_pipeline' AIRFLOW_CTX_TASK_ID='bronze.lcbo_raw' AIRFLOW_CTX_EXECUTION_DATE='2026-09-19T19:29:32.008515+00:00' AIRFLOW_CTX_TRY_NUMBER='1' AIRFLOW_CTX_DAG_RUN_ID='manual__2026-09-19T19:29:32.008515+00:00'
[2026-09-19T19:29:34.476+0000] {taskinstance.py:430} INFO - ::endgroup::
[2026-09-19T19:29:34.487+0000] {subprocess.py:63} INFO - Tmp dir root location: /tmp
[2026-09-19T19:29:34.489+0000] {subprocess.py:75} INFO - Running command: ['/usr/bin/bash', '-c', 'python /opt/***/etl_scripts/bronze_lcbo_raw.py']
[2026-09-19T19:29:34.500+0000] {subprocess.py:86} INFO - Output:
[2026-09-19T19:29:35.788+0000] {subprocess.py:93} INFO - 2026-09-19 19:29:35,788 - INFO - Successfully connected to Postgres
[2026-09-19T19:29:35.789+0000] {subprocess.py:93} INFO - 2026-09-19 19:29:35,788 - INFO - Successfully connected to Postgres
[2026-09-19T19:29:35.790+0000] {subprocess.py:93} INFO - 2026-09-19 19:29:35,788 - INFO - LoadingData_ToPostgres class initialized successfully.
[2026-09-19T19:29:35.791+0000] {subprocess.py:93} INFO - 2026-09-19 19:29:35,791 - INFO - Processing file: lcbo_settlement_20240102.csv with batch ID: 3 and file hash: 8ddf3f8eca2dd916750f7218de9933e4171dc4bb17e91d63893d9acce8df3acd
[2026-09-19T19:29:35.792+0000] {subprocess.py:93} INFO - 2026-09-19 19:29:35,791 - INFO - Found file: /opt/***/source_files/lcbo_settlement_20240102.csv
[2026-09-19T19:29:35.803+0000] {subprocess.py:93} INFO - 2026-09-19 19:29:35,803 - INFO - Inserted batch of size 15 into Postgres.
[2026-09-19T19:29:35.805+0000] {subprocess.py:93} INFO - 2026-09-19 19:29:35,805 - INFO - File processed successfully.
[2026-09-19T19:29:35.806+0000] {subprocess.py:93} INFO - 2026-09-19 19:29:35,805 - INFO - Postgres connection closed.
[2026-09-19T19:29:35.874+0000] {subprocess.py:97} INFO - Command exited with return code 0
[2026-09-19T19:29:35.876+0000] {taskinstance.py:441} INFO - ::group::Post task execution logs
[2026-09-19T19:29:35.893+0000] {taskinstance.py:1206} INFO - Marking task as SUCCESS. dag_id=lcbo_pipeline, task_id=bronze.lcbo_raw, run_id=manual__2026-09-19T19:29:32.008515+00:00, execution_date=20260919T192932, start_date=20260919T192934, end_date=20260919T192935
[2026-09-19T19:29:35.948+0000] {local_task_job_runner.py:243} INFO - Task exited with return code 0
[2026-09-19T19:29:35.970+0000] {taskinstance.py:3503} INFO - 1 downstream tasks scheduled from follow-on schedule check
[2026-09-19T19:29:35.974+0000] {local_task_job_runner.py:222} INFO - ::endgroup::
