[2026-09-22T01:49:34.479+0000] {local_task_job_runner.py:120} INFO - ::group::Pre task execution logs
[2026-09-22T01:49:34.504+0000] {taskinstance.py:2076} INFO - Dependencies all met for dep_context=non-requeueable deps ti=<TaskInstance: lcbo_pipeline.silver.snapshot_cost manual__2026-09-22T01:49:18.135010+00:00 [queued]>
[2026-09-22T01:49:34.512+0000] {taskinstance.py:2076} INFO - Dependencies all met for dep_context=requeueable deps ti=<TaskInstance: lcbo_pipeline.silver.snapshot_cost manual__2026-09-22T01:49:18.135010+00:00 [queued]>
[2026-09-22T01:49:34.513+0000] {taskinstance.py:2306} INFO - Starting attempt 1 of 1
[2026-09-22T01:49:34.524+0000] {taskinstance.py:2330} INFO - Executing <Task(BashOperator): silver.snapshot_cost> on 2026-09-22 01:49:18.135010+00:00
[2026-09-22T01:49:34.533+0000] {standard_task_runner.py:90} INFO - Running: ['***', 'tasks', 'run', 'lcbo_pipeline', 'silver.snapshot_cost', 'manual__2026-09-22T01:49:18.135010+00:00', '--job-id', '113', '--raw', '--subdir', 'DAGS_FOLDER/lcbo_pipeline_dag.py', '--cfg-path', '/tmp/tmpzs62t586']
[2026-09-22T01:49:34.534+0000] {logging_mixin.py:188} WARNING - /home/***/.local/lib/python3.12/site-packages/***/task/task_runner/standard_task_runner.py:62 DeprecationWarning: This process (pid=1290) is multi-threaded, use of fork() may lead to deadlocks in the child.
[2026-09-22T01:49:34.535+0000] {standard_task_runner.py:91} INFO - Job 113: Subtask silver.snapshot_cost
[2026-09-22T01:49:34.536+0000] {standard_task_runner.py:64} INFO - Started process 1291 to run task
[2026-09-22T01:49:34.573+0000] {task_command.py:426} INFO - Running <TaskInstance: lcbo_pipeline.silver.snapshot_cost manual__2026-09-22T01:49:18.135010+00:00 [running]> on host d8c458fd86ee
[2026-09-22T01:49:34.646+0000] {taskinstance.py:2648} INFO - Exporting env vars: AIRFLOW_CTX_DAG_OWNER='bhavik' AIRFLOW_CTX_DAG_ID='lcbo_pipeline' AIRFLOW_CTX_TASK_ID='silver.snapshot_cost' AIRFLOW_CTX_EXECUTION_DATE='2026-09-22T01:49:18.135010+00:00' AIRFLOW_CTX_TRY_NUMBER='1' AIRFLOW_CTX_DAG_RUN_ID='manual__2026-09-22T01:49:18.135010+00:00'
[2026-09-22T01:49:34.647+0000] {taskinstance.py:430} INFO - ::endgroup::
[2026-09-22T01:49:34.659+0000] {subprocess.py:63} INFO - Tmp dir root location: /tmp
[2026-09-22T01:49:34.660+0000] {subprocess.py:75} INFO - Running command: ['/usr/bin/bash', '-c', 'cd /opt/***/dbt_project && dbt snapshot --target docker --select dim_product_cost_snapshot']
[2026-09-22T01:49:34.673+0000] {subprocess.py:86} INFO - Output:
[2026-09-22T01:49:36.200+0000] {subprocess.py:93} INFO - [0m01:49:36  Running with dbt=1.12.5
[2026-09-22T01:49:36.425+0000] {subprocess.py:93} INFO - [0m01:49:36  Registered adapter: postgres=1.9.0
[2026-09-22T01:49:37.589+0000] {subprocess.py:93} INFO - [0m01:49:37  Found 14 models, 2 snapshots, 3 sources, 597 macros
[2026-09-22T01:49:37.593+0000] {subprocess.py:93} INFO - [0m01:49:37
[2026-09-22T01:49:37.595+0000] {subprocess.py:93} INFO - [0m01:49:37  Concurrency: 4 threads (target='docker')
[2026-09-22T01:49:37.596+0000] {subprocess.py:93} INFO - [0m01:49:37
[2026-09-22T01:49:37.909+0000] {subprocess.py:93} INFO - [0m01:49:37  1 of 1 START snapshot gold.dim_product_cost_snapshot ........................... [RUN]
[2026-09-22T01:49:38.328+0000] {subprocess.py:93} INFO - [0m01:49:38  [[33mWARNING[0m]: Data type of snapshot table timestamp columns (DATETIME) doesn't match derived column 'updated_at' (DATE). Please update snapshot config 'updated_at'.
[2026-09-22T01:49:38.368+0000] {subprocess.py:93} INFO - [0m01:49:38  1 of 1 OK snapshotted gold.dim_product_cost_snapshot ........................... [[32mINSERT 0 0[0m in 0.46s]
[2026-09-22T01:49:38.556+0000] {subprocess.py:93} INFO - [0m01:49:38
[2026-09-22T01:49:38.558+0000] {subprocess.py:93} INFO - [0m01:49:38  Finished running 1 snapshot in 0 hours 0 minutes and 0.96 seconds (0.96s).
[2026-09-22T01:49:38.677+0000] {subprocess.py:93} INFO - [0m01:49:38
[2026-09-22T01:49:38.679+0000] {subprocess.py:93} INFO - [0m01:49:38  [32mCompleted successfully[0m
[2026-09-22T01:49:38.681+0000] {subprocess.py:93} INFO - [0m01:49:38
[2026-09-22T01:49:38.682+0000] {subprocess.py:93} INFO - [0m01:49:38  Done. PASS=1 WARN=0 ERROR=0 SKIP=0 NO-OP=0 REUSED=0 TOTAL=1
[2026-09-22T01:49:42.467+0000] {subprocess.py:97} INFO - Command exited with return code 0
[2026-09-22T01:49:42.469+0000] {taskinstance.py:441} INFO - ::group::Post task execution logs
[2026-09-22T01:49:42.487+0000] {taskinstance.py:1206} INFO - Marking task as SUCCESS. dag_id=lcbo_pipeline, task_id=silver.snapshot_cost, run_id=manual__2026-09-22T01:49:18.135010+00:00, execution_date=20260922T014918, start_date=20260922T014934, end_date=20260922T014942
[2026-09-22T01:49:42.542+0000] {local_task_job_runner.py:243} INFO - Task exited with return code 0
[2026-09-22T01:49:42.561+0000] {taskinstance.py:3503} INFO - 1 downstream tasks scheduled from follow-on schedule check
[2026-09-22T01:49:42.563+0000] {local_task_job_runner.py:222} INFO - ::endgroup::
