[2026-09-24T01:40:16.253+0000] {local_task_job_runner.py:120} INFO - ::group::Pre task execution logs
[2026-09-24T01:40:16.289+0000] {taskinstance.py:2076} INFO - Dependencies all met for dep_context=non-requeueable deps ti=<TaskInstance: medallion_settlement_pipeline.Silver_Transform.join_settlement_to_cost manual__2026-09-24T01:39:51.442410+00:00 [queued]>
[2026-09-24T01:40:16.297+0000] {taskinstance.py:2076} INFO - Dependencies all met for dep_context=requeueable deps ti=<TaskInstance: medallion_settlement_pipeline.Silver_Transform.join_settlement_to_cost manual__2026-09-24T01:39:51.442410+00:00 [queued]>
[2026-09-24T01:40:16.298+0000] {taskinstance.py:2306} INFO - Starting attempt 1 of 1
[2026-09-24T01:40:16.308+0000] {taskinstance.py:2330} INFO - Executing <Task(BashOperator): Silver_Transform.join_settlement_to_cost> on 2026-09-24 01:39:51.442410+00:00
[2026-09-24T01:40:16.316+0000] {standard_task_runner.py:90} INFO - Running: ['***', 'tasks', 'run', 'medallion_settlement_pipeline', 'Silver_Transform.join_settlement_to_cost', 'manual__2026-09-24T01:39:51.442410+00:00', '--job-id', '190', '--raw', '--subdir', 'DAGS_FOLDER/lcbo_pipeline_dag.py', '--cfg-path', '/tmp/tmp2fa64ilf']
[2026-09-24T01:40:16.319+0000] {standard_task_runner.py:91} INFO - Job 190: Subtask Silver_Transform.join_settlement_to_cost
[2026-09-24T01:40:16.319+0000] {logging_mixin.py:188} WARNING - /home/***/.local/lib/python3.12/site-packages/***/task/task_runner/standard_task_runner.py:62 DeprecationWarning: This process (pid=283) is multi-threaded, use of fork() may lead to deadlocks in the child.
[2026-09-24T01:40:16.320+0000] {standard_task_runner.py:64} INFO - Started process 284 to run task
[2026-09-24T01:40:16.356+0000] {task_command.py:426} INFO - Running <TaskInstance: medallion_settlement_pipeline.Silver_Transform.join_settlement_to_cost manual__2026-09-24T01:39:51.442410+00:00 [running]> on host 9314f7d71f12
[2026-09-24T01:40:16.436+0000] {taskinstance.py:2648} INFO - Exporting env vars: AIRFLOW_CTX_DAG_OWNER='bhavik' AIRFLOW_CTX_DAG_ID='medallion_settlement_pipeline' AIRFLOW_CTX_TASK_ID='Silver_Transform.join_settlement_to_cost' AIRFLOW_CTX_EXECUTION_DATE='2026-09-24T01:39:51.442410+00:00' AIRFLOW_CTX_TRY_NUMBER='1' AIRFLOW_CTX_DAG_RUN_ID='manual__2026-09-24T01:39:51.442410+00:00'
[2026-09-24T01:40:16.438+0000] {taskinstance.py:430} INFO - ::endgroup::
[2026-09-24T01:40:16.450+0000] {subprocess.py:63} INFO - Tmp dir root location: /tmp
[2026-09-24T01:40:16.452+0000] {subprocess.py:75} INFO - Running command: ['/usr/bin/bash', '-c', 'cd /opt/***/dbt_project && dbt run --target docker --select dbt_lcbo_joined_dim_prod_cost']
[2026-09-24T01:40:16.465+0000] {subprocess.py:86} INFO - Output:
[2026-09-24T01:40:18.255+0000] {subprocess.py:93} INFO - [0m01:40:18  Running with dbt=1.12.5
[2026-09-24T01:40:18.564+0000] {subprocess.py:93} INFO - [0m01:40:18  Registered adapter: postgres=1.9.0
[2026-09-24T01:40:19.887+0000] {subprocess.py:93} INFO - [0m01:40:19  Found 14 models, 2 snapshots, 3 sources, 597 macros
[2026-09-24T01:40:19.891+0000] {subprocess.py:93} INFO - [0m01:40:19
[2026-09-24T01:40:19.892+0000] {subprocess.py:93} INFO - [0m01:40:19  Concurrency: 4 threads (target='docker')
[2026-09-24T01:40:19.893+0000] {subprocess.py:93} INFO - [0m01:40:19
[2026-09-24T01:40:20.162+0000] {subprocess.py:93} INFO - [0m01:40:20  1 of 1 START sql table model silver.dbt_lcbo_joined_dim_prod_cost .............. [RUN]
[2026-09-24T01:40:20.353+0000] {subprocess.py:93} INFO - [0m01:40:20  1 of 1 OK created sql table model silver.dbt_lcbo_joined_dim_prod_cost ......... [[32mSELECT 14[0m in 0.19s]
[2026-09-24T01:40:20.418+0000] {subprocess.py:93} INFO - [0m01:40:20
[2026-09-24T01:40:20.420+0000] {subprocess.py:93} INFO - [0m01:40:20  Finished running 1 table model in 0 hours 0 minutes and 0.52 seconds (0.52s).
[2026-09-24T01:40:20.613+0000] {subprocess.py:93} INFO - [0m01:40:20
[2026-09-24T01:40:20.614+0000] {subprocess.py:93} INFO - [0m01:40:20  [32mCompleted successfully[0m
[2026-09-24T01:40:20.615+0000] {subprocess.py:93} INFO - [0m01:40:20
[2026-09-24T01:40:20.616+0000] {subprocess.py:93} INFO - [0m01:40:20  Done. PASS=1 WARN=0 ERROR=0 SKIP=0 NO-OP=0 REUSED=0 TOTAL=1
[2026-09-24T01:40:24.398+0000] {subprocess.py:97} INFO - Command exited with return code 0
[2026-09-24T01:40:24.400+0000] {taskinstance.py:441} INFO - ::group::Post task execution logs
[2026-09-24T01:40:24.420+0000] {taskinstance.py:1206} INFO - Marking task as SUCCESS. dag_id=medallion_settlement_pipeline, task_id=Silver_Transform.join_settlement_to_cost, run_id=manual__2026-09-24T01:39:51.442410+00:00, execution_date=20260924T013951, start_date=20260924T014016, end_date=20260924T014024
[2026-09-24T01:40:24.438+0000] {local_task_job_runner.py:243} INFO - Task exited with return code 0
[2026-09-24T01:40:24.464+0000] {taskinstance.py:3503} INFO - 1 downstream tasks scheduled from follow-on schedule check
[2026-09-24T01:40:24.468+0000] {local_task_job_runner.py:222} INFO - ::endgroup::
