[2026-09-22T01:50:00.303+0000] {local_task_job_runner.py:120} INFO - ::group::Pre task execution logs
[2026-09-22T01:50:00.329+0000] {taskinstance.py:2076} INFO - Dependencies all met for dep_context=non-requeueable deps ti=<TaskInstance: lcbo_pipeline.gold.run_gold manual__2026-09-22T01:49:18.135010+00:00 [queued]>
[2026-09-22T01:50:00.337+0000] {taskinstance.py:2076} INFO - Dependencies all met for dep_context=requeueable deps ti=<TaskInstance: lcbo_pipeline.gold.run_gold manual__2026-09-22T01:49:18.135010+00:00 [queued]>
[2026-09-22T01:50:00.338+0000] {taskinstance.py:2306} INFO - Starting attempt 1 of 1
[2026-09-22T01:50:00.350+0000] {taskinstance.py:2330} INFO - Executing <Task(BashOperator): gold.run_gold> on 2026-09-22 01:49:18.135010+00:00
[2026-09-22T01:50:00.359+0000] {standard_task_runner.py:90} INFO - Running: ['***', 'tasks', 'run', 'lcbo_pipeline', 'gold.run_gold', 'manual__2026-09-22T01:49:18.135010+00:00', '--job-id', '116', '--raw', '--subdir', 'DAGS_FOLDER/lcbo_pipeline_dag.py', '--cfg-path', '/tmp/tmpegn3miqm']
[2026-09-22T01:50:00.361+0000] {logging_mixin.py:188} WARNING - /home/***/.local/lib/python3.12/site-packages/***/task/task_runner/standard_task_runner.py:62 DeprecationWarning: This process (pid=1346) is multi-threaded, use of fork() may lead to deadlocks in the child.
[2026-09-22T01:50:00.361+0000] {standard_task_runner.py:91} INFO - Job 116: Subtask gold.run_gold
[2026-09-22T01:50:00.362+0000] {standard_task_runner.py:64} INFO - Started process 1347 to run task
[2026-09-22T01:50:00.396+0000] {task_command.py:426} INFO - Running <TaskInstance: lcbo_pipeline.gold.run_gold manual__2026-09-22T01:49:18.135010+00:00 [running]> on host d8c458fd86ee
[2026-09-22T01:50:00.460+0000] {taskinstance.py:2648} INFO - Exporting env vars: AIRFLOW_CTX_DAG_OWNER='bhavik' AIRFLOW_CTX_DAG_ID='lcbo_pipeline' AIRFLOW_CTX_TASK_ID='gold.run_gold' AIRFLOW_CTX_EXECUTION_DATE='2026-09-22T01:49:18.135010+00:00' AIRFLOW_CTX_TRY_NUMBER='1' AIRFLOW_CTX_DAG_RUN_ID='manual__2026-09-22T01:49:18.135010+00:00'
[2026-09-22T01:50:00.462+0000] {taskinstance.py:430} INFO - ::endgroup::
[2026-09-22T01:50:00.472+0000] {subprocess.py:63} INFO - Tmp dir root location: /tmp
[2026-09-22T01:50:00.474+0000] {subprocess.py:75} INFO - Running command: ['/usr/bin/bash', '-c', 'cd /opt/***/dbt_project && dbt run --target docker --select gold_dim_date gold_dim_product_cost gold_dim_product_info gold_dim_store dbt_lcbo_fact_table gold_fact_table']
[2026-09-22T01:50:00.486+0000] {subprocess.py:86} INFO - Output:
[2026-09-22T01:50:01.958+0000] {subprocess.py:93} INFO - [0m01:50:01  Running with dbt=1.12.5
[2026-09-22T01:50:02.190+0000] {subprocess.py:93} INFO - [0m01:50:02  Registered adapter: postgres=1.9.0
[2026-09-22T01:50:03.297+0000] {subprocess.py:93} INFO - [0m01:50:03  Found 14 models, 2 snapshots, 3 sources, 597 macros
[2026-09-22T01:50:03.302+0000] {subprocess.py:93} INFO - [0m01:50:03
[2026-09-22T01:50:03.303+0000] {subprocess.py:93} INFO - [0m01:50:03  Concurrency: 4 threads (target='docker')
[2026-09-22T01:50:03.304+0000] {subprocess.py:93} INFO - [0m01:50:03
[2026-09-22T01:50:03.663+0000] {subprocess.py:93} INFO - [0m01:50:03  1 of 6 START sql table model gold.gold_dim_date ................................ [RUN]
[2026-09-22T01:50:03.665+0000] {subprocess.py:93} INFO - [0m01:50:03  2 of 6 START sql table model gold.gold_dim_product_cost ........................ [RUN]
[2026-09-22T01:50:03.666+0000] {subprocess.py:93} INFO - [0m01:50:03  3 of 6 START sql table model gold.gold_dim_product_info ........................ [RUN]
[2026-09-22T01:50:03.668+0000] {subprocess.py:93} INFO - [0m01:50:03  4 of 6 START sql table model gold.gold_dim_store ............................... [RUN]
[2026-09-22T01:50:04.033+0000] {subprocess.py:93} INFO - [0m01:50:04  3 of 6 OK created sql table model gold.gold_dim_product_info ................... [[32mSELECT 22[0m in 0.35s]
[2026-09-22T01:50:04.035+0000] {subprocess.py:93} INFO - [0m01:50:04  4 of 6 OK created sql table model gold.gold_dim_store .......................... [[32mSELECT 5[0m in 0.35s]
[2026-09-22T01:50:04.067+0000] {subprocess.py:93} INFO - [0m01:50:04  1 of 6 OK created sql table model gold.gold_dim_date ........................... [[32mSELECT 3653[0m in 0.39s]
[2026-09-22T01:50:04.076+0000] {subprocess.py:93} INFO - [0m01:50:04  5 of 6 START sql table model silver.dbt_lcbo_fact_table ........................ [RUN]
[2026-09-22T01:50:04.080+0000] {subprocess.py:93} INFO - [0m01:50:04  2 of 6 OK created sql table model gold.gold_dim_product_cost ................... [[32mSELECT 9[0m in 0.41s]
[2026-09-22T01:50:04.230+0000] {subprocess.py:93} INFO - [0m01:50:04  5 of 6 OK created sql table model silver.dbt_lcbo_fact_table ................... [[32mSELECT 13[0m in 0.15s]
[2026-09-22T01:50:04.236+0000] {subprocess.py:93} INFO - [0m01:50:04  6 of 6 START sql incremental model gold.gold_fact_table ........................ [RUN]
[2026-09-22T01:50:04.470+0000] {subprocess.py:93} INFO - [0m01:50:04  6 of 6 OK created sql incremental model gold.gold_fact_table ................... [[32mMERGE 11[0m in 0.23s]
[2026-09-22T01:50:04.554+0000] {subprocess.py:93} INFO - [0m01:50:04
[2026-09-22T01:50:04.555+0000] {subprocess.py:93} INFO - [0m01:50:04  Finished running 1 incremental model, 5 table models in 0 hours 0 minutes and 1.25 seconds (1.25s).
[2026-09-22T01:50:04.676+0000] {subprocess.py:93} INFO - [0m01:50:04
[2026-09-22T01:50:04.678+0000] {subprocess.py:93} INFO - [0m01:50:04  [32mCompleted successfully[0m
[2026-09-22T01:50:04.679+0000] {subprocess.py:93} INFO - [0m01:50:04
[2026-09-22T01:50:04.681+0000] {subprocess.py:93} INFO - [0m01:50:04  Done. PASS=6 WARN=0 ERROR=0 SKIP=0 NO-OP=0 REUSED=0 TOTAL=6
[2026-09-22T01:50:08.501+0000] {subprocess.py:97} INFO - Command exited with return code 0
[2026-09-22T01:50:08.503+0000] {taskinstance.py:441} INFO - ::group::Post task execution logs
[2026-09-22T01:50:08.525+0000] {taskinstance.py:1206} INFO - Marking task as SUCCESS. dag_id=lcbo_pipeline, task_id=gold.run_gold, run_id=manual__2026-09-22T01:49:18.135010+00:00, execution_date=20260922T014918, start_date=20260922T015000, end_date=20260922T015008
[2026-09-22T01:50:08.569+0000] {local_task_job_runner.py:243} INFO - Task exited with return code 0
[2026-09-22T01:50:08.584+0000] {taskinstance.py:3503} INFO - 0 downstream tasks scheduled from follow-on schedule check
[2026-09-22T01:50:08.586+0000] {local_task_job_runner.py:222} INFO - ::endgroup::
