[2026-09-19T20:57:00.324+0000] {local_task_job_runner.py:120} INFO - ::group::Pre task execution logs
[2026-09-19T20:57:00.349+0000] {taskinstance.py:2076} INFO - Dependencies all met for dep_context=non-requeueable deps ti=<TaskInstance: lcbo_pipeline.silver.snapshot_product manual__2026-09-19T20:56:26.339927+00:00 [queued]>
[2026-09-19T20:57:00.355+0000] {taskinstance.py:2076} INFO - Dependencies all met for dep_context=requeueable deps ti=<TaskInstance: lcbo_pipeline.silver.snapshot_product manual__2026-09-19T20:56:26.339927+00:00 [queued]>
[2026-09-19T20:57:00.357+0000] {taskinstance.py:2306} INFO - Starting attempt 1 of 1
[2026-09-19T20:57:00.365+0000] {taskinstance.py:2330} INFO - Executing <Task(BashOperator): silver.snapshot_product> on 2026-09-19 20:56:26.339927+00:00
[2026-09-19T20:57:00.373+0000] {standard_task_runner.py:90} INFO - Running: ['***', 'tasks', 'run', 'lcbo_pipeline', 'silver.snapshot_product', 'manual__2026-09-19T20:56:26.339927+00:00', '--job-id', '82', '--raw', '--subdir', 'DAGS_FOLDER/lcbo_pipeline_dag.py', '--cfg-path', '/tmp/tmp399ra_yn']
[2026-09-19T20:57:00.376+0000] {standard_task_runner.py:91} INFO - Job 82: Subtask silver.snapshot_product
[2026-09-19T20:57:00.376+0000] {logging_mixin.py:188} WARNING - /home/***/.local/lib/python3.12/site-packages/***/task/task_runner/standard_task_runner.py:62 DeprecationWarning: This process (pid=2809) is multi-threaded, use of fork() may lead to deadlocks in the child.
[2026-09-19T20:57:00.378+0000] {standard_task_runner.py:64} INFO - Started process 2810 to run task
[2026-09-19T20:57:00.415+0000] {task_command.py:426} INFO - Running <TaskInstance: lcbo_pipeline.silver.snapshot_product manual__2026-09-19T20:56:26.339927+00:00 [running]> on host 6cf516ec3c07
[2026-09-19T20:57:00.479+0000] {taskinstance.py:2648} INFO - Exporting env vars: AIRFLOW_CTX_DAG_OWNER='bhavik' AIRFLOW_CTX_DAG_ID='lcbo_pipeline' AIRFLOW_CTX_TASK_ID='silver.snapshot_product' AIRFLOW_CTX_EXECUTION_DATE='2026-09-19T20:56:26.339927+00:00' AIRFLOW_CTX_TRY_NUMBER='1' AIRFLOW_CTX_DAG_RUN_ID='manual__2026-09-19T20:56:26.339927+00:00'
[2026-09-19T20:57:00.481+0000] {taskinstance.py:430} INFO - ::endgroup::
[2026-09-19T20:57:00.491+0000] {subprocess.py:63} INFO - Tmp dir root location: /tmp
[2026-09-19T20:57:00.493+0000] {subprocess.py:75} INFO - Running command: ['/usr/bin/bash', '-c', 'cd /opt/***/dbt_project && dbt snapshot --target docker --select dim_product_snapshot']
[2026-09-19T20:57:00.506+0000] {subprocess.py:86} INFO - Output:
[2026-09-19T20:57:01.994+0000] {subprocess.py:93} INFO - [0m20:57:01  Running with dbt=1.12.5
[2026-09-19T20:57:02.236+0000] {subprocess.py:93} INFO - [0m20:57:02  Registered adapter: postgres=1.9.0
[2026-09-19T20:57:03.448+0000] {subprocess.py:93} INFO - [0m20:57:03  Found 14 models, 2 snapshots, 3 sources, 597 macros
[2026-09-19T20:57:03.454+0000] {subprocess.py:93} INFO - [0m20:57:03
[2026-09-19T20:57:03.457+0000] {subprocess.py:93} INFO - [0m20:57:03  Concurrency: 4 threads (target='docker')
[2026-09-19T20:57:03.460+0000] {subprocess.py:93} INFO - [0m20:57:03
[2026-09-19T20:57:03.773+0000] {subprocess.py:93} INFO - [0m20:57:03  1 of 1 START snapshot gold.dim_product_snapshot ................................ [RUN]
[2026-09-19T20:57:04.164+0000] {subprocess.py:93} INFO - [0m20:57:04  1 of 1 OK snapshotted gold.dim_product_snapshot ................................ [[32mINSERT 0 3[0m in 0.39s]
[2026-09-19T20:57:04.240+0000] {subprocess.py:93} INFO - [0m20:57:04
[2026-09-19T20:57:04.242+0000] {subprocess.py:93} INFO - [0m20:57:04  Finished running 1 snapshot in 0 hours 0 minutes and 0.78 seconds (0.78s).
[2026-09-19T20:57:04.357+0000] {subprocess.py:93} INFO - [0m20:57:04
[2026-09-19T20:57:04.359+0000] {subprocess.py:93} INFO - [0m20:57:04  [32mCompleted successfully[0m
[2026-09-19T20:57:04.360+0000] {subprocess.py:93} INFO - [0m20:57:04
[2026-09-19T20:57:04.361+0000] {subprocess.py:93} INFO - [0m20:57:04  Done. PASS=1 WARN=0 ERROR=0 SKIP=0 NO-OP=0 REUSED=0 TOTAL=1
[2026-09-19T20:57:08.144+0000] {subprocess.py:97} INFO - Command exited with return code 0
[2026-09-19T20:57:08.146+0000] {taskinstance.py:441} INFO - ::group::Post task execution logs
[2026-09-19T20:57:08.167+0000] {taskinstance.py:1206} INFO - Marking task as SUCCESS. dag_id=lcbo_pipeline, task_id=silver.snapshot_product, run_id=manual__2026-09-19T20:56:26.339927+00:00, execution_date=20260919T205626, start_date=20260919T205700, end_date=20260919T205708
[2026-09-19T20:57:08.211+0000] {local_task_job_runner.py:243} INFO - Task exited with return code 0
[2026-09-19T20:57:08.229+0000] {taskinstance.py:3503} INFO - 1 downstream tasks scheduled from follow-on schedule check
[2026-09-19T20:57:08.231+0000] {local_task_job_runner.py:222} INFO - ::endgroup::
