[2026-09-19T20:04:01.245+0000] {local_task_job_runner.py:120} INFO - ::group::Pre task execution logs
[2026-09-19T20:04:01.273+0000] {taskinstance.py:2076} INFO - Dependencies all met for dep_context=non-requeueable deps ti=<TaskInstance: lcbo_pipeline.bronze.lcbo_raw manual__2026-09-19T20:03:59.887522+00:00 [queued]>
[2026-09-19T20:04:01.280+0000] {taskinstance.py:2076} INFO - Dependencies all met for dep_context=requeueable deps ti=<TaskInstance: lcbo_pipeline.bronze.lcbo_raw manual__2026-09-19T20:03:59.887522+00:00 [queued]>
[2026-09-19T20:04:01.281+0000] {taskinstance.py:2306} INFO - Starting attempt 1 of 1
[2026-09-19T20:04:01.291+0000] {taskinstance.py:2330} INFO - Executing <Task(BashOperator): bronze.lcbo_raw> on 2026-09-19 20:03:59.887522+00:00
[2026-09-19T20:04:01.300+0000] {standard_task_runner.py:90} INFO - Running: ['***', 'tasks', 'run', 'lcbo_pipeline', 'bronze.lcbo_raw', 'manual__2026-09-19T20:03:59.887522+00:00', '--job-id', '53', '--raw', '--subdir', 'DAGS_FOLDER/lcbo_pipeline_dag.py', '--cfg-path', '/tmp/tmp_eqjze6x']
[2026-09-19T20:04:01.302+0000] {logging_mixin.py:188} WARNING - /home/***/.local/lib/python3.12/site-packages/***/task/task_runner/standard_task_runner.py:62 DeprecationWarning: This process (pid=1174) is multi-threaded, use of fork() may lead to deadlocks in the child.
[2026-09-19T20:04:01.303+0000] {standard_task_runner.py:91} INFO - Job 53: Subtask bronze.lcbo_raw
[2026-09-19T20:04:01.303+0000] {standard_task_runner.py:64} INFO - Started process 1175 to run task
[2026-09-19T20:04:01.345+0000] {task_command.py:426} INFO - Running <TaskInstance: lcbo_pipeline.bronze.lcbo_raw manual__2026-09-19T20:03:59.887522+00:00 [running]> on host 6cf516ec3c07
[2026-09-19T20:04:01.412+0000] {taskinstance.py:2648} INFO - Exporting env vars: AIRFLOW_CTX_DAG_OWNER='bhavik' AIRFLOW_CTX_DAG_ID='lcbo_pipeline' AIRFLOW_CTX_TASK_ID='bronze.lcbo_raw' AIRFLOW_CTX_EXECUTION_DATE='2026-09-19T20:03:59.887522+00:00' AIRFLOW_CTX_TRY_NUMBER='1' AIRFLOW_CTX_DAG_RUN_ID='manual__2026-09-19T20:03:59.887522+00:00'
[2026-09-19T20:04:01.414+0000] {taskinstance.py:430} INFO - ::endgroup::
[2026-09-19T20:04:01.424+0000] {subprocess.py:63} INFO - Tmp dir root location: /tmp
[2026-09-19T20:04:01.426+0000] {subprocess.py:75} INFO - Running command: ['/usr/bin/bash', '-c', 'python /opt/***/etl_scripts/bronze_lcbo_raw.py']
[2026-09-19T20:04:01.439+0000] {subprocess.py:86} INFO - Output:
[2026-09-19T20:04:02.406+0000] {subprocess.py:93} INFO - 2026-09-19 20:04:02,406 - INFO - Successfully connected to Postgres
[2026-09-19T20:04:02.407+0000] {subprocess.py:93} INFO - 2026-09-19 20:04:02,406 - INFO - Successfully connected to Postgres
[2026-09-19T20:04:02.408+0000] {subprocess.py:93} INFO - 2026-09-19 20:04:02,406 - INFO - LoadingData_ToPostgres class initialized successfully.
[2026-09-19T20:04:02.410+0000] {subprocess.py:93} INFO - 2026-09-19 20:04:02,410 - INFO - Processing file: lcbo_settlement_20240101.csv with batch ID: 4 and file hash: dee0139b317a64cac5a6e261c09b3010bd767f35bf556ae45681929267665db6
[2026-09-19T20:04:02.410+0000] {subprocess.py:93} INFO - 2026-09-19 20:04:02,410 - INFO - Found file: /opt/***/source_files/lcbo_settlement_20240101.csv
[2026-09-19T20:04:02.420+0000] {subprocess.py:93} INFO - 2026-09-19 20:04:02,420 - INFO - Inserted batch of size 15 into Postgres.
[2026-09-19T20:04:02.422+0000] {subprocess.py:93} INFO - 2026-09-19 20:04:02,422 - INFO - File processed successfully.
[2026-09-19T20:04:02.423+0000] {subprocess.py:93} INFO - 2026-09-19 20:04:02,422 - INFO - Postgres connection closed.
[2026-09-19T20:04:02.532+0000] {subprocess.py:97} INFO - Command exited with return code 0
[2026-09-19T20:04:02.534+0000] {taskinstance.py:441} INFO - ::group::Post task execution logs
[2026-09-19T20:04:02.552+0000] {taskinstance.py:1206} INFO - Marking task as SUCCESS. dag_id=lcbo_pipeline, task_id=bronze.lcbo_raw, run_id=manual__2026-09-19T20:03:59.887522+00:00, execution_date=20260919T200359, start_date=20260919T200401, end_date=20260919T200402
[2026-09-19T20:04:02.604+0000] {local_task_job_runner.py:243} INFO - Task exited with return code 0
[2026-09-19T20:04:02.624+0000] {taskinstance.py:3503} INFO - 1 downstream tasks scheduled from follow-on schedule check
[2026-09-19T20:04:02.627+0000] {local_task_job_runner.py:222} INFO - ::endgroup::
