[2026-09-19T17:41:00.501+0000] {local_task_job_runner.py:120} INFO - ::group::Pre task execution logs
[2026-09-19T17:41:00.526+0000] {taskinstance.py:2076} INFO - Dependencies all met for dep_context=non-requeueable deps ti=<TaskInstance: lcbo_pipeline.silver.snapshot_product manual__2026-09-19T17:40:24.501729+00:00 [queued]>
[2026-09-19T17:41:00.533+0000] {taskinstance.py:2076} INFO - Dependencies all met for dep_context=requeueable deps ti=<TaskInstance: lcbo_pipeline.silver.snapshot_product manual__2026-09-19T17:40:24.501729+00:00 [queued]>
[2026-09-19T17:41:00.534+0000] {taskinstance.py:2306} INFO - Starting attempt 1 of 1
[2026-09-19T17:41:00.543+0000] {taskinstance.py:2330} INFO - Executing <Task(BashOperator): silver.snapshot_product> on 2026-09-19 17:40:24.501729+00:00
[2026-09-19T17:41:00.551+0000] {standard_task_runner.py:90} INFO - Running: ['***', 'tasks', 'run', 'lcbo_pipeline', 'silver.snapshot_product', 'manual__2026-09-19T17:40:24.501729+00:00', '--job-id', '41', '--raw', '--subdir', 'DAGS_FOLDER/lcbo_pipeline_dag.py', '--cfg-path', '/tmp/tmp95fw266n']
[2026-09-19T17:41:00.553+0000] {standard_task_runner.py:91} INFO - Job 41: Subtask silver.snapshot_product
[2026-09-19T17:41:00.553+0000] {logging_mixin.py:188} WARNING - /home/***/.local/lib/python3.12/site-packages/***/task/task_runner/standard_task_runner.py:62 DeprecationWarning: This process (pid=413) is multi-threaded, use of fork() may lead to deadlocks in the child.
[2026-09-19T17:41:00.555+0000] {standard_task_runner.py:64} INFO - Started process 414 to run task
[2026-09-19T17:41:00.594+0000] {task_command.py:426} INFO - Running <TaskInstance: lcbo_pipeline.silver.snapshot_product manual__2026-09-19T17:40:24.501729+00:00 [running]> on host 603277fa8897
[2026-09-19T17:41:00.671+0000] {taskinstance.py:2648} INFO - Exporting env vars: AIRFLOW_CTX_DAG_OWNER='bhavik' AIRFLOW_CTX_DAG_ID='lcbo_pipeline' AIRFLOW_CTX_TASK_ID='silver.snapshot_product' AIRFLOW_CTX_EXECUTION_DATE='2026-09-19T17:40:24.501729+00:00' AIRFLOW_CTX_TRY_NUMBER='1' AIRFLOW_CTX_DAG_RUN_ID='manual__2026-09-19T17:40:24.501729+00:00'
[2026-09-19T17:41:00.673+0000] {taskinstance.py:430} INFO - ::endgroup::
[2026-09-19T17:41:00.685+0000] {subprocess.py:63} INFO - Tmp dir root location: /tmp
[2026-09-19T17:41:00.688+0000] {subprocess.py:75} INFO - Running command: ['/usr/bin/bash', '-c', 'cd /opt/***/dbt_project && dbt snapshot --target docker --select dim_product']
[2026-09-19T17:41:00.700+0000] {subprocess.py:86} INFO - Output:
[2026-09-19T17:41:02.889+0000] {subprocess.py:93} INFO - [0m17:41:02  Running with dbt=1.12.5
[2026-09-19T17:41:03.149+0000] {subprocess.py:93} INFO - [0m17:41:03  Registered adapter: postgres=1.9.0
[2026-09-19T17:41:04.269+0000] {subprocess.py:93} INFO - [0m17:41:04  Found 14 models, 2 snapshots, 3 sources, 597 macros
[2026-09-19T17:41:04.273+0000] {subprocess.py:93} INFO - [0m17:41:04  [[33mWARNING[0m]: The selection criterion 'dim_product' does not match any enabled nodes
[2026-09-19T17:41:04.275+0000] {subprocess.py:93} INFO - [0m17:41:04  [[33mWARNING[0m]: Nothing to do. Try checking your model configs and model specification args
[2026-09-19T17:41:08.258+0000] {subprocess.py:97} INFO - Command exited with return code 0
[2026-09-19T17:41:08.260+0000] {taskinstance.py:441} INFO - ::group::Post task execution logs
[2026-09-19T17:41:08.291+0000] {taskinstance.py:1206} INFO - Marking task as SUCCESS. dag_id=lcbo_pipeline, task_id=silver.snapshot_product, run_id=manual__2026-09-19T17:40:24.501729+00:00, execution_date=20260919T174024, start_date=20260919T174100, end_date=20260919T174108
[2026-09-19T17:41:08.324+0000] {local_task_job_runner.py:243} INFO - Task exited with return code 0
[2026-09-19T17:41:08.340+0000] {taskinstance.py:3503} INFO - 1 downstream tasks scheduled from follow-on schedule check
[2026-09-19T17:41:08.343+0000] {local_task_job_runner.py:222} INFO - ::endgroup::
