[2026-09-17T03:01:32.091+0000] {local_task_job_runner.py:120} INFO - ::group::Pre task execution logs
[2026-09-17T03:01:32.115+0000] {taskinstance.py:2076} INFO - Dependencies all met for dep_context=non-requeueable deps ti=<TaskInstance: lcbo_pipeline.bronze.product_cost manual__2026-09-17T03:01:27.755222+00:00 [queued]>
[2026-09-17T03:01:32.123+0000] {taskinstance.py:2076} INFO - Dependencies all met for dep_context=requeueable deps ti=<TaskInstance: lcbo_pipeline.bronze.product_cost manual__2026-09-17T03:01:27.755222+00:00 [queued]>
[2026-09-17T03:01:32.125+0000] {taskinstance.py:2306} INFO - Starting attempt 1 of 1
[2026-09-17T03:01:32.134+0000] {taskinstance.py:2330} INFO - Executing <Task(BashOperator): bronze.product_cost> on 2026-09-17 03:01:27.755222+00:00
[2026-09-17T03:01:32.143+0000] {standard_task_runner.py:90} INFO - Running: ['***', 'tasks', 'run', 'lcbo_pipeline', 'bronze.product_cost', 'manual__2026-09-17T03:01:27.755222+00:00', '--job-id', '28', '--raw', '--subdir', 'DAGS_FOLDER/lcbo_pipeline_dag.py', '--cfg-path', '/tmp/tmpvh_oeyz9']
[2026-09-17T03:01:32.146+0000] {logging_mixin.py:188} WARNING - /home/***/.local/lib/python3.12/site-packages/***/task/task_runner/standard_task_runner.py:62 DeprecationWarning: This process (pid=754) is multi-threaded, use of fork() may lead to deadlocks in the child.
[2026-09-17T03:01:32.146+0000] {standard_task_runner.py:91} INFO - Job 28: Subtask bronze.product_cost
[2026-09-17T03:01:32.147+0000] {standard_task_runner.py:64} INFO - Started process 755 to run task
[2026-09-17T03:01:32.186+0000] {task_command.py:426} INFO - Running <TaskInstance: lcbo_pipeline.bronze.product_cost manual__2026-09-17T03:01:27.755222+00:00 [running]> on host 22e18d633ed2
[2026-09-17T03:01:32.258+0000] {taskinstance.py:2648} INFO - Exporting env vars: AIRFLOW_CTX_DAG_OWNER='bhavik' AIRFLOW_CTX_DAG_ID='lcbo_pipeline' AIRFLOW_CTX_TASK_ID='bronze.product_cost' AIRFLOW_CTX_EXECUTION_DATE='2026-09-17T03:01:27.755222+00:00' AIRFLOW_CTX_TRY_NUMBER='1' AIRFLOW_CTX_DAG_RUN_ID='manual__2026-09-17T03:01:27.755222+00:00'
[2026-09-17T03:01:32.260+0000] {taskinstance.py:430} INFO - ::endgroup::
[2026-09-17T03:01:32.269+0000] {subprocess.py:63} INFO - Tmp dir root location: /tmp
[2026-09-17T03:01:32.272+0000] {subprocess.py:75} INFO - Running command: ['/usr/bin/bash', '-c', 'python /opt/***/etl_scripts/bronze_product_cost.py']
[2026-09-17T03:01:32.285+0000] {subprocess.py:86} INFO - Output:
[2026-09-17T03:01:33.027+0000] {subprocess.py:93} INFO - 2026-09-17 03:01:33,027 - INFO - Successfully connected to Postgres
[2026-09-17T03:01:33.028+0000] {subprocess.py:93} INFO - 2026-09-17 03:01:33,027 - INFO - Connected to Postgres database successfully.
[2026-09-17T03:01:33.033+0000] {subprocess.py:93} INFO - 2026-09-17 03:01:33,033 - INFO - Product cost data read successfully from /opt/***/source_files/Master Product Cost/dim_product_cost.csv.
[2026-09-17T03:01:33.040+0000] {subprocess.py:93} INFO - 2026-09-17 03:01:33,040 - INFO - Table dim_product_cost truncated successfully.
[2026-09-17T03:01:33.041+0000] {subprocess.py:93} INFO - 2026-09-17 03:01:33,040 - ERROR - Error processing chunks: int() argument must be a string, a bytes-like object or a real number, not 'NoneType'
[2026-09-17T03:01:33.042+0000] {subprocess.py:93} INFO - 2026-09-17 03:01:33,040 - INFO - Postgres connection closed.
[2026-09-17T03:01:33.113+0000] {subprocess.py:97} INFO - Command exited with return code 0
[2026-09-17T03:01:33.114+0000] {taskinstance.py:441} INFO - ::group::Post task execution logs
[2026-09-17T03:01:33.133+0000] {taskinstance.py:1206} INFO - Marking task as SUCCESS. dag_id=lcbo_pipeline, task_id=bronze.product_cost, run_id=manual__2026-09-17T03:01:27.755222+00:00, execution_date=20260917T030127, start_date=20260917T030132, end_date=20260917T030133
[2026-09-17T03:01:33.165+0000] {local_task_job_runner.py:243} INFO - Task exited with return code 0
[2026-09-17T03:01:33.186+0000] {taskinstance.py:3503} INFO - 1 downstream tasks scheduled from follow-on schedule check
[2026-09-17T03:01:33.190+0000] {local_task_job_runner.py:222} INFO - ::endgroup::
