[2026-09-19T20:38:24.853+0000] {local_task_job_runner.py:120} INFO - ::group::Pre task execution logs
[2026-09-19T20:38:24.882+0000] {taskinstance.py:2076} INFO - Dependencies all met for dep_context=non-requeueable deps ti=<TaskInstance: lcbo_pipeline.silver.snapshot_cost manual__2026-09-19T20:38:08.895375+00:00 [queued]>
[2026-09-19T20:38:24.889+0000] {taskinstance.py:2076} INFO - Dependencies all met for dep_context=requeueable deps ti=<TaskInstance: lcbo_pipeline.silver.snapshot_cost manual__2026-09-19T20:38:08.895375+00:00 [queued]>
[2026-09-19T20:38:24.891+0000] {taskinstance.py:2306} INFO - Starting attempt 1 of 1
[2026-09-19T20:38:24.901+0000] {taskinstance.py:2330} INFO - Executing <Task(BashOperator): silver.snapshot_cost> on 2026-09-19 20:38:08.895375+00:00
[2026-09-19T20:38:24.911+0000] {standard_task_runner.py:90} INFO - Running: ['***', 'tasks', 'run', 'lcbo_pipeline', 'silver.snapshot_cost', 'manual__2026-09-19T20:38:08.895375+00:00', '--job-id', '72', '--raw', '--subdir', 'DAGS_FOLDER/lcbo_pipeline_dag.py', '--cfg-path', '/tmp/tmp6dwpxe76']
[2026-09-19T20:38:24.913+0000] {logging_mixin.py:188} WARNING - /home/***/.local/lib/python3.12/site-packages/***/task/task_runner/standard_task_runner.py:62 DeprecationWarning: This process (pid=2231) is multi-threaded, use of fork() may lead to deadlocks in the child.
[2026-09-19T20:38:24.914+0000] {standard_task_runner.py:91} INFO - Job 72: Subtask silver.snapshot_cost
[2026-09-19T20:38:24.914+0000] {standard_task_runner.py:64} INFO - Started process 2232 to run task
[2026-09-19T20:38:24.951+0000] {task_command.py:426} INFO - Running <TaskInstance: lcbo_pipeline.silver.snapshot_cost manual__2026-09-19T20:38:08.895375+00:00 [running]> on host 6cf516ec3c07
[2026-09-19T20:38:25.020+0000] {taskinstance.py:2648} INFO - Exporting env vars: AIRFLOW_CTX_DAG_OWNER='bhavik' AIRFLOW_CTX_DAG_ID='lcbo_pipeline' AIRFLOW_CTX_TASK_ID='silver.snapshot_cost' AIRFLOW_CTX_EXECUTION_DATE='2026-09-19T20:38:08.895375+00:00' AIRFLOW_CTX_TRY_NUMBER='1' AIRFLOW_CTX_DAG_RUN_ID='manual__2026-09-19T20:38:08.895375+00:00'
[2026-09-19T20:38:25.021+0000] {taskinstance.py:430} INFO - ::endgroup::
[2026-09-19T20:38:25.032+0000] {subprocess.py:63} INFO - Tmp dir root location: /tmp
[2026-09-19T20:38:25.034+0000] {subprocess.py:75} INFO - Running command: ['/usr/bin/bash', '-c', 'cd /opt/***/dbt_project && dbt snapshot --target docker --select dim_product_cost_snapshot']
[2026-09-19T20:38:25.047+0000] {subprocess.py:86} INFO - Output:
[2026-09-19T20:38:26.607+0000] {subprocess.py:93} INFO - [0m20:38:26  Running with dbt=1.12.5
[2026-09-19T20:38:26.842+0000] {subprocess.py:93} INFO - [0m20:38:26  Registered adapter: postgres=1.9.0
[2026-09-19T20:38:27.948+0000] {subprocess.py:93} INFO - [0m20:38:27  Found 14 models, 2 snapshots, 3 sources, 597 macros
[2026-09-19T20:38:27.952+0000] {subprocess.py:93} INFO - [0m20:38:27
[2026-09-19T20:38:27.953+0000] {subprocess.py:93} INFO - [0m20:38:27  Concurrency: 4 threads (target='docker')
[2026-09-19T20:38:27.955+0000] {subprocess.py:93} INFO - [0m20:38:27
[2026-09-19T20:38:28.241+0000] {subprocess.py:93} INFO - [0m20:38:28  1 of 1 START snapshot gold.dim_product_cost_snapshot ........................... [RUN]
[2026-09-19T20:38:28.555+0000] {subprocess.py:93} INFO - [0m20:38:28  [[33mWARNING[0m]: Data type of snapshot table timestamp columns (DATETIME) doesn't match derived column 'updated_at' (DATE). Please update snapshot config 'updated_at'.
[2026-09-19T20:38:28.594+0000] {subprocess.py:93} INFO - [0m20:38:28  1 of 1 OK snapshotted gold.dim_product_cost_snapshot ........................... [[32mINSERT 0 0[0m in 0.35s]
[2026-09-19T20:38:28.772+0000] {subprocess.py:93} INFO - [0m20:38:28
[2026-09-19T20:38:28.773+0000] {subprocess.py:93} INFO - [0m20:38:28  Finished running 1 snapshot in 0 hours 0 minutes and 0.82 seconds (0.82s).
[2026-09-19T20:38:28.885+0000] {subprocess.py:93} INFO - [0m20:38:28
[2026-09-19T20:38:28.887+0000] {subprocess.py:93} INFO - [0m20:38:28  [32mCompleted successfully[0m
[2026-09-19T20:38:28.888+0000] {subprocess.py:93} INFO - [0m20:38:28
[2026-09-19T20:38:28.889+0000] {subprocess.py:93} INFO - [0m20:38:28  Done. PASS=1 WARN=0 ERROR=0 SKIP=0 NO-OP=0 REUSED=0 TOTAL=1
[2026-09-19T20:38:32.669+0000] {subprocess.py:97} INFO - Command exited with return code 0
[2026-09-19T20:38:32.670+0000] {taskinstance.py:441} INFO - ::group::Post task execution logs
[2026-09-19T20:38:32.702+0000] {taskinstance.py:1206} INFO - Marking task as SUCCESS. dag_id=lcbo_pipeline, task_id=silver.snapshot_cost, run_id=manual__2026-09-19T20:38:08.895375+00:00, execution_date=20260919T203808, start_date=20260919T203824, end_date=20260919T203832
[2026-09-19T20:38:32.754+0000] {local_task_job_runner.py:243} INFO - Task exited with return code 0
[2026-09-19T20:38:32.774+0000] {taskinstance.py:3503} INFO - 1 downstream tasks scheduled from follow-on schedule check
[2026-09-19T20:38:32.776+0000] {local_task_job_runner.py:222} INFO - ::endgroup::
