[2026-09-23T01:47:04.959+0000] {local_task_job_runner.py:120} INFO - ::group::Pre task execution logs
[2026-09-23T01:47:04.985+0000] {taskinstance.py:2076} INFO - Dependencies all met for dep_context=non-requeueable deps ti=<TaskInstance: medallion_settlement_pipeline.Gold_Star_Schema.build_dims_and_fact manual__2026-09-23T01:46:22.219923+00:00 [queued]>
[2026-09-23T01:47:04.991+0000] {taskinstance.py:2076} INFO - Dependencies all met for dep_context=requeueable deps ti=<TaskInstance: medallion_settlement_pipeline.Gold_Star_Schema.build_dims_and_fact manual__2026-09-23T01:46:22.219923+00:00 [queued]>
[2026-09-23T01:47:04.993+0000] {taskinstance.py:2306} INFO - Starting attempt 1 of 1
[2026-09-23T01:47:05.004+0000] {taskinstance.py:2330} INFO - Executing <Task(BashOperator): Gold_Star_Schema.build_dims_and_fact> on 2026-09-23 01:46:22.219923+00:00
[2026-09-23T01:47:05.013+0000] {standard_task_runner.py:90} INFO - Running: ['***', 'tasks', 'run', 'medallion_settlement_pipeline', 'Gold_Star_Schema.build_dims_and_fact', 'manual__2026-09-23T01:46:22.219923+00:00', '--job-id', '172', '--raw', '--subdir', 'DAGS_FOLDER/lcbo_pipeline_dag.py', '--cfg-path', '/tmp/tmpiwcnsv03']
[2026-09-23T01:47:05.015+0000] {logging_mixin.py:188} WARNING - /home/***/.local/lib/python3.12/site-packages/***/task/task_runner/standard_task_runner.py:62 DeprecationWarning: This process (pid=2255) is multi-threaded, use of fork() may lead to deadlocks in the child.
[2026-09-23T01:47:05.015+0000] {standard_task_runner.py:91} INFO - Job 172: Subtask Gold_Star_Schema.build_dims_and_fact
[2026-09-23T01:47:05.017+0000] {standard_task_runner.py:64} INFO - Started process 2256 to run task
[2026-09-23T01:47:05.052+0000] {task_command.py:426} INFO - Running <TaskInstance: medallion_settlement_pipeline.Gold_Star_Schema.build_dims_and_fact manual__2026-09-23T01:46:22.219923+00:00 [running]> on host 4318980e9d4e
[2026-09-23T01:47:05.121+0000] {taskinstance.py:2648} INFO - Exporting env vars: AIRFLOW_CTX_DAG_OWNER='bhavik' AIRFLOW_CTX_DAG_ID='medallion_settlement_pipeline' AIRFLOW_CTX_TASK_ID='Gold_Star_Schema.build_dims_and_fact' AIRFLOW_CTX_EXECUTION_DATE='2026-09-23T01:46:22.219923+00:00' AIRFLOW_CTX_TRY_NUMBER='1' AIRFLOW_CTX_DAG_RUN_ID='manual__2026-09-23T01:46:22.219923+00:00'
[2026-09-23T01:47:05.123+0000] {taskinstance.py:430} INFO - ::endgroup::
[2026-09-23T01:47:05.133+0000] {subprocess.py:63} INFO - Tmp dir root location: /tmp
[2026-09-23T01:47:05.134+0000] {subprocess.py:75} INFO - Running command: ['/usr/bin/bash', '-c', 'cd /opt/***/dbt_project && dbt run --target docker --select gold_dim_date gold_dim_product_cost gold_dim_product_info gold_dim_store dbt_lcbo_fact_table gold_fact_table']
[2026-09-23T01:47:05.147+0000] {subprocess.py:86} INFO - Output:
[2026-09-23T01:47:06.713+0000] {subprocess.py:93} INFO - [0m01:47:06  Running with dbt=1.12.5
[2026-09-23T01:47:06.947+0000] {subprocess.py:93} INFO - [0m01:47:06  Registered adapter: postgres=1.9.0
[2026-09-23T01:47:08.091+0000] {subprocess.py:93} INFO - [0m01:47:08  Found 14 models, 2 snapshots, 3 sources, 597 macros
[2026-09-23T01:47:08.096+0000] {subprocess.py:93} INFO - [0m01:47:08
[2026-09-23T01:47:08.098+0000] {subprocess.py:93} INFO - [0m01:47:08  Concurrency: 4 threads (target='docker')
[2026-09-23T01:47:08.099+0000] {subprocess.py:93} INFO - [0m01:47:08
[2026-09-23T01:47:08.460+0000] {subprocess.py:93} INFO - [0m01:47:08  1 of 6 START sql table model gold.gold_dim_date ................................ [RUN]
[2026-09-23T01:47:08.461+0000] {subprocess.py:93} INFO - [0m01:47:08  2 of 6 START sql table model gold.gold_dim_product_cost ........................ [RUN]
[2026-09-23T01:47:08.463+0000] {subprocess.py:93} INFO - [0m01:47:08  3 of 6 START sql table model gold.gold_dim_product_info ........................ [RUN]
[2026-09-23T01:47:08.465+0000] {subprocess.py:93} INFO - [0m01:47:08  4 of 6 START sql table model gold.gold_dim_store ............................... [RUN]
[2026-09-23T01:47:08.823+0000] {subprocess.py:93} INFO - [0m01:47:08  3 of 6 OK created sql table model gold.gold_dim_product_info ................... [[32mSELECT 15[0m in 0.35s]
[2026-09-23T01:47:08.830+0000] {subprocess.py:93} INFO - [0m01:47:08  4 of 6 OK created sql table model gold.gold_dim_store .......................... [[32mSELECT 4[0m in 0.35s]
[2026-09-23T01:47:08.833+0000] {subprocess.py:93} INFO - [0m01:47:08  2 of 6 OK created sql table model gold.gold_dim_product_cost ................... [[32mSELECT 9[0m in 0.36s]
[2026-09-23T01:47:08.852+0000] {subprocess.py:93} INFO - [0m01:47:08  1 of 6 OK created sql table model gold.gold_dim_date ........................... [[32mSELECT 3653[0m in 0.38s]
[2026-09-23T01:47:08.857+0000] {subprocess.py:93} INFO - [0m01:47:08  5 of 6 START sql table model silver.dbt_lcbo_fact_table ........................ [RUN]
[2026-09-23T01:47:08.992+0000] {subprocess.py:93} INFO - [0m01:47:08  5 of 6 OK created sql table model silver.dbt_lcbo_fact_table ................... [[32mSELECT 14[0m in 0.13s]
[2026-09-23T01:47:08.999+0000] {subprocess.py:93} INFO - [0m01:47:08  6 of 6 START sql incremental model gold.gold_fact_table ........................ [RUN]
[2026-09-23T01:47:09.244+0000] {subprocess.py:93} INFO - [0m01:47:09  6 of 6 OK created sql incremental model gold.gold_fact_table ................... [[32mMERGE 14[0m in 0.24s]
[2026-09-23T01:47:09.335+0000] {subprocess.py:93} INFO - [0m01:47:09
[2026-09-23T01:47:09.336+0000] {subprocess.py:93} INFO - [0m01:47:09  Finished running 1 incremental model, 5 table models in 0 hours 0 minutes and 1.23 seconds (1.23s).
[2026-09-23T01:47:09.453+0000] {subprocess.py:93} INFO - [0m01:47:09
[2026-09-23T01:47:09.455+0000] {subprocess.py:93} INFO - [0m01:47:09  [32mCompleted successfully[0m
[2026-09-23T01:47:09.456+0000] {subprocess.py:93} INFO - [0m01:47:09
[2026-09-23T01:47:09.458+0000] {subprocess.py:93} INFO - [0m01:47:09  Done. PASS=6 WARN=0 ERROR=0 SKIP=0 NO-OP=0 REUSED=0 TOTAL=6
[2026-09-23T01:47:13.310+0000] {subprocess.py:97} INFO - Command exited with return code 0
[2026-09-23T01:47:13.313+0000] {taskinstance.py:441} INFO - ::group::Post task execution logs
[2026-09-23T01:47:13.339+0000] {taskinstance.py:1206} INFO - Marking task as SUCCESS. dag_id=medallion_settlement_pipeline, task_id=Gold_Star_Schema.build_dims_and_fact, run_id=manual__2026-09-23T01:46:22.219923+00:00, execution_date=20260923T014622, start_date=20260923T014704, end_date=20260923T014713
[2026-09-23T01:47:13.378+0000] {local_task_job_runner.py:243} INFO - Task exited with return code 0
[2026-09-23T01:47:13.393+0000] {taskinstance.py:3503} INFO - 0 downstream tasks scheduled from follow-on schedule check
[2026-09-23T01:47:13.396+0000] {local_task_job_runner.py:222} INFO - ::endgroup::
