[2026-09-24T01:10:39.930+0000] {local_task_job_runner.py:120} INFO - ::group::Pre task execution logs
[2026-09-24T01:10:39.957+0000] {taskinstance.py:2076} INFO - Dependencies all met for dep_context=non-requeueable deps ti=<TaskInstance: medallion_settlement_pipeline.Silver_Transform.snapshot_product_dim manual__2026-09-24T01:10:03.772856+00:00 [queued]>
[2026-09-24T01:10:39.964+0000] {taskinstance.py:2076} INFO - Dependencies all met for dep_context=requeueable deps ti=<TaskInstance: medallion_settlement_pipeline.Silver_Transform.snapshot_product_dim manual__2026-09-24T01:10:03.772856+00:00 [queued]>
[2026-09-24T01:10:39.965+0000] {taskinstance.py:2306} INFO - Starting attempt 1 of 1
[2026-09-24T01:10:39.976+0000] {taskinstance.py:2330} INFO - Executing <Task(BashOperator): Silver_Transform.snapshot_product_dim> on 2026-09-24 01:10:03.772856+00:00
[2026-09-24T01:10:39.987+0000] {logging_mixin.py:188} WARNING - /home/***/.local/lib/python3.12/site-packages/***/task/task_runner/standard_task_runner.py:62 DeprecationWarning: This process (pid=325) is multi-threaded, use of fork() may lead to deadlocks in the child.
[2026-09-24T01:10:39.986+0000] {standard_task_runner.py:90} INFO - Running: ['***', 'tasks', 'run', 'medallion_settlement_pipeline', 'Silver_Transform.snapshot_product_dim', 'manual__2026-09-24T01:10:03.772856+00:00', '--job-id', '181', '--raw', '--subdir', 'DAGS_FOLDER/lcbo_pipeline_dag.py', '--cfg-path', '/tmp/tmprftd_viy']
[2026-09-24T01:10:39.989+0000] {standard_task_runner.py:64} INFO - Started process 326 to run task
[2026-09-24T01:10:39.990+0000] {standard_task_runner.py:91} INFO - Job 181: Subtask Silver_Transform.snapshot_product_dim
[2026-09-24T01:10:40.033+0000] {task_command.py:426} INFO - Running <TaskInstance: medallion_settlement_pipeline.Silver_Transform.snapshot_product_dim manual__2026-09-24T01:10:03.772856+00:00 [running]> on host ca212af9ca23
[2026-09-24T01:10:40.113+0000] {taskinstance.py:2648} INFO - Exporting env vars: AIRFLOW_CTX_DAG_OWNER='bhavik' AIRFLOW_CTX_DAG_ID='medallion_settlement_pipeline' AIRFLOW_CTX_TASK_ID='Silver_Transform.snapshot_product_dim' AIRFLOW_CTX_EXECUTION_DATE='2026-09-24T01:10:03.772856+00:00' AIRFLOW_CTX_TRY_NUMBER='1' AIRFLOW_CTX_DAG_RUN_ID='manual__2026-09-24T01:10:03.772856+00:00'
[2026-09-24T01:10:40.115+0000] {taskinstance.py:430} INFO - ::endgroup::
[2026-09-24T01:10:40.127+0000] {subprocess.py:63} INFO - Tmp dir root location: /tmp
[2026-09-24T01:10:40.129+0000] {subprocess.py:75} INFO - Running command: ['/usr/bin/bash', '-c', 'cd /opt/***/dbt_project && dbt snapshot --target docker --select dim_product_snapshot']
[2026-09-24T01:10:40.142+0000] {subprocess.py:86} INFO - Output:
[2026-09-24T01:10:41.802+0000] {subprocess.py:93} INFO - [0m01:10:41  Running with dbt=1.12.5
[2026-09-24T01:10:42.039+0000] {subprocess.py:93} INFO - [0m01:10:42  Registered adapter: postgres=1.9.0
[2026-09-24T01:10:43.233+0000] {subprocess.py:93} INFO - [0m01:10:43  Found 14 models, 2 snapshots, 3 sources, 597 macros
[2026-09-24T01:10:43.237+0000] {subprocess.py:93} INFO - [0m01:10:43
[2026-09-24T01:10:43.238+0000] {subprocess.py:93} INFO - [0m01:10:43  Concurrency: 4 threads (target='docker')
[2026-09-24T01:10:43.239+0000] {subprocess.py:93} INFO - [0m01:10:43
[2026-09-24T01:10:43.495+0000] {subprocess.py:93} INFO - [0m01:10:43  1 of 1 START snapshot gold.dim_product_snapshot ................................ [RUN]
[2026-09-24T01:10:43.888+0000] {subprocess.py:93} INFO - [0m01:10:43  1 of 1 OK snapshotted gold.dim_product_snapshot ................................ [[32mINSERT 0 2[0m in 0.39s]
[2026-09-24T01:10:43.959+0000] {subprocess.py:93} INFO - [0m01:10:43
[2026-09-24T01:10:43.961+0000] {subprocess.py:93} INFO - [0m01:10:43  Finished running 1 snapshot in 0 hours 0 minutes and 0.72 seconds (0.72s).
[2026-09-24T01:10:44.076+0000] {subprocess.py:93} INFO - [0m01:10:44
[2026-09-24T01:10:44.077+0000] {subprocess.py:93} INFO - [0m01:10:44  [32mCompleted successfully[0m
[2026-09-24T01:10:44.081+0000] {subprocess.py:93} INFO - [0m01:10:44
[2026-09-24T01:10:44.083+0000] {subprocess.py:93} INFO - [0m01:10:44  Done. PASS=1 WARN=0 ERROR=0 SKIP=0 NO-OP=0 REUSED=0 TOTAL=1
[2026-09-24T01:10:47.920+0000] {subprocess.py:97} INFO - Command exited with return code 0
[2026-09-24T01:10:47.922+0000] {taskinstance.py:441} INFO - ::group::Post task execution logs
[2026-09-24T01:10:47.946+0000] {taskinstance.py:1206} INFO - Marking task as SUCCESS. dag_id=medallion_settlement_pipeline, task_id=Silver_Transform.snapshot_product_dim, run_id=manual__2026-09-24T01:10:03.772856+00:00, execution_date=20260924T011003, start_date=20260924T011039, end_date=20260924T011047
[2026-09-24T01:10:47.988+0000] {local_task_job_runner.py:243} INFO - Task exited with return code 0
[2026-09-24T01:10:48.006+0000] {taskinstance.py:3503} INFO - 1 downstream tasks scheduled from follow-on schedule check
[2026-09-24T01:10:48.008+0000] {local_task_job_runner.py:222} INFO - ::endgroup::
