[2026-09-19T19:29:58.425+0000] {local_task_job_runner.py:120} INFO - ::group::Pre task execution logs
[2026-09-19T19:29:58.452+0000] {taskinstance.py:2076} INFO - Dependencies all met for dep_context=non-requeueable deps ti=<TaskInstance: lcbo_pipeline.silver.run_joined manual__2026-09-19T19:29:32.008515+00:00 [queued]>
[2026-09-19T19:29:58.459+0000] {taskinstance.py:2076} INFO - Dependencies all met for dep_context=requeueable deps ti=<TaskInstance: lcbo_pipeline.silver.run_joined manual__2026-09-19T19:29:32.008515+00:00 [queued]>
[2026-09-19T19:29:58.460+0000] {taskinstance.py:2306} INFO - Starting attempt 1 of 1
[2026-09-19T19:29:58.471+0000] {taskinstance.py:2330} INFO - Executing <Task(BashOperator): silver.run_joined> on 2026-09-19 19:29:32.008515+00:00
[2026-09-19T19:29:58.482+0000] {logging_mixin.py:188} WARNING - /home/***/.local/lib/python3.12/site-packages/***/task/task_runner/standard_task_runner.py:62 DeprecationWarning: This process (pid=371) is multi-threaded, use of fork() may lead to deadlocks in the child.
[2026-09-19T19:29:58.484+0000] {standard_task_runner.py:64} INFO - Started process 372 to run task
[2026-09-19T19:29:58.482+0000] {standard_task_runner.py:90} INFO - Running: ['***', 'tasks', 'run', 'lcbo_pipeline', 'silver.run_joined', 'manual__2026-09-19T19:29:32.008515+00:00', '--job-id', '49', '--raw', '--subdir', 'DAGS_FOLDER/lcbo_pipeline_dag.py', '--cfg-path', '/tmp/tmprr19easx']
[2026-09-19T19:29:58.487+0000] {standard_task_runner.py:91} INFO - Job 49: Subtask silver.run_joined
[2026-09-19T19:29:58.527+0000] {task_command.py:426} INFO - Running <TaskInstance: lcbo_pipeline.silver.run_joined manual__2026-09-19T19:29:32.008515+00:00 [running]> on host 6cf516ec3c07
[2026-09-19T19:29:58.594+0000] {taskinstance.py:2648} INFO - Exporting env vars: AIRFLOW_CTX_DAG_OWNER='bhavik' AIRFLOW_CTX_DAG_ID='lcbo_pipeline' AIRFLOW_CTX_TASK_ID='silver.run_joined' AIRFLOW_CTX_EXECUTION_DATE='2026-09-19T19:29:32.008515+00:00' AIRFLOW_CTX_TRY_NUMBER='1' AIRFLOW_CTX_DAG_RUN_ID='manual__2026-09-19T19:29:32.008515+00:00'
[2026-09-19T19:29:58.595+0000] {taskinstance.py:430} INFO - ::endgroup::
[2026-09-19T19:29:58.606+0000] {subprocess.py:63} INFO - Tmp dir root location: /tmp
[2026-09-19T19:29:58.608+0000] {subprocess.py:75} INFO - Running command: ['/usr/bin/bash', '-c', 'cd /opt/***/dbt_project && dbt run --target docker --select dbt_lcbo_joined_dim_prod_cost']
[2026-09-19T19:29:58.619+0000] {subprocess.py:86} INFO - Output:
[2026-09-19T19:30:00.188+0000] {subprocess.py:93} INFO - [0m19:30:00  Running with dbt=1.12.5
[2026-09-19T19:30:00.421+0000] {subprocess.py:93} INFO - [0m19:30:00  Registered adapter: postgres=1.9.0
[2026-09-19T19:30:01.510+0000] {subprocess.py:93} INFO - [0m19:30:01  Found 14 models, 2 snapshots, 3 sources, 597 macros
[2026-09-19T19:30:01.514+0000] {subprocess.py:93} INFO - [0m19:30:01
[2026-09-19T19:30:01.515+0000] {subprocess.py:93} INFO - [0m19:30:01  Concurrency: 4 threads (target='docker')
[2026-09-19T19:30:01.516+0000] {subprocess.py:93} INFO - [0m19:30:01
[2026-09-19T19:30:01.808+0000] {subprocess.py:93} INFO - [0m19:30:01  1 of 1 START sql table model silver.dbt_lcbo_joined_dim_prod_cost .............. [RUN]
[2026-09-19T19:30:01.985+0000] {subprocess.py:93} INFO - [0m19:30:01  1 of 1 OK created sql table model silver.dbt_lcbo_joined_dim_prod_cost ......... [[32mSELECT 13[0m in 0.17s]
[2026-09-19T19:30:02.168+0000] {subprocess.py:93} INFO - [0m19:30:02
[2026-09-19T19:30:02.169+0000] {subprocess.py:93} INFO - [0m19:30:02  Finished running 1 table model in 0 hours 0 minutes and 0.65 seconds (0.65s).
[2026-09-19T19:30:02.380+0000] {subprocess.py:93} INFO - [0m19:30:02
[2026-09-19T19:30:02.381+0000] {subprocess.py:93} INFO - [0m19:30:02  [32mCompleted successfully[0m
[2026-09-19T19:30:02.383+0000] {subprocess.py:93} INFO - [0m19:30:02
[2026-09-19T19:30:02.384+0000] {subprocess.py:93} INFO - [0m19:30:02  Done. PASS=1 WARN=0 ERROR=0 SKIP=0 NO-OP=0 REUSED=0 TOTAL=1
[2026-09-19T19:30:06.241+0000] {subprocess.py:97} INFO - Command exited with return code 0
[2026-09-19T19:30:06.243+0000] {taskinstance.py:441} INFO - ::group::Post task execution logs
[2026-09-19T19:30:06.270+0000] {taskinstance.py:1206} INFO - Marking task as SUCCESS. dag_id=lcbo_pipeline, task_id=silver.run_joined, run_id=manual__2026-09-19T19:29:32.008515+00:00, execution_date=20260919T192932, start_date=20260919T192958, end_date=20260919T193006
[2026-09-19T19:30:06.293+0000] {local_task_job_runner.py:243} INFO - Task exited with return code 0
[2026-09-19T19:30:06.313+0000] {taskinstance.py:3503} INFO - 1 downstream tasks scheduled from follow-on schedule check
[2026-09-19T19:30:06.316+0000] {local_task_job_runner.py:222} INFO - ::endgroup::
