[2026-09-24T02:16:25.073+0000] {local_task_job_runner.py:120} INFO - ::group::Pre task execution logs
[2026-09-24T02:16:25.101+0000] {taskinstance.py:2076} INFO - Dependencies all met for dep_context=non-requeueable deps ti=<TaskInstance: medallion_settlement_pipeline.Bronze_Ingestion.ingest_settlements manual__2026-09-24T02:05:31.038900+00:00 [queued]>
[2026-09-24T02:16:25.110+0000] {taskinstance.py:2076} INFO - Dependencies all met for dep_context=requeueable deps ti=<TaskInstance: medallion_settlement_pipeline.Bronze_Ingestion.ingest_settlements manual__2026-09-24T02:05:31.038900+00:00 [queued]>
[2026-09-24T02:16:25.111+0000] {taskinstance.py:2306} INFO - Starting attempt 2 of 2
[2026-09-24T02:16:25.121+0000] {taskinstance.py:2330} INFO - Executing <Task(BashOperator): Bronze_Ingestion.ingest_settlements> on 2026-09-24 02:05:31.038900+00:00
[2026-09-24T02:16:25.130+0000] {standard_task_runner.py:90} INFO - Running: ['***', 'tasks', 'run', 'medallion_settlement_pipeline', 'Bronze_Ingestion.ingest_settlements', 'manual__2026-09-24T02:05:31.038900+00:00', '--job-id', '202', '--raw', '--subdir', 'DAGS_FOLDER/lcbo_pipeline_dag.py', '--cfg-path', '/tmp/tmpdvyor5zc']
[2026-09-24T02:16:25.132+0000] {logging_mixin.py:188} WARNING - /home/***/.local/lib/python3.12/site-packages/***/task/task_runner/standard_task_runner.py:62 DeprecationWarning: This process (pid=1237) is multi-threaded, use of fork() may lead to deadlocks in the child.
[2026-09-24T02:16:25.132+0000] {standard_task_runner.py:91} INFO - Job 202: Subtask Bronze_Ingestion.ingest_settlements
[2026-09-24T02:16:25.133+0000] {standard_task_runner.py:64} INFO - Started process 1238 to run task
[2026-09-24T02:16:25.171+0000] {task_command.py:426} INFO - Running <TaskInstance: medallion_settlement_pipeline.Bronze_Ingestion.ingest_settlements manual__2026-09-24T02:05:31.038900+00:00 [running]> on host 9314f7d71f12
[2026-09-24T02:16:25.245+0000] {taskinstance.py:2648} INFO - Exporting env vars: AIRFLOW_CTX_DAG_OWNER='bhavik' AIRFLOW_CTX_DAG_ID='medallion_settlement_pipeline' AIRFLOW_CTX_TASK_ID='Bronze_Ingestion.ingest_settlements' AIRFLOW_CTX_EXECUTION_DATE='2026-09-24T02:05:31.038900+00:00' AIRFLOW_CTX_TRY_NUMBER='2' AIRFLOW_CTX_DAG_RUN_ID='manual__2026-09-24T02:05:31.038900+00:00'
[2026-09-24T02:16:25.247+0000] {taskinstance.py:430} INFO - ::endgroup::
[2026-09-24T02:16:25.257+0000] {subprocess.py:63} INFO - Tmp dir root location: /tmp
[2026-09-24T02:16:25.259+0000] {subprocess.py:75} INFO - Running command: ['/usr/bin/bash', '-c', 'python /opt/***/etl_scripts/bronze_lcbo_raw.py']
[2026-09-24T02:16:25.272+0000] {subprocess.py:86} INFO - Output:
[2026-09-24T02:16:26.266+0000] {subprocess.py:93} INFO - 2026-09-24 02:16:26,266 - INFO - Successfully connected to Postgres
[2026-09-24T02:16:26.268+0000] {subprocess.py:93} INFO - 2026-09-24 02:16:26,266 - INFO - Successfully connected to Postgres
[2026-09-24T02:16:26.269+0000] {subprocess.py:93} INFO - 2026-09-24 02:16:26,266 - INFO - LoadingData_ToPostgres class initialized successfully.
[2026-09-24T02:16:26.271+0000] {subprocess.py:93} INFO - 2026-09-24 02:16:26,271 - INFO - Data from file lcbo_settlement_20260923.csv already exists in Postgres. Skipping processing.
[2026-09-24T02:16:26.272+0000] {subprocess.py:93} INFO - 2026-09-24 02:16:26,271 - INFO - Postgres connection closed.
[2026-09-24T02:16:26.349+0000] {subprocess.py:97} INFO - Command exited with return code 0
[2026-09-24T02:16:26.351+0000] {taskinstance.py:441} INFO - ::group::Post task execution logs
[2026-09-24T02:16:26.369+0000] {taskinstance.py:1206} INFO - Marking task as SUCCESS. dag_id=medallion_settlement_pipeline, task_id=Bronze_Ingestion.ingest_settlements, run_id=manual__2026-09-24T02:05:31.038900+00:00, execution_date=20260924T020531, start_date=20260924T021625, end_date=20260924T021626
[2026-09-24T02:16:26.395+0000] {local_task_job_runner.py:243} INFO - Task exited with return code 0
[2026-09-24T02:16:26.416+0000] {taskinstance.py:3503} INFO - 1 downstream tasks scheduled from follow-on schedule check
[2026-09-24T02:16:26.419+0000] {local_task_job_runner.py:222} INFO - ::endgroup::
