[2026-09-24T02:05:33.010+0000] {local_task_job_runner.py:120} INFO - ::group::Pre task execution logs
[2026-09-24T02:05:33.039+0000] {taskinstance.py:2076} INFO - Dependencies all met for dep_context=non-requeueable deps ti=<TaskInstance: medallion_settlement_pipeline.Bronze_Ingestion.ingest_settlements manual__2026-09-24T02:05:31.038900+00:00 [queued]>
[2026-09-24T02:05:33.047+0000] {taskinstance.py:2076} INFO - Dependencies all met for dep_context=requeueable deps ti=<TaskInstance: medallion_settlement_pipeline.Bronze_Ingestion.ingest_settlements manual__2026-09-24T02:05:31.038900+00:00 [queued]>
[2026-09-24T02:05:33.048+0000] {taskinstance.py:2306} INFO - Starting attempt 1 of 1
[2026-09-24T02:05:33.060+0000] {taskinstance.py:2330} INFO - Executing <Task(BashOperator): Bronze_Ingestion.ingest_settlements> on 2026-09-24 02:05:31.038900+00:00
[2026-09-24T02:05:33.071+0000] {standard_task_runner.py:90} INFO - Running: ['***', 'tasks', 'run', 'medallion_settlement_pipeline', 'Bronze_Ingestion.ingest_settlements', 'manual__2026-09-24T02:05:31.038900+00:00', '--job-id', '194', '--raw', '--subdir', 'DAGS_FOLDER/lcbo_pipeline_dag.py', '--cfg-path', '/tmp/tmpxf8k2ru3']
[2026-09-24T02:05:33.073+0000] {logging_mixin.py:188} WARNING - /home/***/.local/lib/python3.12/site-packages/***/task/task_runner/standard_task_runner.py:62 DeprecationWarning: This process (pid=883) is multi-threaded, use of fork() may lead to deadlocks in the child.
[2026-09-24T02:05:33.074+0000] {standard_task_runner.py:91} INFO - Job 194: Subtask Bronze_Ingestion.ingest_settlements
[2026-09-24T02:05:33.075+0000] {standard_task_runner.py:64} INFO - Started process 884 to run task
[2026-09-24T02:05:33.115+0000] {task_command.py:426} INFO - Running <TaskInstance: medallion_settlement_pipeline.Bronze_Ingestion.ingest_settlements manual__2026-09-24T02:05:31.038900+00:00 [running]> on host 9314f7d71f12
[2026-09-24T02:05:33.192+0000] {taskinstance.py:2648} INFO - Exporting env vars: AIRFLOW_CTX_DAG_OWNER='bhavik' AIRFLOW_CTX_DAG_ID='medallion_settlement_pipeline' AIRFLOW_CTX_TASK_ID='Bronze_Ingestion.ingest_settlements' AIRFLOW_CTX_EXECUTION_DATE='2026-09-24T02:05:31.038900+00:00' AIRFLOW_CTX_TRY_NUMBER='1' AIRFLOW_CTX_DAG_RUN_ID='manual__2026-09-24T02:05:31.038900+00:00'
[2026-09-24T02:05:33.193+0000] {taskinstance.py:430} INFO - ::endgroup::
[2026-09-24T02:05:33.204+0000] {subprocess.py:63} INFO - Tmp dir root location: /tmp
[2026-09-24T02:05:33.207+0000] {subprocess.py:75} INFO - Running command: ['/usr/bin/bash', '-c', 'python /opt/***/etl_scripts/bronze_lcbo_raw.py']
[2026-09-24T02:05:33.220+0000] {subprocess.py:86} INFO - Output:
[2026-09-24T02:05:34.339+0000] {subprocess.py:93} INFO - 2026-09-24 02:05:34,339 - INFO - Successfully connected to Postgres
[2026-09-24T02:05:34.341+0000] {subprocess.py:93} INFO - 2026-09-24 02:05:34,339 - INFO - Successfully connected to Postgres
[2026-09-24T02:05:34.342+0000] {subprocess.py:93} INFO - 2026-09-24 02:05:34,340 - INFO - LoadingData_ToPostgres class initialized successfully.
[2026-09-24T02:05:34.345+0000] {subprocess.py:93} INFO - 2026-09-24 02:05:34,344 - INFO - Processing file: lcbo_settlement_20260923.csv with batch ID: 6 and file hash: c06d67cedf59a4a8a1af9a4e94e80ad631bf2ec575d97a4005e2ce0c8677a5bb
[2026-09-24T02:05:34.346+0000] {subprocess.py:93} INFO - 2026-09-24 02:05:34,344 - INFO - Found file: /opt/***/source_files/lcbo_settlement_20260923.csv
[2026-09-24T02:05:34.358+0000] {subprocess.py:93} INFO - 2026-09-24 02:05:34,357 - INFO - Inserted batch of size 16 into Postgres.
[2026-09-24T02:05:34.360+0000] {subprocess.py:93} INFO - 2026-09-24 02:05:34,360 - INFO - File processed successfully.
[2026-09-24T02:05:34.361+0000] {subprocess.py:93} INFO - 2026-09-24 02:05:34,360 - INFO - Postgres connection closed.
[2026-09-24T02:05:34.512+0000] {subprocess.py:97} INFO - Command exited with return code 0
[2026-09-24T02:05:34.514+0000] {taskinstance.py:441} INFO - ::group::Post task execution logs
[2026-09-24T02:05:34.550+0000] {taskinstance.py:1206} INFO - Marking task as SUCCESS. dag_id=medallion_settlement_pipeline, task_id=Bronze_Ingestion.ingest_settlements, run_id=manual__2026-09-24T02:05:31.038900+00:00, execution_date=20260924T020531, start_date=20260924T020533, end_date=20260924T020534
[2026-09-24T02:05:34.616+0000] {local_task_job_runner.py:243} INFO - Task exited with return code 0
[2026-09-24T02:05:34.642+0000] {taskinstance.py:3503} INFO - 1 downstream tasks scheduled from follow-on schedule check
[2026-09-24T02:05:34.644+0000] {local_task_job_runner.py:222} INFO - ::endgroup::
