[2026-09-23T01:30:20.610+0000] {local_task_job_runner.py:120} INFO - ::group::Pre task execution logs
[2026-09-23T01:30:20.635+0000] {taskinstance.py:2076} INFO - Dependencies all met for dep_context=non-requeueable deps ti=<TaskInstance: medallion_settlement_pipeline.Silver_Transform.clean_cast_settlements manual__2026-09-23T01:30:14.866299+00:00 [queued]>
[2026-09-23T01:30:20.642+0000] {taskinstance.py:2076} INFO - Dependencies all met for dep_context=requeueable deps ti=<TaskInstance: medallion_settlement_pipeline.Silver_Transform.clean_cast_settlements manual__2026-09-23T01:30:14.866299+00:00 [queued]>
[2026-09-23T01:30:20.643+0000] {taskinstance.py:2306} INFO - Starting attempt 1 of 1
[2026-09-23T01:30:20.653+0000] {taskinstance.py:2330} INFO - Executing <Task(BashOperator): Silver_Transform.clean_cast_settlements> on 2026-09-23 01:30:14.866299+00:00
[2026-09-23T01:30:20.664+0000] {logging_mixin.py:188} WARNING - /home/***/.local/lib/python3.12/site-packages/***/task/task_runner/standard_task_runner.py:62 DeprecationWarning: This process (pid=1754) is multi-threaded, use of fork() may lead to deadlocks in the child.
[2026-09-23T01:30:20.663+0000] {standard_task_runner.py:90} INFO - Running: ['***', 'tasks', 'run', 'medallion_settlement_pipeline', 'Silver_Transform.clean_cast_settlements', 'manual__2026-09-23T01:30:14.866299+00:00', '--job-id', '164', '--raw', '--subdir', 'DAGS_FOLDER/lcbo_pipeline_dag.py', '--cfg-path', '/tmp/tmpfyyw_yxx']
[2026-09-23T01:30:20.666+0000] {standard_task_runner.py:64} INFO - Started process 1755 to run task
[2026-09-23T01:30:20.666+0000] {standard_task_runner.py:91} INFO - Job 164: Subtask Silver_Transform.clean_cast_settlements
[2026-09-23T01:30:20.703+0000] {task_command.py:426} INFO - Running <TaskInstance: medallion_settlement_pipeline.Silver_Transform.clean_cast_settlements manual__2026-09-23T01:30:14.866299+00:00 [running]> on host 4318980e9d4e
[2026-09-23T01:30:20.776+0000] {taskinstance.py:2648} INFO - Exporting env vars: AIRFLOW_CTX_DAG_OWNER='bhavik' AIRFLOW_CTX_DAG_ID='medallion_settlement_pipeline' AIRFLOW_CTX_TASK_ID='Silver_Transform.clean_cast_settlements' AIRFLOW_CTX_EXECUTION_DATE='2026-09-23T01:30:14.866299+00:00' AIRFLOW_CTX_TRY_NUMBER='1' AIRFLOW_CTX_DAG_RUN_ID='manual__2026-09-23T01:30:14.866299+00:00'
[2026-09-23T01:30:20.778+0000] {taskinstance.py:430} INFO - ::endgroup::
[2026-09-23T01:30:20.789+0000] {subprocess.py:63} INFO - Tmp dir root location: /tmp
[2026-09-23T01:30:20.791+0000] {subprocess.py:75} INFO - Running command: ['/usr/bin/bash', '-c', 'cd /opt/***/dbt_project && dbt run --target docker --select dbt_lcbo_raw dbt_product_cost dbt_lcbo_columns_trans dbt_lcbo_columns_type dbt_lcbo_cleansed_settlement dbt_lcbo_filterout_negative_sales dbt_dim_product_transform']
[2026-09-23T01:30:20.804+0000] {subprocess.py:86} INFO - Output:
[2026-09-23T01:30:22.741+0000] {subprocess.py:93} INFO - [0m01:30:22  Running with dbt=1.12.5
[2026-09-23T01:30:23.031+0000] {subprocess.py:93} INFO - [0m01:30:23  Registered adapter: postgres=1.9.0
[2026-09-23T01:30:24.162+0000] {subprocess.py:93} INFO - [0m01:30:24  Found 14 models, 2 snapshots, 3 sources, 597 macros
[2026-09-23T01:30:24.167+0000] {subprocess.py:93} INFO - [0m01:30:24
[2026-09-23T01:30:24.168+0000] {subprocess.py:93} INFO - [0m01:30:24  Concurrency: 4 threads (target='docker')
[2026-09-23T01:30:24.169+0000] {subprocess.py:93} INFO - [0m01:30:24
[2026-09-23T01:30:24.499+0000] {subprocess.py:93} INFO - [0m01:30:24  1 of 7 START sql table model silver.dbt_lcbo_raw ............................... [RUN]
[2026-09-23T01:30:24.501+0000] {subprocess.py:93} INFO - [0m01:30:24  2 of 7 START sql table model silver.dbt_product_cost ........................... [RUN]
[2026-09-23T01:30:24.750+0000] {subprocess.py:93} INFO - [0m01:30:24  1 of 7 OK created sql table model silver.dbt_lcbo_raw .......................... [[32mSELECT 32[0m in 0.24s]
[2026-09-23T01:30:24.758+0000] {subprocess.py:93} INFO - [0m01:30:24  3 of 7 START sql table model silver.dbt_lcbo_columns_trans ..................... [RUN]
[2026-09-23T01:30:24.855+0000] {subprocess.py:93} INFO - [0m01:30:24  2 of 7 OK created sql table model silver.dbt_product_cost ...................... [[32mSELECT 9[0m in 0.35s]
[2026-09-23T01:30:24.860+0000] {subprocess.py:93} INFO - [0m01:30:24  4 of 7 START sql table model silver.dbt_dim_product_transform .................. [RUN]
[2026-09-23T01:30:25.004+0000] {subprocess.py:93} INFO - [0m01:30:25  3 of 7 OK created sql table model silver.dbt_lcbo_columns_trans ................ [[32mSELECT 32[0m in 0.24s]
[2026-09-23T01:30:25.010+0000] {subprocess.py:93} INFO - [0m01:30:25  5 of 7 START sql table model silver.dbt_lcbo_columns_type ...................... [RUN]
[2026-09-23T01:30:25.178+0000] {subprocess.py:93} INFO - [0m01:30:25  4 of 7 OK created sql table model silver.dbt_dim_product_transform ............. [[32mSELECT 9[0m in 0.31s]
[2026-09-23T01:30:25.199+0000] {subprocess.py:93} INFO - [0m01:30:25  5 of 7 OK created sql table model silver.dbt_lcbo_columns_type ................. [[32mSELECT 32[0m in 0.19s]
[2026-09-23T01:30:25.205+0000] {subprocess.py:93} INFO - [0m01:30:25  6 of 7 START sql table model silver.dbt_lcbo_cleansed_settlement ............... [RUN]
[2026-09-23T01:30:25.207+0000] {subprocess.py:93} INFO - [0m01:30:25  7 of 7 START sql incremental model silver.dbt_lcbo_filterout_negative_sales .... [RUN]
[2026-09-23T01:30:25.427+0000] {subprocess.py:93} INFO - [0m01:30:25  6 of 7 OK created sql table model silver.dbt_lcbo_cleansed_settlement .......... [[32mSELECT 28[0m in 0.22s]
[2026-09-23T01:30:25.442+0000] {subprocess.py:93} INFO - [0m01:30:25  7 of 7 ERROR creating sql incremental model silver.dbt_lcbo_filterout_negative_sales  [[31mERROR[0m in 0.23s]
[2026-09-23T01:30:25.535+0000] {subprocess.py:93} INFO - [0m01:30:25
[2026-09-23T01:30:25.537+0000] {subprocess.py:93} INFO - [0m01:30:25  Finished running 1 incremental model, 6 table models in 0 hours 0 minutes and 1.36 seconds (1.36s).
[2026-09-23T01:30:25.660+0000] {subprocess.py:93} INFO - [0m01:30:25
[2026-09-23T01:30:25.662+0000] {subprocess.py:93} INFO - [0m01:30:25  [31mCompleted with 1 error, 0 partial successes, and 0 warnings:[0m
[2026-09-23T01:30:25.663+0000] {subprocess.py:93} INFO - [0m01:30:25
[2026-09-23T01:30:25.664+0000] {subprocess.py:93} INFO - [0m01:30:25  [[31mERROR[0m]: in model dbt_lcbo_filterout_negative_sales (models/silver_lcbo_transform/dbt_lcbo_filterout_negative_sales.sql)
[2026-09-23T01:30:25.666+0000] {subprocess.py:93} INFO - [0m01:30:25    Database Error in model dbt_lcbo_filterout_negative_sales (models/silver_lcbo_transform/dbt_lcbo_filterout_negative_sales.sql)
[2026-09-23T01:30:25.667+0000] {subprocess.py:93} INFO -   MERGE command cannot affect row a second time
[2026-09-23T01:30:25.668+0000] {subprocess.py:93} INFO -   HINT:  Ensure that not more than one source row matches any one target row.
[2026-09-23T01:30:25.668+0000] {subprocess.py:93} INFO -   compiled code at target/run/dbt_transformation_lcbo/models/silver_lcbo_transform/dbt_lcbo_filterout_negative_sales.sql
[2026-09-23T01:30:25.669+0000] {subprocess.py:93} INFO - [0m01:30:25
[2026-09-23T01:30:25.670+0000] {subprocess.py:93} INFO - [0m01:30:25    compiled code at target/compiled/dbt_transformation_lcbo/models/silver_lcbo_transform/dbt_lcbo_filterout_negative_sales.sql
[2026-09-23T01:30:25.671+0000] {subprocess.py:93} INFO - [0m01:30:25
[2026-09-23T01:30:25.672+0000] {subprocess.py:93} INFO - [0m01:30:25  Done. PASS=6 WARN=0 ERROR=1 SKIP=0 NO-OP=0 REUSED=0 TOTAL=7
[2026-09-23T01:30:29.555+0000] {subprocess.py:97} INFO - Command exited with return code 1
[2026-09-23T01:30:29.559+0000] {taskinstance.py:441} INFO - ::group::Post task execution logs
[2026-09-23T01:30:29.573+0000] {taskinstance.py:2905} ERROR - Task failed with exception
Traceback (most recent call last):
  File "/home/airflow/.local/lib/python3.12/site-packages/airflow/models/taskinstance.py", line 465, in _execute_task
    result = _execute_callable(context=context, **execute_callable_kwargs)
             ^^^^^^^^^^^^^^^^^^^^^^^^^^^^^^^^^^^^^^^^^^^^^^^^^^^^^^^^^^^^^
  File "/home/airflow/.local/lib/python3.12/site-packages/airflow/models/taskinstance.py", line 432, in _execute_callable
    return execute_callable(context=context, **execute_callable_kwargs)
           ^^^^^^^^^^^^^^^^^^^^^^^^^^^^^^^^^^^^^^^^^^^^^^^^^^^^^^^^^^^^
  File "/home/airflow/.local/lib/python3.12/site-packages/airflow/models/baseoperator.py", line 401, in wrapper
    return func(self, *args, **kwargs)
           ^^^^^^^^^^^^^^^^^^^^^^^^^^^
  File "/home/airflow/.local/lib/python3.12/site-packages/airflow/operators/bash.py", line 243, in execute
    raise AirflowException(
airflow.exceptions.AirflowException: Bash command failed. The command returned a non-zero exit code 1.
[2026-09-23T01:30:29.580+0000] {taskinstance.py:1206} INFO - Marking task as FAILED. dag_id=medallion_settlement_pipeline, task_id=Silver_Transform.clean_cast_settlements, run_id=manual__2026-09-23T01:30:14.866299+00:00, execution_date=20260923T013014, start_date=20260923T013020, end_date=20260923T013029
[2026-09-23T01:30:29.595+0000] {standard_task_runner.py:110} ERROR - Failed to execute job 164 for task Silver_Transform.clean_cast_settlements (Bash command failed. The command returned a non-zero exit code 1.; 1755)
[2026-09-23T01:30:29.635+0000] {local_task_job_runner.py:243} INFO - Task exited with return code 1
[2026-09-23T01:30:29.656+0000] {taskinstance.py:3503} INFO - 0 downstream tasks scheduled from follow-on schedule check
[2026-09-23T01:30:29.661+0000] {local_task_job_runner.py:222} INFO - ::endgroup::
