[2026-09-19T21:14:53.629+0000] {local_task_job_runner.py:120} INFO - ::group::Pre task execution logs
[2026-09-19T21:14:53.659+0000] {taskinstance.py:2076} INFO - Dependencies all met for dep_context=non-requeueable deps ti=<TaskInstance: lcbo_pipeline.gold.run_gold manual__2026-09-19T21:14:12.873351+00:00 [queued]>
[2026-09-19T21:14:53.667+0000] {taskinstance.py:2076} INFO - Dependencies all met for dep_context=requeueable deps ti=<TaskInstance: lcbo_pipeline.gold.run_gold manual__2026-09-19T21:14:12.873351+00:00 [queued]>
[2026-09-19T21:14:53.669+0000] {taskinstance.py:2306} INFO - Starting attempt 1 of 1
[2026-09-19T21:14:53.680+0000] {taskinstance.py:2330} INFO - Executing <Task(BashOperator): gold.run_gold> on 2026-09-19 21:14:12.873351+00:00
[2026-09-19T21:14:53.689+0000] {standard_task_runner.py:90} INFO - Running: ['***', 'tasks', 'run', 'lcbo_pipeline', 'gold.run_gold', 'manual__2026-09-19T21:14:12.873351+00:00', '--job-id', '91', '--raw', '--subdir', 'DAGS_FOLDER/lcbo_pipeline_dag.py', '--cfg-path', '/tmp/tmpwl6e4kla']
[2026-09-19T21:14:53.692+0000] {standard_task_runner.py:91} INFO - Job 91: Subtask gold.run_gold
[2026-09-19T21:14:53.693+0000] {logging_mixin.py:188} WARNING - /home/***/.local/lib/python3.12/site-packages/***/task/task_runner/standard_task_runner.py:62 DeprecationWarning: This process (pid=3337) is multi-threaded, use of fork() may lead to deadlocks in the child.
[2026-09-19T21:14:53.694+0000] {standard_task_runner.py:64} INFO - Started process 3338 to run task
[2026-09-19T21:14:53.734+0000] {task_command.py:426} INFO - Running <TaskInstance: lcbo_pipeline.gold.run_gold manual__2026-09-19T21:14:12.873351+00:00 [running]> on host 6cf516ec3c07
[2026-09-19T21:14:53.807+0000] {taskinstance.py:2648} INFO - Exporting env vars: AIRFLOW_CTX_DAG_OWNER='bhavik' AIRFLOW_CTX_DAG_ID='lcbo_pipeline' AIRFLOW_CTX_TASK_ID='gold.run_gold' AIRFLOW_CTX_EXECUTION_DATE='2026-09-19T21:14:12.873351+00:00' AIRFLOW_CTX_TRY_NUMBER='1' AIRFLOW_CTX_DAG_RUN_ID='manual__2026-09-19T21:14:12.873351+00:00'
[2026-09-19T21:14:53.809+0000] {taskinstance.py:430} INFO - ::endgroup::
[2026-09-19T21:14:53.819+0000] {subprocess.py:63} INFO - Tmp dir root location: /tmp
[2026-09-19T21:14:53.821+0000] {subprocess.py:75} INFO - Running command: ['/usr/bin/bash', '-c', 'cd /opt/***/dbt_project && dbt run --target docker --select gold_dim_date gold_dim_product_cost gold_dim_product_info gold_dim_store dbt_lcbo_fact_table gold_fact_table']
[2026-09-19T21:14:53.835+0000] {subprocess.py:86} INFO - Output:
[2026-09-19T21:14:55.371+0000] {subprocess.py:93} INFO - [0m21:14:55  Running with dbt=1.12.5
[2026-09-19T21:14:55.612+0000] {subprocess.py:93} INFO - [0m21:14:55  Registered adapter: postgres=1.9.0
[2026-09-19T21:14:56.675+0000] {subprocess.py:93} INFO - [0m21:14:56  Found 14 models, 2 snapshots, 3 sources, 597 macros
[2026-09-19T21:14:56.680+0000] {subprocess.py:93} INFO - [0m21:14:56
[2026-09-19T21:14:56.681+0000] {subprocess.py:93} INFO - [0m21:14:56  Concurrency: 4 threads (target='docker')
[2026-09-19T21:14:56.682+0000] {subprocess.py:93} INFO - [0m21:14:56
[2026-09-19T21:14:56.999+0000] {subprocess.py:93} INFO - [0m21:14:56  1 of 6 START sql table model gold.gold_dim_date ................................ [RUN]
[2026-09-19T21:14:57.000+0000] {subprocess.py:93} INFO - [0m21:14:57  2 of 6 START sql table model gold.gold_dim_product_cost ........................ [RUN]
[2026-09-19T21:14:57.001+0000] {subprocess.py:93} INFO - [0m21:14:57  3 of 6 START sql table model gold.gold_dim_product_info ........................ [RUN]
[2026-09-19T21:14:57.003+0000] {subprocess.py:93} INFO - [0m21:14:57  4 of 6 START sql table model gold.gold_dim_store ............................... [RUN]
[2026-09-19T21:14:57.366+0000] {subprocess.py:93} INFO - [0m21:14:57  2 of 6 OK created sql table model gold.gold_dim_product_cost ................... [[32mSELECT 9[0m in 0.35s]
[2026-09-19T21:14:57.368+0000] {subprocess.py:93} INFO - [0m21:14:57  4 of 6 OK created sql table model gold.gold_dim_store .......................... [[32mSELECT 6[0m in 0.35s]
[2026-09-19T21:14:57.373+0000] {subprocess.py:93} INFO - [0m21:14:57  3 of 6 OK created sql table model gold.gold_dim_product_info ................... [[32mSELECT 18[0m in 0.36s]
[2026-09-19T21:14:57.394+0000] {subprocess.py:93} INFO - [0m21:14:57  1 of 6 OK created sql table model gold.gold_dim_date ........................... [[32mSELECT 3653[0m in 0.39s]
[2026-09-19T21:14:57.400+0000] {subprocess.py:93} INFO - [0m21:14:57  5 of 6 START sql table model silver.dbt_lcbo_fact_table ........................ [RUN]
[2026-09-19T21:14:57.527+0000] {subprocess.py:93} INFO - [0m21:14:57  5 of 6 OK created sql table model silver.dbt_lcbo_fact_table ................... [[32mSELECT 17[0m in 0.12s]
[2026-09-19T21:14:57.533+0000] {subprocess.py:93} INFO - [0m21:14:57  6 of 6 START sql incremental model gold.gold_fact_table ........................ [RUN]
[2026-09-19T21:14:57.765+0000] {subprocess.py:93} INFO - [0m21:14:57  6 of 6 OK created sql incremental model gold.gold_fact_table ................... [[32mMERGE 0[0m in 0.23s]
[2026-09-19T21:14:57.946+0000] {subprocess.py:93} INFO - [0m21:14:57
[2026-09-19T21:14:57.948+0000] {subprocess.py:93} INFO - [0m21:14:57  Finished running 1 incremental model, 5 table models in 0 hours 0 minutes and 1.26 seconds (1.26s).
[2026-09-19T21:14:58.057+0000] {subprocess.py:93} INFO - [0m21:14:58
[2026-09-19T21:14:58.059+0000] {subprocess.py:93} INFO - [0m21:14:58  [32mCompleted successfully[0m
[2026-09-19T21:14:58.060+0000] {subprocess.py:93} INFO - [0m21:14:58
[2026-09-19T21:14:58.061+0000] {subprocess.py:93} INFO - [0m21:14:58  Done. PASS=6 WARN=0 ERROR=0 SKIP=0 NO-OP=0 REUSED=0 TOTAL=6
[2026-09-19T21:15:01.895+0000] {subprocess.py:97} INFO - Command exited with return code 0
[2026-09-19T21:15:01.897+0000] {taskinstance.py:441} INFO - ::group::Post task execution logs
[2026-09-19T21:15:01.920+0000] {taskinstance.py:1206} INFO - Marking task as SUCCESS. dag_id=lcbo_pipeline, task_id=gold.run_gold, run_id=manual__2026-09-19T21:14:12.873351+00:00, execution_date=20260919T211412, start_date=20260919T211453, end_date=20260919T211501
[2026-09-19T21:15:01.937+0000] {local_task_job_runner.py:243} INFO - Task exited with return code 0
[2026-09-19T21:15:01.950+0000] {taskinstance.py:3503} INFO - 0 downstream tasks scheduled from follow-on schedule check
[2026-09-19T21:15:01.952+0000] {local_task_job_runner.py:222} INFO - ::endgroup::
