[2026-09-19T17:41:08.529+0000] {local_task_job_runner.py:120} INFO - ::group::Pre task execution logs
[2026-09-19T17:41:08.553+0000] {taskinstance.py:2076} INFO - Dependencies all met for dep_context=non-requeueable deps ti=<TaskInstance: lcbo_pipeline.gold.run_gold manual__2026-09-19T17:40:24.501729+00:00 [queued]>
[2026-09-19T17:41:08.560+0000] {taskinstance.py:2076} INFO - Dependencies all met for dep_context=requeueable deps ti=<TaskInstance: lcbo_pipeline.gold.run_gold manual__2026-09-19T17:40:24.501729+00:00 [queued]>
[2026-09-19T17:41:08.561+0000] {taskinstance.py:2306} INFO - Starting attempt 1 of 1
[2026-09-19T17:41:08.571+0000] {taskinstance.py:2330} INFO - Executing <Task(BashOperator): gold.run_gold> on 2026-09-19 17:40:24.501729+00:00
[2026-09-19T17:41:08.579+0000] {standard_task_runner.py:90} INFO - Running: ['***', 'tasks', 'run', 'lcbo_pipeline', 'gold.run_gold', 'manual__2026-09-19T17:40:24.501729+00:00', '--job-id', '42', '--raw', '--subdir', 'DAGS_FOLDER/lcbo_pipeline_dag.py', '--cfg-path', '/tmp/tmp7o_s1gc6']
[2026-09-19T17:41:08.581+0000] {logging_mixin.py:188} WARNING - /home/***/.local/lib/python3.12/site-packages/***/task/task_runner/standard_task_runner.py:62 DeprecationWarning: This process (pid=418) is multi-threaded, use of fork() may lead to deadlocks in the child.
[2026-09-19T17:41:08.582+0000] {standard_task_runner.py:91} INFO - Job 42: Subtask gold.run_gold
[2026-09-19T17:41:08.582+0000] {standard_task_runner.py:64} INFO - Started process 419 to run task
[2026-09-19T17:41:08.624+0000] {task_command.py:426} INFO - Running <TaskInstance: lcbo_pipeline.gold.run_gold manual__2026-09-19T17:40:24.501729+00:00 [running]> on host 603277fa8897
[2026-09-19T17:41:08.695+0000] {taskinstance.py:2648} INFO - Exporting env vars: AIRFLOW_CTX_DAG_OWNER='bhavik' AIRFLOW_CTX_DAG_ID='lcbo_pipeline' AIRFLOW_CTX_TASK_ID='gold.run_gold' AIRFLOW_CTX_EXECUTION_DATE='2026-09-19T17:40:24.501729+00:00' AIRFLOW_CTX_TRY_NUMBER='1' AIRFLOW_CTX_DAG_RUN_ID='manual__2026-09-19T17:40:24.501729+00:00'
[2026-09-19T17:41:08.697+0000] {taskinstance.py:430} INFO - ::endgroup::
[2026-09-19T17:41:08.707+0000] {subprocess.py:63} INFO - Tmp dir root location: /tmp
[2026-09-19T17:41:08.710+0000] {subprocess.py:75} INFO - Running command: ['/usr/bin/bash', '-c', 'cd /opt/***/dbt_project && dbt run --target docker --select gold_dim_date gold_dim_product_cost gold_dim_product_info gold_dim_store dbt_lcbo_fact_table gold_fact_table']
[2026-09-19T17:41:08.722+0000] {subprocess.py:86} INFO - Output:
[2026-09-19T17:41:10.246+0000] {subprocess.py:93} INFO - [0m17:41:10  Running with dbt=1.12.5
[2026-09-19T17:41:10.477+0000] {subprocess.py:93} INFO - [0m17:41:10  Registered adapter: postgres=1.9.0
[2026-09-19T17:41:11.597+0000] {subprocess.py:93} INFO - [0m17:41:11  Found 14 models, 2 snapshots, 3 sources, 597 macros
[2026-09-19T17:41:11.602+0000] {subprocess.py:93} INFO - [0m17:41:11
[2026-09-19T17:41:11.604+0000] {subprocess.py:93} INFO - [0m17:41:11  Concurrency: 4 threads (target='docker')
[2026-09-19T17:41:11.607+0000] {subprocess.py:93} INFO - [0m17:41:11
[2026-09-19T17:41:12.024+0000] {subprocess.py:93} INFO - [0m17:41:12  1 of 6 START sql table model gold.gold_dim_date ................................ [RUN]
[2026-09-19T17:41:12.026+0000] {subprocess.py:93} INFO - [0m17:41:12  2 of 6 START sql table model gold.gold_dim_product_cost ........................ [RUN]
[2026-09-19T17:41:12.027+0000] {subprocess.py:93} INFO - [0m17:41:12  3 of 6 START sql table model gold.gold_dim_product_info ........................ [RUN]
[2026-09-19T17:41:12.028+0000] {subprocess.py:93} INFO - [0m17:41:12  4 of 6 START sql table model gold.gold_dim_store ............................... [RUN]
[2026-09-19T17:41:12.402+0000] {subprocess.py:93} INFO - [0m17:41:12  3 of 6 OK created sql table model gold.gold_dim_product_info ................... [[32mSELECT 0[0m in 0.36s]
[2026-09-19T17:41:12.405+0000] {subprocess.py:93} INFO - [0m17:41:12  4 of 6 OK created sql table model gold.gold_dim_store .......................... [[32mSELECT 5[0m in 0.36s]
[2026-09-19T17:41:12.420+0000] {subprocess.py:93} INFO - [0m17:41:12  2 of 6 OK created sql table model gold.gold_dim_product_cost ................... [[32mSELECT 0[0m in 0.37s]
[2026-09-19T17:41:12.423+0000] {subprocess.py:93} INFO - [0m17:41:12  1 of 6 OK created sql table model gold.gold_dim_date ........................... [[32mSELECT 3653[0m in 0.38s]
[2026-09-19T17:41:12.431+0000] {subprocess.py:93} INFO - [0m17:41:12  5 of 6 START sql table model silver.dbt_lcbo_fact_table ........................ [RUN]
[2026-09-19T17:41:12.571+0000] {subprocess.py:93} INFO - [0m17:41:12  5 of 6 OK created sql table model silver.dbt_lcbo_fact_table ................... [[32mSELECT 13[0m in 0.14s]
[2026-09-19T17:41:12.576+0000] {subprocess.py:93} INFO - [0m17:41:12  6 of 6 START sql incremental model gold.gold_fact_table ........................ [RUN]
[2026-09-19T17:41:12.907+0000] {subprocess.py:93} INFO - [0m17:41:12  6 of 6 OK created sql incremental model gold.gold_fact_table ................... [[32mMERGE 0[0m in 0.33s]
[2026-09-19T17:41:12.988+0000] {subprocess.py:93} INFO - [0m17:41:12
[2026-09-19T17:41:12.989+0000] {subprocess.py:93} INFO - [0m17:41:12  Finished running 1 incremental model, 5 table models in 0 hours 0 minutes and 1.38 seconds (1.38s).
[2026-09-19T17:41:13.107+0000] {subprocess.py:93} INFO - [0m17:41:13
[2026-09-19T17:41:13.108+0000] {subprocess.py:93} INFO - [0m17:41:13  [32mCompleted successfully[0m
[2026-09-19T17:41:13.110+0000] {subprocess.py:93} INFO - [0m17:41:13
[2026-09-19T17:41:13.111+0000] {subprocess.py:93} INFO - [0m17:41:13  Done. PASS=6 WARN=0 ERROR=0 SKIP=0 NO-OP=0 REUSED=0 TOTAL=6
[2026-09-19T17:41:16.986+0000] {subprocess.py:97} INFO - Command exited with return code 0
[2026-09-19T17:41:16.987+0000] {taskinstance.py:441} INFO - ::group::Post task execution logs
[2026-09-19T17:41:17.006+0000] {taskinstance.py:1206} INFO - Marking task as SUCCESS. dag_id=lcbo_pipeline, task_id=gold.run_gold, run_id=manual__2026-09-19T17:40:24.501729+00:00, execution_date=20260919T174024, start_date=20260919T174108, end_date=20260919T174117
[2026-09-19T17:41:17.027+0000] {local_task_job_runner.py:243} INFO - Task exited with return code 0
[2026-09-19T17:41:17.040+0000] {taskinstance.py:3503} INFO - 0 downstream tasks scheduled from follow-on schedule check
[2026-09-19T17:41:17.043+0000] {local_task_job_runner.py:222} INFO - ::endgroup::
