[2026-09-22T01:14:55.639+0000] {local_task_job_runner.py:120} INFO - ::group::Pre task execution logs
[2026-09-22T01:14:55.663+0000] {taskinstance.py:2076} INFO - Dependencies all met for dep_context=non-requeueable deps ti=<TaskInstance: lcbo_pipeline.silver.snapshot_product manual__2026-09-22T01:14:21.960219+00:00 [queued]>
[2026-09-22T01:14:55.670+0000] {taskinstance.py:2076} INFO - Dependencies all met for dep_context=requeueable deps ti=<TaskInstance: lcbo_pipeline.silver.snapshot_product manual__2026-09-22T01:14:21.960219+00:00 [queued]>
[2026-09-22T01:14:55.671+0000] {taskinstance.py:2306} INFO - Starting attempt 1 of 1
[2026-09-22T01:14:55.680+0000] {taskinstance.py:2330} INFO - Executing <Task(BashOperator): silver.snapshot_product> on 2026-09-22 01:14:21.960219+00:00
[2026-09-22T01:14:55.688+0000] {standard_task_runner.py:90} INFO - Running: ['***', 'tasks', 'run', 'lcbo_pipeline', 'silver.snapshot_product', 'manual__2026-09-22T01:14:21.960219+00:00', '--job-id', '99', '--raw', '--subdir', 'DAGS_FOLDER/lcbo_pipeline_dag.py', '--cfg-path', '/tmp/tmptrqzryua']
[2026-09-22T01:14:55.690+0000] {logging_mixin.py:188} WARNING - /home/***/.local/lib/python3.12/site-packages/***/task/task_runner/standard_task_runner.py:62 DeprecationWarning: This process (pid=304) is multi-threaded, use of fork() may lead to deadlocks in the child.
[2026-09-22T01:14:55.690+0000] {standard_task_runner.py:91} INFO - Job 99: Subtask silver.snapshot_product
[2026-09-22T01:14:55.691+0000] {standard_task_runner.py:64} INFO - Started process 305 to run task
[2026-09-22T01:14:55.725+0000] {task_command.py:426} INFO - Running <TaskInstance: lcbo_pipeline.silver.snapshot_product manual__2026-09-22T01:14:21.960219+00:00 [running]> on host d8c458fd86ee
[2026-09-22T01:14:55.787+0000] {taskinstance.py:2648} INFO - Exporting env vars: AIRFLOW_CTX_DAG_OWNER='bhavik' AIRFLOW_CTX_DAG_ID='lcbo_pipeline' AIRFLOW_CTX_TASK_ID='silver.snapshot_product' AIRFLOW_CTX_EXECUTION_DATE='2026-09-22T01:14:21.960219+00:00' AIRFLOW_CTX_TRY_NUMBER='1' AIRFLOW_CTX_DAG_RUN_ID='manual__2026-09-22T01:14:21.960219+00:00'
[2026-09-22T01:14:55.789+0000] {taskinstance.py:430} INFO - ::endgroup::
[2026-09-22T01:14:55.798+0000] {subprocess.py:63} INFO - Tmp dir root location: /tmp
[2026-09-22T01:14:55.800+0000] {subprocess.py:75} INFO - Running command: ['/usr/bin/bash', '-c', 'cd /opt/***/dbt_project && dbt snapshot --target docker --select dim_product_snapshot']
[2026-09-22T01:14:55.811+0000] {subprocess.py:86} INFO - Output:
[2026-09-22T01:14:57.281+0000] {subprocess.py:93} INFO - [0m01:14:57  Running with dbt=1.12.5
[2026-09-22T01:14:57.511+0000] {subprocess.py:93} INFO - [0m01:14:57  Registered adapter: postgres=1.9.0
[2026-09-22T01:14:58.674+0000] {subprocess.py:93} INFO - [0m01:14:58  Found 14 models, 2 snapshots, 3 sources, 597 macros
[2026-09-22T01:14:58.679+0000] {subprocess.py:93} INFO - [0m01:14:58
[2026-09-22T01:14:58.681+0000] {subprocess.py:93} INFO - [0m01:14:58  Concurrency: 4 threads (target='docker')
[2026-09-22T01:14:58.683+0000] {subprocess.py:93} INFO - [0m01:14:58
[2026-09-22T01:14:59.116+0000] {subprocess.py:93} INFO - [0m01:14:59  1 of 1 START snapshot gold.dim_product_snapshot ................................ [RUN]
[2026-09-22T01:14:59.500+0000] {subprocess.py:93} INFO - [0m01:14:59  1 of 1 OK snapshotted gold.dim_product_snapshot ................................ [[32mINSERT 0 4[0m in 0.38s]
[2026-09-22T01:14:59.586+0000] {subprocess.py:93} INFO - [0m01:14:59
[2026-09-22T01:14:59.588+0000] {subprocess.py:93} INFO - [0m01:14:59  Finished running 1 snapshot in 0 hours 0 minutes and 0.90 seconds (0.90s).
[2026-09-22T01:14:59.704+0000] {subprocess.py:93} INFO - [0m01:14:59
[2026-09-22T01:14:59.705+0000] {subprocess.py:93} INFO - [0m01:14:59  [32mCompleted successfully[0m
[2026-09-22T01:14:59.707+0000] {subprocess.py:93} INFO - [0m01:14:59
[2026-09-22T01:14:59.708+0000] {subprocess.py:93} INFO - [0m01:14:59  Done. PASS=1 WARN=0 ERROR=0 SKIP=0 NO-OP=0 REUSED=0 TOTAL=1
[2026-09-22T01:15:03.493+0000] {subprocess.py:97} INFO - Command exited with return code 0
[2026-09-22T01:15:03.495+0000] {taskinstance.py:441} INFO - ::group::Post task execution logs
[2026-09-22T01:15:03.516+0000] {taskinstance.py:1206} INFO - Marking task as SUCCESS. dag_id=lcbo_pipeline, task_id=silver.snapshot_product, run_id=manual__2026-09-22T01:14:21.960219+00:00, execution_date=20260922T011421, start_date=20260922T011455, end_date=20260922T011503
[2026-09-22T01:15:03.571+0000] {local_task_job_runner.py:243} INFO - Task exited with return code 0
[2026-09-22T01:15:03.590+0000] {taskinstance.py:3503} INFO - 1 downstream tasks scheduled from follow-on schedule check
[2026-09-22T01:15:03.593+0000] {local_task_job_runner.py:222} INFO - ::endgroup::
