[2026-09-24T02:16:24.017+0000] {local_task_job_runner.py:120} INFO - ::group::Pre task execution logs
[2026-09-24T02:16:24.060+0000] {taskinstance.py:2076} INFO - Dependencies all met for dep_context=non-requeueable deps ti=<TaskInstance: medallion_settlement_pipeline.Bronze_Ingestion.audit_batch_log manual__2026-09-24T02:05:31.038900+00:00 [queued]>
[2026-09-24T02:16:24.069+0000] {taskinstance.py:2076} INFO - Dependencies all met for dep_context=requeueable deps ti=<TaskInstance: medallion_settlement_pipeline.Bronze_Ingestion.audit_batch_log manual__2026-09-24T02:05:31.038900+00:00 [queued]>
[2026-09-24T02:16:24.071+0000] {taskinstance.py:2306} INFO - Starting attempt 2 of 2
[2026-09-24T02:16:24.083+0000] {taskinstance.py:2330} INFO - Executing <Task(BashOperator): Bronze_Ingestion.audit_batch_log> on 2026-09-24 02:05:31.038900+00:00
[2026-09-24T02:16:24.093+0000] {standard_task_runner.py:90} INFO - Running: ['***', 'tasks', 'run', 'medallion_settlement_pipeline', 'Bronze_Ingestion.audit_batch_log', 'manual__2026-09-24T02:05:31.038900+00:00', '--job-id', '201', '--raw', '--subdir', 'DAGS_FOLDER/lcbo_pipeline_dag.py', '--cfg-path', '/tmp/tmphm96brf4']
[2026-09-24T02:16:24.096+0000] {standard_task_runner.py:91} INFO - Job 201: Subtask Bronze_Ingestion.audit_batch_log
[2026-09-24T02:16:24.096+0000] {logging_mixin.py:188} WARNING - /home/***/.local/lib/python3.12/site-packages/***/task/task_runner/standard_task_runner.py:62 DeprecationWarning: This process (pid=1234) is multi-threaded, use of fork() may lead to deadlocks in the child.
[2026-09-24T02:16:24.097+0000] {standard_task_runner.py:64} INFO - Started process 1235 to run task
[2026-09-24T02:16:24.134+0000] {task_command.py:426} INFO - Running <TaskInstance: medallion_settlement_pipeline.Bronze_Ingestion.audit_batch_log manual__2026-09-24T02:05:31.038900+00:00 [running]> on host 9314f7d71f12
[2026-09-24T02:16:24.208+0000] {taskinstance.py:2648} INFO - Exporting env vars: AIRFLOW_CTX_DAG_OWNER='bhavik' AIRFLOW_CTX_DAG_ID='medallion_settlement_pipeline' AIRFLOW_CTX_TASK_ID='Bronze_Ingestion.audit_batch_log' AIRFLOW_CTX_EXECUTION_DATE='2026-09-24T02:05:31.038900+00:00' AIRFLOW_CTX_TRY_NUMBER='2' AIRFLOW_CTX_DAG_RUN_ID='manual__2026-09-24T02:05:31.038900+00:00'
[2026-09-24T02:16:24.209+0000] {taskinstance.py:430} INFO - ::endgroup::
[2026-09-24T02:16:24.227+0000] {subprocess.py:63} INFO - Tmp dir root location: /tmp
[2026-09-24T02:16:24.229+0000] {subprocess.py:75} INFO - Running command: ['/usr/bin/bash', '-c', 'python /opt/***/etl_scripts/bronze_batch_audit.py']
[2026-09-24T02:16:24.243+0000] {subprocess.py:86} INFO - Output:
[2026-09-24T02:16:24.558+0000] {subprocess.py:93} INFO - 2026-09-24 02:16:24,557 - INFO - Successfully connected to Postgres
[2026-09-24T02:16:24.560+0000] {subprocess.py:93} INFO - 2026-09-24 02:16:24,560 - ERROR - There are pending records in the pipeline run log. Cannot proceed with batch audit.
[2026-09-24T02:16:24.561+0000] {subprocess.py:93} INFO - 2026-09-24 02:16:24,560 - INFO - Please check the pipeline run log and resolve any pending/failed file issues before starting a new batch.
[2026-09-24T02:16:24.561+0000] {subprocess.py:93} INFO - 2026-09-24 02:16:24,560 - INFO - Postgres connection closed.
[2026-09-24T02:16:24.562+0000] {subprocess.py:93} INFO - 2026-09-24 02:16:24,560 - INFO - batch audit result: {'batch_created': False, 'batch_id': None, 'related_date': None, 'all_processed_files': None, 'file_hash': None}
[2026-09-24T02:16:24.571+0000] {subprocess.py:97} INFO - Command exited with return code 0
[2026-09-24T02:16:24.573+0000] {taskinstance.py:441} INFO - ::group::Post task execution logs
[2026-09-24T02:16:24.592+0000] {taskinstance.py:1206} INFO - Marking task as SUCCESS. dag_id=medallion_settlement_pipeline, task_id=Bronze_Ingestion.audit_batch_log, run_id=manual__2026-09-24T02:05:31.038900+00:00, execution_date=20260924T020531, start_date=20260924T021624, end_date=20260924T021624
[2026-09-24T02:16:24.632+0000] {local_task_job_runner.py:243} INFO - Task exited with return code 0
[2026-09-24T02:16:24.656+0000] {taskinstance.py:3503} INFO - 1 downstream tasks scheduled from follow-on schedule check
[2026-09-24T02:16:24.658+0000] {local_task_job_runner.py:222} INFO - ::endgroup::
