[2026-09-24T02:05:31.926+0000] {local_task_job_runner.py:120} INFO - ::group::Pre task execution logs
[2026-09-24T02:05:31.969+0000] {taskinstance.py:2076} INFO - Dependencies all met for dep_context=non-requeueable deps ti=<TaskInstance: medallion_settlement_pipeline.Bronze_Ingestion.audit_batch_log manual__2026-09-24T02:05:31.038900+00:00 [queued]>
[2026-09-24T02:05:31.978+0000] {taskinstance.py:2076} INFO - Dependencies all met for dep_context=requeueable deps ti=<TaskInstance: medallion_settlement_pipeline.Bronze_Ingestion.audit_batch_log manual__2026-09-24T02:05:31.038900+00:00 [queued]>
[2026-09-24T02:05:31.980+0000] {taskinstance.py:2306} INFO - Starting attempt 1 of 1
[2026-09-24T02:05:31.996+0000] {taskinstance.py:2330} INFO - Executing <Task(BashOperator): Bronze_Ingestion.audit_batch_log> on 2026-09-24 02:05:31.038900+00:00
[2026-09-24T02:05:32.008+0000] {standard_task_runner.py:90} INFO - Running: ['***', 'tasks', 'run', 'medallion_settlement_pipeline', 'Bronze_Ingestion.audit_batch_log', 'manual__2026-09-24T02:05:31.038900+00:00', '--job-id', '193', '--raw', '--subdir', 'DAGS_FOLDER/lcbo_pipeline_dag.py', '--cfg-path', '/tmp/tmpi9i2mjx9']
[2026-09-24T02:05:32.011+0000] {standard_task_runner.py:91} INFO - Job 193: Subtask Bronze_Ingestion.audit_batch_log
[2026-09-24T02:05:32.011+0000] {logging_mixin.py:188} WARNING - /home/***/.local/lib/python3.12/site-packages/***/task/task_runner/standard_task_runner.py:62 DeprecationWarning: This process (pid=880) is multi-threaded, use of fork() may lead to deadlocks in the child.
[2026-09-24T02:05:32.013+0000] {standard_task_runner.py:64} INFO - Started process 881 to run task
[2026-09-24T02:05:32.058+0000] {task_command.py:426} INFO - Running <TaskInstance: medallion_settlement_pipeline.Bronze_Ingestion.audit_batch_log manual__2026-09-24T02:05:31.038900+00:00 [running]> on host 9314f7d71f12
[2026-09-24T02:05:32.148+0000] {taskinstance.py:2648} INFO - Exporting env vars: AIRFLOW_CTX_DAG_OWNER='bhavik' AIRFLOW_CTX_DAG_ID='medallion_settlement_pipeline' AIRFLOW_CTX_TASK_ID='Bronze_Ingestion.audit_batch_log' AIRFLOW_CTX_EXECUTION_DATE='2026-09-24T02:05:31.038900+00:00' AIRFLOW_CTX_TRY_NUMBER='1' AIRFLOW_CTX_DAG_RUN_ID='manual__2026-09-24T02:05:31.038900+00:00'
[2026-09-24T02:05:32.150+0000] {taskinstance.py:430} INFO - ::endgroup::
[2026-09-24T02:05:32.167+0000] {subprocess.py:63} INFO - Tmp dir root location: /tmp
[2026-09-24T02:05:32.170+0000] {subprocess.py:75} INFO - Running command: ['/usr/bin/bash', '-c', 'python /opt/***/etl_scripts/bronze_batch_audit.py']
[2026-09-24T02:05:32.185+0000] {subprocess.py:86} INFO - Output:
[2026-09-24T02:05:32.501+0000] {subprocess.py:93} INFO - 2026-09-24 02:05:32,501 - INFO - Successfully connected to Postgres
[2026-09-24T02:05:32.505+0000] {subprocess.py:93} INFO - 2026-09-24 02:05:32,505 - INFO - Found 5 already processed files in DB
[2026-09-24T02:05:32.517+0000] {subprocess.py:93} INFO - 2026-09-24 02:05:32,516 - INFO - Found 3 files in folder /opt/***/source_files
[2026-09-24T02:05:32.518+0000] {subprocess.py:93} INFO - 2026-09-24 02:05:32,517 - INFO - Pending files to process: ['c06d67cedf59a4a8a1af9a4e94e80ad631bf2ec575d97a4005e2ce0c8677a5bb']
[2026-09-24T02:05:32.519+0000] {subprocess.py:93} INFO - 2026-09-24 02:05:32,517 - INFO - 1 new file(s) to process: ['c06d67cedf59a4a8a1af9a4e94e80ad631bf2ec575d97a4005e2ce0c8677a5bb']
[2026-09-24T02:05:32.519+0000] {subprocess.py:93} INFO - 2026-09-24 02:05:32,517 - INFO - Started with c06d67cedf59a4a8a1af9a4e94e80ad631bf2ec575d97a4005e2ce0c8677a5bb
[2026-09-24T02:05:32.520+0000] {subprocess.py:93} INFO - 2026-09-24 02:05:32,520 - INFO - Created new batch with run_id 6 for lcbo_settlement_20260923.csv at 2026-09-24 02:05:32.517197
[2026-09-24T02:05:32.521+0000] {subprocess.py:93} INFO - 2026-09-24 02:05:32,520 - INFO - Postgres connection closed.
[2026-09-24T02:05:32.522+0000] {subprocess.py:93} INFO - 2026-09-24 02:05:32,520 - INFO - batch audit result: {'batch_created': True, 'batch_id': 6, 'related_date': datetime.datetime(2026, 9, 24, 2, 5, 32, 517197), 'file_hash': 'c06d67cedf59a4a8a1af9a4e94e80ad631bf2ec575d97a4005e2ce0c8677a5bb', 'all_processed_files': False}
[2026-09-24T02:05:32.531+0000] {subprocess.py:97} INFO - Command exited with return code 0
[2026-09-24T02:05:32.533+0000] {taskinstance.py:441} INFO - ::group::Post task execution logs
[2026-09-24T02:05:32.556+0000] {taskinstance.py:1206} INFO - Marking task as SUCCESS. dag_id=medallion_settlement_pipeline, task_id=Bronze_Ingestion.audit_batch_log, run_id=manual__2026-09-24T02:05:31.038900+00:00, execution_date=20260924T020531, start_date=20260924T020531, end_date=20260924T020532
[2026-09-24T02:05:32.589+0000] {local_task_job_runner.py:243} INFO - Task exited with return code 0
[2026-09-24T02:05:32.613+0000] {taskinstance.py:3503} INFO - 1 downstream tasks scheduled from follow-on schedule check
[2026-09-24T02:05:32.616+0000] {local_task_job_runner.py:222} INFO - ::endgroup::
