[2026-09-19T20:32:18.324+0000] {local_task_job_runner.py:120} INFO - ::group::Pre task execution logs
[2026-09-19T20:32:18.366+0000] {taskinstance.py:2076} INFO - Dependencies all met for dep_context=non-requeueable deps ti=<TaskInstance: lcbo_pipeline.bronze.batch_audit manual__2026-09-19T20:32:17.784588+00:00 [queued]>
[2026-09-19T20:32:18.373+0000] {taskinstance.py:2076} INFO - Dependencies all met for dep_context=requeueable deps ti=<TaskInstance: lcbo_pipeline.bronze.batch_audit manual__2026-09-19T20:32:17.784588+00:00 [queued]>
[2026-09-19T20:32:18.374+0000] {taskinstance.py:2306} INFO - Starting attempt 1 of 1
[2026-09-19T20:32:18.386+0000] {taskinstance.py:2330} INFO - Executing <Task(BashOperator): bronze.batch_audit> on 2026-09-19 20:32:17.784588+00:00
[2026-09-19T20:32:18.395+0000] {standard_task_runner.py:90} INFO - Running: ['***', 'tasks', 'run', 'lcbo_pipeline', 'bronze.batch_audit', 'manual__2026-09-19T20:32:17.784588+00:00', '--job-id', '60', '--raw', '--subdir', 'DAGS_FOLDER/lcbo_pipeline_dag.py', '--cfg-path', '/tmp/tmpdg3hjmww']
[2026-09-19T20:32:18.397+0000] {logging_mixin.py:188} WARNING - /home/***/.local/lib/python3.12/site-packages/***/task/task_runner/standard_task_runner.py:62 DeprecationWarning: This process (pid=1926) is multi-threaded, use of fork() may lead to deadlocks in the child.
[2026-09-19T20:32:18.398+0000] {standard_task_runner.py:91} INFO - Job 60: Subtask bronze.batch_audit
[2026-09-19T20:32:18.399+0000] {standard_task_runner.py:64} INFO - Started process 1927 to run task
[2026-09-19T20:32:18.438+0000] {task_command.py:426} INFO - Running <TaskInstance: lcbo_pipeline.bronze.batch_audit manual__2026-09-19T20:32:17.784588+00:00 [running]> on host 6cf516ec3c07
[2026-09-19T20:32:18.512+0000] {taskinstance.py:2648} INFO - Exporting env vars: AIRFLOW_CTX_DAG_OWNER='bhavik' AIRFLOW_CTX_DAG_ID='lcbo_pipeline' AIRFLOW_CTX_TASK_ID='bronze.batch_audit' AIRFLOW_CTX_EXECUTION_DATE='2026-09-19T20:32:17.784588+00:00' AIRFLOW_CTX_TRY_NUMBER='1' AIRFLOW_CTX_DAG_RUN_ID='manual__2026-09-19T20:32:17.784588+00:00'
[2026-09-19T20:32:18.513+0000] {taskinstance.py:430} INFO - ::endgroup::
[2026-09-19T20:32:18.530+0000] {subprocess.py:63} INFO - Tmp dir root location: /tmp
[2026-09-19T20:32:18.533+0000] {subprocess.py:75} INFO - Running command: ['/usr/bin/bash', '-c', 'python /opt/***/etl_scripts/bronze_batch_audit.py']
[2026-09-19T20:32:18.547+0000] {subprocess.py:86} INFO - Output:
[2026-09-19T20:32:18.880+0000] {subprocess.py:93} INFO - 2026-09-19 20:32:18,880 - INFO - Successfully connected to Postgres
[2026-09-19T20:32:18.884+0000] {subprocess.py:93} INFO - 2026-09-19 20:32:18,884 - INFO - Found 4 already processed files in DB
[2026-09-19T20:32:18.895+0000] {subprocess.py:93} INFO - 2026-09-19 20:32:18,895 - INFO - Found 3 files in folder /opt/***/source_files
[2026-09-19T20:32:18.896+0000] {subprocess.py:93} INFO - 2026-09-19 20:32:18,895 - INFO - Pending files to process: []
[2026-09-19T20:32:18.897+0000] {subprocess.py:93} INFO - 2026-09-19 20:32:18,895 - INFO - No new files to process - pipeline is upto date
[2026-09-19T20:32:18.898+0000] {subprocess.py:93} INFO - 2026-09-19 20:32:18,895 - INFO - Exiting batch audit.
[2026-09-19T20:32:18.899+0000] {subprocess.py:93} INFO - 2026-09-19 20:32:18,895 - INFO - batch audit result: {'batch_created': False, 'batch_id': None, 'related_date': None, 'all_processed_files': True, 'file_hash': None}
[2026-09-19T20:32:18.909+0000] {subprocess.py:97} INFO - Command exited with return code 0
[2026-09-19T20:32:18.911+0000] {taskinstance.py:441} INFO - ::group::Post task execution logs
[2026-09-19T20:32:18.933+0000] {taskinstance.py:1206} INFO - Marking task as SUCCESS. dag_id=lcbo_pipeline, task_id=bronze.batch_audit, run_id=manual__2026-09-19T20:32:17.784588+00:00, execution_date=20260919T203217, start_date=20260919T203218, end_date=20260919T203218
[2026-09-19T20:32:18.974+0000] {local_task_job_runner.py:243} INFO - Task exited with return code 0
[2026-09-19T20:32:18.998+0000] {taskinstance.py:3503} INFO - 1 downstream tasks scheduled from follow-on schedule check
[2026-09-19T20:32:19.001+0000] {local_task_job_runner.py:222} INFO - ::endgroup::
