[2026-09-25T01:41:45.571+0000] {local_task_job_runner.py:120} INFO - ::group::Pre task execution logs
[2026-09-25T01:41:45.599+0000] {taskinstance.py:2076} INFO - Dependencies all met for dep_context=non-requeueable deps ti=<TaskInstance: medallion_settlement_pipeline.Bronze_Ingestion.ingest_settlements manual__2026-09-25T01:41:43.599267+00:00 [queued]>
[2026-09-25T01:41:45.609+0000] {taskinstance.py:2076} INFO - Dependencies all met for dep_context=requeueable deps ti=<TaskInstance: medallion_settlement_pipeline.Bronze_Ingestion.ingest_settlements manual__2026-09-25T01:41:43.599267+00:00 [queued]>
[2026-09-25T01:41:45.611+0000] {taskinstance.py:2306} INFO - Starting attempt 1 of 1
[2026-09-25T01:41:45.623+0000] {taskinstance.py:2330} INFO - Executing <Task(BashOperator): Bronze_Ingestion.ingest_settlements> on 2026-09-25 01:41:43.599267+00:00
[2026-09-25T01:41:45.632+0000] {standard_task_runner.py:90} INFO - Running: ['***', 'tasks', 'run', 'medallion_settlement_pipeline', 'Bronze_Ingestion.ingest_settlements', 'manual__2026-09-25T01:41:43.599267+00:00', '--job-id', '211', '--raw', '--subdir', 'DAGS_FOLDER/lcbo_pipeline_dag.py', '--cfg-path', '/tmp/tmpyq369ojh']
[2026-09-25T01:41:45.634+0000] {logging_mixin.py:188} WARNING - /home/***/.local/lib/python3.12/site-packages/***/task/task_runner/standard_task_runner.py:62 DeprecationWarning: This process (pid=446) is multi-threaded, use of fork() may lead to deadlocks in the child.
[2026-09-25T01:41:45.635+0000] {standard_task_runner.py:91} INFO - Job 211: Subtask Bronze_Ingestion.ingest_settlements
[2026-09-25T01:41:45.636+0000] {standard_task_runner.py:64} INFO - Started process 447 to run task
[2026-09-25T01:41:45.684+0000] {task_command.py:426} INFO - Running <TaskInstance: medallion_settlement_pipeline.Bronze_Ingestion.ingest_settlements manual__2026-09-25T01:41:43.599267+00:00 [running]> on host 275ddd85eb37
[2026-09-25T01:41:45.759+0000] {taskinstance.py:2648} INFO - Exporting env vars: AIRFLOW_CTX_DAG_OWNER='bhavik' AIRFLOW_CTX_DAG_ID='medallion_settlement_pipeline' AIRFLOW_CTX_TASK_ID='Bronze_Ingestion.ingest_settlements' AIRFLOW_CTX_EXECUTION_DATE='2026-09-25T01:41:43.599267+00:00' AIRFLOW_CTX_TRY_NUMBER='1' AIRFLOW_CTX_DAG_RUN_ID='manual__2026-09-25T01:41:43.599267+00:00'
[2026-09-25T01:41:45.760+0000] {taskinstance.py:430} INFO - ::endgroup::
[2026-09-25T01:41:45.770+0000] {subprocess.py:63} INFO - Tmp dir root location: /tmp
[2026-09-25T01:41:45.772+0000] {subprocess.py:75} INFO - Running command: ['/usr/bin/bash', '-c', 'python /opt/***/etl_scripts/bronze_lcbo_raw.py']
[2026-09-25T01:41:45.784+0000] {subprocess.py:86} INFO - Output:
[2026-09-25T01:41:47.720+0000] {subprocess.py:93} INFO - 2026-09-25 01:41:47,719 - INFO - Successfully connected to Postgres
[2026-09-25T01:41:47.721+0000] {subprocess.py:93} INFO - 2026-09-25 01:41:47,719 - INFO - Successfully connected to Postgres
[2026-09-25T01:41:47.722+0000] {subprocess.py:93} INFO - 2026-09-25 01:41:47,720 - INFO - LoadingData_ToPostgres class initialized successfully.
[2026-09-25T01:41:47.725+0000] {subprocess.py:93} INFO - 2026-09-25 01:41:47,725 - INFO - Processing file: lcbo_settlement_20240104.csv with batch ID: 6 and file hash: 694d4710d2f12019c03d3475dc46846c78320d57f0117cf562255294707ade2a
[2026-09-25T01:41:47.726+0000] {subprocess.py:93} INFO - 2026-09-25 01:41:47,725 - INFO - Found file: /opt/***/source_files/lcbo_settlement_20240104.csv
[2026-09-25T01:41:47.737+0000] {subprocess.py:93} INFO - 2026-09-25 01:41:47,737 - INFO - Inserted batch of size 9 into Postgres.
[2026-09-25T01:41:47.740+0000] {subprocess.py:93} INFO - 2026-09-25 01:41:47,740 - INFO - File processed successfully.
[2026-09-25T01:41:47.741+0000] {subprocess.py:93} INFO - 2026-09-25 01:41:47,740 - INFO - Postgres connection closed.
[2026-09-25T01:41:47.840+0000] {subprocess.py:97} INFO - Command exited with return code 0
[2026-09-25T01:41:47.842+0000] {taskinstance.py:441} INFO - ::group::Post task execution logs
[2026-09-25T01:41:47.861+0000] {taskinstance.py:1206} INFO - Marking task as SUCCESS. dag_id=medallion_settlement_pipeline, task_id=Bronze_Ingestion.ingest_settlements, run_id=manual__2026-09-25T01:41:43.599267+00:00, execution_date=20260925T014143, start_date=20260925T014145, end_date=20260925T014147
[2026-09-25T01:41:47.899+0000] {local_task_job_runner.py:243} INFO - Task exited with return code 0
[2026-09-25T01:41:47.923+0000] {taskinstance.py:3503} INFO - 1 downstream tasks scheduled from follow-on schedule check
[2026-09-25T01:41:47.926+0000] {local_task_job_runner.py:222} INFO - ::endgroup::
