[2026-09-26T20:13:26.102+0000] {local_task_job_runner.py:120} INFO - ::group::Pre task execution logs
[2026-09-26T20:13:26.131+0000] {taskinstance.py:2076} INFO - Dependencies all met for dep_context=non-requeueable deps ti=<TaskInstance: medallion_settlement_pipeline.Silver_Transform.join_settlement_to_cost manual__2026-09-26T20:13:01.004302+00:00 [queued]>
[2026-09-26T20:13:26.140+0000] {taskinstance.py:2076} INFO - Dependencies all met for dep_context=requeueable deps ti=<TaskInstance: medallion_settlement_pipeline.Silver_Transform.join_settlement_to_cost manual__2026-09-26T20:13:01.004302+00:00 [queued]>
[2026-09-26T20:13:26.142+0000] {taskinstance.py:2306} INFO - Starting attempt 1 of 1
[2026-09-26T20:13:26.155+0000] {taskinstance.py:2330} INFO - Executing <Task(BashOperator): Silver_Transform.join_settlement_to_cost> on 2026-09-26 20:13:01.004302+00:00
[2026-09-26T20:13:26.163+0000] {standard_task_runner.py:90} INFO - Running: ['***', 'tasks', 'run', 'medallion_settlement_pipeline', 'Silver_Transform.join_settlement_to_cost', 'manual__2026-09-26T20:13:01.004302+00:00', '--job-id', '244', '--raw', '--subdir', 'DAGS_FOLDER/lcbo_pipeline_dag.py', '--cfg-path', '/tmp/tmp9eqdzomz']
[2026-09-26T20:13:26.168+0000] {standard_task_runner.py:91} INFO - Job 244: Subtask Silver_Transform.join_settlement_to_cost
[2026-09-26T20:13:26.168+0000] {logging_mixin.py:188} WARNING - /home/***/.local/lib/python3.12/site-packages/***/task/task_runner/standard_task_runner.py:62 DeprecationWarning: This process (pid=1069) is multi-threaded, use of fork() may lead to deadlocks in the child.
[2026-09-26T20:13:26.170+0000] {standard_task_runner.py:64} INFO - Started process 1070 to run task
[2026-09-26T20:13:26.213+0000] {task_command.py:426} INFO - Running <TaskInstance: medallion_settlement_pipeline.Silver_Transform.join_settlement_to_cost manual__2026-09-26T20:13:01.004302+00:00 [running]> on host 419d86c5d3f8
[2026-09-26T20:13:26.293+0000] {taskinstance.py:2648} INFO - Exporting env vars: AIRFLOW_CTX_DAG_OWNER='bhavik' AIRFLOW_CTX_DAG_ID='medallion_settlement_pipeline' AIRFLOW_CTX_TASK_ID='Silver_Transform.join_settlement_to_cost' AIRFLOW_CTX_EXECUTION_DATE='2026-09-26T20:13:01.004302+00:00' AIRFLOW_CTX_TRY_NUMBER='1' AIRFLOW_CTX_DAG_RUN_ID='manual__2026-09-26T20:13:01.004302+00:00'
[2026-09-26T20:13:26.294+0000] {taskinstance.py:430} INFO - ::endgroup::
[2026-09-26T20:13:26.307+0000] {subprocess.py:63} INFO - Tmp dir root location: /tmp
[2026-09-26T20:13:26.308+0000] {subprocess.py:75} INFO - Running command: ['/usr/bin/bash', '-c', 'cd /opt/***/dbt_project && dbt run --target docker --select dbt_lcbo_joined_dim_prod_cost']
[2026-09-26T20:13:26.322+0000] {subprocess.py:86} INFO - Output:
[2026-09-26T20:13:28.154+0000] {subprocess.py:93} INFO - [0m20:13:28  Running with dbt=1.12.5
[2026-09-26T20:13:28.397+0000] {subprocess.py:93} INFO - [0m20:13:28  Registered adapter: postgres=1.9.0
[2026-09-26T20:13:29.679+0000] {subprocess.py:93} INFO - [0m20:13:29  Found 14 models, 2 snapshots, 3 sources, 597 macros
[2026-09-26T20:13:29.683+0000] {subprocess.py:93} INFO - [0m20:13:29
[2026-09-26T20:13:29.685+0000] {subprocess.py:93} INFO - [0m20:13:29  Concurrency: 4 threads (target='docker')
[2026-09-26T20:13:29.687+0000] {subprocess.py:93} INFO - [0m20:13:29
[2026-09-26T20:13:29.987+0000] {subprocess.py:93} INFO - [0m20:13:29  1 of 1 START sql table model silver.dbt_lcbo_joined_dim_prod_cost .............. [RUN]
[2026-09-26T20:13:30.223+0000] {subprocess.py:93} INFO - [0m20:13:30  1 of 1 OK created sql table model silver.dbt_lcbo_joined_dim_prod_cost ......... [[32mSELECT 10[0m in 0.23s]
[2026-09-26T20:13:30.295+0000] {subprocess.py:93} INFO - [0m20:13:30
[2026-09-26T20:13:30.297+0000] {subprocess.py:93} INFO - [0m20:13:30  Finished running 1 table model in 0 hours 0 minutes and 0.61 seconds (0.61s).
[2026-09-26T20:13:30.511+0000] {subprocess.py:93} INFO - [0m20:13:30
[2026-09-26T20:13:30.512+0000] {subprocess.py:93} INFO - [0m20:13:30  [32mCompleted successfully[0m
[2026-09-26T20:13:30.513+0000] {subprocess.py:93} INFO - [0m20:13:30
[2026-09-26T20:13:30.515+0000] {subprocess.py:93} INFO - [0m20:13:30  Done. PASS=1 WARN=0 ERROR=0 SKIP=0 NO-OP=0 REUSED=0 TOTAL=1
[2026-09-26T20:13:34.418+0000] {subprocess.py:97} INFO - Command exited with return code 0
[2026-09-26T20:13:34.420+0000] {taskinstance.py:441} INFO - ::group::Post task execution logs
[2026-09-26T20:13:34.441+0000] {taskinstance.py:1206} INFO - Marking task as SUCCESS. dag_id=medallion_settlement_pipeline, task_id=Silver_Transform.join_settlement_to_cost, run_id=manual__2026-09-26T20:13:01.004302+00:00, execution_date=20260926T201301, start_date=20260926T201326, end_date=20260926T201334
[2026-09-26T20:13:34.490+0000] {local_task_job_runner.py:243} INFO - Task exited with return code 0
[2026-09-26T20:13:34.510+0000] {taskinstance.py:3503} INFO - 1 downstream tasks scheduled from follow-on schedule check
[2026-09-26T20:13:34.512+0000] {local_task_job_runner.py:222} INFO - ::endgroup::
