[2026-09-26T19:54:57.609+0000] {local_task_job_runner.py:120} INFO - ::group::Pre task execution logs
[2026-09-26T19:54:57.635+0000] {taskinstance.py:2076} INFO - Dependencies all met for dep_context=non-requeueable deps ti=<TaskInstance: medallion_settlement_pipeline.Silver_Transform.snapshot_product_dim manual__2026-09-26T19:54:23.114701+00:00 [queued]>
[2026-09-26T19:54:57.643+0000] {taskinstance.py:2076} INFO - Dependencies all met for dep_context=requeueable deps ti=<TaskInstance: medallion_settlement_pipeline.Silver_Transform.snapshot_product_dim manual__2026-09-26T19:54:23.114701+00:00 [queued]>
[2026-09-26T19:54:57.645+0000] {taskinstance.py:2306} INFO - Starting attempt 1 of 1
[2026-09-26T19:54:57.657+0000] {taskinstance.py:2330} INFO - Executing <Task(BashOperator): Silver_Transform.snapshot_product_dim> on 2026-09-26 19:54:23.114701+00:00
[2026-09-26T19:54:57.666+0000] {standard_task_runner.py:90} INFO - Running: ['***', 'tasks', 'run', 'medallion_settlement_pipeline', 'Silver_Transform.snapshot_product_dim', 'manual__2026-09-26T19:54:23.114701+00:00', '--job-id', '229', '--raw', '--subdir', 'DAGS_FOLDER/lcbo_pipeline_dag.py', '--cfg-path', '/tmp/tmpt4gl383_']
[2026-09-26T19:54:57.668+0000] {logging_mixin.py:188} WARNING - /home/***/.local/lib/python3.12/site-packages/***/task/task_runner/standard_task_runner.py:62 DeprecationWarning: This process (pid=447) is multi-threaded, use of fork() may lead to deadlocks in the child.
[2026-09-26T19:54:57.669+0000] {standard_task_runner.py:91} INFO - Job 229: Subtask Silver_Transform.snapshot_product_dim
[2026-09-26T19:54:57.669+0000] {standard_task_runner.py:64} INFO - Started process 448 to run task
[2026-09-26T19:54:57.714+0000] {task_command.py:426} INFO - Running <TaskInstance: medallion_settlement_pipeline.Silver_Transform.snapshot_product_dim manual__2026-09-26T19:54:23.114701+00:00 [running]> on host 419d86c5d3f8
[2026-09-26T19:54:57.800+0000] {taskinstance.py:2648} INFO - Exporting env vars: AIRFLOW_CTX_DAG_OWNER='bhavik' AIRFLOW_CTX_DAG_ID='medallion_settlement_pipeline' AIRFLOW_CTX_TASK_ID='Silver_Transform.snapshot_product_dim' AIRFLOW_CTX_EXECUTION_DATE='2026-09-26T19:54:23.114701+00:00' AIRFLOW_CTX_TRY_NUMBER='1' AIRFLOW_CTX_DAG_RUN_ID='manual__2026-09-26T19:54:23.114701+00:00'
[2026-09-26T19:54:57.802+0000] {taskinstance.py:430} INFO - ::endgroup::
[2026-09-26T19:54:57.815+0000] {subprocess.py:63} INFO - Tmp dir root location: /tmp
[2026-09-26T19:54:57.816+0000] {subprocess.py:75} INFO - Running command: ['/usr/bin/bash', '-c', 'cd /opt/***/dbt_project && dbt snapshot --target docker --select dim_product_snapshot']
[2026-09-26T19:54:57.830+0000] {subprocess.py:86} INFO - Output:
[2026-09-26T19:54:59.611+0000] {subprocess.py:93} INFO - [0m19:54:59  Running with dbt=1.12.5
[2026-09-26T19:54:59.875+0000] {subprocess.py:93} INFO - [0m19:54:59  Registered adapter: postgres=1.9.0
[2026-09-26T19:55:01.096+0000] {subprocess.py:93} INFO - [0m19:55:01  Found 14 models, 2 snapshots, 3 sources, 597 macros
[2026-09-26T19:55:01.100+0000] {subprocess.py:93} INFO - [0m19:55:01
[2026-09-26T19:55:01.102+0000] {subprocess.py:93} INFO - [0m19:55:01  Concurrency: 4 threads (target='docker')
[2026-09-26T19:55:01.103+0000] {subprocess.py:93} INFO - [0m19:55:01
[2026-09-26T19:55:01.393+0000] {subprocess.py:93} INFO - [0m19:55:01  1 of 1 START snapshot gold.dim_product_snapshot ................................ [RUN]
[2026-09-26T19:55:01.816+0000] {subprocess.py:93} INFO - [0m19:55:01  1 of 1 OK snapshotted gold.dim_product_snapshot ................................ [[32mINSERT 0 3[0m in 0.42s]
[2026-09-26T19:55:01.889+0000] {subprocess.py:93} INFO - [0m19:55:01
[2026-09-26T19:55:01.891+0000] {subprocess.py:93} INFO - [0m19:55:01  Finished running 1 snapshot in 0 hours 0 minutes and 0.78 seconds (0.78s).
[2026-09-26T19:55:02.016+0000] {subprocess.py:93} INFO - [0m19:55:02
[2026-09-26T19:55:02.019+0000] {subprocess.py:93} INFO - [0m19:55:02  [32mCompleted successfully[0m
[2026-09-26T19:55:02.020+0000] {subprocess.py:93} INFO - [0m19:55:02
[2026-09-26T19:55:02.021+0000] {subprocess.py:93} INFO - [0m19:55:02  Done. PASS=1 WARN=0 ERROR=0 SKIP=0 NO-OP=0 REUSED=0 TOTAL=1
[2026-09-26T19:55:05.903+0000] {subprocess.py:97} INFO - Command exited with return code 0
[2026-09-26T19:55:05.905+0000] {taskinstance.py:441} INFO - ::group::Post task execution logs
[2026-09-26T19:55:05.930+0000] {taskinstance.py:1206} INFO - Marking task as SUCCESS. dag_id=medallion_settlement_pipeline, task_id=Silver_Transform.snapshot_product_dim, run_id=manual__2026-09-26T19:54:23.114701+00:00, execution_date=20260926T195423, start_date=20260926T195457, end_date=20260926T195505
[2026-09-26T19:55:05.987+0000] {local_task_job_runner.py:243} INFO - Task exited with return code 0
[2026-09-26T19:55:06.006+0000] {taskinstance.py:3503} INFO - 1 downstream tasks scheduled from follow-on schedule check
[2026-09-26T19:55:06.008+0000] {local_task_job_runner.py:222} INFO - ::endgroup::
