[2026-09-23T01:46:56.538+0000] {local_task_job_runner.py:120} INFO - ::group::Pre task execution logs
[2026-09-23T01:46:56.564+0000] {taskinstance.py:2076} INFO - Dependencies all met for dep_context=non-requeueable deps ti=<TaskInstance: medallion_settlement_pipeline.Silver_Transform.snapshot_product_dim manual__2026-09-23T01:46:22.219923+00:00 [queued]>
[2026-09-23T01:46:56.571+0000] {taskinstance.py:2076} INFO - Dependencies all met for dep_context=requeueable deps ti=<TaskInstance: medallion_settlement_pipeline.Silver_Transform.snapshot_product_dim manual__2026-09-23T01:46:22.219923+00:00 [queued]>
[2026-09-23T01:46:56.573+0000] {taskinstance.py:2306} INFO - Starting attempt 1 of 1
[2026-09-23T01:46:56.582+0000] {taskinstance.py:2330} INFO - Executing <Task(BashOperator): Silver_Transform.snapshot_product_dim> on 2026-09-23 01:46:22.219923+00:00
[2026-09-23T01:46:56.590+0000] {standard_task_runner.py:90} INFO - Running: ['***', 'tasks', 'run', 'medallion_settlement_pipeline', 'Silver_Transform.snapshot_product_dim', 'manual__2026-09-23T01:46:22.219923+00:00', '--job-id', '171', '--raw', '--subdir', 'DAGS_FOLDER/lcbo_pipeline_dag.py', '--cfg-path', '/tmp/tmpgviosc85']
[2026-09-23T01:46:56.592+0000] {logging_mixin.py:188} WARNING - /home/***/.local/lib/python3.12/site-packages/***/task/task_runner/standard_task_runner.py:62 DeprecationWarning: This process (pid=2235) is multi-threaded, use of fork() may lead to deadlocks in the child.
[2026-09-23T01:46:56.593+0000] {standard_task_runner.py:91} INFO - Job 171: Subtask Silver_Transform.snapshot_product_dim
[2026-09-23T01:46:56.593+0000] {standard_task_runner.py:64} INFO - Started process 2236 to run task
[2026-09-23T01:46:56.629+0000] {task_command.py:426} INFO - Running <TaskInstance: medallion_settlement_pipeline.Silver_Transform.snapshot_product_dim manual__2026-09-23T01:46:22.219923+00:00 [running]> on host 4318980e9d4e
[2026-09-23T01:46:56.699+0000] {taskinstance.py:2648} INFO - Exporting env vars: AIRFLOW_CTX_DAG_OWNER='bhavik' AIRFLOW_CTX_DAG_ID='medallion_settlement_pipeline' AIRFLOW_CTX_TASK_ID='Silver_Transform.snapshot_product_dim' AIRFLOW_CTX_EXECUTION_DATE='2026-09-23T01:46:22.219923+00:00' AIRFLOW_CTX_TRY_NUMBER='1' AIRFLOW_CTX_DAG_RUN_ID='manual__2026-09-23T01:46:22.219923+00:00'
[2026-09-23T01:46:56.701+0000] {taskinstance.py:430} INFO - ::endgroup::
[2026-09-23T01:46:56.711+0000] {subprocess.py:63} INFO - Tmp dir root location: /tmp
[2026-09-23T01:46:56.714+0000] {subprocess.py:75} INFO - Running command: ['/usr/bin/bash', '-c', 'cd /opt/***/dbt_project && dbt snapshot --target docker --select dim_product_snapshot']
[2026-09-23T01:46:56.727+0000] {subprocess.py:86} INFO - Output:
[2026-09-23T01:46:58.231+0000] {subprocess.py:93} INFO - [0m01:46:58  Running with dbt=1.12.5
[2026-09-23T01:46:58.463+0000] {subprocess.py:93} INFO - [0m01:46:58  Registered adapter: postgres=1.9.0
[2026-09-23T01:46:59.606+0000] {subprocess.py:93} INFO - [0m01:46:59  Found 14 models, 2 snapshots, 3 sources, 597 macros
[2026-09-23T01:46:59.612+0000] {subprocess.py:93} INFO - [0m01:46:59
[2026-09-23T01:46:59.613+0000] {subprocess.py:93} INFO - [0m01:46:59  Concurrency: 4 threads (target='docker')
[2026-09-23T01:46:59.614+0000] {subprocess.py:93} INFO - [0m01:46:59
[2026-09-23T01:46:59.935+0000] {subprocess.py:93} INFO - [0m01:46:59  1 of 1 START snapshot gold.dim_product_snapshot ................................ [RUN]
[2026-09-23T01:47:00.322+0000] {subprocess.py:93} INFO - [0m01:47:00  1 of 1 OK snapshotted gold.dim_product_snapshot ................................ [[32mINSERT 0 1[0m in 0.38s]
[2026-09-23T01:47:00.401+0000] {subprocess.py:93} INFO - [0m01:47:00
[2026-09-23T01:47:00.402+0000] {subprocess.py:93} INFO - [0m01:47:00  Finished running 1 snapshot in 0 hours 0 minutes and 0.79 seconds (0.79s).
[2026-09-23T01:47:00.513+0000] {subprocess.py:93} INFO - [0m01:47:00
[2026-09-23T01:47:00.514+0000] {subprocess.py:93} INFO - [0m01:47:00  [32mCompleted successfully[0m
[2026-09-23T01:47:00.516+0000] {subprocess.py:93} INFO - [0m01:47:00
[2026-09-23T01:47:00.517+0000] {subprocess.py:93} INFO - [0m01:47:00  Done. PASS=1 WARN=0 ERROR=0 SKIP=0 NO-OP=0 REUSED=0 TOTAL=1
[2026-09-23T01:47:04.296+0000] {subprocess.py:97} INFO - Command exited with return code 0
[2026-09-23T01:47:04.298+0000] {taskinstance.py:441} INFO - ::group::Post task execution logs
[2026-09-23T01:47:04.316+0000] {taskinstance.py:1206} INFO - Marking task as SUCCESS. dag_id=medallion_settlement_pipeline, task_id=Silver_Transform.snapshot_product_dim, run_id=manual__2026-09-23T01:46:22.219923+00:00, execution_date=20260923T014622, start_date=20260923T014656, end_date=20260923T014704
[2026-09-23T01:47:04.359+0000] {local_task_job_runner.py:243} INFO - Task exited with return code 0
[2026-09-23T01:47:04.374+0000] {taskinstance.py:3503} INFO - 1 downstream tasks scheduled from follow-on schedule check
[2026-09-23T01:47:04.377+0000] {local_task_job_runner.py:222} INFO - ::endgroup::
