[2026-09-24T02:05:48.622+0000] {local_task_job_runner.py:120} INFO - ::group::Pre task execution logs
[2026-09-24T02:05:48.652+0000] {taskinstance.py:2076} INFO - Dependencies all met for dep_context=non-requeueable deps ti=<TaskInstance: medallion_settlement_pipeline.Silver_Transform.snapshot_product_cost manual__2026-09-24T02:05:31.038900+00:00 [queued]>
[2026-09-24T02:05:48.660+0000] {taskinstance.py:2076} INFO - Dependencies all met for dep_context=requeueable deps ti=<TaskInstance: medallion_settlement_pipeline.Silver_Transform.snapshot_product_cost manual__2026-09-24T02:05:31.038900+00:00 [queued]>
[2026-09-24T02:05:48.662+0000] {taskinstance.py:2306} INFO - Starting attempt 1 of 1
[2026-09-24T02:05:48.675+0000] {taskinstance.py:2330} INFO - Executing <Task(BashOperator): Silver_Transform.snapshot_product_cost> on 2026-09-24 02:05:31.038900+00:00
[2026-09-24T02:05:48.685+0000] {standard_task_runner.py:90} INFO - Running: ['***', 'tasks', 'run', 'medallion_settlement_pipeline', 'Silver_Transform.snapshot_product_cost', 'manual__2026-09-24T02:05:31.038900+00:00', '--job-id', '197', '--raw', '--subdir', 'DAGS_FOLDER/lcbo_pipeline_dag.py', '--cfg-path', '/tmp/tmpagf97400']
[2026-09-24T02:05:48.688+0000] {logging_mixin.py:188} WARNING - /home/***/.local/lib/python3.12/site-packages/***/task/task_runner/standard_task_runner.py:62 DeprecationWarning: This process (pid=942) is multi-threaded, use of fork() may lead to deadlocks in the child.
[2026-09-24T02:05:48.689+0000] {standard_task_runner.py:91} INFO - Job 197: Subtask Silver_Transform.snapshot_product_cost
[2026-09-24T02:05:48.689+0000] {standard_task_runner.py:64} INFO - Started process 943 to run task
[2026-09-24T02:05:48.731+0000] {task_command.py:426} INFO - Running <TaskInstance: medallion_settlement_pipeline.Silver_Transform.snapshot_product_cost manual__2026-09-24T02:05:31.038900+00:00 [running]> on host 9314f7d71f12
[2026-09-24T02:05:48.814+0000] {taskinstance.py:2648} INFO - Exporting env vars: AIRFLOW_CTX_DAG_OWNER='bhavik' AIRFLOW_CTX_DAG_ID='medallion_settlement_pipeline' AIRFLOW_CTX_TASK_ID='Silver_Transform.snapshot_product_cost' AIRFLOW_CTX_EXECUTION_DATE='2026-09-24T02:05:31.038900+00:00' AIRFLOW_CTX_TRY_NUMBER='1' AIRFLOW_CTX_DAG_RUN_ID='manual__2026-09-24T02:05:31.038900+00:00'
[2026-09-24T02:05:48.815+0000] {taskinstance.py:430} INFO - ::endgroup::
[2026-09-24T02:05:48.827+0000] {subprocess.py:63} INFO - Tmp dir root location: /tmp
[2026-09-24T02:05:48.829+0000] {subprocess.py:75} INFO - Running command: ['/usr/bin/bash', '-c', 'cd /opt/***/dbt_project && dbt snapshot --target docker --select dim_product_cost_snapshot']
[2026-09-24T02:05:48.843+0000] {subprocess.py:86} INFO - Output:
[2026-09-24T02:05:50.577+0000] {subprocess.py:93} INFO - [0m02:05:50  Running with dbt=1.12.5
[2026-09-24T02:05:50.848+0000] {subprocess.py:93} INFO - [0m02:05:50  Registered adapter: postgres=1.9.0
[2026-09-24T02:05:52.136+0000] {subprocess.py:93} INFO - [0m02:05:52  Found 14 models, 2 snapshots, 3 sources, 597 macros
[2026-09-24T02:05:52.142+0000] {subprocess.py:93} INFO - [0m02:05:52
[2026-09-24T02:05:52.143+0000] {subprocess.py:93} INFO - [0m02:05:52  Concurrency: 4 threads (target='docker')
[2026-09-24T02:05:52.145+0000] {subprocess.py:93} INFO - [0m02:05:52
[2026-09-24T02:05:52.441+0000] {subprocess.py:93} INFO - [0m02:05:52  1 of 1 START snapshot gold.dim_product_cost_snapshot ........................... [RUN]
[2026-09-24T02:05:52.783+0000] {subprocess.py:93} INFO - [0m02:05:52  [[33mWARNING[0m]: Data type of snapshot table timestamp columns (DATETIME) doesn't match derived column 'updated_at' (DATE). Please update snapshot config 'updated_at'.
[2026-09-24T02:05:52.841+0000] {subprocess.py:93} INFO - [0m02:05:52  1 of 1 OK snapshotted gold.dim_product_cost_snapshot ........................... [[32mINSERT 0 0[0m in 0.39s]
[2026-09-24T02:05:53.018+0000] {subprocess.py:93} INFO - [0m02:05:53
[2026-09-24T02:05:53.019+0000] {subprocess.py:93} INFO - [0m02:05:53  Finished running 1 snapshot in 0 hours 0 minutes and 0.87 seconds (0.87s).
[2026-09-24T02:05:53.143+0000] {subprocess.py:93} INFO - [0m02:05:53
[2026-09-24T02:05:53.145+0000] {subprocess.py:93} INFO - [0m02:05:53  [32mCompleted successfully[0m
[2026-09-24T02:05:53.146+0000] {subprocess.py:93} INFO - [0m02:05:53
[2026-09-24T02:05:53.148+0000] {subprocess.py:93} INFO - [0m02:05:53  Done. PASS=1 WARN=0 ERROR=0 SKIP=0 NO-OP=0 REUSED=0 TOTAL=1
[2026-09-24T02:05:56.973+0000] {subprocess.py:97} INFO - Command exited with return code 0
[2026-09-24T02:05:56.974+0000] {taskinstance.py:441} INFO - ::group::Post task execution logs
[2026-09-24T02:05:57.011+0000] {taskinstance.py:1206} INFO - Marking task as SUCCESS. dag_id=medallion_settlement_pipeline, task_id=Silver_Transform.snapshot_product_cost, run_id=manual__2026-09-24T02:05:31.038900+00:00, execution_date=20260924T020531, start_date=20260924T020548, end_date=20260924T020557
[2026-09-24T02:05:57.051+0000] {local_task_job_runner.py:243} INFO - Task exited with return code 0
[2026-09-24T02:05:57.074+0000] {taskinstance.py:3503} INFO - 1 downstream tasks scheduled from follow-on schedule check
[2026-09-24T02:05:57.077+0000] {local_task_job_runner.py:222} INFO - ::endgroup::
