[2026-09-24T02:16:39.548+0000] {local_task_job_runner.py:120} INFO - ::group::Pre task execution logs
[2026-09-24T02:16:39.573+0000] {taskinstance.py:2076} INFO - Dependencies all met for dep_context=non-requeueable deps ti=<TaskInstance: medallion_settlement_pipeline.Silver_Transform.snapshot_product_cost manual__2026-09-24T02:05:31.038900+00:00 [queued]>
[2026-09-24T02:16:39.580+0000] {taskinstance.py:2076} INFO - Dependencies all met for dep_context=requeueable deps ti=<TaskInstance: medallion_settlement_pipeline.Silver_Transform.snapshot_product_cost manual__2026-09-24T02:05:31.038900+00:00 [queued]>
[2026-09-24T02:16:39.581+0000] {taskinstance.py:2306} INFO - Starting attempt 2 of 2
[2026-09-24T02:16:39.592+0000] {taskinstance.py:2330} INFO - Executing <Task(BashOperator): Silver_Transform.snapshot_product_cost> on 2026-09-24 02:05:31.038900+00:00
[2026-09-24T02:16:39.601+0000] {standard_task_runner.py:90} INFO - Running: ['***', 'tasks', 'run', 'medallion_settlement_pipeline', 'Silver_Transform.snapshot_product_cost', 'manual__2026-09-24T02:05:31.038900+00:00', '--job-id', '205', '--raw', '--subdir', 'DAGS_FOLDER/lcbo_pipeline_dag.py', '--cfg-path', '/tmp/tmpdt7n841y']
[2026-09-24T02:16:39.602+0000] {logging_mixin.py:188} WARNING - /home/***/.local/lib/python3.12/site-packages/***/task/task_runner/standard_task_runner.py:62 DeprecationWarning: This process (pid=1311) is multi-threaded, use of fork() may lead to deadlocks in the child.
[2026-09-24T02:16:39.603+0000] {standard_task_runner.py:91} INFO - Job 205: Subtask Silver_Transform.snapshot_product_cost
[2026-09-24T02:16:39.604+0000] {standard_task_runner.py:64} INFO - Started process 1312 to run task
[2026-09-24T02:16:39.642+0000] {task_command.py:426} INFO - Running <TaskInstance: medallion_settlement_pipeline.Silver_Transform.snapshot_product_cost manual__2026-09-24T02:05:31.038900+00:00 [running]> on host 9314f7d71f12
[2026-09-24T02:16:39.711+0000] {taskinstance.py:2648} INFO - Exporting env vars: AIRFLOW_CTX_DAG_OWNER='bhavik' AIRFLOW_CTX_DAG_ID='medallion_settlement_pipeline' AIRFLOW_CTX_TASK_ID='Silver_Transform.snapshot_product_cost' AIRFLOW_CTX_EXECUTION_DATE='2026-09-24T02:05:31.038900+00:00' AIRFLOW_CTX_TRY_NUMBER='2' AIRFLOW_CTX_DAG_RUN_ID='manual__2026-09-24T02:05:31.038900+00:00'
[2026-09-24T02:16:39.712+0000] {taskinstance.py:430} INFO - ::endgroup::
[2026-09-24T02:16:39.723+0000] {subprocess.py:63} INFO - Tmp dir root location: /tmp
[2026-09-24T02:16:39.724+0000] {subprocess.py:75} INFO - Running command: ['/usr/bin/bash', '-c', 'cd /opt/***/dbt_project && dbt snapshot --target docker --select dim_product_cost_snapshot']
[2026-09-24T02:16:39.736+0000] {subprocess.py:86} INFO - Output:
[2026-09-24T02:16:41.359+0000] {subprocess.py:93} INFO - [0m02:16:41  Running with dbt=1.12.5
[2026-09-24T02:16:41.632+0000] {subprocess.py:93} INFO - [0m02:16:41  Registered adapter: postgres=1.9.0
[2026-09-24T02:16:42.847+0000] {subprocess.py:93} INFO - [0m02:16:42  Found 14 models, 2 snapshots, 3 sources, 597 macros
[2026-09-24T02:16:42.851+0000] {subprocess.py:93} INFO - [0m02:16:42
[2026-09-24T02:16:42.852+0000] {subprocess.py:93} INFO - [0m02:16:42  Concurrency: 4 threads (target='docker')
[2026-09-24T02:16:42.853+0000] {subprocess.py:93} INFO - [0m02:16:42
[2026-09-24T02:16:43.107+0000] {subprocess.py:93} INFO - [0m02:16:43  1 of 1 START snapshot gold.dim_product_cost_snapshot ........................... [RUN]
[2026-09-24T02:16:43.414+0000] {subprocess.py:93} INFO - [0m02:16:43  [[33mWARNING[0m]: Data type of snapshot table timestamp columns (DATETIME) doesn't match derived column 'updated_at' (DATE). Please update snapshot config 'updated_at'.
[2026-09-24T02:16:43.456+0000] {subprocess.py:93} INFO - [0m02:16:43  1 of 1 OK snapshotted gold.dim_product_cost_snapshot ........................... [[32mINSERT 0 0[0m in 0.34s]
[2026-09-24T02:16:43.524+0000] {subprocess.py:93} INFO - [0m02:16:43
[2026-09-24T02:16:43.525+0000] {subprocess.py:93} INFO - [0m02:16:43  Finished running 1 snapshot in 0 hours 0 minutes and 0.67 seconds (0.67s).
[2026-09-24T02:16:43.637+0000] {subprocess.py:93} INFO - [0m02:16:43
[2026-09-24T02:16:43.639+0000] {subprocess.py:93} INFO - [0m02:16:43  [32mCompleted successfully[0m
[2026-09-24T02:16:43.640+0000] {subprocess.py:93} INFO - [0m02:16:43
[2026-09-24T02:16:43.642+0000] {subprocess.py:93} INFO - [0m02:16:43  Done. PASS=1 WARN=0 ERROR=0 SKIP=0 NO-OP=0 REUSED=0 TOTAL=1
[2026-09-24T02:16:47.458+0000] {subprocess.py:97} INFO - Command exited with return code 0
[2026-09-24T02:16:47.459+0000] {taskinstance.py:441} INFO - ::group::Post task execution logs
[2026-09-24T02:16:47.478+0000] {taskinstance.py:1206} INFO - Marking task as SUCCESS. dag_id=medallion_settlement_pipeline, task_id=Silver_Transform.snapshot_product_cost, run_id=manual__2026-09-24T02:05:31.038900+00:00, execution_date=20260924T020531, start_date=20260924T021639, end_date=20260924T021647
[2026-09-24T02:16:47.527+0000] {local_task_job_runner.py:243} INFO - Task exited with return code 0
[2026-09-24T02:16:47.547+0000] {taskinstance.py:3503} INFO - 1 downstream tasks scheduled from follow-on schedule check
[2026-09-24T02:16:47.549+0000] {local_task_job_runner.py:222} INFO - ::endgroup::
