[2026-09-23T01:26:26.274+0000] {local_task_job_runner.py:120} INFO - ::group::Pre task execution logs
[2026-09-23T01:26:26.301+0000] {taskinstance.py:2076} INFO - Dependencies all met for dep_context=non-requeueable deps ti=<TaskInstance: medallion_settlement_pipeline.Bronze_Ingestion.ingest_settlements manual__2026-09-23T01:26:24.294666+00:00 [queued]>
[2026-09-23T01:26:26.309+0000] {taskinstance.py:2076} INFO - Dependencies all met for dep_context=requeueable deps ti=<TaskInstance: medallion_settlement_pipeline.Bronze_Ingestion.ingest_settlements manual__2026-09-23T01:26:24.294666+00:00 [queued]>
[2026-09-23T01:26:26.311+0000] {taskinstance.py:2306} INFO - Starting attempt 1 of 1
[2026-09-23T01:26:26.321+0000] {taskinstance.py:2330} INFO - Executing <Task(BashOperator): Bronze_Ingestion.ingest_settlements> on 2026-09-23 01:26:24.294666+00:00
[2026-09-23T01:26:26.330+0000] {standard_task_runner.py:90} INFO - Running: ['***', 'tasks', 'run', 'medallion_settlement_pipeline', 'Bronze_Ingestion.ingest_settlements', 'manual__2026-09-23T01:26:24.294666+00:00', '--job-id', '154', '--raw', '--subdir', 'DAGS_FOLDER/lcbo_pipeline_dag.py', '--cfg-path', '/tmp/tmpc636l5v5']
[2026-09-23T01:26:26.333+0000] {standard_task_runner.py:91} INFO - Job 154: Subtask Bronze_Ingestion.ingest_settlements
[2026-09-23T01:26:26.333+0000] {logging_mixin.py:188} WARNING - /home/***/.local/lib/python3.12/site-packages/***/task/task_runner/standard_task_runner.py:62 DeprecationWarning: This process (pid=1500) is multi-threaded, use of fork() may lead to deadlocks in the child.
[2026-09-23T01:26:26.335+0000] {standard_task_runner.py:64} INFO - Started process 1501 to run task
[2026-09-23T01:26:26.372+0000] {task_command.py:426} INFO - Running <TaskInstance: medallion_settlement_pipeline.Bronze_Ingestion.ingest_settlements manual__2026-09-23T01:26:24.294666+00:00 [running]> on host 4318980e9d4e
[2026-09-23T01:26:26.440+0000] {taskinstance.py:2648} INFO - Exporting env vars: AIRFLOW_CTX_DAG_OWNER='bhavik' AIRFLOW_CTX_DAG_ID='medallion_settlement_pipeline' AIRFLOW_CTX_TASK_ID='Bronze_Ingestion.ingest_settlements' AIRFLOW_CTX_EXECUTION_DATE='2026-09-23T01:26:24.294666+00:00' AIRFLOW_CTX_TRY_NUMBER='1' AIRFLOW_CTX_DAG_RUN_ID='manual__2026-09-23T01:26:24.294666+00:00'
[2026-09-23T01:26:26.441+0000] {taskinstance.py:430} INFO - ::endgroup::
[2026-09-23T01:26:26.452+0000] {subprocess.py:63} INFO - Tmp dir root location: /tmp
[2026-09-23T01:26:26.454+0000] {subprocess.py:75} INFO - Running command: ['/usr/bin/bash', '-c', 'python /opt/***/etl_scripts/bronze_lcbo_raw.py']
[2026-09-23T01:26:26.470+0000] {subprocess.py:86} INFO - Output:
[2026-09-23T01:26:27.929+0000] {subprocess.py:93} INFO - 2026-09-23 01:26:27,929 - INFO - Successfully connected to Postgres
[2026-09-23T01:26:27.930+0000] {subprocess.py:93} INFO - 2026-09-23 01:26:27,929 - INFO - Successfully connected to Postgres
[2026-09-23T01:26:27.931+0000] {subprocess.py:93} INFO - 2026-09-23 01:26:27,929 - INFO - LoadingData_ToPostgres class initialized successfully.
[2026-09-23T01:26:27.933+0000] {subprocess.py:93} INFO - 2026-09-23 01:26:27,933 - INFO - Data from file lcbo_settlement_20260922.csv already exists in Postgres. Skipping processing.
[2026-09-23T01:26:27.934+0000] {subprocess.py:93} INFO - 2026-09-23 01:26:27,933 - INFO - Postgres connection closed.
[2026-09-23T01:26:28.037+0000] {subprocess.py:97} INFO - Command exited with return code 0
[2026-09-23T01:26:28.039+0000] {taskinstance.py:441} INFO - ::group::Post task execution logs
[2026-09-23T01:26:28.058+0000] {taskinstance.py:1206} INFO - Marking task as SUCCESS. dag_id=medallion_settlement_pipeline, task_id=Bronze_Ingestion.ingest_settlements, run_id=manual__2026-09-23T01:26:24.294666+00:00, execution_date=20260923T012624, start_date=20260923T012626, end_date=20260923T012628
[2026-09-23T01:26:28.119+0000] {local_task_job_runner.py:243} INFO - Task exited with return code 0
[2026-09-23T01:26:28.142+0000] {taskinstance.py:3503} INFO - 1 downstream tasks scheduled from follow-on schedule check
[2026-09-23T01:26:28.145+0000] {local_task_job_runner.py:222} INFO - ::endgroup::
