[2026-09-24T01:40:07.175+0000] {local_task_job_runner.py:120} INFO - ::group::Pre task execution logs
[2026-09-24T01:40:07.200+0000] {taskinstance.py:2076} INFO - Dependencies all met for dep_context=non-requeueable deps ti=<TaskInstance: medallion_settlement_pipeline.Silver_Transform.snapshot_product_cost manual__2026-09-24T01:39:51.442410+00:00 [queued]>
[2026-09-24T01:40:07.206+0000] {taskinstance.py:2076} INFO - Dependencies all met for dep_context=requeueable deps ti=<TaskInstance: medallion_settlement_pipeline.Silver_Transform.snapshot_product_cost manual__2026-09-24T01:39:51.442410+00:00 [queued]>
[2026-09-24T01:40:07.207+0000] {taskinstance.py:2306} INFO - Starting attempt 1 of 1
[2026-09-24T01:40:07.217+0000] {taskinstance.py:2330} INFO - Executing <Task(BashOperator): Silver_Transform.snapshot_product_cost> on 2026-09-24 01:39:51.442410+00:00
[2026-09-24T01:40:07.225+0000] {standard_task_runner.py:90} INFO - Running: ['***', 'tasks', 'run', 'medallion_settlement_pipeline', 'Silver_Transform.snapshot_product_cost', 'manual__2026-09-24T01:39:51.442410+00:00', '--job-id', '189', '--raw', '--subdir', 'DAGS_FOLDER/lcbo_pipeline_dag.py', '--cfg-path', '/tmp/tmpxgx7if7e']
[2026-09-24T01:40:07.228+0000] {standard_task_runner.py:91} INFO - Job 189: Subtask Silver_Transform.snapshot_product_cost
[2026-09-24T01:40:07.228+0000] {logging_mixin.py:188} WARNING - /home/***/.local/lib/python3.12/site-packages/***/task/task_runner/standard_task_runner.py:62 DeprecationWarning: This process (pid=257) is multi-threaded, use of fork() may lead to deadlocks in the child.
[2026-09-24T01:40:07.229+0000] {standard_task_runner.py:64} INFO - Started process 258 to run task
[2026-09-24T01:40:07.263+0000] {task_command.py:426} INFO - Running <TaskInstance: medallion_settlement_pipeline.Silver_Transform.snapshot_product_cost manual__2026-09-24T01:39:51.442410+00:00 [running]> on host 9314f7d71f12
[2026-09-24T01:40:07.332+0000] {taskinstance.py:2648} INFO - Exporting env vars: AIRFLOW_CTX_DAG_OWNER='bhavik' AIRFLOW_CTX_DAG_ID='medallion_settlement_pipeline' AIRFLOW_CTX_TASK_ID='Silver_Transform.snapshot_product_cost' AIRFLOW_CTX_EXECUTION_DATE='2026-09-24T01:39:51.442410+00:00' AIRFLOW_CTX_TRY_NUMBER='1' AIRFLOW_CTX_DAG_RUN_ID='manual__2026-09-24T01:39:51.442410+00:00'
[2026-09-24T01:40:07.334+0000] {taskinstance.py:430} INFO - ::endgroup::
[2026-09-24T01:40:07.344+0000] {subprocess.py:63} INFO - Tmp dir root location: /tmp
[2026-09-24T01:40:07.346+0000] {subprocess.py:75} INFO - Running command: ['/usr/bin/bash', '-c', 'cd /opt/***/dbt_project && dbt snapshot --target docker --select dim_product_cost_snapshot']
[2026-09-24T01:40:07.358+0000] {subprocess.py:86} INFO - Output:
[2026-09-24T01:40:09.163+0000] {subprocess.py:93} INFO - [0m01:40:09  Running with dbt=1.12.5
[2026-09-24T01:40:09.458+0000] {subprocess.py:93} INFO - [0m01:40:09  Registered adapter: postgres=1.9.0
[2026-09-24T01:40:10.693+0000] {subprocess.py:93} INFO - [0m01:40:10  Found 14 models, 2 snapshots, 3 sources, 597 macros
[2026-09-24T01:40:10.704+0000] {subprocess.py:93} INFO - [0m01:40:10
[2026-09-24T01:40:10.707+0000] {subprocess.py:93} INFO - [0m01:40:10  Concurrency: 4 threads (target='docker')
[2026-09-24T01:40:10.709+0000] {subprocess.py:93} INFO - [0m01:40:10
[2026-09-24T01:40:11.004+0000] {subprocess.py:93} INFO - [0m01:40:11  1 of 1 START snapshot gold.dim_product_cost_snapshot ........................... [RUN]
[2026-09-24T01:40:11.370+0000] {subprocess.py:93} INFO - [0m01:40:11  [[33mWARNING[0m]: Data type of snapshot table timestamp columns (DATETIME) doesn't match derived column 'updated_at' (DATE). Please update snapshot config 'updated_at'.
[2026-09-24T01:40:11.413+0000] {subprocess.py:93} INFO - [0m01:40:11  1 of 1 OK snapshotted gold.dim_product_cost_snapshot ........................... [[32mINSERT 0 0[0m in 0.40s]
[2026-09-24T01:40:11.584+0000] {subprocess.py:93} INFO - [0m01:40:11
[2026-09-24T01:40:11.586+0000] {subprocess.py:93} INFO - [0m01:40:11  Finished running 1 snapshot in 0 hours 0 minutes and 0.87 seconds (0.87s).
[2026-09-24T01:40:11.703+0000] {subprocess.py:93} INFO - [0m01:40:11
[2026-09-24T01:40:11.704+0000] {subprocess.py:93} INFO - [0m01:40:11  [32mCompleted successfully[0m
[2026-09-24T01:40:11.706+0000] {subprocess.py:93} INFO - [0m01:40:11
[2026-09-24T01:40:11.707+0000] {subprocess.py:93} INFO - [0m01:40:11  Done. PASS=1 WARN=0 ERROR=0 SKIP=0 NO-OP=0 REUSED=0 TOTAL=1
[2026-09-24T01:40:15.536+0000] {subprocess.py:97} INFO - Command exited with return code 0
[2026-09-24T01:40:15.538+0000] {taskinstance.py:441} INFO - ::group::Post task execution logs
[2026-09-24T01:40:15.566+0000] {taskinstance.py:1206} INFO - Marking task as SUCCESS. dag_id=medallion_settlement_pipeline, task_id=Silver_Transform.snapshot_product_cost, run_id=manual__2026-09-24T01:39:51.442410+00:00, execution_date=20260924T013951, start_date=20260924T014007, end_date=20260924T014015
[2026-09-24T01:40:15.590+0000] {local_task_job_runner.py:243} INFO - Task exited with return code 0
[2026-09-24T01:40:15.613+0000] {taskinstance.py:3503} INFO - 1 downstream tasks scheduled from follow-on schedule check
[2026-09-24T01:40:15.616+0000] {local_task_job_runner.py:222} INFO - ::endgroup::
