[2026-09-17T02:49:53.566+0000] {local_task_job_runner.py:120} INFO - ::group::Pre task execution logs
[2026-09-17T02:49:53.601+0000] {taskinstance.py:2076} INFO - Dependencies all met for dep_context=non-requeueable deps ti=<TaskInstance: lcbo_pipeline.silver.snapshot_product manual__2026-09-17T02:49:19.411456+00:00 [queued]>
[2026-09-17T02:49:53.610+0000] {taskinstance.py:2076} INFO - Dependencies all met for dep_context=requeueable deps ti=<TaskInstance: lcbo_pipeline.silver.snapshot_product manual__2026-09-17T02:49:19.411456+00:00 [queued]>
[2026-09-17T02:49:53.612+0000] {taskinstance.py:2306} INFO - Starting attempt 1 of 1
[2026-09-17T02:49:53.623+0000] {taskinstance.py:2330} INFO - Executing <Task(BashOperator): silver.snapshot_product> on 2026-09-17 02:49:19.411456+00:00
[2026-09-17T02:49:53.634+0000] {standard_task_runner.py:90} INFO - Running: ['***', 'tasks', 'run', 'lcbo_pipeline', 'silver.snapshot_product', 'manual__2026-09-17T02:49:19.411456+00:00', '--job-id', '24', '--raw', '--subdir', 'DAGS_FOLDER/lcbo_pipeline_dag.py', '--cfg-path', '/tmp/tmp3tzfm1w4']
[2026-09-17T02:49:53.637+0000] {standard_task_runner.py:91} INFO - Job 24: Subtask silver.snapshot_product
[2026-09-17T02:49:53.638+0000] {logging_mixin.py:188} WARNING - /home/***/.local/lib/python3.12/site-packages/***/task/task_runner/standard_task_runner.py:62 DeprecationWarning: This process (pid=458) is multi-threaded, use of fork() may lead to deadlocks in the child.
[2026-09-17T02:49:53.639+0000] {standard_task_runner.py:64} INFO - Started process 459 to run task
[2026-09-17T02:49:53.684+0000] {task_command.py:426} INFO - Running <TaskInstance: lcbo_pipeline.silver.snapshot_product manual__2026-09-17T02:49:19.411456+00:00 [running]> on host 22e18d633ed2
[2026-09-17T02:49:53.763+0000] {taskinstance.py:2648} INFO - Exporting env vars: AIRFLOW_CTX_DAG_OWNER='bhavik' AIRFLOW_CTX_DAG_ID='lcbo_pipeline' AIRFLOW_CTX_TASK_ID='silver.snapshot_product' AIRFLOW_CTX_EXECUTION_DATE='2026-09-17T02:49:19.411456+00:00' AIRFLOW_CTX_TRY_NUMBER='1' AIRFLOW_CTX_DAG_RUN_ID='manual__2026-09-17T02:49:19.411456+00:00'
[2026-09-17T02:49:53.765+0000] {taskinstance.py:430} INFO - ::endgroup::
[2026-09-17T02:49:53.778+0000] {subprocess.py:63} INFO - Tmp dir root location: /tmp
[2026-09-17T02:49:53.780+0000] {subprocess.py:75} INFO - Running command: ['/usr/bin/bash', '-c', 'cd /opt/***/dbt_project && dbt snapshot --target docker --select dim_product']
[2026-09-17T02:49:53.794+0000] {subprocess.py:86} INFO - Output:
[2026-09-17T02:49:55.455+0000] {subprocess.py:93} INFO - [0m02:49:55  Running with dbt=1.12.5
[2026-09-17T02:49:55.705+0000] {subprocess.py:93} INFO - [0m02:49:55  Registered adapter: postgres=1.9.0
[2026-09-17T02:49:57.006+0000] {subprocess.py:93} INFO - [0m02:49:57  Found 14 models, 2 snapshots, 3 sources, 597 macros
[2026-09-17T02:49:57.011+0000] {subprocess.py:93} INFO - [0m02:49:57  [[33mWARNING[0m]: The selection criterion 'dim_product' does not match any enabled nodes
[2026-09-17T02:49:57.014+0000] {subprocess.py:93} INFO - [0m02:49:57  [[33mWARNING[0m]: Nothing to do. Try checking your model configs and model specification args
[2026-09-17T02:50:00.882+0000] {subprocess.py:97} INFO - Command exited with return code 0
[2026-09-17T02:50:00.884+0000] {taskinstance.py:441} INFO - ::group::Post task execution logs
[2026-09-17T02:50:00.906+0000] {taskinstance.py:1206} INFO - Marking task as SUCCESS. dag_id=lcbo_pipeline, task_id=silver.snapshot_product, run_id=manual__2026-09-17T02:49:19.411456+00:00, execution_date=20260917T024919, start_date=20260917T024953, end_date=20260917T025000
[2026-09-17T02:50:00.960+0000] {local_task_job_runner.py:243} INFO - Task exited with return code 0
[2026-09-17T02:50:00.977+0000] {taskinstance.py:3503} INFO - 1 downstream tasks scheduled from follow-on schedule check
[2026-09-17T02:50:00.980+0000] {local_task_job_runner.py:222} INFO - ::endgroup::
