[2026-09-17T02:27:42.261+0000] {local_task_job_runner.py:120} INFO - ::group::Pre task execution logs
[2026-09-17T02:27:42.291+0000] {taskinstance.py:2076} INFO - Dependencies all met for dep_context=non-requeueable deps ti=<TaskInstance: lcbo_pipeline.bronze.product_cost manual__2026-09-17T02:27:37.468137+00:00 [queued]>
[2026-09-17T02:27:42.298+0000] {taskinstance.py:2076} INFO - Dependencies all met for dep_context=requeueable deps ti=<TaskInstance: lcbo_pipeline.bronze.product_cost manual__2026-09-17T02:27:37.468137+00:00 [queued]>
[2026-09-17T02:27:42.299+0000] {taskinstance.py:2306} INFO - Starting attempt 1 of 1
[2026-09-17T02:27:42.310+0000] {taskinstance.py:2330} INFO - Executing <Task(BashOperator): bronze.product_cost> on 2026-09-17 02:27:37.468137+00:00
[2026-09-17T02:27:42.320+0000] {logging_mixin.py:188} WARNING - /home/***/.local/lib/python3.12/site-packages/***/task/task_runner/standard_task_runner.py:62 DeprecationWarning: This process (pid=515) is multi-threaded, use of fork() may lead to deadlocks in the child.
[2026-09-17T02:27:42.318+0000] {standard_task_runner.py:90} INFO - Running: ['***', 'tasks', 'run', 'lcbo_pipeline', 'bronze.product_cost', 'manual__2026-09-17T02:27:37.468137+00:00', '--job-id', '15', '--raw', '--subdir', 'DAGS_FOLDER/lcbo_pipeline_dag.py', '--cfg-path', '/tmp/tmppcoq8xb7']
[2026-09-17T02:27:42.321+0000] {standard_task_runner.py:64} INFO - Started process 516 to run task
[2026-09-17T02:27:42.322+0000] {standard_task_runner.py:91} INFO - Job 15: Subtask bronze.product_cost
[2026-09-17T02:27:42.360+0000] {task_command.py:426} INFO - Running <TaskInstance: lcbo_pipeline.bronze.product_cost manual__2026-09-17T02:27:37.468137+00:00 [running]> on host c97299dbefe3
[2026-09-17T02:27:42.423+0000] {taskinstance.py:2648} INFO - Exporting env vars: AIRFLOW_CTX_DAG_OWNER='bhavik' AIRFLOW_CTX_DAG_ID='lcbo_pipeline' AIRFLOW_CTX_TASK_ID='bronze.product_cost' AIRFLOW_CTX_EXECUTION_DATE='2026-09-17T02:27:37.468137+00:00' AIRFLOW_CTX_TRY_NUMBER='1' AIRFLOW_CTX_DAG_RUN_ID='manual__2026-09-17T02:27:37.468137+00:00'
[2026-09-17T02:27:42.424+0000] {taskinstance.py:430} INFO - ::endgroup::
[2026-09-17T02:27:42.435+0000] {subprocess.py:63} INFO - Tmp dir root location: /tmp
[2026-09-17T02:27:42.437+0000] {subprocess.py:75} INFO - Running command: ['/usr/bin/bash', '-c', 'python /opt/***/etl_scripts/bronze_product_cost.py']
[2026-09-17T02:27:42.450+0000] {subprocess.py:86} INFO - Output:
[2026-09-17T02:27:43.190+0000] {subprocess.py:93} INFO - 2026-09-17 02:27:43,190 - INFO - Successfully connected to Postgres
[2026-09-17T02:27:43.191+0000] {subprocess.py:93} INFO - 2026-09-17 02:27:43,190 - INFO - Connected to Postgres database successfully.
[2026-09-17T02:27:43.197+0000] {subprocess.py:93} INFO - 2026-09-17 02:27:43,196 - INFO - Product cost data read successfully from /opt/***/source_files/Master Product Cost/dim_product_cost.csv.
[2026-09-17T02:27:43.205+0000] {subprocess.py:93} INFO - 2026-09-17 02:27:43,205 - INFO - Table dim_product_cost truncated successfully.
[2026-09-17T02:27:43.206+0000] {subprocess.py:93} INFO - 2026-09-17 02:27:43,205 - ERROR - Error processing chunks: int() argument must be a string, a bytes-like object or a real number, not 'NoneType'
[2026-09-17T02:27:43.206+0000] {subprocess.py:93} INFO - 2026-09-17 02:27:43,205 - INFO - Postgres connection closed.
[2026-09-17T02:27:43.284+0000] {subprocess.py:97} INFO - Command exited with return code 0
[2026-09-17T02:27:43.286+0000] {taskinstance.py:441} INFO - ::group::Post task execution logs
[2026-09-17T02:27:43.305+0000] {taskinstance.py:1206} INFO - Marking task as SUCCESS. dag_id=lcbo_pipeline, task_id=bronze.product_cost, run_id=manual__2026-09-17T02:27:37.468137+00:00, execution_date=20260917T022737, start_date=20260917T022742, end_date=20260917T022743
[2026-09-17T02:27:43.339+0000] {local_task_job_runner.py:243} INFO - Task exited with return code 0
[2026-09-17T02:27:43.360+0000] {taskinstance.py:3503} INFO - 1 downstream tasks scheduled from follow-on schedule check
[2026-09-17T02:27:43.363+0000] {local_task_job_runner.py:222} INFO - ::endgroup::
