[2026-09-23T01:26:25.301+0000] {local_task_job_runner.py:120} INFO - ::group::Pre task execution logs
[2026-09-23T01:26:25.357+0000] {taskinstance.py:2076} INFO - Dependencies all met for dep_context=non-requeueable deps ti=<TaskInstance: medallion_settlement_pipeline.Bronze_Ingestion.audit_batch_log manual__2026-09-23T01:26:24.294666+00:00 [queued]>
[2026-09-23T01:26:25.365+0000] {taskinstance.py:2076} INFO - Dependencies all met for dep_context=requeueable deps ti=<TaskInstance: medallion_settlement_pipeline.Bronze_Ingestion.audit_batch_log manual__2026-09-23T01:26:24.294666+00:00 [queued]>
[2026-09-23T01:26:25.367+0000] {taskinstance.py:2306} INFO - Starting attempt 1 of 1
[2026-09-23T01:26:25.387+0000] {taskinstance.py:2330} INFO - Executing <Task(BashOperator): Bronze_Ingestion.audit_batch_log> on 2026-09-23 01:26:24.294666+00:00
[2026-09-23T01:26:25.400+0000] {standard_task_runner.py:90} INFO - Running: ['***', 'tasks', 'run', 'medallion_settlement_pipeline', 'Bronze_Ingestion.audit_batch_log', 'manual__2026-09-23T01:26:24.294666+00:00', '--job-id', '153', '--raw', '--subdir', 'DAGS_FOLDER/lcbo_pipeline_dag.py', '--cfg-path', '/tmp/tmpitn9wxe_']
[2026-09-23T01:26:25.404+0000] {standard_task_runner.py:91} INFO - Job 153: Subtask Bronze_Ingestion.audit_batch_log
[2026-09-23T01:26:25.403+0000] {logging_mixin.py:188} WARNING - /home/***/.local/lib/python3.12/site-packages/***/task/task_runner/standard_task_runner.py:62 DeprecationWarning: This process (pid=1497) is multi-threaded, use of fork() may lead to deadlocks in the child.
[2026-09-23T01:26:25.406+0000] {standard_task_runner.py:64} INFO - Started process 1498 to run task
[2026-09-23T01:26:25.449+0000] {task_command.py:426} INFO - Running <TaskInstance: medallion_settlement_pipeline.Bronze_Ingestion.audit_batch_log manual__2026-09-23T01:26:24.294666+00:00 [running]> on host 4318980e9d4e
[2026-09-23T01:26:25.532+0000] {taskinstance.py:2648} INFO - Exporting env vars: AIRFLOW_CTX_DAG_OWNER='bhavik' AIRFLOW_CTX_DAG_ID='medallion_settlement_pipeline' AIRFLOW_CTX_TASK_ID='Bronze_Ingestion.audit_batch_log' AIRFLOW_CTX_EXECUTION_DATE='2026-09-23T01:26:24.294666+00:00' AIRFLOW_CTX_TRY_NUMBER='1' AIRFLOW_CTX_DAG_RUN_ID='manual__2026-09-23T01:26:24.294666+00:00'
[2026-09-23T01:26:25.533+0000] {taskinstance.py:430} INFO - ::endgroup::
[2026-09-23T01:26:25.553+0000] {subprocess.py:63} INFO - Tmp dir root location: /tmp
[2026-09-23T01:26:25.554+0000] {subprocess.py:75} INFO - Running command: ['/usr/bin/bash', '-c', 'python /opt/***/etl_scripts/bronze_batch_audit.py']
[2026-09-23T01:26:25.571+0000] {subprocess.py:86} INFO - Output:
[2026-09-23T01:26:26.007+0000] {subprocess.py:93} INFO - 2026-09-23 01:26:26,007 - INFO - Successfully connected to Postgres
[2026-09-23T01:26:26.009+0000] {subprocess.py:93} INFO - 2026-09-23 01:26:26,009 - ERROR - There are pending records in the pipeline run log. Cannot proceed with batch audit.
[2026-09-23T01:26:26.010+0000] {subprocess.py:93} INFO - 2026-09-23 01:26:26,009 - INFO - Please check the pipeline run log and resolve any pending/failed file issues before starting a new batch.
[2026-09-23T01:26:26.011+0000] {subprocess.py:93} INFO - 2026-09-23 01:26:26,009 - INFO - Postgres connection closed.
[2026-09-23T01:26:26.012+0000] {subprocess.py:93} INFO - 2026-09-23 01:26:26,009 - INFO - batch audit result: {'batch_created': False, 'batch_id': None, 'related_date': None, 'all_processed_files': None, 'file_hash': None}
[2026-09-23T01:26:26.020+0000] {subprocess.py:97} INFO - Command exited with return code 0
[2026-09-23T01:26:26.022+0000] {taskinstance.py:441} INFO - ::group::Post task execution logs
[2026-09-23T01:26:26.044+0000] {taskinstance.py:1206} INFO - Marking task as SUCCESS. dag_id=medallion_settlement_pipeline, task_id=Bronze_Ingestion.audit_batch_log, run_id=manual__2026-09-23T01:26:24.294666+00:00, execution_date=20260923T012624, start_date=20260923T012625, end_date=20260923T012626
[2026-09-23T01:26:26.103+0000] {local_task_job_runner.py:243} INFO - Task exited with return code 0
[2026-09-23T01:26:26.129+0000] {taskinstance.py:3503} INFO - 0 downstream tasks scheduled from follow-on schedule check
[2026-09-23T01:26:26.131+0000] {local_task_job_runner.py:222} INFO - ::endgroup::
