[2026-09-23T00:49:31.287+0000] {local_task_job_runner.py:120} INFO - ::group::Pre task execution logs
[2026-09-23T00:49:31.324+0000] {taskinstance.py:2076} INFO - Dependencies all met for dep_context=non-requeueable deps ti=<TaskInstance: medallion_settlement_pipeline.Bronze_Ingestion.audit_batch_log manual__2026-09-23T00:49:30.464308+00:00 [queued]>
[2026-09-23T00:49:31.332+0000] {taskinstance.py:2076} INFO - Dependencies all met for dep_context=requeueable deps ti=<TaskInstance: medallion_settlement_pipeline.Bronze_Ingestion.audit_batch_log manual__2026-09-23T00:49:30.464308+00:00 [queued]>
[2026-09-23T00:49:31.333+0000] {taskinstance.py:2306} INFO - Starting attempt 1 of 1
[2026-09-23T00:49:31.346+0000] {taskinstance.py:2330} INFO - Executing <Task(BashOperator): Bronze_Ingestion.audit_batch_log> on 2026-09-23 00:49:30.464308+00:00
[2026-09-23T00:49:31.356+0000] {standard_task_runner.py:90} INFO - Running: ['***', 'tasks', 'run', 'medallion_settlement_pipeline', 'Bronze_Ingestion.audit_batch_log', 'manual__2026-09-23T00:49:30.464308+00:00', '--job-id', '145', '--raw', '--subdir', 'DAGS_FOLDER/lcbo_pipeline_dag.py', '--cfg-path', '/tmp/tmpwd8wga4n']
[2026-09-23T00:49:31.359+0000] {standard_task_runner.py:91} INFO - Job 145: Subtask Bronze_Ingestion.audit_batch_log
[2026-09-23T00:49:31.361+0000] {logging_mixin.py:188} WARNING - /home/***/.local/lib/python3.12/site-packages/***/task/task_runner/standard_task_runner.py:62 DeprecationWarning: This process (pid=565) is multi-threaded, use of fork() may lead to deadlocks in the child.
[2026-09-23T00:49:31.363+0000] {standard_task_runner.py:64} INFO - Started process 566 to run task
[2026-09-23T00:49:31.401+0000] {task_command.py:426} INFO - Running <TaskInstance: medallion_settlement_pipeline.Bronze_Ingestion.audit_batch_log manual__2026-09-23T00:49:30.464308+00:00 [running]> on host 4318980e9d4e
[2026-09-23T00:49:31.475+0000] {taskinstance.py:2648} INFO - Exporting env vars: AIRFLOW_CTX_DAG_OWNER='bhavik' AIRFLOW_CTX_DAG_ID='medallion_settlement_pipeline' AIRFLOW_CTX_TASK_ID='Bronze_Ingestion.audit_batch_log' AIRFLOW_CTX_EXECUTION_DATE='2026-09-23T00:49:30.464308+00:00' AIRFLOW_CTX_TRY_NUMBER='1' AIRFLOW_CTX_DAG_RUN_ID='manual__2026-09-23T00:49:30.464308+00:00'
[2026-09-23T00:49:31.477+0000] {taskinstance.py:430} INFO - ::endgroup::
[2026-09-23T00:49:31.492+0000] {subprocess.py:63} INFO - Tmp dir root location: /tmp
[2026-09-23T00:49:31.494+0000] {subprocess.py:75} INFO - Running command: ['/usr/bin/bash', '-c', 'python /opt/***/etl_scripts/bronze_batch_audit.py']
[2026-09-23T00:49:31.509+0000] {subprocess.py:86} INFO - Output:
[2026-09-23T00:49:31.855+0000] {subprocess.py:93} INFO - 2026-09-23 00:49:31,854 - INFO - Successfully connected to Postgres
[2026-09-23T00:49:31.859+0000] {subprocess.py:93} INFO - 2026-09-23 00:49:31,859 - INFO - Found 3 already processed files in DB
[2026-09-23T00:49:31.867+0000] {subprocess.py:93} INFO - 2026-09-23 00:49:31,867 - INFO - Found 2 files in folder /opt/***/source_files
[2026-09-23T00:49:31.868+0000] {subprocess.py:93} INFO - 2026-09-23 00:49:31,867 - INFO - Pending files to process: ['c2b9f11a49ba77b891aa6dc6efb25cd50601f1a748adb210271331a1e679e9df']
[2026-09-23T00:49:31.869+0000] {subprocess.py:93} INFO - 2026-09-23 00:49:31,867 - INFO - 1 new file(s) to process: ['c2b9f11a49ba77b891aa6dc6efb25cd50601f1a748adb210271331a1e679e9df']
[2026-09-23T00:49:31.869+0000] {subprocess.py:93} INFO - 2026-09-23 00:49:31,867 - INFO - Started with c2b9f11a49ba77b891aa6dc6efb25cd50601f1a748adb210271331a1e679e9df
[2026-09-23T00:49:31.870+0000] {subprocess.py:93} INFO - 2026-09-23 00:49:31,870 - INFO - Created new batch with run_id 4 for lcbo_settlement_20260922.csv at 2026-09-23 00:49:31.867813
[2026-09-23T00:49:31.871+0000] {subprocess.py:93} INFO - 2026-09-23 00:49:31,870 - INFO - Postgres connection closed.
[2026-09-23T00:49:31.872+0000] {subprocess.py:93} INFO - 2026-09-23 00:49:31,870 - INFO - batch audit result: {'batch_created': True, 'batch_id': 4, 'related_date': datetime.datetime(2026, 9, 23, 0, 49, 31, 867813), 'file_hash': 'c2b9f11a49ba77b891aa6dc6efb25cd50601f1a748adb210271331a1e679e9df', 'all_processed_files': False}
[2026-09-23T00:49:31.881+0000] {subprocess.py:97} INFO - Command exited with return code 0
[2026-09-23T00:49:31.882+0000] {taskinstance.py:441} INFO - ::group::Post task execution logs
[2026-09-23T00:49:31.901+0000] {taskinstance.py:1206} INFO - Marking task as SUCCESS. dag_id=medallion_settlement_pipeline, task_id=Bronze_Ingestion.audit_batch_log, run_id=manual__2026-09-23T00:49:30.464308+00:00, execution_date=20260923T004930, start_date=20260923T004931, end_date=20260923T004931
[2026-09-23T00:49:31.940+0000] {local_task_job_runner.py:243} INFO - Task exited with return code 0
[2026-09-23T00:49:31.964+0000] {taskinstance.py:3503} INFO - 1 downstream tasks scheduled from follow-on schedule check
[2026-09-23T00:49:31.966+0000] {local_task_job_runner.py:222} INFO - ::endgroup::
