[2026-09-26T20:09:48.120+0000] {local_task_job_runner.py:120} INFO - ::group::Pre task execution logs
[2026-09-26T20:09:48.146+0000] {taskinstance.py:2076} INFO - Dependencies all met for dep_context=non-requeueable deps ti=<TaskInstance: medallion_settlement_pipeline.Gold_Star_Schema.build_dims_and_fact manual__2026-09-26T20:09:04.950666+00:00 [queued]>
[2026-09-26T20:09:48.154+0000] {taskinstance.py:2076} INFO - Dependencies all met for dep_context=requeueable deps ti=<TaskInstance: medallion_settlement_pipeline.Gold_Star_Schema.build_dims_and_fact manual__2026-09-26T20:09:04.950666+00:00 [queued]>
[2026-09-26T20:09:48.155+0000] {taskinstance.py:2306} INFO - Starting attempt 1 of 1
[2026-09-26T20:09:48.166+0000] {taskinstance.py:2330} INFO - Executing <Task(BashOperator): Gold_Star_Schema.build_dims_and_fact> on 2026-09-26 20:09:04.950666+00:00
[2026-09-26T20:09:48.174+0000] {standard_task_runner.py:90} INFO - Running: ['***', 'tasks', 'run', 'medallion_settlement_pipeline', 'Gold_Star_Schema.build_dims_and_fact', 'manual__2026-09-26T20:09:04.950666+00:00', '--job-id', '238', '--raw', '--subdir', 'DAGS_FOLDER/lcbo_pipeline_dag.py', '--cfg-path', '/tmp/tmplsqyjmcs']
[2026-09-26T20:09:48.177+0000] {standard_task_runner.py:91} INFO - Job 238: Subtask Gold_Star_Schema.build_dims_and_fact
[2026-09-26T20:09:48.177+0000] {logging_mixin.py:188} WARNING - /home/***/.local/lib/python3.12/site-packages/***/task/task_runner/standard_task_runner.py:62 DeprecationWarning: This process (pid=899) is multi-threaded, use of fork() may lead to deadlocks in the child.
[2026-09-26T20:09:48.178+0000] {standard_task_runner.py:64} INFO - Started process 900 to run task
[2026-09-26T20:09:48.218+0000] {task_command.py:426} INFO - Running <TaskInstance: medallion_settlement_pipeline.Gold_Star_Schema.build_dims_and_fact manual__2026-09-26T20:09:04.950666+00:00 [running]> on host 419d86c5d3f8
[2026-09-26T20:09:48.288+0000] {taskinstance.py:2648} INFO - Exporting env vars: AIRFLOW_CTX_DAG_OWNER='bhavik' AIRFLOW_CTX_DAG_ID='medallion_settlement_pipeline' AIRFLOW_CTX_TASK_ID='Gold_Star_Schema.build_dims_and_fact' AIRFLOW_CTX_EXECUTION_DATE='2026-09-26T20:09:04.950666+00:00' AIRFLOW_CTX_TRY_NUMBER='1' AIRFLOW_CTX_DAG_RUN_ID='manual__2026-09-26T20:09:04.950666+00:00'
[2026-09-26T20:09:48.289+0000] {taskinstance.py:430} INFO - ::endgroup::
[2026-09-26T20:09:48.301+0000] {subprocess.py:63} INFO - Tmp dir root location: /tmp
[2026-09-26T20:09:48.302+0000] {subprocess.py:75} INFO - Running command: ['/usr/bin/bash', '-c', 'cd /opt/***/dbt_project && dbt run --target docker --select gold_dim_date gold_dim_product_cost gold_dim_product_info gold_dim_store dbt_lcbo_fact_table gold_fact_table']
[2026-09-26T20:09:48.314+0000] {subprocess.py:86} INFO - Output:
[2026-09-26T20:09:50.247+0000] {subprocess.py:93} INFO - [0m20:09:50  Running with dbt=1.12.5
[2026-09-26T20:09:50.538+0000] {subprocess.py:93} INFO - [0m20:09:50  Registered adapter: postgres=1.9.0
[2026-09-26T20:09:51.947+0000] {subprocess.py:93} INFO - [0m20:09:51  Found 14 models, 2 snapshots, 3 sources, 597 macros
[2026-09-26T20:09:51.952+0000] {subprocess.py:93} INFO - [0m20:09:51
[2026-09-26T20:09:51.953+0000] {subprocess.py:93} INFO - [0m20:09:51  Concurrency: 4 threads (target='docker')
[2026-09-26T20:09:51.954+0000] {subprocess.py:93} INFO - [0m20:09:51
[2026-09-26T20:09:52.271+0000] {subprocess.py:93} INFO - [0m20:09:52  1 of 6 START sql table model gold.gold_dim_date ................................ [RUN]
[2026-09-26T20:09:52.273+0000] {subprocess.py:93} INFO - [0m20:09:52  2 of 6 START sql table model gold.gold_dim_product_cost ........................ [RUN]
[2026-09-26T20:09:52.275+0000] {subprocess.py:93} INFO - [0m20:09:52  3 of 6 START sql table model gold.gold_dim_product_info ........................ [RUN]
[2026-09-26T20:09:52.276+0000] {subprocess.py:93} INFO - [0m20:09:52  4 of 6 START sql table model gold.gold_dim_store ............................... [RUN]
[2026-09-26T20:09:52.739+0000] {subprocess.py:93} INFO - [0m20:09:52  2 of 6 OK created sql table model gold.gold_dim_product_cost ................... [[32mSELECT 9[0m in 0.45s]
[2026-09-26T20:09:52.754+0000] {subprocess.py:93} INFO - [0m20:09:52  4 of 6 OK created sql table model gold.gold_dim_store .......................... [[32mSELECT 5[0m in 0.46s]
[2026-09-26T20:09:52.758+0000] {subprocess.py:93} INFO - [0m20:09:52  3 of 6 OK created sql table model gold.gold_dim_product_info ................... [[32mSELECT 27[0m in 0.47s]
[2026-09-26T20:09:52.801+0000] {subprocess.py:93} INFO - [0m20:09:52  1 of 6 OK created sql table model gold.gold_dim_date ........................... [[32mSELECT 3653[0m in 0.52s]
[2026-09-26T20:09:52.807+0000] {subprocess.py:93} INFO - [0m20:09:52  5 of 6 START sql table model silver.dbt_lcbo_fact_table ........................ [RUN]
[2026-09-26T20:09:52.953+0000] {subprocess.py:93} INFO - [0m20:09:52  5 of 6 OK created sql table model silver.dbt_lcbo_fact_table ................... [[32mSELECT 9[0m in 0.14s]
[2026-09-26T20:09:52.960+0000] {subprocess.py:93} INFO - [0m20:09:52  6 of 6 START sql incremental model gold.gold_fact_table ........................ [RUN]
[2026-09-26T20:09:53.242+0000] {subprocess.py:93} INFO - [0m20:09:53  6 of 6 OK created sql incremental model gold.gold_fact_table ................... [[32mMERGE 9[0m in 0.28s]
[2026-09-26T20:09:53.319+0000] {subprocess.py:93} INFO - [0m20:09:53
[2026-09-26T20:09:53.320+0000] {subprocess.py:93} INFO - [0m20:09:53  Finished running 1 incremental model, 5 table models in 0 hours 0 minutes and 1.36 seconds (1.36s).
[2026-09-26T20:09:53.472+0000] {subprocess.py:93} INFO - [0m20:09:53
[2026-09-26T20:09:53.474+0000] {subprocess.py:93} INFO - [0m20:09:53  [32mCompleted successfully[0m
[2026-09-26T20:09:53.475+0000] {subprocess.py:93} INFO - [0m20:09:53
[2026-09-26T20:09:53.477+0000] {subprocess.py:93} INFO - [0m20:09:53  Done. PASS=6 WARN=0 ERROR=0 SKIP=0 NO-OP=0 REUSED=0 TOTAL=6
[2026-09-26T20:09:57.315+0000] {subprocess.py:97} INFO - Command exited with return code 0
[2026-09-26T20:09:57.317+0000] {taskinstance.py:441} INFO - ::group::Post task execution logs
[2026-09-26T20:09:57.338+0000] {taskinstance.py:1206} INFO - Marking task as SUCCESS. dag_id=medallion_settlement_pipeline, task_id=Gold_Star_Schema.build_dims_and_fact, run_id=manual__2026-09-26T20:09:04.950666+00:00, execution_date=20260926T200904, start_date=20260926T200948, end_date=20260926T200957
[2026-09-26T20:09:57.388+0000] {local_task_job_runner.py:243} INFO - Task exited with return code 0
[2026-09-26T20:09:57.401+0000] {taskinstance.py:3503} INFO - 0 downstream tasks scheduled from follow-on schedule check
[2026-09-26T20:09:57.404+0000] {local_task_job_runner.py:222} INFO - ::endgroup::
