[2026-09-17T02:49:23.314+0000] {local_task_job_runner.py:120} INFO - ::group::Pre task execution logs
[2026-09-17T02:49:23.339+0000] {taskinstance.py:2076} INFO - Dependencies all met for dep_context=non-requeueable deps ti=<TaskInstance: lcbo_pipeline.bronze.product_cost manual__2026-09-17T02:49:19.411456+00:00 [queued]>
[2026-09-17T02:49:23.347+0000] {taskinstance.py:2076} INFO - Dependencies all met for dep_context=requeueable deps ti=<TaskInstance: lcbo_pipeline.bronze.product_cost manual__2026-09-17T02:49:19.411456+00:00 [queued]>
[2026-09-17T02:49:23.348+0000] {taskinstance.py:2306} INFO - Starting attempt 1 of 1
[2026-09-17T02:49:23.357+0000] {taskinstance.py:2330} INFO - Executing <Task(BashOperator): bronze.product_cost> on 2026-09-17 02:49:19.411456+00:00
[2026-09-17T02:49:23.366+0000] {standard_task_runner.py:90} INFO - Running: ['***', 'tasks', 'run', 'lcbo_pipeline', 'bronze.product_cost', 'manual__2026-09-17T02:49:19.411456+00:00', '--job-id', '20', '--raw', '--subdir', 'DAGS_FOLDER/lcbo_pipeline_dag.py', '--cfg-path', '/tmp/tmp30m23of6']
[2026-09-17T02:49:23.368+0000] {standard_task_runner.py:91} INFO - Job 20: Subtask bronze.product_cost
[2026-09-17T02:49:23.368+0000] {logging_mixin.py:188} WARNING - /home/***/.local/lib/python3.12/site-packages/***/task/task_runner/standard_task_runner.py:62 DeprecationWarning: This process (pid=367) is multi-threaded, use of fork() may lead to deadlocks in the child.
[2026-09-17T02:49:23.370+0000] {standard_task_runner.py:64} INFO - Started process 368 to run task
[2026-09-17T02:49:23.406+0000] {task_command.py:426} INFO - Running <TaskInstance: lcbo_pipeline.bronze.product_cost manual__2026-09-17T02:49:19.411456+00:00 [running]> on host 22e18d633ed2
[2026-09-17T02:49:23.468+0000] {taskinstance.py:2648} INFO - Exporting env vars: AIRFLOW_CTX_DAG_OWNER='bhavik' AIRFLOW_CTX_DAG_ID='lcbo_pipeline' AIRFLOW_CTX_TASK_ID='bronze.product_cost' AIRFLOW_CTX_EXECUTION_DATE='2026-09-17T02:49:19.411456+00:00' AIRFLOW_CTX_TRY_NUMBER='1' AIRFLOW_CTX_DAG_RUN_ID='manual__2026-09-17T02:49:19.411456+00:00'
[2026-09-17T02:49:23.469+0000] {taskinstance.py:430} INFO - ::endgroup::
[2026-09-17T02:49:23.478+0000] {subprocess.py:63} INFO - Tmp dir root location: /tmp
[2026-09-17T02:49:23.480+0000] {subprocess.py:75} INFO - Running command: ['/usr/bin/bash', '-c', 'python /opt/***/etl_scripts/bronze_product_cost.py']
[2026-09-17T02:49:23.492+0000] {subprocess.py:86} INFO - Output:
[2026-09-17T02:49:24.181+0000] {subprocess.py:93} INFO - 2026-09-17 02:49:24,181 - INFO - Successfully connected to Postgres
[2026-09-17T02:49:24.182+0000] {subprocess.py:93} INFO - 2026-09-17 02:49:24,181 - INFO - Connected to Postgres database successfully.
[2026-09-17T02:49:24.188+0000] {subprocess.py:93} INFO - 2026-09-17 02:49:24,188 - INFO - Product cost data read successfully from /opt/***/source_files/Master Product Cost/dim_product_cost.csv.
[2026-09-17T02:49:24.197+0000] {subprocess.py:93} INFO - 2026-09-17 02:49:24,196 - INFO - Table dim_product_cost truncated successfully.
[2026-09-17T02:49:24.198+0000] {subprocess.py:93} INFO - 2026-09-17 02:49:24,197 - ERROR - Error processing chunks: int() argument must be a string, a bytes-like object or a real number, not 'NoneType'
[2026-09-17T02:49:24.199+0000] {subprocess.py:93} INFO - 2026-09-17 02:49:24,197 - INFO - Postgres connection closed.
[2026-09-17T02:49:24.265+0000] {subprocess.py:97} INFO - Command exited with return code 0
[2026-09-17T02:49:24.267+0000] {taskinstance.py:441} INFO - ::group::Post task execution logs
[2026-09-17T02:49:24.286+0000] {taskinstance.py:1206} INFO - Marking task as SUCCESS. dag_id=lcbo_pipeline, task_id=bronze.product_cost, run_id=manual__2026-09-17T02:49:19.411456+00:00, execution_date=20260917T024919, start_date=20260917T024923, end_date=20260917T024924
[2026-09-17T02:49:24.306+0000] {local_task_job_runner.py:243} INFO - Task exited with return code 0
[2026-09-17T02:49:24.327+0000] {taskinstance.py:3503} INFO - 1 downstream tasks scheduled from follow-on schedule check
[2026-09-17T02:49:24.330+0000] {local_task_job_runner.py:222} INFO - ::endgroup::
