[2026-09-23T00:38:39.818+0000] {local_task_job_runner.py:120} INFO - ::group::Pre task execution logs
[2026-09-23T00:38:39.844+0000] {taskinstance.py:2076} INFO - Dependencies all met for dep_context=non-requeueable deps ti=<TaskInstance: medallion_settlement_pipeline.Bronze_Ingestion.audit_batch_log manual__2026-09-23T00:38:38.620355+00:00 [queued]>
[2026-09-23T00:38:39.851+0000] {taskinstance.py:2076} INFO - Dependencies all met for dep_context=requeueable deps ti=<TaskInstance: medallion_settlement_pipeline.Bronze_Ingestion.audit_batch_log manual__2026-09-23T00:38:38.620355+00:00 [queued]>
[2026-09-23T00:38:39.853+0000] {taskinstance.py:2306} INFO - Starting attempt 1 of 1
[2026-09-23T00:38:39.863+0000] {taskinstance.py:2330} INFO - Executing <Task(BashOperator): Bronze_Ingestion.audit_batch_log> on 2026-09-23 00:38:38.620355+00:00
[2026-09-23T00:38:39.872+0000] {standard_task_runner.py:90} INFO - Running: ['***', 'tasks', 'run', 'medallion_settlement_pipeline', 'Bronze_Ingestion.audit_batch_log', 'manual__2026-09-23T00:38:38.620355+00:00', '--job-id', '137', '--raw', '--subdir', 'DAGS_FOLDER/lcbo_pipeline_dag.py', '--cfg-path', '/tmp/tmpn0umfzpo']
[2026-09-23T00:38:39.873+0000] {logging_mixin.py:188} WARNING - /home/***/.local/lib/python3.12/site-packages/***/task/task_runner/standard_task_runner.py:62 DeprecationWarning: This process (pid=201) is multi-threaded, use of fork() may lead to deadlocks in the child.
[2026-09-23T00:38:39.874+0000] {standard_task_runner.py:91} INFO - Job 137: Subtask Bronze_Ingestion.audit_batch_log
[2026-09-23T00:38:39.875+0000] {standard_task_runner.py:64} INFO - Started process 202 to run task
[2026-09-23T00:38:39.912+0000] {task_command.py:426} INFO - Running <TaskInstance: medallion_settlement_pipeline.Bronze_Ingestion.audit_batch_log manual__2026-09-23T00:38:38.620355+00:00 [running]> on host 4318980e9d4e
[2026-09-23T00:38:39.980+0000] {taskinstance.py:2648} INFO - Exporting env vars: AIRFLOW_CTX_DAG_OWNER='bhavik' AIRFLOW_CTX_DAG_ID='medallion_settlement_pipeline' AIRFLOW_CTX_TASK_ID='Bronze_Ingestion.audit_batch_log' AIRFLOW_CTX_EXECUTION_DATE='2026-09-23T00:38:38.620355+00:00' AIRFLOW_CTX_TRY_NUMBER='1' AIRFLOW_CTX_DAG_RUN_ID='manual__2026-09-23T00:38:38.620355+00:00'
[2026-09-23T00:38:39.981+0000] {taskinstance.py:430} INFO - ::endgroup::
[2026-09-23T00:38:40.016+0000] {subprocess.py:63} INFO - Tmp dir root location: /tmp
[2026-09-23T00:38:40.018+0000] {subprocess.py:75} INFO - Running command: ['/usr/bin/bash', '-c', 'python /opt/***/etl_scripts/bronze_batch_audit.py']
[2026-09-23T00:38:40.032+0000] {subprocess.py:86} INFO - Output:
[2026-09-23T00:38:40.351+0000] {subprocess.py:93} INFO - 2026-09-23 00:38:40,350 - INFO - Successfully connected to Postgres
[2026-09-23T00:38:40.355+0000] {subprocess.py:93} INFO - 2026-09-23 00:38:40,355 - INFO - Found 2 already processed files in DB
[2026-09-23T00:38:40.367+0000] {subprocess.py:93} INFO - 2026-09-23 00:38:40,367 - INFO - Found 2 files in folder /opt/***/source_files
[2026-09-23T00:38:40.368+0000] {subprocess.py:93} INFO - 2026-09-23 00:38:40,367 - INFO - Pending files to process: ['d85ed95bfc47fd64e8228d3de44d36fd568578753aeb03d153f5fb8b21078d23']
[2026-09-23T00:38:40.369+0000] {subprocess.py:93} INFO - 2026-09-23 00:38:40,367 - INFO - 1 new file(s) to process: ['d85ed95bfc47fd64e8228d3de44d36fd568578753aeb03d153f5fb8b21078d23']
[2026-09-23T00:38:40.370+0000] {subprocess.py:93} INFO - 2026-09-23 00:38:40,367 - INFO - Started with d85ed95bfc47fd64e8228d3de44d36fd568578753aeb03d153f5fb8b21078d23
[2026-09-23T00:38:40.371+0000] {subprocess.py:93} INFO - 2026-09-23 00:38:40,370 - INFO - Created new batch with run_id 3 for lcbo_settlement_20260922.csv at 2026-09-23 00:38:40.367607
[2026-09-23T00:38:40.371+0000] {subprocess.py:93} INFO - 2026-09-23 00:38:40,371 - INFO - Postgres connection closed.
[2026-09-23T00:38:40.372+0000] {subprocess.py:93} INFO - 2026-09-23 00:38:40,371 - INFO - batch audit result: {'batch_created': True, 'batch_id': 3, 'related_date': datetime.datetime(2026, 9, 23, 0, 38, 40, 367607), 'file_hash': 'd85ed95bfc47fd64e8228d3de44d36fd568578753aeb03d153f5fb8b21078d23', 'all_processed_files': False}
[2026-09-23T00:38:40.383+0000] {subprocess.py:97} INFO - Command exited with return code 0
[2026-09-23T00:38:40.385+0000] {taskinstance.py:441} INFO - ::group::Post task execution logs
[2026-09-23T00:38:40.411+0000] {taskinstance.py:1206} INFO - Marking task as SUCCESS. dag_id=medallion_settlement_pipeline, task_id=Bronze_Ingestion.audit_batch_log, run_id=manual__2026-09-23T00:38:38.620355+00:00, execution_date=20260923T003838, start_date=20260923T003839, end_date=20260923T003840
[2026-09-23T00:38:40.451+0000] {local_task_job_runner.py:243} INFO - Task exited with return code 0
[2026-09-23T00:38:40.474+0000] {taskinstance.py:3503} INFO - 1 downstream tasks scheduled from follow-on schedule check
[2026-09-23T00:38:40.477+0000] {local_task_job_runner.py:222} INFO - ::endgroup::
