[2026-09-26T20:09:30.226+0000] {local_task_job_runner.py:120} INFO - ::group::Pre task execution logs
[2026-09-26T20:09:30.252+0000] {taskinstance.py:2076} INFO - Dependencies all met for dep_context=non-requeueable deps ti=<TaskInstance: medallion_settlement_pipeline.Silver_Transform.join_settlement_to_cost manual__2026-09-26T20:09:04.950666+00:00 [queued]>
[2026-09-26T20:09:30.260+0000] {taskinstance.py:2076} INFO - Dependencies all met for dep_context=requeueable deps ti=<TaskInstance: medallion_settlement_pipeline.Silver_Transform.join_settlement_to_cost manual__2026-09-26T20:09:04.950666+00:00 [queued]>
[2026-09-26T20:09:30.261+0000] {taskinstance.py:2306} INFO - Starting attempt 1 of 1
[2026-09-26T20:09:30.271+0000] {taskinstance.py:2330} INFO - Executing <Task(BashOperator): Silver_Transform.join_settlement_to_cost> on 2026-09-26 20:09:04.950666+00:00
[2026-09-26T20:09:30.280+0000] {standard_task_runner.py:90} INFO - Running: ['***', 'tasks', 'run', 'medallion_settlement_pipeline', 'Silver_Transform.join_settlement_to_cost', 'manual__2026-09-26T20:09:04.950666+00:00', '--job-id', '236', '--raw', '--subdir', 'DAGS_FOLDER/lcbo_pipeline_dag.py', '--cfg-path', '/tmp/tmpq4mabsv6']
[2026-09-26T20:09:30.282+0000] {logging_mixin.py:188} WARNING - /home/***/.local/lib/python3.12/site-packages/***/task/task_runner/standard_task_runner.py:62 DeprecationWarning: This process (pid=869) is multi-threaded, use of fork() may lead to deadlocks in the child.
[2026-09-26T20:09:30.283+0000] {standard_task_runner.py:91} INFO - Job 236: Subtask Silver_Transform.join_settlement_to_cost
[2026-09-26T20:09:30.284+0000] {standard_task_runner.py:64} INFO - Started process 870 to run task
[2026-09-26T20:09:30.322+0000] {task_command.py:426} INFO - Running <TaskInstance: medallion_settlement_pipeline.Silver_Transform.join_settlement_to_cost manual__2026-09-26T20:09:04.950666+00:00 [running]> on host 419d86c5d3f8
[2026-09-26T20:09:30.394+0000] {taskinstance.py:2648} INFO - Exporting env vars: AIRFLOW_CTX_DAG_OWNER='bhavik' AIRFLOW_CTX_DAG_ID='medallion_settlement_pipeline' AIRFLOW_CTX_TASK_ID='Silver_Transform.join_settlement_to_cost' AIRFLOW_CTX_EXECUTION_DATE='2026-09-26T20:09:04.950666+00:00' AIRFLOW_CTX_TRY_NUMBER='1' AIRFLOW_CTX_DAG_RUN_ID='manual__2026-09-26T20:09:04.950666+00:00'
[2026-09-26T20:09:30.395+0000] {taskinstance.py:430} INFO - ::endgroup::
[2026-09-26T20:09:30.406+0000] {subprocess.py:63} INFO - Tmp dir root location: /tmp
[2026-09-26T20:09:30.407+0000] {subprocess.py:75} INFO - Running command: ['/usr/bin/bash', '-c', 'cd /opt/***/dbt_project && dbt run --target docker --select dbt_lcbo_joined_dim_prod_cost']
[2026-09-26T20:09:30.420+0000] {subprocess.py:86} INFO - Output:
[2026-09-26T20:09:32.031+0000] {subprocess.py:93} INFO - [0m20:09:32  Running with dbt=1.12.5
[2026-09-26T20:09:32.260+0000] {subprocess.py:93} INFO - [0m20:09:32  Registered adapter: postgres=1.9.0
[2026-09-26T20:09:33.572+0000] {subprocess.py:93} INFO - [0m20:09:33  Found 14 models, 2 snapshots, 3 sources, 597 macros
[2026-09-26T20:09:33.579+0000] {subprocess.py:93} INFO - [0m20:09:33
[2026-09-26T20:09:33.581+0000] {subprocess.py:93} INFO - [0m20:09:33  Concurrency: 4 threads (target='docker')
[2026-09-26T20:09:33.584+0000] {subprocess.py:93} INFO - [0m20:09:33
[2026-09-26T20:09:33.947+0000] {subprocess.py:93} INFO - [0m20:09:33  1 of 1 START sql table model silver.dbt_lcbo_joined_dim_prod_cost .............. [RUN]
[2026-09-26T20:09:34.129+0000] {subprocess.py:93} INFO - [0m20:09:34  1 of 1 OK created sql table model silver.dbt_lcbo_joined_dim_prod_cost ......... [[32mSELECT 9[0m in 0.18s]
[2026-09-26T20:09:34.198+0000] {subprocess.py:93} INFO - [0m20:09:34
[2026-09-26T20:09:34.199+0000] {subprocess.py:93} INFO - [0m20:09:34  Finished running 1 table model in 0 hours 0 minutes and 0.61 seconds (0.61s).
[2026-09-26T20:09:34.424+0000] {subprocess.py:93} INFO - [0m20:09:34
[2026-09-26T20:09:34.426+0000] {subprocess.py:93} INFO - [0m20:09:34  [32mCompleted successfully[0m
[2026-09-26T20:09:34.427+0000] {subprocess.py:93} INFO - [0m20:09:34
[2026-09-26T20:09:34.429+0000] {subprocess.py:93} INFO - [0m20:09:34  Done. PASS=1 WARN=0 ERROR=0 SKIP=0 NO-OP=0 REUSED=0 TOTAL=1
[2026-09-26T20:09:38.317+0000] {subprocess.py:97} INFO - Command exited with return code 0
[2026-09-26T20:09:38.319+0000] {taskinstance.py:441} INFO - ::group::Post task execution logs
[2026-09-26T20:09:38.339+0000] {taskinstance.py:1206} INFO - Marking task as SUCCESS. dag_id=medallion_settlement_pipeline, task_id=Silver_Transform.join_settlement_to_cost, run_id=manual__2026-09-26T20:09:04.950666+00:00, execution_date=20260926T200904, start_date=20260926T200930, end_date=20260926T200938
[2026-09-26T20:09:38.359+0000] {local_task_job_runner.py:243} INFO - Task exited with return code 0
[2026-09-26T20:09:38.378+0000] {taskinstance.py:3503} INFO - 1 downstream tasks scheduled from follow-on schedule check
[2026-09-26T20:09:38.381+0000] {local_task_job_runner.py:222} INFO - ::endgroup::
