[2026-09-17T03:01:30.022+0000] {local_task_job_runner.py:120} INFO - ::group::Pre task execution logs
[2026-09-17T03:01:30.046+0000] {taskinstance.py:2076} INFO - Dependencies all met for dep_context=non-requeueable deps ti=<TaskInstance: lcbo_pipeline.bronze.lcbo_raw manual__2026-09-17T03:01:27.755222+00:00 [queued]>
[2026-09-17T03:01:30.055+0000] {taskinstance.py:2076} INFO - Dependencies all met for dep_context=requeueable deps ti=<TaskInstance: lcbo_pipeline.bronze.lcbo_raw manual__2026-09-17T03:01:27.755222+00:00 [queued]>
[2026-09-17T03:01:30.056+0000] {taskinstance.py:2306} INFO - Starting attempt 1 of 1
[2026-09-17T03:01:30.066+0000] {taskinstance.py:2330} INFO - Executing <Task(BashOperator): bronze.lcbo_raw> on 2026-09-17 03:01:27.755222+00:00
[2026-09-17T03:01:30.074+0000] {standard_task_runner.py:90} INFO - Running: ['***', 'tasks', 'run', 'lcbo_pipeline', 'bronze.lcbo_raw', 'manual__2026-09-17T03:01:27.755222+00:00', '--job-id', '27', '--raw', '--subdir', 'DAGS_FOLDER/lcbo_pipeline_dag.py', '--cfg-path', '/tmp/tmpmo9ah9mg']
[2026-09-17T03:01:30.076+0000] {logging_mixin.py:188} WARNING - /home/***/.local/lib/python3.12/site-packages/***/task/task_runner/standard_task_runner.py:62 DeprecationWarning: This process (pid=735) is multi-threaded, use of fork() may lead to deadlocks in the child.
[2026-09-17T03:01:30.077+0000] {standard_task_runner.py:91} INFO - Job 27: Subtask bronze.lcbo_raw
[2026-09-17T03:01:30.078+0000] {standard_task_runner.py:64} INFO - Started process 736 to run task
[2026-09-17T03:01:30.114+0000] {task_command.py:426} INFO - Running <TaskInstance: lcbo_pipeline.bronze.lcbo_raw manual__2026-09-17T03:01:27.755222+00:00 [running]> on host 22e18d633ed2
[2026-09-17T03:01:30.182+0000] {taskinstance.py:2648} INFO - Exporting env vars: AIRFLOW_CTX_DAG_OWNER='bhavik' AIRFLOW_CTX_DAG_ID='lcbo_pipeline' AIRFLOW_CTX_TASK_ID='bronze.lcbo_raw' AIRFLOW_CTX_EXECUTION_DATE='2026-09-17T03:01:27.755222+00:00' AIRFLOW_CTX_TRY_NUMBER='1' AIRFLOW_CTX_DAG_RUN_ID='manual__2026-09-17T03:01:27.755222+00:00'
[2026-09-17T03:01:30.184+0000] {taskinstance.py:430} INFO - ::endgroup::
[2026-09-17T03:01:30.195+0000] {subprocess.py:63} INFO - Tmp dir root location: /tmp
[2026-09-17T03:01:30.197+0000] {subprocess.py:75} INFO - Running command: ['/usr/bin/bash', '-c', 'python /opt/***/etl_scripts/bronze_lcbo_raw.py']
[2026-09-17T03:01:30.210+0000] {subprocess.py:86} INFO - Output:
[2026-09-17T03:01:31.204+0000] {subprocess.py:93} INFO - 2026-09-17 03:01:31,204 - INFO - Successfully connected to Postgres
[2026-09-17T03:01:31.206+0000] {subprocess.py:93} INFO - 2026-09-17 03:01:31,204 - INFO - Successfully connected to Postgres
[2026-09-17T03:01:31.207+0000] {subprocess.py:93} INFO - 2026-09-17 03:01:31,204 - INFO - LoadingData_ToPostgres class initialized successfully.
[2026-09-17T03:01:31.208+0000] {subprocess.py:93} INFO - 2026-09-17 03:01:31,207 - INFO - Data from file lcbo_settlement_20240103.csv already exists in Postgres. Skipping processing.
[2026-09-17T03:01:31.209+0000] {subprocess.py:93} INFO - 2026-09-17 03:01:31,208 - INFO - Postgres connection closed.
[2026-09-17T03:01:31.298+0000] {subprocess.py:97} INFO - Command exited with return code 0
[2026-09-17T03:01:31.300+0000] {taskinstance.py:441} INFO - ::group::Post task execution logs
[2026-09-17T03:01:31.319+0000] {taskinstance.py:1206} INFO - Marking task as SUCCESS. dag_id=lcbo_pipeline, task_id=bronze.lcbo_raw, run_id=manual__2026-09-17T03:01:27.755222+00:00, execution_date=20260917T030127, start_date=20260917T030130, end_date=20260917T030131
[2026-09-17T03:01:31.337+0000] {local_task_job_runner.py:243} INFO - Task exited with return code 0
[2026-09-17T03:01:31.358+0000] {taskinstance.py:3503} INFO - 1 downstream tasks scheduled from follow-on schedule check
[2026-09-17T03:01:31.361+0000] {local_task_job_runner.py:222} INFO - ::endgroup::
