[2026-09-23T01:46:22.987+0000] {local_task_job_runner.py:120} INFO - ::group::Pre task execution logs
[2026-09-23T01:46:23.023+0000] {taskinstance.py:2076} INFO - Dependencies all met for dep_context=non-requeueable deps ti=<TaskInstance: medallion_settlement_pipeline.Bronze_Ingestion.audit_batch_log manual__2026-09-23T01:46:22.219923+00:00 [queued]>
[2026-09-23T01:46:23.030+0000] {taskinstance.py:2076} INFO - Dependencies all met for dep_context=requeueable deps ti=<TaskInstance: medallion_settlement_pipeline.Bronze_Ingestion.audit_batch_log manual__2026-09-23T01:46:22.219923+00:00 [queued]>
[2026-09-23T01:46:23.032+0000] {taskinstance.py:2306} INFO - Starting attempt 1 of 1
[2026-09-23T01:46:23.042+0000] {taskinstance.py:2330} INFO - Executing <Task(BashOperator): Bronze_Ingestion.audit_batch_log> on 2026-09-23 01:46:22.219923+00:00
[2026-09-23T01:46:23.050+0000] {standard_task_runner.py:90} INFO - Running: ['***', 'tasks', 'run', 'medallion_settlement_pipeline', 'Bronze_Ingestion.audit_batch_log', 'manual__2026-09-23T01:46:22.219923+00:00', '--job-id', '165', '--raw', '--subdir', 'DAGS_FOLDER/lcbo_pipeline_dag.py', '--cfg-path', '/tmp/tmpt8aorz52']
[2026-09-23T01:46:23.052+0000] {logging_mixin.py:188} WARNING - /home/***/.local/lib/python3.12/site-packages/***/task/task_runner/standard_task_runner.py:62 DeprecationWarning: This process (pid=2122) is multi-threaded, use of fork() may lead to deadlocks in the child.
[2026-09-23T01:46:23.053+0000] {standard_task_runner.py:91} INFO - Job 165: Subtask Bronze_Ingestion.audit_batch_log
[2026-09-23T01:46:23.054+0000] {standard_task_runner.py:64} INFO - Started process 2123 to run task
[2026-09-23T01:46:23.093+0000] {task_command.py:426} INFO - Running <TaskInstance: medallion_settlement_pipeline.Bronze_Ingestion.audit_batch_log manual__2026-09-23T01:46:22.219923+00:00 [running]> on host 4318980e9d4e
[2026-09-23T01:46:23.166+0000] {taskinstance.py:2648} INFO - Exporting env vars: AIRFLOW_CTX_DAG_OWNER='bhavik' AIRFLOW_CTX_DAG_ID='medallion_settlement_pipeline' AIRFLOW_CTX_TASK_ID='Bronze_Ingestion.audit_batch_log' AIRFLOW_CTX_EXECUTION_DATE='2026-09-23T01:46:22.219923+00:00' AIRFLOW_CTX_TRY_NUMBER='1' AIRFLOW_CTX_DAG_RUN_ID='manual__2026-09-23T01:46:22.219923+00:00'
[2026-09-23T01:46:23.167+0000] {taskinstance.py:430} INFO - ::endgroup::
[2026-09-23T01:46:23.185+0000] {subprocess.py:63} INFO - Tmp dir root location: /tmp
[2026-09-23T01:46:23.188+0000] {subprocess.py:75} INFO - Running command: ['/usr/bin/bash', '-c', 'python /opt/***/etl_scripts/bronze_batch_audit.py']
[2026-09-23T01:46:23.202+0000] {subprocess.py:86} INFO - Output:
[2026-09-23T01:46:23.514+0000] {subprocess.py:93} INFO - 2026-09-23 01:46:23,514 - INFO - Successfully connected to Postgres
[2026-09-23T01:46:23.518+0000] {subprocess.py:93} INFO - 2026-09-23 01:46:23,518 - INFO - Found 3 already processed files in DB
[2026-09-23T01:46:23.526+0000] {subprocess.py:93} INFO - 2026-09-23 01:46:23,526 - INFO - Found 2 files in folder /opt/***/source_files
[2026-09-23T01:46:23.526+0000] {subprocess.py:93} INFO - 2026-09-23 01:46:23,526 - INFO - Pending files to process: ['eb58828f3ec501acaa672c36e98f86b83b9501ff2edc1ffedc0b926f4d31c2c9']
[2026-09-23T01:46:23.527+0000] {subprocess.py:93} INFO - 2026-09-23 01:46:23,526 - INFO - 1 new file(s) to process: ['eb58828f3ec501acaa672c36e98f86b83b9501ff2edc1ffedc0b926f4d31c2c9']
[2026-09-23T01:46:23.528+0000] {subprocess.py:93} INFO - 2026-09-23 01:46:23,526 - INFO - Started with eb58828f3ec501acaa672c36e98f86b83b9501ff2edc1ffedc0b926f4d31c2c9
[2026-09-23T01:46:23.528+0000] {subprocess.py:93} INFO - 2026-09-23 01:46:23,528 - INFO - Created new batch with run_id 4 for lcbo_settlement_20260922.csv at 2026-09-23 01:46:23.526308
[2026-09-23T01:46:23.529+0000] {subprocess.py:93} INFO - 2026-09-23 01:46:23,528 - INFO - Postgres connection closed.
[2026-09-23T01:46:23.530+0000] {subprocess.py:93} INFO - 2026-09-23 01:46:23,528 - INFO - batch audit result: {'batch_created': True, 'batch_id': 4, 'related_date': datetime.datetime(2026, 9, 23, 1, 46, 23, 526308), 'file_hash': 'eb58828f3ec501acaa672c36e98f86b83b9501ff2edc1ffedc0b926f4d31c2c9', 'all_processed_files': False}
[2026-09-23T01:46:23.538+0000] {subprocess.py:97} INFO - Command exited with return code 0
[2026-09-23T01:46:23.540+0000] {taskinstance.py:441} INFO - ::group::Post task execution logs
[2026-09-23T01:46:23.561+0000] {taskinstance.py:1206} INFO - Marking task as SUCCESS. dag_id=medallion_settlement_pipeline, task_id=Bronze_Ingestion.audit_batch_log, run_id=manual__2026-09-23T01:46:22.219923+00:00, execution_date=20260923T014622, start_date=20260923T014623, end_date=20260923T014623
[2026-09-23T01:46:23.590+0000] {local_task_job_runner.py:243} INFO - Task exited with return code 0
[2026-09-23T01:46:23.612+0000] {taskinstance.py:3503} INFO - 1 downstream tasks scheduled from follow-on schedule check
[2026-09-23T01:46:23.614+0000] {local_task_job_runner.py:222} INFO - ::endgroup::
