[2026-09-24T01:10:04.644+0000] {local_task_job_runner.py:120} INFO - ::group::Pre task execution logs
[2026-09-24T01:10:04.673+0000] {taskinstance.py:2076} INFO - Dependencies all met for dep_context=non-requeueable deps ti=<TaskInstance: medallion_settlement_pipeline.Bronze_Ingestion.audit_batch_log manual__2026-09-24T01:10:03.772856+00:00 [queued]>
[2026-09-24T01:10:04.680+0000] {taskinstance.py:2076} INFO - Dependencies all met for dep_context=requeueable deps ti=<TaskInstance: medallion_settlement_pipeline.Bronze_Ingestion.audit_batch_log manual__2026-09-24T01:10:03.772856+00:00 [queued]>
[2026-09-24T01:10:04.682+0000] {taskinstance.py:2306} INFO - Starting attempt 1 of 1
[2026-09-24T01:10:04.693+0000] {taskinstance.py:2330} INFO - Executing <Task(BashOperator): Bronze_Ingestion.audit_batch_log> on 2026-09-24 01:10:03.772856+00:00
[2026-09-24T01:10:04.701+0000] {standard_task_runner.py:90} INFO - Running: ['***', 'tasks', 'run', 'medallion_settlement_pipeline', 'Bronze_Ingestion.audit_batch_log', 'manual__2026-09-24T01:10:03.772856+00:00', '--job-id', '175', '--raw', '--subdir', 'DAGS_FOLDER/lcbo_pipeline_dag.py', '--cfg-path', '/tmp/tmpj_dvmfjv']
[2026-09-24T01:10:04.704+0000] {logging_mixin.py:188} WARNING - /home/***/.local/lib/python3.12/site-packages/***/task/task_runner/standard_task_runner.py:62 DeprecationWarning: This process (pid=207) is multi-threaded, use of fork() may lead to deadlocks in the child.
[2026-09-24T01:10:04.705+0000] {standard_task_runner.py:91} INFO - Job 175: Subtask Bronze_Ingestion.audit_batch_log
[2026-09-24T01:10:04.705+0000] {standard_task_runner.py:64} INFO - Started process 208 to run task
[2026-09-24T01:10:04.747+0000] {task_command.py:426} INFO - Running <TaskInstance: medallion_settlement_pipeline.Bronze_Ingestion.audit_batch_log manual__2026-09-24T01:10:03.772856+00:00 [running]> on host ca212af9ca23
[2026-09-24T01:10:04.829+0000] {taskinstance.py:2648} INFO - Exporting env vars: AIRFLOW_CTX_DAG_OWNER='bhavik' AIRFLOW_CTX_DAG_ID='medallion_settlement_pipeline' AIRFLOW_CTX_TASK_ID='Bronze_Ingestion.audit_batch_log' AIRFLOW_CTX_EXECUTION_DATE='2026-09-24T01:10:03.772856+00:00' AIRFLOW_CTX_TRY_NUMBER='1' AIRFLOW_CTX_DAG_RUN_ID='manual__2026-09-24T01:10:03.772856+00:00'
[2026-09-24T01:10:04.830+0000] {taskinstance.py:430} INFO - ::endgroup::
[2026-09-24T01:10:04.864+0000] {subprocess.py:63} INFO - Tmp dir root location: /tmp
[2026-09-24T01:10:04.866+0000] {subprocess.py:75} INFO - Running command: ['/usr/bin/bash', '-c', 'python /opt/***/etl_scripts/bronze_batch_audit.py']
[2026-09-24T01:10:04.879+0000] {subprocess.py:86} INFO - Output:
[2026-09-24T01:10:05.143+0000] {subprocess.py:93} INFO - 2026-09-24 01:10:05,143 - INFO - Successfully connected to Postgres
[2026-09-24T01:10:05.148+0000] {subprocess.py:93} INFO - 2026-09-24 01:10:05,148 - INFO - Found 4 already processed files in DB
[2026-09-24T01:10:05.162+0000] {subprocess.py:93} INFO - 2026-09-24 01:10:05,162 - INFO - Found 3 files in folder /opt/***/source_files
[2026-09-24T01:10:05.163+0000] {subprocess.py:93} INFO - 2026-09-24 01:10:05,162 - INFO - Pending files to process: ['fefb2739d100088101939d1b9bc2ba185a2d5d7dfedaa97541ea44bed95dd8ad']
[2026-09-24T01:10:05.164+0000] {subprocess.py:93} INFO - 2026-09-24 01:10:05,162 - INFO - 1 new file(s) to process: ['fefb2739d100088101939d1b9bc2ba185a2d5d7dfedaa97541ea44bed95dd8ad']
[2026-09-24T01:10:05.165+0000] {subprocess.py:93} INFO - 2026-09-24 01:10:05,163 - INFO - Started with fefb2739d100088101939d1b9bc2ba185a2d5d7dfedaa97541ea44bed95dd8ad
[2026-09-24T01:10:05.166+0000] {subprocess.py:93} INFO - 2026-09-24 01:10:05,166 - INFO - Created new batch with run_id 5 for lcbo_settlement_20260923.csv at 2026-09-24 01:10:05.163021
[2026-09-24T01:10:05.167+0000] {subprocess.py:93} INFO - 2026-09-24 01:10:05,166 - INFO - Postgres connection closed.
[2026-09-24T01:10:05.168+0000] {subprocess.py:93} INFO - 2026-09-24 01:10:05,166 - INFO - batch audit result: {'batch_created': True, 'batch_id': 5, 'related_date': datetime.datetime(2026, 9, 24, 1, 10, 5, 163021), 'file_hash': 'fefb2739d100088101939d1b9bc2ba185a2d5d7dfedaa97541ea44bed95dd8ad', 'all_processed_files': False}
[2026-09-24T01:10:05.177+0000] {subprocess.py:97} INFO - Command exited with return code 0
[2026-09-24T01:10:05.178+0000] {taskinstance.py:441} INFO - ::group::Post task execution logs
[2026-09-24T01:10:05.200+0000] {taskinstance.py:1206} INFO - Marking task as SUCCESS. dag_id=medallion_settlement_pipeline, task_id=Bronze_Ingestion.audit_batch_log, run_id=manual__2026-09-24T01:10:03.772856+00:00, execution_date=20260924T011003, start_date=20260924T011004, end_date=20260924T011005
[2026-09-24T01:10:05.242+0000] {local_task_job_runner.py:243} INFO - Task exited with return code 0
[2026-09-24T01:10:05.262+0000] {taskinstance.py:3503} INFO - 1 downstream tasks scheduled from follow-on schedule check
[2026-09-24T01:10:05.265+0000] {local_task_job_runner.py:222} INFO - ::endgroup::
