[2026-09-19T20:56:30.113+0000] {local_task_job_runner.py:120} INFO - ::group::Pre task execution logs
[2026-09-19T20:56:30.142+0000] {taskinstance.py:2076} INFO - Dependencies all met for dep_context=non-requeueable deps ti=<TaskInstance: lcbo_pipeline.bronze.product_cost manual__2026-09-19T20:56:26.339927+00:00 [queued]>
[2026-09-19T20:56:30.148+0000] {taskinstance.py:2076} INFO - Dependencies all met for dep_context=requeueable deps ti=<TaskInstance: lcbo_pipeline.bronze.product_cost manual__2026-09-19T20:56:26.339927+00:00 [queued]>
[2026-09-19T20:56:30.150+0000] {taskinstance.py:2306} INFO - Starting attempt 1 of 1
[2026-09-19T20:56:30.160+0000] {taskinstance.py:2330} INFO - Executing <Task(BashOperator): bronze.product_cost> on 2026-09-19 20:56:26.339927+00:00
[2026-09-19T20:56:30.169+0000] {standard_task_runner.py:90} INFO - Running: ['***', 'tasks', 'run', 'lcbo_pipeline', 'bronze.product_cost', 'manual__2026-09-19T20:56:26.339927+00:00', '--job-id', '78', '--raw', '--subdir', 'DAGS_FOLDER/lcbo_pipeline_dag.py', '--cfg-path', '/tmp/tmp8_54sn4i']
[2026-09-19T20:56:30.172+0000] {standard_task_runner.py:91} INFO - Job 78: Subtask bronze.product_cost
[2026-09-19T20:56:30.173+0000] {logging_mixin.py:188} WARNING - /home/***/.local/lib/python3.12/site-packages/***/task/task_runner/standard_task_runner.py:62 DeprecationWarning: This process (pid=2718) is multi-threaded, use of fork() may lead to deadlocks in the child.
[2026-09-19T20:56:30.174+0000] {standard_task_runner.py:64} INFO - Started process 2719 to run task
[2026-09-19T20:56:30.209+0000] {task_command.py:426} INFO - Running <TaskInstance: lcbo_pipeline.bronze.product_cost manual__2026-09-19T20:56:26.339927+00:00 [running]> on host 6cf516ec3c07
[2026-09-19T20:56:30.284+0000] {taskinstance.py:2648} INFO - Exporting env vars: AIRFLOW_CTX_DAG_OWNER='bhavik' AIRFLOW_CTX_DAG_ID='lcbo_pipeline' AIRFLOW_CTX_TASK_ID='bronze.product_cost' AIRFLOW_CTX_EXECUTION_DATE='2026-09-19T20:56:26.339927+00:00' AIRFLOW_CTX_TRY_NUMBER='1' AIRFLOW_CTX_DAG_RUN_ID='manual__2026-09-19T20:56:26.339927+00:00'
[2026-09-19T20:56:30.286+0000] {taskinstance.py:430} INFO - ::endgroup::
[2026-09-19T20:56:30.300+0000] {subprocess.py:63} INFO - Tmp dir root location: /tmp
[2026-09-19T20:56:30.303+0000] {subprocess.py:75} INFO - Running command: ['/usr/bin/bash', '-c', 'python /opt/***/etl_scripts/bronze_product_cost.py']
[2026-09-19T20:56:30.316+0000] {subprocess.py:86} INFO - Output:
[2026-09-19T20:56:31.084+0000] {subprocess.py:93} INFO - 2026-09-19 20:56:31,084 - INFO - Successfully connected to Postgres
[2026-09-19T20:56:31.086+0000] {subprocess.py:93} INFO - 2026-09-19 20:56:31,084 - INFO - Connected to Postgres database successfully.
[2026-09-19T20:56:31.090+0000] {subprocess.py:93} INFO - 2026-09-19 20:56:31,090 - INFO - Product cost data read successfully from /opt/***/source_files/Master Product Cost/dim_product_cost.csv.
[2026-09-19T20:56:31.097+0000] {subprocess.py:93} INFO - 2026-09-19 20:56:31,097 - INFO - Table dim_product_cost truncated successfully.
[2026-09-19T20:56:31.098+0000] {subprocess.py:93} INFO - 2026-09-19 20:56:31,097 - ERROR - Error processing chunks: 'NoneType' object cannot be interpreted as an integer
[2026-09-19T20:56:31.099+0000] {subprocess.py:93} INFO - 2026-09-19 20:56:31,097 - INFO - Postgres connection closed.
[2026-09-19T20:56:31.170+0000] {subprocess.py:97} INFO - Command exited with return code 0
[2026-09-19T20:56:31.172+0000] {taskinstance.py:441} INFO - ::group::Post task execution logs
[2026-09-19T20:56:31.190+0000] {taskinstance.py:1206} INFO - Marking task as SUCCESS. dag_id=lcbo_pipeline, task_id=bronze.product_cost, run_id=manual__2026-09-19T20:56:26.339927+00:00, execution_date=20260919T205626, start_date=20260919T205630, end_date=20260919T205631
[2026-09-19T20:56:31.235+0000] {local_task_job_runner.py:243} INFO - Task exited with return code 0
[2026-09-19T20:56:31.258+0000] {taskinstance.py:3503} INFO - 1 downstream tasks scheduled from follow-on schedule check
[2026-09-19T20:56:31.260+0000] {local_task_job_runner.py:222} INFO - ::endgroup::
