[2026-09-19T21:14:14.373+0000] {local_task_job_runner.py:120} INFO - ::group::Pre task execution logs
[2026-09-19T21:14:14.402+0000] {taskinstance.py:2076} INFO - Dependencies all met for dep_context=non-requeueable deps ti=<TaskInstance: lcbo_pipeline.bronze.lcbo_raw manual__2026-09-19T21:14:12.873351+00:00 [queued]>
[2026-09-19T21:14:14.409+0000] {taskinstance.py:2076} INFO - Dependencies all met for dep_context=requeueable deps ti=<TaskInstance: lcbo_pipeline.bronze.lcbo_raw manual__2026-09-19T21:14:12.873351+00:00 [queued]>
[2026-09-19T21:14:14.411+0000] {taskinstance.py:2306} INFO - Starting attempt 1 of 1
[2026-09-19T21:14:14.421+0000] {taskinstance.py:2330} INFO - Executing <Task(BashOperator): bronze.lcbo_raw> on 2026-09-19 21:14:12.873351+00:00
[2026-09-19T21:14:14.431+0000] {standard_task_runner.py:90} INFO - Running: ['***', 'tasks', 'run', 'lcbo_pipeline', 'bronze.lcbo_raw', 'manual__2026-09-19T21:14:12.873351+00:00', '--job-id', '85', '--raw', '--subdir', 'DAGS_FOLDER/lcbo_pipeline_dag.py', '--cfg-path', '/tmp/tmpwfe4fu9z']
[2026-09-19T21:14:14.433+0000] {logging_mixin.py:188} WARNING - /home/***/.local/lib/python3.12/site-packages/***/task/task_runner/standard_task_runner.py:62 DeprecationWarning: This process (pid=3217) is multi-threaded, use of fork() may lead to deadlocks in the child.
[2026-09-19T21:14:14.434+0000] {standard_task_runner.py:91} INFO - Job 85: Subtask bronze.lcbo_raw
[2026-09-19T21:14:14.434+0000] {standard_task_runner.py:64} INFO - Started process 3218 to run task
[2026-09-19T21:14:14.474+0000] {task_command.py:426} INFO - Running <TaskInstance: lcbo_pipeline.bronze.lcbo_raw manual__2026-09-19T21:14:12.873351+00:00 [running]> on host 6cf516ec3c07
[2026-09-19T21:14:14.544+0000] {taskinstance.py:2648} INFO - Exporting env vars: AIRFLOW_CTX_DAG_OWNER='bhavik' AIRFLOW_CTX_DAG_ID='lcbo_pipeline' AIRFLOW_CTX_TASK_ID='bronze.lcbo_raw' AIRFLOW_CTX_EXECUTION_DATE='2026-09-19T21:14:12.873351+00:00' AIRFLOW_CTX_TRY_NUMBER='1' AIRFLOW_CTX_DAG_RUN_ID='manual__2026-09-19T21:14:12.873351+00:00'
[2026-09-19T21:14:14.545+0000] {taskinstance.py:430} INFO - ::endgroup::
[2026-09-19T21:14:14.555+0000] {subprocess.py:63} INFO - Tmp dir root location: /tmp
[2026-09-19T21:14:14.557+0000] {subprocess.py:75} INFO - Running command: ['/usr/bin/bash', '-c', 'python /opt/***/etl_scripts/bronze_lcbo_raw.py']
[2026-09-19T21:14:14.569+0000] {subprocess.py:86} INFO - Output:
[2026-09-19T21:14:15.618+0000] {subprocess.py:93} INFO - 2026-09-19 21:14:15,618 - INFO - Successfully connected to Postgres
[2026-09-19T21:14:15.619+0000] {subprocess.py:93} INFO - 2026-09-19 21:14:15,618 - INFO - Successfully connected to Postgres
[2026-09-19T21:14:15.620+0000] {subprocess.py:93} INFO - 2026-09-19 21:14:15,618 - INFO - LoadingData_ToPostgres class initialized successfully.
[2026-09-19T21:14:15.621+0000] {subprocess.py:93} INFO - 2026-09-19 21:14:15,621 - INFO - Processing file: lcbo_settlement_20240101.csv with batch ID: 4 and file hash: dee0139b317a64cac5a6e261c09b3010bd767f35bf556ae45681929267665db6
[2026-09-19T21:14:15.622+0000] {subprocess.py:93} INFO - 2026-09-19 21:14:15,621 - INFO - Found file: /opt/***/source_files/lcbo_settlement_20240101.csv
[2026-09-19T21:14:15.632+0000] {subprocess.py:93} INFO - 2026-09-19 21:14:15,632 - INFO - Inserted batch of size 15 into Postgres.
[2026-09-19T21:14:15.633+0000] {subprocess.py:93} INFO - 2026-09-19 21:14:15,633 - INFO - File processed successfully.
[2026-09-19T21:14:15.634+0000] {subprocess.py:93} INFO - 2026-09-19 21:14:15,634 - INFO - Postgres connection closed.
[2026-09-19T21:14:15.730+0000] {subprocess.py:97} INFO - Command exited with return code 0
[2026-09-19T21:14:15.731+0000] {taskinstance.py:441} INFO - ::group::Post task execution logs
[2026-09-19T21:14:15.763+0000] {taskinstance.py:1206} INFO - Marking task as SUCCESS. dag_id=lcbo_pipeline, task_id=bronze.lcbo_raw, run_id=manual__2026-09-19T21:14:12.873351+00:00, execution_date=20260919T211412, start_date=20260919T211414, end_date=20260919T211415
[2026-09-19T21:14:15.813+0000] {local_task_job_runner.py:243} INFO - Task exited with return code 0
[2026-09-19T21:14:15.835+0000] {taskinstance.py:3503} INFO - 1 downstream tasks scheduled from follow-on schedule check
[2026-09-19T21:14:15.837+0000] {local_task_job_runner.py:222} INFO - ::endgroup::
