[2026-09-17T03:01:53.305+0000] {local_task_job_runner.py:120} INFO - ::group::Pre task execution logs
[2026-09-17T03:01:53.330+0000] {taskinstance.py:2076} INFO - Dependencies all met for dep_context=non-requeueable deps ti=<TaskInstance: lcbo_pipeline.silver.run_joined manual__2026-09-17T03:01:27.755222+00:00 [queued]>
[2026-09-17T03:01:53.337+0000] {taskinstance.py:2076} INFO - Dependencies all met for dep_context=requeueable deps ti=<TaskInstance: lcbo_pipeline.silver.run_joined manual__2026-09-17T03:01:27.755222+00:00 [queued]>
[2026-09-17T03:01:53.339+0000] {taskinstance.py:2306} INFO - Starting attempt 1 of 1
[2026-09-17T03:01:53.349+0000] {taskinstance.py:2330} INFO - Executing <Task(BashOperator): silver.run_joined> on 2026-09-17 03:01:27.755222+00:00
[2026-09-17T03:01:53.357+0000] {standard_task_runner.py:90} INFO - Running: ['***', 'tasks', 'run', 'lcbo_pipeline', 'silver.run_joined', 'manual__2026-09-17T03:01:27.755222+00:00', '--job-id', '31', '--raw', '--subdir', 'DAGS_FOLDER/lcbo_pipeline_dag.py', '--cfg-path', '/tmp/tmp27ixorb1']
[2026-09-17T03:01:53.359+0000] {logging_mixin.py:188} WARNING - /home/***/.local/lib/python3.12/site-packages/***/task/task_runner/standard_task_runner.py:62 DeprecationWarning: This process (pid=814) is multi-threaded, use of fork() may lead to deadlocks in the child.
[2026-09-17T03:01:53.360+0000] {standard_task_runner.py:91} INFO - Job 31: Subtask silver.run_joined
[2026-09-17T03:01:53.360+0000] {standard_task_runner.py:64} INFO - Started process 815 to run task
[2026-09-17T03:01:53.397+0000] {task_command.py:426} INFO - Running <TaskInstance: lcbo_pipeline.silver.run_joined manual__2026-09-17T03:01:27.755222+00:00 [running]> on host 22e18d633ed2
[2026-09-17T03:01:53.459+0000] {taskinstance.py:2648} INFO - Exporting env vars: AIRFLOW_CTX_DAG_OWNER='bhavik' AIRFLOW_CTX_DAG_ID='lcbo_pipeline' AIRFLOW_CTX_TASK_ID='silver.run_joined' AIRFLOW_CTX_EXECUTION_DATE='2026-09-17T03:01:27.755222+00:00' AIRFLOW_CTX_TRY_NUMBER='1' AIRFLOW_CTX_DAG_RUN_ID='manual__2026-09-17T03:01:27.755222+00:00'
[2026-09-17T03:01:53.461+0000] {taskinstance.py:430} INFO - ::endgroup::
[2026-09-17T03:01:53.471+0000] {subprocess.py:63} INFO - Tmp dir root location: /tmp
[2026-09-17T03:01:53.473+0000] {subprocess.py:75} INFO - Running command: ['/usr/bin/bash', '-c', 'cd /opt/***/dbt_project && dbt run --target docker --select dbt_lcbo_joined_dim_prod_cost']
[2026-09-17T03:01:53.485+0000] {subprocess.py:86} INFO - Output:
[2026-09-17T03:01:55.066+0000] {subprocess.py:93} INFO - [0m03:01:55  Running with dbt=1.12.5
[2026-09-17T03:01:55.294+0000] {subprocess.py:93} INFO - [0m03:01:55  Registered adapter: postgres=1.9.0
[2026-09-17T03:01:56.515+0000] {subprocess.py:93} INFO - [0m03:01:56  Found 14 models, 2 snapshots, 3 sources, 597 macros
[2026-09-17T03:01:56.520+0000] {subprocess.py:93} INFO - [0m03:01:56
[2026-09-17T03:01:56.522+0000] {subprocess.py:93} INFO - [0m03:01:56  Concurrency: 4 threads (target='docker')
[2026-09-17T03:01:56.524+0000] {subprocess.py:93} INFO - [0m03:01:56
[2026-09-17T03:01:57.014+0000] {subprocess.py:93} INFO - [0m03:01:57  1 of 1 START sql table model silver.dbt_lcbo_joined_dim_prod_cost .............. [RUN]
[2026-09-17T03:01:57.234+0000] {subprocess.py:93} INFO - [0m03:01:57  1 of 1 OK created sql table model silver.dbt_lcbo_joined_dim_prod_cost ......... [[32mSELECT 13[0m in 0.21s]
[2026-09-17T03:01:57.311+0000] {subprocess.py:93} INFO - [0m03:01:57
[2026-09-17T03:01:57.312+0000] {subprocess.py:93} INFO - [0m03:01:57  Finished running 1 table model in 0 hours 0 minutes and 0.79 seconds (0.79s).
[2026-09-17T03:01:57.508+0000] {subprocess.py:93} INFO - [0m03:01:57
[2026-09-17T03:01:57.510+0000] {subprocess.py:93} INFO - [0m03:01:57  [32mCompleted successfully[0m
[2026-09-17T03:01:57.511+0000] {subprocess.py:93} INFO - [0m03:01:57
[2026-09-17T03:01:57.512+0000] {subprocess.py:93} INFO - [0m03:01:57  Done. PASS=1 WARN=0 ERROR=0 SKIP=0 NO-OP=0 REUSED=0 TOTAL=1
[2026-09-17T03:02:01.300+0000] {subprocess.py:97} INFO - Command exited with return code 0
[2026-09-17T03:02:01.302+0000] {taskinstance.py:441} INFO - ::group::Post task execution logs
[2026-09-17T03:02:01.321+0000] {taskinstance.py:1206} INFO - Marking task as SUCCESS. dag_id=lcbo_pipeline, task_id=silver.run_joined, run_id=manual__2026-09-17T03:01:27.755222+00:00, execution_date=20260917T030127, start_date=20260917T030153, end_date=20260917T030201
[2026-09-17T03:02:01.361+0000] {local_task_job_runner.py:243} INFO - Task exited with return code 0
[2026-09-17T03:02:01.381+0000] {taskinstance.py:3503} INFO - 1 downstream tasks scheduled from follow-on schedule check
[2026-09-17T03:02:01.384+0000] {local_task_job_runner.py:222} INFO - ::endgroup::
