[2026-09-19T20:04:42.303+0000] {local_task_job_runner.py:120} INFO - ::group::Pre task execution logs
[2026-09-19T20:04:42.336+0000] {taskinstance.py:2076} INFO - Dependencies all met for dep_context=non-requeueable deps ti=<TaskInstance: lcbo_pipeline.gold.run_gold manual__2026-09-19T20:03:59.887522+00:00 [queued]>
[2026-09-19T20:04:42.347+0000] {taskinstance.py:2076} INFO - Dependencies all met for dep_context=requeueable deps ti=<TaskInstance: lcbo_pipeline.gold.run_gold manual__2026-09-19T20:03:59.887522+00:00 [queued]>
[2026-09-19T20:04:42.349+0000] {taskinstance.py:2306} INFO - Starting attempt 1 of 1
[2026-09-19T20:04:42.364+0000] {taskinstance.py:2330} INFO - Executing <Task(BashOperator): gold.run_gold> on 2026-09-19 20:03:59.887522+00:00
[2026-09-19T20:04:42.374+0000] {standard_task_runner.py:90} INFO - Running: ['***', 'tasks', 'run', 'lcbo_pipeline', 'gold.run_gold', 'manual__2026-09-19T20:03:59.887522+00:00', '--job-id', '59', '--raw', '--subdir', 'DAGS_FOLDER/lcbo_pipeline_dag.py', '--cfg-path', '/tmp/tmpb8lw93rt']
[2026-09-19T20:04:42.378+0000] {logging_mixin.py:188} WARNING - /home/***/.local/lib/python3.12/site-packages/***/task/task_runner/standard_task_runner.py:62 DeprecationWarning: This process (pid=1299) is multi-threaded, use of fork() may lead to deadlocks in the child.
[2026-09-19T20:04:42.378+0000] {standard_task_runner.py:91} INFO - Job 59: Subtask gold.run_gold
[2026-09-19T20:04:42.379+0000] {standard_task_runner.py:64} INFO - Started process 1300 to run task
[2026-09-19T20:04:42.434+0000] {task_command.py:426} INFO - Running <TaskInstance: lcbo_pipeline.gold.run_gold manual__2026-09-19T20:03:59.887522+00:00 [running]> on host 6cf516ec3c07
[2026-09-19T20:04:42.540+0000] {taskinstance.py:2648} INFO - Exporting env vars: AIRFLOW_CTX_DAG_OWNER='bhavik' AIRFLOW_CTX_DAG_ID='lcbo_pipeline' AIRFLOW_CTX_TASK_ID='gold.run_gold' AIRFLOW_CTX_EXECUTION_DATE='2026-09-19T20:03:59.887522+00:00' AIRFLOW_CTX_TRY_NUMBER='1' AIRFLOW_CTX_DAG_RUN_ID='manual__2026-09-19T20:03:59.887522+00:00'
[2026-09-19T20:04:42.542+0000] {taskinstance.py:430} INFO - ::endgroup::
[2026-09-19T20:04:42.560+0000] {subprocess.py:63} INFO - Tmp dir root location: /tmp
[2026-09-19T20:04:42.573+0000] {subprocess.py:75} INFO - Running command: ['/usr/bin/bash', '-c', 'cd /opt/***/dbt_project && dbt run --target docker --select gold_dim_date gold_dim_product_cost gold_dim_product_info gold_dim_store dbt_lcbo_fact_table gold_fact_table']
[2026-09-19T20:04:42.597+0000] {subprocess.py:86} INFO - Output:
[2026-09-19T20:04:44.390+0000] {subprocess.py:93} INFO - [0m20:04:44  Running with dbt=1.12.5
[2026-09-19T20:04:44.621+0000] {subprocess.py:93} INFO - [0m20:04:44  Registered adapter: postgres=1.9.0
[2026-09-19T20:04:45.751+0000] {subprocess.py:93} INFO - [0m20:04:45  Found 14 models, 2 snapshots, 3 sources, 597 macros
[2026-09-19T20:04:45.756+0000] {subprocess.py:93} INFO - [0m20:04:45
[2026-09-19T20:04:45.757+0000] {subprocess.py:93} INFO - [0m20:04:45  Concurrency: 4 threads (target='docker')
[2026-09-19T20:04:45.759+0000] {subprocess.py:93} INFO - [0m20:04:45
[2026-09-19T20:04:46.068+0000] {subprocess.py:93} INFO - [0m20:04:46  1 of 6 START sql table model gold.gold_dim_date ................................ [RUN]
[2026-09-19T20:04:46.069+0000] {subprocess.py:93} INFO - [0m20:04:46  2 of 6 START sql table model gold.gold_dim_product_cost ........................ [RUN]
[2026-09-19T20:04:46.071+0000] {subprocess.py:93} INFO - [0m20:04:46  3 of 6 START sql table model gold.gold_dim_product_info ........................ [RUN]
[2026-09-19T20:04:46.072+0000] {subprocess.py:93} INFO - [0m20:04:46  4 of 6 START sql table model gold.gold_dim_store ............................... [RUN]
[2026-09-19T20:04:46.458+0000] {subprocess.py:93} INFO - [0m20:04:46  3 of 6 OK created sql table model gold.gold_dim_product_info ................... [[32mSELECT 10[0m in 0.37s]
[2026-09-19T20:04:46.460+0000] {subprocess.py:93} INFO - [0m20:04:46  2 of 6 OK created sql table model gold.gold_dim_product_cost ................... [[32mSELECT 0[0m in 0.38s]
[2026-09-19T20:04:46.465+0000] {subprocess.py:93} INFO - [0m20:04:46  4 of 6 OK created sql table model gold.gold_dim_store .......................... [[32mSELECT 6[0m in 0.38s]
[2026-09-19T20:04:46.476+0000] {subprocess.py:93} INFO - [0m20:04:46  1 of 6 OK created sql table model gold.gold_dim_date ........................... [[32mSELECT 3653[0m in 0.40s]
[2026-09-19T20:04:46.483+0000] {subprocess.py:93} INFO - [0m20:04:46  5 of 6 START sql table model silver.dbt_lcbo_fact_table ........................ [RUN]
[2026-09-19T20:04:46.626+0000] {subprocess.py:93} INFO - [0m20:04:46  5 of 6 OK created sql table model silver.dbt_lcbo_fact_table ................... [[32mSELECT 17[0m in 0.14s]
[2026-09-19T20:04:46.632+0000] {subprocess.py:93} INFO - [0m20:04:46  6 of 6 START sql incremental model gold.gold_fact_table ........................ [RUN]
[2026-09-19T20:04:46.865+0000] {subprocess.py:93} INFO - [0m20:04:46  6 of 6 OK created sql incremental model gold.gold_fact_table ................... [[32mMERGE 0[0m in 0.23s]
[2026-09-19T20:04:46.944+0000] {subprocess.py:93} INFO - [0m20:04:46
[2026-09-19T20:04:46.946+0000] {subprocess.py:93} INFO - [0m20:04:46  Finished running 1 incremental model, 5 table models in 0 hours 0 minutes and 1.18 seconds (1.18s).
[2026-09-19T20:04:47.059+0000] {subprocess.py:93} INFO - [0m20:04:47
[2026-09-19T20:04:47.060+0000] {subprocess.py:93} INFO - [0m20:04:47  [32mCompleted successfully[0m
[2026-09-19T20:04:47.062+0000] {subprocess.py:93} INFO - [0m20:04:47
[2026-09-19T20:04:47.064+0000] {subprocess.py:93} INFO - [0m20:04:47  Done. PASS=6 WARN=0 ERROR=0 SKIP=0 NO-OP=0 REUSED=0 TOTAL=6
[2026-09-19T20:04:50.917+0000] {subprocess.py:97} INFO - Command exited with return code 0
[2026-09-19T20:04:50.919+0000] {taskinstance.py:441} INFO - ::group::Post task execution logs
[2026-09-19T20:04:50.941+0000] {taskinstance.py:1206} INFO - Marking task as SUCCESS. dag_id=lcbo_pipeline, task_id=gold.run_gold, run_id=manual__2026-09-19T20:03:59.887522+00:00, execution_date=20260919T200359, start_date=20260919T200442, end_date=20260919T200450
[2026-09-19T20:04:50.982+0000] {local_task_job_runner.py:243} INFO - Task exited with return code 0
[2026-09-19T20:04:50.996+0000] {taskinstance.py:3503} INFO - 0 downstream tasks scheduled from follow-on schedule check
[2026-09-19T20:04:50.999+0000] {local_task_job_runner.py:222} INFO - ::endgroup::
