[2026-09-23T00:39:05.064+0000] {local_task_job_runner.py:120} INFO - ::group::Pre task execution logs
[2026-09-23T00:39:05.093+0000] {taskinstance.py:2076} INFO - Dependencies all met for dep_context=non-requeueable deps ti=<TaskInstance: medallion_settlement_pipeline.Silver_Transform.join_settlement_to_cost manual__2026-09-23T00:38:38.620355+00:00 [queued]>
[2026-09-23T00:39:05.100+0000] {taskinstance.py:2076} INFO - Dependencies all met for dep_context=requeueable deps ti=<TaskInstance: medallion_settlement_pipeline.Silver_Transform.join_settlement_to_cost manual__2026-09-23T00:38:38.620355+00:00 [queued]>
[2026-09-23T00:39:05.101+0000] {taskinstance.py:2306} INFO - Starting attempt 1 of 1
[2026-09-23T00:39:05.111+0000] {taskinstance.py:2330} INFO - Executing <Task(BashOperator): Silver_Transform.join_settlement_to_cost> on 2026-09-23 00:38:38.620355+00:00
[2026-09-23T00:39:05.123+0000] {logging_mixin.py:188} WARNING - /home/***/.local/lib/python3.12/site-packages/***/task/task_runner/standard_task_runner.py:62 DeprecationWarning: This process (pid=299) is multi-threaded, use of fork() may lead to deadlocks in the child.
[2026-09-23T00:39:05.120+0000] {standard_task_runner.py:90} INFO - Running: ['***', 'tasks', 'run', 'medallion_settlement_pipeline', 'Silver_Transform.join_settlement_to_cost', 'manual__2026-09-23T00:38:38.620355+00:00', '--job-id', '142', '--raw', '--subdir', 'DAGS_FOLDER/lcbo_pipeline_dag.py', '--cfg-path', '/tmp/tmp1pce7ifg']
[2026-09-23T00:39:05.124+0000] {standard_task_runner.py:64} INFO - Started process 300 to run task
[2026-09-23T00:39:05.125+0000] {standard_task_runner.py:91} INFO - Job 142: Subtask Silver_Transform.join_settlement_to_cost
[2026-09-23T00:39:05.160+0000] {task_command.py:426} INFO - Running <TaskInstance: medallion_settlement_pipeline.Silver_Transform.join_settlement_to_cost manual__2026-09-23T00:38:38.620355+00:00 [running]> on host 4318980e9d4e
[2026-09-23T00:39:05.222+0000] {taskinstance.py:2648} INFO - Exporting env vars: AIRFLOW_CTX_DAG_OWNER='bhavik' AIRFLOW_CTX_DAG_ID='medallion_settlement_pipeline' AIRFLOW_CTX_TASK_ID='Silver_Transform.join_settlement_to_cost' AIRFLOW_CTX_EXECUTION_DATE='2026-09-23T00:38:38.620355+00:00' AIRFLOW_CTX_TRY_NUMBER='1' AIRFLOW_CTX_DAG_RUN_ID='manual__2026-09-23T00:38:38.620355+00:00'
[2026-09-23T00:39:05.223+0000] {taskinstance.py:430} INFO - ::endgroup::
[2026-09-23T00:39:05.233+0000] {subprocess.py:63} INFO - Tmp dir root location: /tmp
[2026-09-23T00:39:05.236+0000] {subprocess.py:75} INFO - Running command: ['/usr/bin/bash', '-c', 'cd /opt/***/dbt_project && dbt run --target docker --select dbt_lcbo_joined_dim_prod_cost']
[2026-09-23T00:39:05.248+0000] {subprocess.py:86} INFO - Output:
[2026-09-23T00:39:06.762+0000] {subprocess.py:93} INFO - [0m00:39:06  Running with dbt=1.12.5
[2026-09-23T00:39:06.992+0000] {subprocess.py:93} INFO - [0m00:39:06  Registered adapter: postgres=1.9.0
[2026-09-23T00:39:08.130+0000] {subprocess.py:93} INFO - [0m00:39:08  Found 14 models, 2 snapshots, 3 sources, 597 macros
[2026-09-23T00:39:08.134+0000] {subprocess.py:93} INFO - [0m00:39:08
[2026-09-23T00:39:08.136+0000] {subprocess.py:93} INFO - [0m00:39:08  Concurrency: 4 threads (target='docker')
[2026-09-23T00:39:08.137+0000] {subprocess.py:93} INFO - [0m00:39:08
[2026-09-23T00:39:08.493+0000] {subprocess.py:93} INFO - [0m00:39:08  1 of 1 START sql table model silver.dbt_lcbo_joined_dim_prod_cost .............. [RUN]
[2026-09-23T00:39:08.672+0000] {subprocess.py:93} INFO - [0m00:39:08  1 of 1 OK created sql table model silver.dbt_lcbo_joined_dim_prod_cost ......... [[32mSELECT 13[0m in 0.18s]
[2026-09-23T00:39:08.754+0000] {subprocess.py:93} INFO - [0m00:39:08
[2026-09-23T00:39:08.755+0000] {subprocess.py:93} INFO - [0m00:39:08  Finished running 1 table model in 0 hours 0 minutes and 0.61 seconds (0.61s).
[2026-09-23T00:39:08.946+0000] {subprocess.py:93} INFO - [0m00:39:08
[2026-09-23T00:39:08.947+0000] {subprocess.py:93} INFO - [0m00:39:08  [32mCompleted successfully[0m
[2026-09-23T00:39:08.948+0000] {subprocess.py:93} INFO - [0m00:39:08
[2026-09-23T00:39:08.950+0000] {subprocess.py:93} INFO - [0m00:39:08  Done. PASS=1 WARN=0 ERROR=0 SKIP=0 NO-OP=0 REUSED=0 TOTAL=1
[2026-09-23T00:39:12.771+0000] {subprocess.py:97} INFO - Command exited with return code 0
[2026-09-23T00:39:12.773+0000] {taskinstance.py:441} INFO - ::group::Post task execution logs
[2026-09-23T00:39:12.792+0000] {taskinstance.py:1206} INFO - Marking task as SUCCESS. dag_id=medallion_settlement_pipeline, task_id=Silver_Transform.join_settlement_to_cost, run_id=manual__2026-09-23T00:38:38.620355+00:00, execution_date=20260923T003838, start_date=20260923T003905, end_date=20260923T003912
[2026-09-23T00:39:12.812+0000] {local_task_job_runner.py:243} INFO - Task exited with return code 0
[2026-09-23T00:39:12.831+0000] {taskinstance.py:3503} INFO - 1 downstream tasks scheduled from follow-on schedule check
[2026-09-23T00:39:12.834+0000] {local_task_job_runner.py:222} INFO - ::endgroup::
